  Determining projects to restore...
d:\VB\AMIS101\src\Modules\Auditing\Modules.Auditing\Modules.Auditing.csproj : warning NU1902: Package 'MailKit' 4.14.1 has a known moderate severity vulnerability, https://github.com/advisories/GHSA-9j88-vvj5-vhgr [d:\VB\AMIS101\src\FSH.Framework.slnx]
D:\VB\AMIS101\src\Modules\ProcurementAcquisition\Modules.ProcurementAcquisition\Modules.ProcurementAcquisition.csproj : warning NU1902: Package 'MailKit' 4.14.1 has a known moderate severity vulnerability, https://github.com/advisories/GHSA-9j88-vvj5-vhgr [d:\VB\AMIS101\src\FSH.Framework.slnx]
d:\VB\AMIS101\src\Modules\Identity\Modules.Identity\Modules.Identity.csproj : warning NU1902: Package 'MailKit' 4.14.1 has a known moderate severity vulnerability, https://github.com/advisories/GHSA-9j88-vvj5-vhgr [d:\VB\AMIS101\src\FSH.Framework.slnx]
d:\VB\AMIS101\src\Modules\Auditing\Modules.Auditing\Modules.Auditing.csproj : warning NU1902: Package 'OpenTelemetry.Api' 1.15.0 has a known moderate severity vulnerability, https://github.com/advisories/GHSA-g94r-2vxg-569j [d:\VB\AMIS101\src\FSH.Framework.slnx]
D:\VB\AMIS101\src\Modules\ProcurementAcquisition\Modules.ProcurementAcquisition\Modules.ProcurementAcquisition.csproj : warning NU1902: Package 'OpenTelemetry.Api' 1.15.0 has a known moderate severity vulnerability, https://github.com/advisories/GHSA-g94r-2vxg-569j [d:\VB\AMIS101\src\FSH.Framework.slnx]
d:\VB\AMIS101\src\Modules\Identity\Modules.Identity\Modules.Identity.csproj : warning NU1902: Package 'OpenTelemetry.Api' 1.15.0 has a known moderate severity vulnerability, https://github.com/advisories/GHSA-g94r-2vxg-569j [d:\VB\AMIS101\src\FSH.Framework.slnx]
d:\VB\AMIS101\src\Modules\Identity\Modules.Identity\Modules.Identity.csproj : warning NU1902: Package 'OpenTelemetry.Exporter.OpenTelemetryProtocol' 1.15.0 has a known moderate severity vulnerability, https://github.com/advisories/GHSA-mr8r-92fq-pj8p [d:\VB\AMIS101\src\FSH.Framework.slnx]
d:\VB\AMIS101\src\Modules\Auditing\Modules.Auditing\Modules.Auditing.csproj : warning NU1902: Package 'OpenTelemetry.Exporter.OpenTelemetryProtocol' 1.15.0 has a known moderate severity vulnerability, https://github.com/advisories/GHSA-mr8r-92fq-pj8p [d:\VB\AMIS101\src\FSH.Framework.slnx]
D:\VB\AMIS101\src\Modules\ProcurementAcquisition\Modules.ProcurementAcquisition\Modules.ProcurementAcquisition.csproj : warning NU1902: Package 'OpenTelemetry.Exporter.OpenTelemetryProtocol' 1.15.0 has a known moderate severity vulnerability, https://github.com/advisories/GHSA-mr8r-92fq-pj8p [d:\VB\AMIS101\src\FSH.Framework.slnx]
d:\VB\AMIS101\src\Modules\Identity\Modules.Identity\Modules.Identity.csproj : warning NU1902: Package 'OpenTelemetry.Exporter.OpenTelemetryProtocol' 1.15.0 has a known moderate severity vulnerability, https://github.com/advisories/GHSA-q834-8qmm-v933 [d:\VB\AMIS101\src\FSH.Framework.slnx]
d:\VB\AMIS101\src\Modules\Auditing\Modules.Auditing\Modules.Auditing.csproj : warning NU1902: Package 'OpenTelemetry.Exporter.OpenTelemetryProtocol' 1.15.0 has a known moderate severity vulnerability, https://github.com/advisories/GHSA-q834-8qmm-v933 [d:\VB\AMIS101\src\FSH.Framework.slnx]
D:\VB\AMIS101\src\Modules\ProcurementAcquisition\Modules.ProcurementAcquisition\Modules.ProcurementAcquisition.csproj : warning NU1902: Package 'OpenTelemetry.Exporter.OpenTelemetryProtocol' 1.15.0 has a known moderate severity vulnerability, https://github.com/advisories/GHSA-q834-8qmm-v933 [d:\VB\AMIS101\src\FSH.Framework.slnx]
  Restored d:\VB\AMIS101\src\Modules\Auditing\Modules.Auditing.Contracts\Modules.Auditing.Contracts.csproj (in 633 ms).
  Restored d:\VB\AMIS101\src\Modules\ProcurementAcquisition\Modules.ProcurementAcquisition.Contracts\Modules.ProcurementAcquisition.Contracts.csproj (in 633 ms).
  Restored d:\VB\AMIS101\src\Modules\Identity\Modules.Identity.Contracts\Modules.Identity.Contracts.csproj (in 633 ms).
  Restored d:\VB\AMIS101\src\BuildingBlocks\Blazor.UI\Blazor.UI.csproj (in 633 ms).
  Restored d:\VB\AMIS101\src\BuildingBlocks\Caching\Caching.csproj (in 633 ms).
  Restored d:\VB\AMIS101\src\Modules\ProcurementPlanning\Modules.ProcurementPlanning.Contracts\Modules.ProcurementPlanning.Contracts.csproj (in 633 ms).
  Restored d:\VB\AMIS101\src\Modules\MasterData\Modules.MasterData.Contracts\Modules.MasterData.Contracts.csproj (in 633 ms).
  Restored d:\VB\AMIS101\src\BuildingBlocks\Core\Core.csproj (in 633 ms).
  Restored d:\VB\AMIS101\src\Modules\Expendable\Modules.Expendable.Contracts\Modules.Expendable.Contracts.csproj (in 633 ms).
  Restored d:\VB\AMIS101\src\BuildingBlocks\Eventing.Abstractions\Eventing.Abstractions.csproj (in 4 ms).
  Restored d:\VB\AMIS101\src\Modules\Identity\Modules.Identity\Modules.Identity.csproj (in 732 ms).
  Restored d:\VB\AMIS101\src\BuildingBlocks\Storage\Storage.csproj (in 52 ms).
  Restored d:\VB\AMIS101\src\Modules\Auditing\Modules.Auditing\Modules.Auditing.csproj (in 733 ms).
  Restored d:\VB\AMIS101\src\Modules\AssetManagement\Modules.AssetManagement.Contracts\Modules.AssetManagement.Contracts.csproj (in 64 ms).
  Restored d:\VB\AMIS101\src\BuildingBlocks\Eventing\Eventing.csproj (in 114 ms).
d:\VB\AMIS101\src\Tests\Auditing.Tests\Auditing.Tests.csproj : warning NU1902: Package 'MailKit' 4.14.1 has a known moderate severity vulnerability, https://github.com/advisories/GHSA-9j88-vvj5-vhgr [d:\VB\AMIS101\src\FSH.Framework.slnx]
d:\VB\AMIS101\src\Tests\Auditing.Tests\Auditing.Tests.csproj : warning NU1902: Package 'OpenTelemetry.Api' 1.15.0 has a known moderate severity vulnerability, https://github.com/advisories/GHSA-g94r-2vxg-569j [d:\VB\AMIS101\src\FSH.Framework.slnx]
d:\VB\AMIS101\src\Tests\Auditing.Tests\Auditing.Tests.csproj : warning NU1902: Package 'OpenTelemetry.Exporter.OpenTelemetryProtocol' 1.15.0 has a known moderate severity vulnerability, https://github.com/advisories/GHSA-mr8r-92fq-pj8p [d:\VB\AMIS101\src\FSH.Framework.slnx]
d:\VB\AMIS101\src\Tests\Auditing.Tests\Auditing.Tests.csproj : warning NU1902: Package 'OpenTelemetry.Exporter.OpenTelemetryProtocol' 1.15.0 has a known moderate severity vulnerability, https://github.com/advisories/GHSA-q834-8qmm-v933 [d:\VB\AMIS101\src\FSH.Framework.slnx]
D:\VB\AMIS101\src\Tests\Vehicle.Tests\Vehicle.Tests.csproj : warning NU1902: Package 'MailKit' 4.14.1 has a known moderate severity vulnerability, https://github.com/advisories/GHSA-9j88-vvj5-vhgr [d:\VB\AMIS101\src\FSH.Framework.slnx]
D:\VB\AMIS101\src\Tests\Vehicle.Tests\Vehicle.Tests.csproj : warning NU1902: Package 'OpenTelemetry.Api' 1.15.0 has a known moderate severity vulnerability, https://github.com/advisories/GHSA-g94r-2vxg-569j [d:\VB\AMIS101\src\FSH.Framework.slnx]
D:\VB\AMIS101\src\Tests\Vehicle.Tests\Vehicle.Tests.csproj : warning NU1902: Package 'OpenTelemetry.Exporter.OpenTelemetryProtocol' 1.15.0 has a known moderate severity vulnerability, https://github.com/advisories/GHSA-mr8r-92fq-pj8p [d:\VB\AMIS101\src\FSH.Framework.slnx]
D:\VB\AMIS101\src\Tests\Vehicle.Tests\Vehicle.Tests.csproj : warning NU1902: Package 'OpenTelemetry.Exporter.OpenTelemetryProtocol' 1.15.0 has a known moderate severity vulnerability, https://github.com/advisories/GHSA-q834-8qmm-v933 [d:\VB\AMIS101\src\FSH.Framework.slnx]
d:\VB\AMIS101\src\Playground\Playground.Api\Playground.Api.csproj : warning NU1902: Package 'MailKit' 4.14.1 has a known moderate severity vulnerability, https://github.com/advisories/GHSA-9j88-vvj5-vhgr [d:\VB\AMIS101\src\FSH.Framework.slnx]
d:\VB\AMIS101\src\Playground\Playground.Api\Playground.Api.csproj : warning NU1902: Package 'OpenTelemetry.Api' 1.15.0 has a known moderate severity vulnerability, https://github.com/advisories/GHSA-g94r-2vxg-569j [d:\VB\AMIS101\src\FSH.Framework.slnx]
d:\VB\AMIS101\src\Playground\Playground.Api\Playground.Api.csproj : warning NU1902: Package 'OpenTelemetry.Exporter.OpenTelemetryProtocol' 1.15.0 has a known moderate severity vulnerability, https://github.com/advisories/GHSA-mr8r-92fq-pj8p [d:\VB\AMIS101\src\FSH.Framework.slnx]
d:\VB\AMIS101\src\Playground\Playground.Api\Playground.Api.csproj : warning NU1902: Package 'OpenTelemetry.Exporter.OpenTelemetryProtocol' 1.15.0 has a known moderate severity vulnerability, https://github.com/advisories/GHSA-q834-8qmm-v933 [d:\VB\AMIS101\src\FSH.Framework.slnx]
  Restored d:\VB\AMIS101\src\BuildingBlocks\Jobs\Jobs.csproj (in 100 ms).
d:\VB\AMIS101\src\BuildingBlocks\Web\Web.csproj : warning NU1902: Package 'MailKit' 4.14.1 has a known moderate severity vulnerability, https://github.com/advisories/GHSA-9j88-vvj5-vhgr [d:\VB\AMIS101\src\FSH.Framework.slnx]
d:\VB\AMIS101\src\BuildingBlocks\Web\Web.csproj : warning NU1902: Package 'OpenTelemetry.Api' 1.15.0 has a known moderate severity vulnerability, https://github.com/advisories/GHSA-g94r-2vxg-569j [d:\VB\AMIS101\src\FSH.Framework.slnx]
d:\VB\AMIS101\src\BuildingBlocks\Web\Web.csproj : warning NU1902: Package 'OpenTelemetry.Exporter.OpenTelemetryProtocol' 1.15.0 has a known moderate severity vulnerability, https://github.com/advisories/GHSA-mr8r-92fq-pj8p [d:\VB\AMIS101\src\FSH.Framework.slnx]
d:\VB\AMIS101\src\BuildingBlocks\Web\Web.csproj : warning NU1902: Package 'OpenTelemetry.Exporter.OpenTelemetryProtocol' 1.15.0 has a known moderate severity vulnerability, https://github.com/advisories/GHSA-q834-8qmm-v933 [d:\VB\AMIS101\src\FSH.Framework.slnx]
  Restored d:\VB\AMIS101\src\Playground\Playground.Blazor\Playground.Blazor.csproj (in 167 ms).
d:\VB\AMIS101\src\Modules\Multitenancy\Modules.Multitenancy\Modules.Multitenancy.csproj : warning NU1902: Package 'MailKit' 4.14.1 has a known moderate severity vulnerability, https://github.com/advisories/GHSA-9j88-vvj5-vhgr [d:\VB\AMIS101\src\FSH.Framework.slnx]
d:\VB\AMIS101\src\Modules\Multitenancy\Modules.Multitenancy\Modules.Multitenancy.csproj : warning NU1902: Package 'OpenTelemetry.Api' 1.15.0 has a known moderate severity vulnerability, https://github.com/advisories/GHSA-g94r-2vxg-569j [d:\VB\AMIS101\src\FSH.Framework.slnx]
d:\VB\AMIS101\src\Modules\Multitenancy\Modules.Multitenancy\Modules.Multitenancy.csproj : warning NU1902: Package 'OpenTelemetry.Exporter.OpenTelemetryProtocol' 1.15.0 has a known moderate severity vulnerability, https://github.com/advisories/GHSA-mr8r-92fq-pj8p [d:\VB\AMIS101\src\FSH.Framework.slnx]
d:\VB\AMIS101\src\Modules\Multitenancy\Modules.Multitenancy\Modules.Multitenancy.csproj : warning NU1902: Package 'OpenTelemetry.Exporter.OpenTelemetryProtocol' 1.15.0 has a known moderate severity vulnerability, https://github.com/advisories/GHSA-q834-8qmm-v933 [d:\VB\AMIS101\src\FSH.Framework.slnx]
  Restored D:\VB\AMIS101\src\Modules\ProcurementAcquisition\Modules.ProcurementAcquisition\Modules.ProcurementAcquisition.csproj (in 983 ms).
d:\VB\AMIS101\src\Tests\Architecture.Tests\Architecture.Tests.csproj : warning NU1902: Package 'MailKit' 4.14.1 has a known moderate severity vulnerability, https://github.com/advisories/GHSA-9j88-vvj5-vhgr [d:\VB\AMIS101\src\FSH.Framework.slnx]
d:\VB\AMIS101\src\Tests\Architecture.Tests\Architecture.Tests.csproj : warning NU1902: Package 'OpenTelemetry.Api' 1.15.0 has a known moderate severity vulnerability, https://github.com/advisories/GHSA-g94r-2vxg-569j [d:\VB\AMIS101\src\FSH.Framework.slnx]
d:\VB\AMIS101\src\Tests\Architecture.Tests\Architecture.Tests.csproj : warning NU1902: Package 'OpenTelemetry.Exporter.OpenTelemetryProtocol' 1.15.0 has a known moderate severity vulnerability, https://github.com/advisories/GHSA-mr8r-92fq-pj8p [d:\VB\AMIS101\src\FSH.Framework.slnx]
d:\VB\AMIS101\src\Tests\Architecture.Tests\Architecture.Tests.csproj : warning NU1902: Package 'OpenTelemetry.Exporter.OpenTelemetryProtocol' 1.15.0 has a known moderate severity vulnerability, https://github.com/advisories/GHSA-q834-8qmm-v933 [d:\VB\AMIS101\src\FSH.Framework.slnx]
d:\VB\AMIS101\src\Tests\Multitenancy.Tests\Multitenancy.Tests.csproj : warning NU1902: Package 'MailKit' 4.14.1 has a known moderate severity vulnerability, https://github.com/advisories/GHSA-9j88-vvj5-vhgr [d:\VB\AMIS101\src\FSH.Framework.slnx]
d:\VB\AMIS101\src\Tests\Multitenancy.Tests\Multitenancy.Tests.csproj : warning NU1902: Package 'OpenTelemetry.Api' 1.15.0 has a known moderate severity vulnerability, https://github.com/advisories/GHSA-g94r-2vxg-569j [d:\VB\AMIS101\src\FSH.Framework.slnx]
d:\VB\AMIS101\src\Tests\Multitenancy.Tests\Multitenancy.Tests.csproj : warning NU1902: Package 'OpenTelemetry.Exporter.OpenTelemetryProtocol' 1.15.0 has a known moderate severity vulnerability, https://github.com/advisories/GHSA-mr8r-92fq-pj8p [d:\VB\AMIS101\src\FSH.Framework.slnx]
d:\VB\AMIS101\src\Tests\Multitenancy.Tests\Multitenancy.Tests.csproj : warning NU1902: Package 'OpenTelemetry.Exporter.OpenTelemetryProtocol' 1.15.0 has a known moderate severity vulnerability, https://github.com/advisories/GHSA-q834-8qmm-v933 [d:\VB\AMIS101\src\FSH.Framework.slnx]
  Restored d:\VB\AMIS101\src\Modules\Multitenancy\Modules.Multitenancy.Contracts\Modules.Multitenancy.Contracts.csproj (in 63 ms).
d:\VB\AMIS101\src\Playground\Migrations.PostgreSQL\Migrations.PostgreSQL.csproj : warning NU1902: Package 'MailKit' 4.14.1 has a known moderate severity vulnerability, https://github.com/advisories/GHSA-9j88-vvj5-vhgr [d:\VB\AMIS101\src\FSH.Framework.slnx]
d:\VB\AMIS101\src\Playground\Migrations.PostgreSQL\Migrations.PostgreSQL.csproj : warning NU1902: Package 'OpenTelemetry.Api' 1.15.0 has a known moderate severity vulnerability, https://github.com/advisories/GHSA-g94r-2vxg-569j [d:\VB\AMIS101\src\FSH.Framework.slnx]
d:\VB\AMIS101\src\Playground\Migrations.PostgreSQL\Migrations.PostgreSQL.csproj : warning NU1902: Package 'OpenTelemetry.Exporter.OpenTelemetryProtocol' 1.15.0 has a known moderate severity vulnerability, https://github.com/advisories/GHSA-mr8r-92fq-pj8p [d:\VB\AMIS101\src\FSH.Framework.slnx]
d:\VB\AMIS101\src\Playground\Migrations.PostgreSQL\Migrations.PostgreSQL.csproj : warning NU1902: Package 'OpenTelemetry.Exporter.OpenTelemetryProtocol' 1.15.0 has a known moderate severity vulnerability, https://github.com/advisories/GHSA-q834-8qmm-v933 [d:\VB\AMIS101\src\FSH.Framework.slnx]
  Restored d:\VB\AMIS101\src\BuildingBlocks\Web\Web.csproj (in 342 ms).
d:\VB\AMIS101\src\Modules\MasterData\Modules.MasterData\Modules.MasterData.csproj : warning NU1902: Package 'MailKit' 4.14.1 has a known moderate severity vulnerability, https://github.com/advisories/GHSA-9j88-vvj5-vhgr [d:\VB\AMIS101\src\FSH.Framework.slnx]
d:\VB\AMIS101\src\Modules\MasterData\Modules.MasterData\Modules.MasterData.csproj : warning NU1902: Package 'OpenTelemetry.Api' 1.15.0 has a known moderate severity vulnerability, https://github.com/advisories/GHSA-g94r-2vxg-569j [d:\VB\AMIS101\src\FSH.Framework.slnx]
d:\VB\AMIS101\src\Modules\MasterData\Modules.MasterData\Modules.MasterData.csproj : warning NU1902: Package 'OpenTelemetry.Exporter.OpenTelemetryProtocol' 1.15.0 has a known moderate severity vulnerability, https://github.com/advisories/GHSA-mr8r-92fq-pj8p [d:\VB\AMIS101\src\FSH.Framework.slnx]
d:\VB\AMIS101\src\Modules\MasterData\Modules.MasterData\Modules.MasterData.csproj : warning NU1902: Package 'OpenTelemetry.Exporter.OpenTelemetryProtocol' 1.15.0 has a known moderate severity vulnerability, https://github.com/advisories/GHSA-q834-8qmm-v933 [d:\VB\AMIS101\src\FSH.Framework.slnx]
  Restored D:\VB\AMIS101\src\Tests\Vehicle.Tests\Vehicle.Tests.csproj (in 249 ms).
  Restored d:\VB\AMIS101\src\Modules\Multitenancy\Modules.Multitenancy\Modules.Multitenancy.csproj (in 172 ms).
  Restored d:\VB\AMIS101\src\Modules\AssetProcurement\Modules.AssetProcurement.Contracts\Modules.AssetProcurement.Contracts.csproj (in 14 ms).
d:\VB\AMIS101\src\Modules\AssetManagement\Modules.AssetManagement\Modules.AssetManagement.csproj : warning NU1902: Package 'MailKit' 4.14.1 has a known moderate severity vulnerability, https://github.com/advisories/GHSA-9j88-vvj5-vhgr [d:\VB\AMIS101\src\FSH.Framework.slnx]
d:\VB\AMIS101\src\Modules\AssetManagement\Modules.AssetManagement\Modules.AssetManagement.csproj : warning NU1902: Package 'OpenTelemetry.Api' 1.15.0 has a known moderate severity vulnerability, https://github.com/advisories/GHSA-g94r-2vxg-569j [d:\VB\AMIS101\src\FSH.Framework.slnx]
d:\VB\AMIS101\src\Modules\AssetManagement\Modules.AssetManagement\Modules.AssetManagement.csproj : warning NU1902: Package 'OpenTelemetry.Exporter.OpenTelemetryProtocol' 1.15.0 has a known moderate severity vulnerability, https://github.com/advisories/GHSA-mr8r-92fq-pj8p [d:\VB\AMIS101\src\FSH.Framework.slnx]
d:\VB\AMIS101\src\Modules\AssetManagement\Modules.AssetManagement\Modules.AssetManagement.csproj : warning NU1902: Package 'OpenTelemetry.Exporter.OpenTelemetryProtocol' 1.15.0 has a known moderate severity vulnerability, https://github.com/advisories/GHSA-q834-8qmm-v933 [d:\VB\AMIS101\src\FSH.Framework.slnx]
  Restored d:\VB\AMIS101\src\Modules\MasterData\Modules.MasterData\Modules.MasterData.csproj (in 152 ms).
  Restored d:\VB\AMIS101\src\Tests\Multitenancy.Tests\Multitenancy.Tests.csproj (in 320 ms).
d:\VB\AMIS101\src\Modules\AssetProcurement\Modules.AssetProcurement\Modules.AssetProcurement.csproj : warning NU1902: Package 'MailKit' 4.14.1 has a known moderate severity vulnerability, https://github.com/advisories/GHSA-9j88-vvj5-vhgr [d:\VB\AMIS101\src\FSH.Framework.slnx]
d:\VB\AMIS101\src\Modules\AssetProcurement\Modules.AssetProcurement\Modules.AssetProcurement.csproj : warning NU1902: Package 'OpenTelemetry.Api' 1.15.0 has a known moderate severity vulnerability, https://github.com/advisories/GHSA-g94r-2vxg-569j [d:\VB\AMIS101\src\FSH.Framework.slnx]
d:\VB\AMIS101\src\Modules\AssetProcurement\Modules.AssetProcurement\Modules.AssetProcurement.csproj : warning NU1902: Package 'OpenTelemetry.Exporter.OpenTelemetryProtocol' 1.15.0 has a known moderate severity vulnerability, https://github.com/advisories/GHSA-mr8r-92fq-pj8p [d:\VB\AMIS101\src\FSH.Framework.slnx]
d:\VB\AMIS101\src\Modules\AssetProcurement\Modules.AssetProcurement\Modules.AssetProcurement.csproj : warning NU1902: Package 'OpenTelemetry.Exporter.OpenTelemetryProtocol' 1.15.0 has a known moderate severity vulnerability, https://github.com/advisories/GHSA-q834-8qmm-v933 [d:\VB\AMIS101\src\FSH.Framework.slnx]
  Restored d:\VB\AMIS101\src\Tests\Auditing.Tests\Auditing.Tests.csproj (in 415 ms).
d:\VB\AMIS101\src\Modules\Finance\Modules.Finance\Modules.Finance.csproj : warning NU1902: Package 'MailKit' 4.14.1 has a known moderate severity vulnerability, https://github.com/advisories/GHSA-9j88-vvj5-vhgr [d:\VB\AMIS101\src\FSH.Framework.slnx]
d:\VB\AMIS101\src\Modules\Finance\Modules.Finance\Modules.Finance.csproj : warning NU1902: Package 'OpenTelemetry.Api' 1.15.0 has a known moderate severity vulnerability, https://github.com/advisories/GHSA-g94r-2vxg-569j [d:\VB\AMIS101\src\FSH.Framework.slnx]
d:\VB\AMIS101\src\Modules\Finance\Modules.Finance\Modules.Finance.csproj : warning NU1902: Package 'OpenTelemetry.Exporter.OpenTelemetryProtocol' 1.15.0 has a known moderate severity vulnerability, https://github.com/advisories/GHSA-mr8r-92fq-pj8p [d:\VB\AMIS101\src\FSH.Framework.slnx]
d:\VB\AMIS101\src\Modules\Finance\Modules.Finance\Modules.Finance.csproj : warning NU1902: Package 'OpenTelemetry.Exporter.OpenTelemetryProtocol' 1.15.0 has a known moderate severity vulnerability, https://github.com/advisories/GHSA-q834-8qmm-v933 [d:\VB\AMIS101\src\FSH.Framework.slnx]
D:\VB\AMIS101\src\Modules\Expendable\Modules.Expendable\Modules.Expendable.csproj : warning NU1902: Package 'MailKit' 4.14.1 has a known moderate severity vulnerability, https://github.com/advisories/GHSA-9j88-vvj5-vhgr [d:\VB\AMIS101\src\FSH.Framework.slnx]
D:\VB\AMIS101\src\Modules\Expendable\Modules.Expendable\Modules.Expendable.csproj : warning NU1902: Package 'OpenTelemetry.Api' 1.15.0 has a known moderate severity vulnerability, https://github.com/advisories/GHSA-g94r-2vxg-569j [d:\VB\AMIS101\src\FSH.Framework.slnx]
D:\VB\AMIS101\src\Modules\Expendable\Modules.Expendable\Modules.Expendable.csproj : warning NU1902: Package 'OpenTelemetry.Exporter.OpenTelemetryProtocol' 1.15.0 has a known moderate severity vulnerability, https://github.com/advisories/GHSA-mr8r-92fq-pj8p [d:\VB\AMIS101\src\FSH.Framework.slnx]
D:\VB\AMIS101\src\Modules\Expendable\Modules.Expendable\Modules.Expendable.csproj : warning NU1902: Package 'OpenTelemetry.Exporter.OpenTelemetryProtocol' 1.15.0 has a known moderate severity vulnerability, https://github.com/advisories/GHSA-q834-8qmm-v933 [d:\VB\AMIS101\src\FSH.Framework.slnx]
d:\VB\AMIS101\src\Modules\Vehicle\Modules.Vehicle\Modules.Vehicle.csproj : warning NU1902: Package 'MailKit' 4.14.1 has a known moderate severity vulnerability, https://github.com/advisories/GHSA-9j88-vvj5-vhgr [d:\VB\AMIS101\src\FSH.Framework.slnx]
d:\VB\AMIS101\src\Modules\Vehicle\Modules.Vehicle\Modules.Vehicle.csproj : warning NU1902: Package 'OpenTelemetry.Api' 1.15.0 has a known moderate severity vulnerability, https://github.com/advisories/GHSA-g94r-2vxg-569j [d:\VB\AMIS101\src\FSH.Framework.slnx]
d:\VB\AMIS101\src\Modules\Vehicle\Modules.Vehicle\Modules.Vehicle.csproj : warning NU1902: Package 'OpenTelemetry.Exporter.OpenTelemetryProtocol' 1.15.0 has a known moderate severity vulnerability, https://github.com/advisories/GHSA-mr8r-92fq-pj8p [d:\VB\AMIS101\src\FSH.Framework.slnx]
d:\VB\AMIS101\src\Modules\Vehicle\Modules.Vehicle\Modules.Vehicle.csproj : warning NU1902: Package 'OpenTelemetry.Exporter.OpenTelemetryProtocol' 1.15.0 has a known moderate severity vulnerability, https://github.com/advisories/GHSA-q834-8qmm-v933 [d:\VB\AMIS101\src\FSH.Framework.slnx]
  Restored d:\VB\AMIS101\src\Playground\Playground.Api\Playground.Api.csproj (in 426 ms).
  Restored d:\VB\AMIS101\src\Modules\Vehicle\Modules.Vehicle.Contracts\Modules.Vehicle.Contracts.csproj (in 27 ms).
  Restored d:\VB\AMIS101\src\Modules\Finance\Modules.Finance.Contracts\Modules.Finance.Contracts.csproj (in 36 ms).
  Restored d:\VB\AMIS101\src\Modules\AssetManagement\Modules.AssetManagement\Modules.AssetManagement.csproj (in 124 ms).
  Restored d:\VB\AMIS101\src\Modules\Finance\Modules.Finance\Modules.Finance.csproj (in 166 ms).
  Restored d:\VB\AMIS101\src\Tests\Architecture.Tests\Architecture.Tests.csproj (in 577 ms).
d:\VB\AMIS101\src\Tests\Identity.Tests\Identity.Tests.csproj : warning NU1902: Package 'MailKit' 4.14.1 has a known moderate severity vulnerability, https://github.com/advisories/GHSA-9j88-vvj5-vhgr [d:\VB\AMIS101\src\FSH.Framework.slnx]
d:\VB\AMIS101\src\Tests\Identity.Tests\Identity.Tests.csproj : warning NU1902: Package 'OpenTelemetry.Api' 1.15.0 has a known moderate severity vulnerability, https://github.com/advisories/GHSA-g94r-2vxg-569j [d:\VB\AMIS101\src\FSH.Framework.slnx]
d:\VB\AMIS101\src\Tests\Identity.Tests\Identity.Tests.csproj : warning NU1902: Package 'OpenTelemetry.Exporter.OpenTelemetryProtocol' 1.15.0 has a known moderate severity vulnerability, https://github.com/advisories/GHSA-mr8r-92fq-pj8p [d:\VB\AMIS101\src\FSH.Framework.slnx]
d:\VB\AMIS101\src\Tests\Identity.Tests\Identity.Tests.csproj : warning NU1902: Package 'OpenTelemetry.Exporter.OpenTelemetryProtocol' 1.15.0 has a known moderate severity vulnerability, https://github.com/advisories/GHSA-q834-8qmm-v933 [d:\VB\AMIS101\src\FSH.Framework.slnx]
d:\VB\AMIS101\src\Modules\ProcurementPlanning\Modules.ProcurementPlanning\Modules.ProcurementPlanning.csproj : warning NU1902: Package 'MailKit' 4.14.1 has a known moderate severity vulnerability, https://github.com/advisories/GHSA-9j88-vvj5-vhgr [d:\VB\AMIS101\src\FSH.Framework.slnx]
d:\VB\AMIS101\src\Modules\ProcurementPlanning\Modules.ProcurementPlanning\Modules.ProcurementPlanning.csproj : warning NU1902: Package 'OpenTelemetry.Api' 1.15.0 has a known moderate severity vulnerability, https://github.com/advisories/GHSA-g94r-2vxg-569j [d:\VB\AMIS101\src\FSH.Framework.slnx]
d:\VB\AMIS101\src\Modules\ProcurementPlanning\Modules.ProcurementPlanning\Modules.ProcurementPlanning.csproj : warning NU1902: Package 'OpenTelemetry.Exporter.OpenTelemetryProtocol' 1.15.0 has a known moderate severity vulnerability, https://github.com/advisories/GHSA-mr8r-92fq-pj8p [d:\VB\AMIS101\src\FSH.Framework.slnx]
d:\VB\AMIS101\src\Modules\ProcurementPlanning\Modules.ProcurementPlanning\Modules.ProcurementPlanning.csproj : warning NU1902: Package 'OpenTelemetry.Exporter.OpenTelemetryProtocol' 1.15.0 has a known moderate severity vulnerability, https://github.com/advisories/GHSA-q834-8qmm-v933 [d:\VB\AMIS101\src\FSH.Framework.slnx]
d:\VB\AMIS101\src\Tests\Generic.Tests\Generic.Tests.csproj : warning NU1902: Package 'MailKit' 4.14.1 has a known moderate severity vulnerability, https://github.com/advisories/GHSA-9j88-vvj5-vhgr [d:\VB\AMIS101\src\FSH.Framework.slnx]
d:\VB\AMIS101\src\Tests\Generic.Tests\Generic.Tests.csproj : warning NU1902: Package 'OpenTelemetry.Api' 1.15.0 has a known moderate severity vulnerability, https://github.com/advisories/GHSA-g94r-2vxg-569j [d:\VB\AMIS101\src\FSH.Framework.slnx]
d:\VB\AMIS101\src\Tests\Generic.Tests\Generic.Tests.csproj : warning NU1902: Package 'OpenTelemetry.Exporter.OpenTelemetryProtocol' 1.15.0 has a known moderate severity vulnerability, https://github.com/advisories/GHSA-mr8r-92fq-pj8p [d:\VB\AMIS101\src\FSH.Framework.slnx]
d:\VB\AMIS101\src\Tests\Generic.Tests\Generic.Tests.csproj : warning NU1902: Package 'OpenTelemetry.Exporter.OpenTelemetryProtocol' 1.15.0 has a known moderate severity vulnerability, https://github.com/advisories/GHSA-q834-8qmm-v933 [d:\VB\AMIS101\src\FSH.Framework.slnx]
  Restored d:\VB\AMIS101\src\Modules\Vehicle\Modules.Vehicle\Modules.Vehicle.csproj (in 148 ms).
  Restored d:\VB\AMIS101\src\Modules\AssetProcurement\Modules.AssetProcurement\Modules.AssetProcurement.csproj (in 363 ms).
d:\VB\AMIS101\src\Tests\Expendable.Tests\Expendable.Tests.csproj : warning NU1902: Package 'MailKit' 4.14.1 has a known moderate severity vulnerability, https://github.com/advisories/GHSA-9j88-vvj5-vhgr [d:\VB\AMIS101\src\FSH.Framework.slnx]
d:\VB\AMIS101\src\Tests\Expendable.Tests\Expendable.Tests.csproj : warning NU1902: Package 'OpenTelemetry.Api' 1.15.0 has a known moderate severity vulnerability, https://github.com/advisories/GHSA-g94r-2vxg-569j [d:\VB\AMIS101\src\FSH.Framework.slnx]
d:\VB\AMIS101\src\Tests\Expendable.Tests\Expendable.Tests.csproj : warning NU1902: Package 'OpenTelemetry.Exporter.OpenTelemetryProtocol' 1.15.0 has a known moderate severity vulnerability, https://github.com/advisories/GHSA-mr8r-92fq-pj8p [d:\VB\AMIS101\src\FSH.Framework.slnx]
d:\VB\AMIS101\src\Tests\Expendable.Tests\Expendable.Tests.csproj : warning NU1902: Package 'OpenTelemetry.Exporter.OpenTelemetryProtocol' 1.15.0 has a known moderate severity vulnerability, https://github.com/advisories/GHSA-q834-8qmm-v933 [d:\VB\AMIS101\src\FSH.Framework.slnx]
  Restored D:\VB\AMIS101\src\Modules\Expendable\Modules.Expendable\Modules.Expendable.csproj (in 126 ms).
d:\VB\AMIS101\src\BuildingBlocks\Mailing\Mailing.csproj : warning NU1902: Package 'MailKit' 4.14.1 has a known moderate severity vulnerability, https://github.com/advisories/GHSA-9j88-vvj5-vhgr [d:\VB\AMIS101\src\FSH.Framework.slnx]
  Restored d:\VB\AMIS101\src\BuildingBlocks\Shared\Shared.csproj (in 5 ms).
  Restored d:\VB\AMIS101\src\Modules\ProcurementPlanning\Modules.ProcurementPlanning\Modules.ProcurementPlanning.csproj (in 187 ms).
  Restored d:\VB\AMIS101\src\Tests\Identity.Tests\Identity.Tests.csproj (in 138 ms).
  Restored d:\VB\AMIS101\src\Tests\Expendable.Tests\Expendable.Tests.csproj (in 126 ms).
  Restored d:\VB\AMIS101\src\BuildingBlocks\Mailing\Mailing.csproj (in 46 ms).
  Restored d:\VB\AMIS101\src\Playground\Migrations.PostgreSQL\Migrations.PostgreSQL.csproj (in 747 ms).
  Restored d:\VB\AMIS101\src\Tests\Generic.Tests\Generic.Tests.csproj (in 180 ms).
  Restored d:\VB\AMIS101\src\BuildingBlocks\Persistence\Persistence.csproj (in 125 ms).
  Restored d:\VB\AMIS101\src\Playground\FSH.Playground.AppHost\FSH.Playground.AppHost.csproj (in 924 ms).
  1 of 45 projects are up-to-date for restore.
d:\VB\AMIS101\src\BuildingBlocks\Mailing\Mailing.csproj : warning NU1902: Package 'MailKit' 4.14.1 has a known moderate severity vulnerability, https://github.com/advisories/GHSA-9j88-vvj5-vhgr
D:\VB\AMIS101\src\Modules\AssetManagement\Modules.AssetManagement\Modules.AssetManagement.csproj : warning NU1902: Package 'MailKit' 4.14.1 has a known moderate severity vulnerability, https://github.com/advisories/GHSA-9j88-vvj5-vhgr [d:\VB\AMIS101\src\Modules\AssetManagement\Modules.AssetManagement\Modules.AssetManagement.csproj]
D:\VB\AMIS101\src\Modules\AssetManagement\Modules.AssetManagement\Modules.AssetManagement.csproj : warning NU1902: Package 'OpenTelemetry.Api' 1.15.0 has a known moderate severity vulnerability, https://github.com/advisories/GHSA-g94r-2vxg-569j [d:\VB\AMIS101\src\Modules\AssetManagement\Modules.AssetManagement\Modules.AssetManagement.csproj]
D:\VB\AMIS101\src\Modules\AssetManagement\Modules.AssetManagement\Modules.AssetManagement.csproj : warning NU1902: Package 'OpenTelemetry.Exporter.OpenTelemetryProtocol' 1.15.0 has a known moderate severity vulnerability, https://github.com/advisories/GHSA-mr8r-92fq-pj8p [d:\VB\AMIS101\src\Modules\AssetManagement\Modules.AssetManagement\Modules.AssetManagement.csproj]
D:\VB\AMIS101\src\Modules\AssetManagement\Modules.AssetManagement\Modules.AssetManagement.csproj : warning NU1902: Package 'OpenTelemetry.Exporter.OpenTelemetryProtocol' 1.15.0 has a known moderate severity vulnerability, https://github.com/advisories/GHSA-q834-8qmm-v933 [d:\VB\AMIS101\src\Modules\AssetManagement\Modules.AssetManagement\Modules.AssetManagement.csproj]
d:\VB\AMIS101\src\Modules\AssetProcurement\Modules.AssetProcurement\Modules.AssetProcurement.csproj : warning NU1902: Package 'MailKit' 4.14.1 has a known moderate severity vulnerability, https://github.com/advisories/GHSA-9j88-vvj5-vhgr
d:\VB\AMIS101\src\Modules\AssetProcurement\Modules.AssetProcurement\Modules.AssetProcurement.csproj : warning NU1902: Package 'OpenTelemetry.Api' 1.15.0 has a known moderate severity vulnerability, https://github.com/advisories/GHSA-g94r-2vxg-569j
d:\VB\AMIS101\src\Modules\AssetProcurement\Modules.AssetProcurement\Modules.AssetProcurement.csproj : warning NU1902: Package 'OpenTelemetry.Exporter.OpenTelemetryProtocol' 1.15.0 has a known moderate severity vulnerability, https://github.com/advisories/GHSA-mr8r-92fq-pj8p
d:\VB\AMIS101\src\Modules\AssetProcurement\Modules.AssetProcurement\Modules.AssetProcurement.csproj : warning NU1902: Package 'OpenTelemetry.Exporter.OpenTelemetryProtocol' 1.15.0 has a known moderate severity vulnerability, https://github.com/advisories/GHSA-q834-8qmm-v933
d:\VB\AMIS101\src\BuildingBlocks\Web\Web.csproj : warning NU1902: Package 'MailKit' 4.14.1 has a known moderate severity vulnerability, https://github.com/advisories/GHSA-9j88-vvj5-vhgr
d:\VB\AMIS101\src\BuildingBlocks\Web\Web.csproj : warning NU1902: Package 'OpenTelemetry.Api' 1.15.0 has a known moderate severity vulnerability, https://github.com/advisories/GHSA-g94r-2vxg-569j
d:\VB\AMIS101\src\BuildingBlocks\Web\Web.csproj : warning NU1902: Package 'OpenTelemetry.Exporter.OpenTelemetryProtocol' 1.15.0 has a known moderate severity vulnerability, https://github.com/advisories/GHSA-mr8r-92fq-pj8p
d:\VB\AMIS101\src\BuildingBlocks\Web\Web.csproj : warning NU1902: Package 'OpenTelemetry.Exporter.OpenTelemetryProtocol' 1.15.0 has a known moderate severity vulnerability, https://github.com/advisories/GHSA-q834-8qmm-v933
d:\VB\AMIS101\src\Modules\Auditing\Modules.Auditing\Modules.Auditing.csproj : warning NU1902: Package 'MailKit' 4.14.1 has a known moderate severity vulnerability, https://github.com/advisories/GHSA-9j88-vvj5-vhgr
d:\VB\AMIS101\src\Modules\Auditing\Modules.Auditing\Modules.Auditing.csproj : warning NU1902: Package 'OpenTelemetry.Api' 1.15.0 has a known moderate severity vulnerability, https://github.com/advisories/GHSA-g94r-2vxg-569j
d:\VB\AMIS101\src\Modules\Auditing\Modules.Auditing\Modules.Auditing.csproj : warning NU1902: Package 'OpenTelemetry.Exporter.OpenTelemetryProtocol' 1.15.0 has a known moderate severity vulnerability, https://github.com/advisories/GHSA-mr8r-92fq-pj8p
d:\VB\AMIS101\src\Modules\Auditing\Modules.Auditing\Modules.Auditing.csproj : warning NU1902: Package 'OpenTelemetry.Exporter.OpenTelemetryProtocol' 1.15.0 has a known moderate severity vulnerability, https://github.com/advisories/GHSA-q834-8qmm-v933
d:\VB\AMIS101\src\Modules\Finance\Modules.Finance\Modules.Finance.csproj : warning NU1902: Package 'MailKit' 4.14.1 has a known moderate severity vulnerability, https://github.com/advisories/GHSA-9j88-vvj5-vhgr
d:\VB\AMIS101\src\Modules\Finance\Modules.Finance\Modules.Finance.csproj : warning NU1902: Package 'OpenTelemetry.Api' 1.15.0 has a known moderate severity vulnerability, https://github.com/advisories/GHSA-g94r-2vxg-569j
d:\VB\AMIS101\src\Modules\Finance\Modules.Finance\Modules.Finance.csproj : warning NU1902: Package 'OpenTelemetry.Exporter.OpenTelemetryProtocol' 1.15.0 has a known moderate severity vulnerability, https://github.com/advisories/GHSA-mr8r-92fq-pj8p
d:\VB\AMIS101\src\Modules\Finance\Modules.Finance\Modules.Finance.csproj : warning NU1902: Package 'OpenTelemetry.Exporter.OpenTelemetryProtocol' 1.15.0 has a known moderate severity vulnerability, https://github.com/advisories/GHSA-q834-8qmm-v933
d:\VB\AMIS101\src\Modules\Expendable\Modules.Expendable\Modules.Expendable.csproj : warning NU1902: Package 'MailKit' 4.14.1 has a known moderate severity vulnerability, https://github.com/advisories/GHSA-9j88-vvj5-vhgr
d:\VB\AMIS101\src\Modules\Expendable\Modules.Expendable\Modules.Expendable.csproj : warning NU1902: Package 'OpenTelemetry.Api' 1.15.0 has a known moderate severity vulnerability, https://github.com/advisories/GHSA-g94r-2vxg-569j
d:\VB\AMIS101\src\Modules\Expendable\Modules.Expendable\Modules.Expendable.csproj : warning NU1902: Package 'OpenTelemetry.Exporter.OpenTelemetryProtocol' 1.15.0 has a known moderate severity vulnerability, https://github.com/advisories/GHSA-mr8r-92fq-pj8p
d:\VB\AMIS101\src\Modules\Expendable\Modules.Expendable\Modules.Expendable.csproj : warning NU1902: Package 'OpenTelemetry.Exporter.OpenTelemetryProtocol' 1.15.0 has a known moderate severity vulnerability, https://github.com/advisories/GHSA-q834-8qmm-v933
  Eventing.Abstractions -> d:\VB\AMIS101\src\BuildingBlocks\Eventing.Abstractions\bin\Debug\net10.0\FSH.Framework.Eventing.Abstractions.dll
d:\VB\AMIS101\src\Modules\Multitenancy\Modules.Multitenancy\Modules.Multitenancy.csproj : warning NU1902: Package 'MailKit' 4.14.1 has a known moderate severity vulnerability, https://github.com/advisories/GHSA-9j88-vvj5-vhgr
d:\VB\AMIS101\src\Modules\Multitenancy\Modules.Multitenancy\Modules.Multitenancy.csproj : warning NU1902: Package 'OpenTelemetry.Api' 1.15.0 has a known moderate severity vulnerability, https://github.com/advisories/GHSA-g94r-2vxg-569j
d:\VB\AMIS101\src\Modules\Multitenancy\Modules.Multitenancy\Modules.Multitenancy.csproj : warning NU1902: Package 'OpenTelemetry.Exporter.OpenTelemetryProtocol' 1.15.0 has a known moderate severity vulnerability, https://github.com/advisories/GHSA-mr8r-92fq-pj8p
d:\VB\AMIS101\src\Modules\Multitenancy\Modules.Multitenancy\Modules.Multitenancy.csproj : warning NU1902: Package 'OpenTelemetry.Exporter.OpenTelemetryProtocol' 1.15.0 has a known moderate severity vulnerability, https://github.com/advisories/GHSA-q834-8qmm-v933
d:\VB\AMIS101\src\Modules\ProcurementAcquisition\Modules.ProcurementAcquisition\Modules.ProcurementAcquisition.csproj : warning NU1902: Package 'MailKit' 4.14.1 has a known moderate severity vulnerability, https://github.com/advisories/GHSA-9j88-vvj5-vhgr
d:\VB\AMIS101\src\Modules\ProcurementAcquisition\Modules.ProcurementAcquisition\Modules.ProcurementAcquisition.csproj : warning NU1902: Package 'OpenTelemetry.Api' 1.15.0 has a known moderate severity vulnerability, https://github.com/advisories/GHSA-g94r-2vxg-569j
d:\VB\AMIS101\src\Modules\ProcurementAcquisition\Modules.ProcurementAcquisition\Modules.ProcurementAcquisition.csproj : warning NU1902: Package 'OpenTelemetry.Exporter.OpenTelemetryProtocol' 1.15.0 has a known moderate severity vulnerability, https://github.com/advisories/GHSA-mr8r-92fq-pj8p
d:\VB\AMIS101\src\Modules\ProcurementAcquisition\Modules.ProcurementAcquisition\Modules.ProcurementAcquisition.csproj : warning NU1902: Package 'OpenTelemetry.Exporter.OpenTelemetryProtocol' 1.15.0 has a known moderate severity vulnerability, https://github.com/advisories/GHSA-q834-8qmm-v933
d:\VB\AMIS101\src\Modules\ProcurementPlanning\Modules.ProcurementPlanning\Modules.ProcurementPlanning.csproj : warning NU1902: Package 'MailKit' 4.14.1 has a known moderate severity vulnerability, https://github.com/advisories/GHSA-9j88-vvj5-vhgr
d:\VB\AMIS101\src\Modules\ProcurementPlanning\Modules.ProcurementPlanning\Modules.ProcurementPlanning.csproj : warning NU1902: Package 'OpenTelemetry.Api' 1.15.0 has a known moderate severity vulnerability, https://github.com/advisories/GHSA-g94r-2vxg-569j
d:\VB\AMIS101\src\Modules\ProcurementPlanning\Modules.ProcurementPlanning\Modules.ProcurementPlanning.csproj : warning NU1902: Package 'OpenTelemetry.Exporter.OpenTelemetryProtocol' 1.15.0 has a known moderate severity vulnerability, https://github.com/advisories/GHSA-mr8r-92fq-pj8p
d:\VB\AMIS101\src\Modules\ProcurementPlanning\Modules.ProcurementPlanning\Modules.ProcurementPlanning.csproj : warning NU1902: Package 'OpenTelemetry.Exporter.OpenTelemetryProtocol' 1.15.0 has a known moderate severity vulnerability, https://github.com/advisories/GHSA-q834-8qmm-v933
d:\VB\AMIS101\src\Modules\Vehicle\Modules.Vehicle\Modules.Vehicle.csproj : warning NU1902: Package 'MailKit' 4.14.1 has a known moderate severity vulnerability, https://github.com/advisories/GHSA-9j88-vvj5-vhgr
d:\VB\AMIS101\src\Modules\Vehicle\Modules.Vehicle\Modules.Vehicle.csproj : warning NU1902: Package 'OpenTelemetry.Api' 1.15.0 has a known moderate severity vulnerability, https://github.com/advisories/GHSA-g94r-2vxg-569j
d:\VB\AMIS101\src\Modules\Vehicle\Modules.Vehicle\Modules.Vehicle.csproj : warning NU1902: Package 'OpenTelemetry.Exporter.OpenTelemetryProtocol' 1.15.0 has a known moderate severity vulnerability, https://github.com/advisories/GHSA-mr8r-92fq-pj8p
d:\VB\AMIS101\src\Modules\Vehicle\Modules.Vehicle\Modules.Vehicle.csproj : warning NU1902: Package 'OpenTelemetry.Exporter.OpenTelemetryProtocol' 1.15.0 has a known moderate severity vulnerability, https://github.com/advisories/GHSA-q834-8qmm-v933
d:\VB\AMIS101\src\Playground\Migrations.PostgreSQL\Migrations.PostgreSQL.csproj : warning NU1902: Package 'MailKit' 4.14.1 has a known moderate severity vulnerability, https://github.com/advisories/GHSA-9j88-vvj5-vhgr
d:\VB\AMIS101\src\Playground\Migrations.PostgreSQL\Migrations.PostgreSQL.csproj : warning NU1902: Package 'OpenTelemetry.Api' 1.15.0 has a known moderate severity vulnerability, https://github.com/advisories/GHSA-g94r-2vxg-569j
d:\VB\AMIS101\src\Playground\Migrations.PostgreSQL\Migrations.PostgreSQL.csproj : warning NU1902: Package 'OpenTelemetry.Exporter.OpenTelemetryProtocol' 1.15.0 has a known moderate severity vulnerability, https://github.com/advisories/GHSA-mr8r-92fq-pj8p
d:\VB\AMIS101\src\Playground\Migrations.PostgreSQL\Migrations.PostgreSQL.csproj : warning NU1902: Package 'OpenTelemetry.Exporter.OpenTelemetryProtocol' 1.15.0 has a known moderate severity vulnerability, https://github.com/advisories/GHSA-q834-8qmm-v933
d:\VB\AMIS101\src\Modules\Identity\Modules.Identity\Modules.Identity.csproj : warning NU1902: Package 'MailKit' 4.14.1 has a known moderate severity vulnerability, https://github.com/advisories/GHSA-9j88-vvj5-vhgr
d:\VB\AMIS101\src\Modules\Identity\Modules.Identity\Modules.Identity.csproj : warning NU1902: Package 'OpenTelemetry.Api' 1.15.0 has a known moderate severity vulnerability, https://github.com/advisories/GHSA-g94r-2vxg-569j
d:\VB\AMIS101\src\Modules\Identity\Modules.Identity\Modules.Identity.csproj : warning NU1902: Package 'OpenTelemetry.Exporter.OpenTelemetryProtocol' 1.15.0 has a known moderate severity vulnerability, https://github.com/advisories/GHSA-mr8r-92fq-pj8p
d:\VB\AMIS101\src\Modules\Identity\Modules.Identity\Modules.Identity.csproj : warning NU1902: Package 'OpenTelemetry.Exporter.OpenTelemetryProtocol' 1.15.0 has a known moderate severity vulnerability, https://github.com/advisories/GHSA-q834-8qmm-v933
d:\VB\AMIS101\src\Modules\MasterData\Modules.MasterData\Modules.MasterData.csproj : warning NU1902: Package 'MailKit' 4.14.1 has a known moderate severity vulnerability, https://github.com/advisories/GHSA-9j88-vvj5-vhgr
d:\VB\AMIS101\src\Modules\MasterData\Modules.MasterData\Modules.MasterData.csproj : warning NU1902: Package 'OpenTelemetry.Api' 1.15.0 has a known moderate severity vulnerability, https://github.com/advisories/GHSA-g94r-2vxg-569j
d:\VB\AMIS101\src\Modules\MasterData\Modules.MasterData\Modules.MasterData.csproj : warning NU1902: Package 'OpenTelemetry.Exporter.OpenTelemetryProtocol' 1.15.0 has a known moderate severity vulnerability, https://github.com/advisories/GHSA-mr8r-92fq-pj8p
d:\VB\AMIS101\src\Modules\MasterData\Modules.MasterData\Modules.MasterData.csproj : warning NU1902: Package 'OpenTelemetry.Exporter.OpenTelemetryProtocol' 1.15.0 has a known moderate severity vulnerability, https://github.com/advisories/GHSA-q834-8qmm-v933
d:\VB\AMIS101\src\Playground\Playground.Api\Playground.Api.csproj : warning NU1902: Package 'MailKit' 4.14.1 has a known moderate severity vulnerability, https://github.com/advisories/GHSA-9j88-vvj5-vhgr
d:\VB\AMIS101\src\Playground\Playground.Api\Playground.Api.csproj : warning NU1902: Package 'OpenTelemetry.Api' 1.15.0 has a known moderate severity vulnerability, https://github.com/advisories/GHSA-g94r-2vxg-569j
d:\VB\AMIS101\src\Playground\Playground.Api\Playground.Api.csproj : warning NU1902: Package 'OpenTelemetry.Exporter.OpenTelemetryProtocol' 1.15.0 has a known moderate severity vulnerability, https://github.com/advisories/GHSA-mr8r-92fq-pj8p
d:\VB\AMIS101\src\Playground\Playground.Api\Playground.Api.csproj : warning NU1902: Package 'OpenTelemetry.Exporter.OpenTelemetryProtocol' 1.15.0 has a known moderate severity vulnerability, https://github.com/advisories/GHSA-q834-8qmm-v933
d:\VB\AMIS101\src\Tests\Architecture.Tests\Architecture.Tests.csproj : warning NU1902: Package 'MailKit' 4.14.1 has a known moderate severity vulnerability, https://github.com/advisories/GHSA-9j88-vvj5-vhgr
d:\VB\AMIS101\src\Tests\Architecture.Tests\Architecture.Tests.csproj : warning NU1902: Package 'OpenTelemetry.Api' 1.15.0 has a known moderate severity vulnerability, https://github.com/advisories/GHSA-g94r-2vxg-569j
d:\VB\AMIS101\src\Tests\Architecture.Tests\Architecture.Tests.csproj : warning NU1902: Package 'OpenTelemetry.Exporter.OpenTelemetryProtocol' 1.15.0 has a known moderate severity vulnerability, https://github.com/advisories/GHSA-mr8r-92fq-pj8p
d:\VB\AMIS101\src\Tests\Architecture.Tests\Architecture.Tests.csproj : warning NU1902: Package 'OpenTelemetry.Exporter.OpenTelemetryProtocol' 1.15.0 has a known moderate severity vulnerability, https://github.com/advisories/GHSA-q834-8qmm-v933
d:\VB\AMIS101\src\Tests\Auditing.Tests\Auditing.Tests.csproj : warning NU1902: Package 'MailKit' 4.14.1 has a known moderate severity vulnerability, https://github.com/advisories/GHSA-9j88-vvj5-vhgr
d:\VB\AMIS101\src\Tests\Auditing.Tests\Auditing.Tests.csproj : warning NU1902: Package 'OpenTelemetry.Api' 1.15.0 has a known moderate severity vulnerability, https://github.com/advisories/GHSA-g94r-2vxg-569j
d:\VB\AMIS101\src\Tests\Auditing.Tests\Auditing.Tests.csproj : warning NU1902: Package 'OpenTelemetry.Exporter.OpenTelemetryProtocol' 1.15.0 has a known moderate severity vulnerability, https://github.com/advisories/GHSA-mr8r-92fq-pj8p
d:\VB\AMIS101\src\Tests\Auditing.Tests\Auditing.Tests.csproj : warning NU1902: Package 'OpenTelemetry.Exporter.OpenTelemetryProtocol' 1.15.0 has a known moderate severity vulnerability, https://github.com/advisories/GHSA-q834-8qmm-v933
d:\VB\AMIS101\src\Tests\Identity.Tests\Identity.Tests.csproj : warning NU1902: Package 'MailKit' 4.14.1 has a known moderate severity vulnerability, https://github.com/advisories/GHSA-9j88-vvj5-vhgr
d:\VB\AMIS101\src\Tests\Identity.Tests\Identity.Tests.csproj : warning NU1902: Package 'OpenTelemetry.Api' 1.15.0 has a known moderate severity vulnerability, https://github.com/advisories/GHSA-g94r-2vxg-569j
d:\VB\AMIS101\src\Tests\Identity.Tests\Identity.Tests.csproj : warning NU1902: Package 'OpenTelemetry.Exporter.OpenTelemetryProtocol' 1.15.0 has a known moderate severity vulnerability, https://github.com/advisories/GHSA-mr8r-92fq-pj8p
d:\VB\AMIS101\src\Tests\Identity.Tests\Identity.Tests.csproj : warning NU1902: Package 'OpenTelemetry.Exporter.OpenTelemetryProtocol' 1.15.0 has a known moderate severity vulnerability, https://github.com/advisories/GHSA-q834-8qmm-v933
d:\VB\AMIS101\src\Tests\Expendable.Tests\Expendable.Tests.csproj : warning NU1902: Package 'MailKit' 4.14.1 has a known moderate severity vulnerability, https://github.com/advisories/GHSA-9j88-vvj5-vhgr
d:\VB\AMIS101\src\Tests\Expendable.Tests\Expendable.Tests.csproj : warning NU1902: Package 'OpenTelemetry.Api' 1.15.0 has a known moderate severity vulnerability, https://github.com/advisories/GHSA-g94r-2vxg-569j
d:\VB\AMIS101\src\Tests\Expendable.Tests\Expendable.Tests.csproj : warning NU1902: Package 'OpenTelemetry.Exporter.OpenTelemetryProtocol' 1.15.0 has a known moderate severity vulnerability, https://github.com/advisories/GHSA-mr8r-92fq-pj8p
d:\VB\AMIS101\src\Tests\Expendable.Tests\Expendable.Tests.csproj : warning NU1902: Package 'OpenTelemetry.Exporter.OpenTelemetryProtocol' 1.15.0 has a known moderate severity vulnerability, https://github.com/advisories/GHSA-q834-8qmm-v933
d:\VB\AMIS101\src\Tests\Generic.Tests\Generic.Tests.csproj : warning NU1902: Package 'MailKit' 4.14.1 has a known moderate severity vulnerability, https://github.com/advisories/GHSA-9j88-vvj5-vhgr
d:\VB\AMIS101\src\Tests\Generic.Tests\Generic.Tests.csproj : warning NU1902: Package 'OpenTelemetry.Api' 1.15.0 has a known moderate severity vulnerability, https://github.com/advisories/GHSA-g94r-2vxg-569j
d:\VB\AMIS101\src\Tests\Generic.Tests\Generic.Tests.csproj : warning NU1902: Package 'OpenTelemetry.Exporter.OpenTelemetryProtocol' 1.15.0 has a known moderate severity vulnerability, https://github.com/advisories/GHSA-mr8r-92fq-pj8p
d:\VB\AMIS101\src\Tests\Generic.Tests\Generic.Tests.csproj : warning NU1902: Package 'OpenTelemetry.Exporter.OpenTelemetryProtocol' 1.15.0 has a known moderate severity vulnerability, https://github.com/advisories/GHSA-q834-8qmm-v933
d:\VB\AMIS101\src\Tests\Multitenancy.Tests\Multitenancy.Tests.csproj : warning NU1902: Package 'MailKit' 4.14.1 has a known moderate severity vulnerability, https://github.com/advisories/GHSA-9j88-vvj5-vhgr
d:\VB\AMIS101\src\Tests\Multitenancy.Tests\Multitenancy.Tests.csproj : warning NU1902: Package 'OpenTelemetry.Api' 1.15.0 has a known moderate severity vulnerability, https://github.com/advisories/GHSA-g94r-2vxg-569j
d:\VB\AMIS101\src\Tests\Multitenancy.Tests\Multitenancy.Tests.csproj : warning NU1902: Package 'OpenTelemetry.Exporter.OpenTelemetryProtocol' 1.15.0 has a known moderate severity vulnerability, https://github.com/advisories/GHSA-mr8r-92fq-pj8p
d:\VB\AMIS101\src\Tests\Multitenancy.Tests\Multitenancy.Tests.csproj : warning NU1902: Package 'OpenTelemetry.Exporter.OpenTelemetryProtocol' 1.15.0 has a known moderate severity vulnerability, https://github.com/advisories/GHSA-q834-8qmm-v933
d:\VB\AMIS101\src\Tests\Vehicle.Tests\Vehicle.Tests.csproj : warning NU1902: Package 'MailKit' 4.14.1 has a known moderate severity vulnerability, https://github.com/advisories/GHSA-9j88-vvj5-vhgr
d:\VB\AMIS101\src\Tests\Vehicle.Tests\Vehicle.Tests.csproj : warning NU1902: Package 'OpenTelemetry.Api' 1.15.0 has a known moderate severity vulnerability, https://github.com/advisories/GHSA-g94r-2vxg-569j
d:\VB\AMIS101\src\Tests\Vehicle.Tests\Vehicle.Tests.csproj : warning NU1902: Package 'OpenTelemetry.Exporter.OpenTelemetryProtocol' 1.15.0 has a known moderate severity vulnerability, https://github.com/advisories/GHSA-mr8r-92fq-pj8p
d:\VB\AMIS101\src\Tests\Vehicle.Tests\Vehicle.Tests.csproj : warning NU1902: Package 'OpenTelemetry.Exporter.OpenTelemetryProtocol' 1.15.0 has a known moderate severity vulnerability, https://github.com/advisories/GHSA-q834-8qmm-v933
  Core -> d:\VB\AMIS101\src\BuildingBlocks\Core\bin\Debug\net10.0\FSH.Framework.Core.dll
  FSH.CLI -> d:\VB\AMIS101\src\Tools\CLI\bin\Debug\net10.0\FSH.CLI.dll
  Blazor.UI -> d:\VB\AMIS101\src\BuildingBlocks\Blazor.UI\bin\Debug\net10.0\FSH.Framework.Blazor.UI.dll
d:\VB\AMIS101\src\BuildingBlocks\Caching\HybridCacheService.cs(126,13): warning CA1873: Evaluation of this argument may be expensive and unnecessary if logging is disabled (https://learn.microsoft.com/dotnet/fundamentals/code-analysis/quality-rules/ca1873) [d:\VB\AMIS101\src\BuildingBlocks\Caching\Caching.csproj]
d:\VB\AMIS101\src\BuildingBlocks\Caching\HybridCacheService.cs(141,13): warning CA1873: Evaluation of this argument may be expensive and unnecessary if logging is disabled (https://learn.microsoft.com/dotnet/fundamentals/code-analysis/quality-rules/ca1873) [d:\VB\AMIS101\src\BuildingBlocks\Caching\Caching.csproj]
d:\VB\AMIS101\src\BuildingBlocks\Caching\HybridCacheService.cs(63,17): warning CA1873: Evaluation of this argument may be expensive and unnecessary if logging is disabled (https://learn.microsoft.com/dotnet/fundamentals/code-analysis/quality-rules/ca1873) [d:\VB\AMIS101\src\BuildingBlocks\Caching\Caching.csproj]
d:\VB\AMIS101\src\BuildingBlocks\Caching\HybridCacheService.cs(78,17): warning CA1873: Evaluation of this argument may be expensive and unnecessary if logging is disabled (https://learn.microsoft.com/dotnet/fundamentals/code-analysis/quality-rules/ca1873) [d:\VB\AMIS101\src\BuildingBlocks\Caching\Caching.csproj]
d:\VB\AMIS101\src\BuildingBlocks\Caching\HybridCacheService.cs(106,13): warning CA1873: Evaluation of this argument may be expensive and unnecessary if logging is disabled (https://learn.microsoft.com/dotnet/fundamentals/code-analysis/quality-rules/ca1873) [d:\VB\AMIS101\src\BuildingBlocks\Caching\Caching.csproj]
d:\VB\AMIS101\src\BuildingBlocks\Caching\DistributedCacheService.cs(65,13): warning CA1873: Evaluation of this argument may be expensive and unnecessary if logging is disabled (https://learn.microsoft.com/dotnet/fundamentals/code-analysis/quality-rules/ca1873) [d:\VB\AMIS101\src\BuildingBlocks\Caching\Caching.csproj]
d:\VB\AMIS101\src\BuildingBlocks\Caching\DistributedCacheService.cs(89,13): warning CA1873: Evaluation of this argument may be expensive and unnecessary if logging is disabled (https://learn.microsoft.com/dotnet/fundamentals/code-analysis/quality-rules/ca1873) [d:\VB\AMIS101\src\BuildingBlocks\Caching\Caching.csproj]
  Caching -> d:\VB\AMIS101\src\BuildingBlocks\Caching\bin\Debug\net10.0\FSH.Framework.Caching.dll
d:\VB\AMIS101\src\BuildingBlocks\Mailing\Services\SmtpMailService.cs(45,66): warning CS8604: Possible null reference argument for parameter 'address' in 'MailboxAddress.MailboxAddress(string? name, string address)'. [d:\VB\AMIS101\src\BuildingBlocks\Mailing\Mailing.csproj]
d:\VB\AMIS101\src\BuildingBlocks\Mailing\Services\SmtpMailService.cs(46,89): warning CS8604: Possible null reference argument for parameter 'address' in 'MailboxAddress.MailboxAddress(string? name, string address)'. [d:\VB\AMIS101\src\BuildingBlocks\Mailing\Mailing.csproj]
  Shared -> d:\VB\AMIS101\src\BuildingBlocks\Shared\bin\Debug\net10.0\FSH.Framework.Shared.dll
  Mailing -> d:\VB\AMIS101\src\BuildingBlocks\Mailing\bin\Debug\net10.0\FSH.Framework.Mailing.dll
d:\VB\AMIS101\src\BuildingBlocks\Eventing\InMemory\InMemoryEventBus.cs(40,9): warning CA1873: Evaluation of this argument may be expensive and unnecessary if logging is disabled (https://learn.microsoft.com/dotnet/fundamentals/code-analysis/quality-rules/ca1873) [d:\VB\AMIS101\src\BuildingBlocks\Eventing\Eventing.csproj]
d:\VB\AMIS101\src\BuildingBlocks\Eventing\InMemory\InMemoryEventBus.cs(48,13): warning CA1873: Evaluation of this argument may be expensive and unnecessary if logging is disabled (https://learn.microsoft.com/dotnet/fundamentals/code-analysis/quality-rules/ca1873) [d:\VB\AMIS101\src\BuildingBlocks\Eventing\Eventing.csproj]
d:\VB\AMIS101\src\BuildingBlocks\Eventing\InMemory\InMemoryEventBus.cs(79,13): warning CA1873: Evaluation of this argument may be expensive and unnecessary if logging is disabled (https://learn.microsoft.com/dotnet/fundamentals/code-analysis/quality-rules/ca1873) [d:\VB\AMIS101\src\BuildingBlocks\Eventing\Eventing.csproj]
d:\VB\AMIS101\src\BuildingBlocks\Eventing\RabbitMq\RabbitMqEventBus.cs(102,17): warning CA1873: Evaluation of this argument may be expensive and unnecessary if logging is disabled (https://learn.microsoft.com/dotnet/fundamentals/code-analysis/quality-rules/ca1873) [d:\VB\AMIS101\src\BuildingBlocks\Eventing\Eventing.csproj]
d:\VB\AMIS101\src\BuildingBlocks\Eventing\Outbox\OutboxDispatcherHostedService.cs(33,9): warning CA1873: Evaluation of this argument may be expensive and unnecessary if logging is disabled (https://learn.microsoft.com/dotnet/fundamentals/code-analysis/quality-rules/ca1873) [d:\VB\AMIS101\src\BuildingBlocks\Eventing\Eventing.csproj]
d:\VB\AMIS101\src\BuildingBlocks\Eventing\RabbitMq\RabbitMqEventBus.cs(163,9): warning CA1873: Evaluation of this argument may be expensive and unnecessary if logging is disabled (https://learn.microsoft.com/dotnet/fundamentals/code-analysis/quality-rules/ca1873) [d:\VB\AMIS101\src\BuildingBlocks\Eventing\Eventing.csproj]
d:\VB\AMIS101\src\BuildingBlocks\Eventing\RabbitMq\RabbitMqEventBus.cs(192,9): warning CA1873: Evaluation of this argument may be expensive and unnecessary if logging is disabled (https://learn.microsoft.com/dotnet/fundamentals/code-analysis/quality-rules/ca1873) [d:\VB\AMIS101\src\BuildingBlocks\Eventing\Eventing.csproj]
d:\VB\AMIS101\src\BuildingBlocks\Eventing\Outbox\OutboxDispatcher.cs(47,9): warning CA1873: Evaluation of this argument may be expensive and unnecessary if logging is disabled (https://learn.microsoft.com/dotnet/fundamentals/code-analysis/quality-rules/ca1873) [d:\VB\AMIS101\src\BuildingBlocks\Eventing\Eventing.csproj]
d:\VB\AMIS101\src\BuildingBlocks\Eventing\Outbox\OutboxDispatcher.cs(68,17): warning CA1873: Evaluation of this argument may be expensive and unnecessary if logging is disabled (https://learn.microsoft.com/dotnet/fundamentals/code-analysis/quality-rules/ca1873) [d:\VB\AMIS101\src\BuildingBlocks\Eventing\Eventing.csproj]
d:\VB\AMIS101\src\BuildingBlocks\Eventing\Outbox\OutboxDispatcher.cs(94,9): warning CA1873: Evaluation of this argument may be expensive and unnecessary if logging is disabled (https://learn.microsoft.com/dotnet/fundamentals/code-analysis/quality-rules/ca1873) [d:\VB\AMIS101\src\BuildingBlocks\Eventing\Eventing.csproj]
d:\VB\AMIS101\src\Modules\AssetProcurement\Modules.AssetProcurement.Contracts\v1\AssetInspectionAcceptanceReports\AssetIARContracts.cs(22,22): warning S101: Rename record 'AssetIARLineItemDto' to match pascal case naming rules, consider using 'AssetIarLineItemDto'. (https://rules.sonarsource.com/csharp/RSPEC-101) [d:\VB\AMIS101\src\Modules\AssetProcurement\Modules.AssetProcurement.Contracts\Modules.AssetProcurement.Contracts.csproj]
d:\VB\AMIS101\src\Modules\AssetProcurement\Modules.AssetProcurement.Contracts\v1\AssetInspectionAcceptanceReports\AssetIARContracts.cs(36,22): warning S101: Rename record 'AssetIARDto' to match pascal case naming rules, consider using 'AssetIarDto'. (https://rules.sonarsource.com/csharp/RSPEC-101) [d:\VB\AMIS101\src\Modules\AssetProcurement\Modules.AssetProcurement.Contracts\Modules.AssetProcurement.Contracts.csproj]
d:\VB\AMIS101\src\Modules\AssetProcurement\Modules.AssetProcurement.Contracts\v1\AssetInspectionAcceptanceReports\AssetIARContracts.cs(58,22): warning S101: Rename record 'AssetIARSummaryDto' to match pascal case naming rules, consider using 'AssetIarSummaryDto'. (https://rules.sonarsource.com/csharp/RSPEC-101) [d:\VB\AMIS101\src\Modules\AssetProcurement\Modules.AssetProcurement.Contracts\Modules.AssetProcurement.Contracts.csproj]
d:\VB\AMIS101\src\Modules\AssetProcurement\Modules.AssetProcurement.Contracts\v1\AssetInspectionAcceptanceReports\AssetIARContracts.cs(73,22): warning S101: Rename record 'AssetIARLineItemRequest' to match pascal case naming rules, consider using 'AssetIarLineItemRequest'. (https://rules.sonarsource.com/csharp/RSPEC-101) [d:\VB\AMIS101\src\Modules\AssetProcurement\Modules.AssetProcurement.Contracts\Modules.AssetProcurement.Contracts.csproj]
d:\VB\AMIS101\src\Modules\AssetProcurement\Modules.AssetProcurement.Contracts\v1\AssetInspectionAcceptanceReports\AssetIARContracts.cs(85,22): warning S101: Rename record 'CreateAssetIARCommand' to match pascal case naming rules, consider using 'CreateAssetIarCommand'. (https://rules.sonarsource.com/csharp/RSPEC-101) [d:\VB\AMIS101\src\Modules\AssetProcurement\Modules.AssetProcurement.Contracts\Modules.AssetProcurement.Contracts.csproj]
d:\VB\AMIS101\src\Modules\AssetProcurement\Modules.AssetProcurement.Contracts\v1\AssetInspectionAcceptanceReports\AssetIARContracts.cs(103,22): warning S101: Rename record 'AcceptAssetIARCommand' to match pascal case naming rules, consider using 'AcceptAssetIarCommand'. (https://rules.sonarsource.com/csharp/RSPEC-101) [d:\VB\AMIS101\src\Modules\AssetProcurement\Modules.AssetProcurement.Contracts\Modules.AssetProcurement.Contracts.csproj]
d:\VB\AMIS101\src\Modules\AssetProcurement\Modules.AssetProcurement.Contracts\v1\AssetInspectionAcceptanceReports\AssetIARContracts.cs(105,22): warning S101: Rename record 'RejectAssetIARCommand' to match pascal case naming rules, consider using 'RejectAssetIarCommand'. (https://rules.sonarsource.com/csharp/RSPEC-101) [d:\VB\AMIS101\src\Modules\AssetProcurement\Modules.AssetProcurement.Contracts\Modules.AssetProcurement.Contracts.csproj]
d:\VB\AMIS101\src\Modules\AssetProcurement\Modules.AssetProcurement.Contracts\v1\AssetInspectionAcceptanceReports\AssetIARContracts.cs(111,22): warning S101: Rename record 'GetAssetIARQuery' to match pascal case naming rules, consider using 'GetAssetIarQuery'. (https://rules.sonarsource.com/csharp/RSPEC-101) [d:\VB\AMIS101\src\Modules\AssetProcurement\Modules.AssetProcurement.Contracts\Modules.AssetProcurement.Contracts.csproj]
d:\VB\AMIS101\src\Modules\AssetProcurement\Modules.AssetProcurement.Contracts\v1\AssetInspectionAcceptanceReports\AssetIARContracts.cs(128,22): warning S101: Rename record 'AssetIARAcceptedEventItem' to match pascal case naming rules, consider using 'AssetIarAcceptedEventItem'. (https://rules.sonarsource.com/csharp/RSPEC-101) [d:\VB\AMIS101\src\Modules\AssetProcurement\Modules.AssetProcurement.Contracts\Modules.AssetProcurement.Contracts.csproj]
d:\VB\AMIS101\src\Modules\AssetProcurement\Modules.AssetProcurement.Contracts\v1\AssetInspectionAcceptanceReports\AssetIARContracts.cs(94,22): warning S101: Rename record 'UpdateAssetIARCommand' to match pascal case naming rules, consider using 'UpdateAssetIarCommand'. (https://rules.sonarsource.com/csharp/RSPEC-101) [d:\VB\AMIS101\src\Modules\AssetProcurement\Modules.AssetProcurement.Contracts\Modules.AssetProcurement.Contracts.csproj]
d:\VB\AMIS101\src\Modules\AssetProcurement\Modules.AssetProcurement.Contracts\v1\AssetInspectionAcceptanceReports\AssetIARContracts.cs(139,22): warning S101: Rename record 'AssetIARAcceptedEvent' to match pascal case naming rules, consider using 'AssetIarAcceptedEvent'. (https://rules.sonarsource.com/csharp/RSPEC-101) [d:\VB\AMIS101\src\Modules\AssetProcurement\Modules.AssetProcurement.Contracts\Modules.AssetProcurement.Contracts.csproj]
  Eventing -> d:\VB\AMIS101\src\BuildingBlocks\Eventing\bin\Debug\net10.0\FSH.Framework.Eventing.dll
  Modules.AssetProcurement.Contracts -> d:\VB\AMIS101\src\Modules\AssetProcurement\Modules.AssetProcurement.Contracts\bin\Debug\net10.0\FSH.Modules.AssetProcurement.Contracts.dll
  Modules.ProcurementAcquisition.Contracts -> d:\VB\AMIS101\src\Modules\ProcurementAcquisition\Modules.ProcurementAcquisition.Contracts\bin\Debug\net10.0\FSH.Modules.ProcurementAcquisition.Contracts.dll
d:\VB\AMIS101\src\Modules\MasterData\Modules.MasterData.Contracts\v1\OrganizationProfile\OrganizationProfileContracts.cs(19,13): warning CA1054: Change the type of parameter 'LogoUrl' of method 'UpsertOrganizationProfileCommand.UpsertOrganizationProfileCommand(string, string, string, string, [string])' from 'string' to 'System.Uri', or provide an overload to 'UpsertOrganizationProfileCommand.UpsertOrganizationProfileCommand(string, string, string, string, [string])' that allows 'LogoUrl' to be passed as a 'System.Uri' object (https://learn.microsoft.com/dotnet/fundamentals/code-analysis/quality-rules/ca1054) [d:\VB\AMIS101\src\Modules\MasterData\Modules.MasterData.Contracts\Modules.MasterData.Contracts.csproj]
d:\VB\AMIS101\src\Modules\MasterData\Modules.MasterData.Contracts\v1\OrganizationProfile\OrganizationProfileContracts.cs(10,13): warning CA1054: Change the type of parameter 'LogoUrl' of method 'OrganizationProfileDto.OrganizationProfileDto(Guid, string, string, string, string, string)' from 'string' to 'System.Uri', or provide an overload to 'OrganizationProfileDto.OrganizationProfileDto(Guid, string, string, string, string, string)' that allows 'LogoUrl' to be passed as a 'System.Uri' object (https://learn.microsoft.com/dotnet/fundamentals/code-analysis/quality-rules/ca1054) [d:\VB\AMIS101\src\Modules\MasterData\Modules.MasterData.Contracts\Modules.MasterData.Contracts.csproj]
  Modules.MasterData.Contracts -> d:\VB\AMIS101\src\Modules\MasterData\Modules.MasterData.Contracts\bin\Debug\net10.0\FSH.Modules.MasterData.Contracts.dll
d:\VB\AMIS101\src\BuildingBlocks\Jobs\HangfireCustomBasicAuthenticationFilter.cs(60,9): warning CA1873: Evaluation of this argument may be expensive and unnecessary if logging is disabled (https://learn.microsoft.com/dotnet/fundamentals/code-analysis/quality-rules/ca1873) [d:\VB\AMIS101\src\BuildingBlocks\Jobs\Jobs.csproj]
d:\VB\AMIS101\src\BuildingBlocks\Persistence\Inteceptors\DomainEventsInterceptor.cs(73,9): warning CA1873: Evaluation of this argument may be expensive and unnecessary if logging is disabled (https://learn.microsoft.com/dotnet/fundamentals/code-analysis/quality-rules/ca1873) [d:\VB\AMIS101\src\BuildingBlocks\Persistence\Persistence.csproj]
d:\VB\AMIS101\src\BuildingBlocks\Persistence\DatabaseOptionsStartupLogger.cs(37,9): warning CA1873: Evaluation of this argument may be expensive and unnecessary if logging is disabled (https://learn.microsoft.com/dotnet/fundamentals/code-analysis/quality-rules/ca1873) [d:\VB\AMIS101\src\BuildingBlocks\Persistence\Persistence.csproj]
  Persistence -> d:\VB\AMIS101\src\BuildingBlocks\Persistence\bin\Debug\net10.0\FSH.Framework.Persistence.dll
  Jobs -> d:\VB\AMIS101\src\BuildingBlocks\Jobs\bin\Debug\net10.0\FSH.Framework.Jobs.dll
  Modules.Identity.Contracts -> d:\VB\AMIS101\src\Modules\Identity\Modules.Identity.Contracts\bin\Debug\net10.0\FSH.Modules.Identity.Contracts.dll
  Modules.Vehicle.Contracts -> d:\VB\AMIS101\src\Modules\Vehicle\Modules.Vehicle.Contracts\bin\Debug\net10.0\FSH.Modules.Vehicle.Contracts.dll
  Storage -> D:\VB\AMIS101\src\BuildingBlocks\Storage\bin\Debug\net10.0\FSH.Framework.Storage.dll
  Modules.Finance.Contracts -> d:\VB\AMIS101\src\Modules\Finance\Modules.Finance.Contracts\bin\Debug\net10.0\FSH.Modules.Finance.Contracts.dll
  Modules.AssetManagement.Contracts -> d:\VB\AMIS101\src\Modules\AssetManagement\Modules.AssetManagement.Contracts\bin\Debug\net10.0\FSH.Modules.AssetManagement.Contracts.dll
  Modules.Multitenancy.Contracts -> d:\VB\AMIS101\src\Modules\Multitenancy\Modules.Multitenancy.Contracts\bin\Debug\net10.0\FSH.Modules.Multitenancy.Contracts.dll
  Modules.ProcurementPlanning.Contracts -> d:\VB\AMIS101\src\Modules\ProcurementPlanning\Modules.ProcurementPlanning.Contracts\bin\Debug\net10.0\FSH.Modules.ProcurementPlanning.Contracts.dll
  Modules.Auditing.Contracts -> d:\VB\AMIS101\src\Modules\Auditing\Modules.Auditing.Contracts\bin\Debug\net10.0\FSH.Modules.Auditing.Contracts.dll
  Web -> d:\VB\AMIS101\src\BuildingBlocks\Web\bin\Debug\net10.0\FSH.Framework.Web.dll
d:\VB\AMIS101\src\Modules\Expendable\Modules.Expendable.Contracts\v1\Products\ProductContracts.cs(20,13): warning CA1054: Change the type of parameter 'ImageUrl' of method 'ProductDto.ProductDto(Guid, string, string, string, decimal, string, int, int, Guid?, string, string, string, string, string, DateTimeOffset, string, DateTimeOffset?, string)' from 'string' to 'System.Uri', or provide an overload to 'ProductDto.ProductDto(Guid, string, string, string, decimal, string, int, int, Guid?, string, string, string, string, string, DateTimeOffset, string, DateTimeOffset?, string)' that allows 'ImageUrl' to be passed as a 'System.Uri' object (https://learn.microsoft.com/dotnet/fundamentals/code-analysis/quality-rules/ca1054) [d:\VB\AMIS101\src\Modules\Expendable\Modules.Expendable.Contracts\Modules.Expendable.Contracts.csproj]
d:\VB\AMIS101\src\Modules\Expendable\Modules.Expendable.Contracts\v1\Products\ProductContracts.cs(36,13): warning CA1054: Change the type of parameter 'ImageUrl' of method 'ProductCatalogCardDto.ProductCatalogCardDto(Guid, string, string, decimal, string, int, bool, string, string, string, Guid?, string)' from 'string' to 'System.Uri', or provide an overload to 'ProductCatalogCardDto.ProductCatalogCardDto(Guid, string, string, decimal, string, int, bool, string, string, string, Guid?, string)' that allows 'ImageUrl' to be passed as a 'System.Uri' object (https://learn.microsoft.com/dotnet/fundamentals/code-analysis/quality-rules/ca1054) [d:\VB\AMIS101\src\Modules\Expendable\Modules.Expendable.Contracts\Modules.Expendable.Contracts.csproj]
d:\VB\AMIS101\src\Modules\Expendable\Modules.Expendable.Contracts\v1\Products\ProductContracts.cs(64,13): warning CA1054: Change the type of parameter 'ImageUrl' of method 'UpdateProductCommand.UpdateProductCommand(Guid, string, string, decimal, int, int, [string], [string], [string], [string])' from 'string' to 'System.Uri', or provide an overload to 'UpdateProductCommand.UpdateProductCommand(Guid, string, string, decimal, int, int, [string], [string], [string], [string])' that allows 'ImageUrl' to be passed as a 'System.Uri' object (https://learn.microsoft.com/dotnet/fundamentals/code-analysis/quality-rules/ca1054) [d:\VB\AMIS101\src\Modules\Expendable\Modules.Expendable.Contracts\Modules.Expendable.Contracts.csproj]
d:\VB\AMIS101\src\Modules\Expendable\Modules.Expendable.Contracts\v1\Products\ProductContracts.cs(52,13): warning CA1054: Change the type of parameter 'ImageUrl' of method 'CreateProductCommand.CreateProductCommand(string, string, string, decimal, string, int, int, [Guid?], [string], [string], [string], [string])' from 'string' to 'System.Uri', or provide an overload to 'CreateProductCommand.CreateProductCommand(string, string, string, decimal, string, int, int, [Guid?], [string], [string], [string], [string])' that allows 'ImageUrl' to be passed as a 'System.Uri' object (https://learn.microsoft.com/dotnet/fundamentals/code-analysis/quality-rules/ca1054) [d:\VB\AMIS101\src\Modules\Expendable\Modules.Expendable.Contracts\Modules.Expendable.Contracts.csproj]
  Modules.Expendable.Contracts -> d:\VB\AMIS101\src\Modules\Expendable\Modules.Expendable.Contracts\bin\Debug\net10.0\FSH.Modules.Expendable.Contracts.dll
d:\VB\AMIS101\src\Modules\ProcurementPlanning\Modules.ProcurementPlanning\Provisioning\ProcurementPlanningDbInitializerHostedService.cs(43,30): warning S2139: Either log this exception and handle it, or rethrow it with some contextual information. (https://rules.sonarsource.com/csharp/RSPEC-2139) [d:\VB\AMIS101\src\Modules\ProcurementPlanning\Modules.ProcurementPlanning\Modules.ProcurementPlanning.csproj]
d:\VB\AMIS101\src\Modules\ProcurementPlanning\Modules.ProcurementPlanning\Provisioning\ProcurementPlanningDbInitializerHostedService.cs(41,17): warning CA1873: Evaluation of this argument may be expensive and unnecessary if logging is disabled (https://learn.microsoft.com/dotnet/fundamentals/code-analysis/quality-rules/ca1873) [d:\VB\AMIS101\src\Modules\ProcurementPlanning\Modules.ProcurementPlanning\Modules.ProcurementPlanning.csproj]
d:\VB\AMIS101\src\Modules\Multitenancy\Modules.Multitenancy\Services\TenantThemeService.cs(104,9): warning CA1873: Evaluation of this argument may be expensive and unnecessary if logging is disabled (https://learn.microsoft.com/dotnet/fundamentals/code-analysis/quality-rules/ca1873) [d:\VB\AMIS101\src\Modules\Multitenancy\Modules.Multitenancy\Modules.Multitenancy.csproj]
d:\VB\AMIS101\src\Modules\Multitenancy\Modules.Multitenancy\Services\TenantThemeService.cs(175,9): warning CA1873: Evaluation of this argument may be expensive and unnecessary if logging is disabled (https://learn.microsoft.com/dotnet/fundamentals/code-analysis/quality-rules/ca1873) [d:\VB\AMIS101\src\Modules\Multitenancy\Modules.Multitenancy\Modules.Multitenancy.csproj]
d:\VB\AMIS101\src\Modules\ProcurementPlanning\Modules.ProcurementPlanning\Data\ProcurementPlanningDbInitializer.cs(16,13): warning CA1873: Evaluation of this argument may be expensive and unnecessary if logging is disabled (https://learn.microsoft.com/dotnet/fundamentals/code-analysis/quality-rules/ca1873) [d:\VB\AMIS101\src\Modules\ProcurementPlanning\Modules.ProcurementPlanning\Modules.ProcurementPlanning.csproj]
d:\VB\AMIS101\src\Modules\Multitenancy\Modules.Multitenancy\Services\TenantThemeService.cs(215,9): warning CA1873: Evaluation of this argument may be expensive and unnecessary if logging is disabled (https://learn.microsoft.com/dotnet/fundamentals/code-analysis/quality-rules/ca1873) [d:\VB\AMIS101\src\Modules\Multitenancy\Modules.Multitenancy\Modules.Multitenancy.csproj]
d:\VB\AMIS101\src\Modules\ProcurementPlanning\Modules.ProcurementPlanning\Data\ProcurementPlanningDbInitializer.cs(22,9): warning CA1873: Evaluation of this argument may be expensive and unnecessary if logging is disabled (https://learn.microsoft.com/dotnet/fundamentals/code-analysis/quality-rules/ca1873) [d:\VB\AMIS101\src\Modules\ProcurementPlanning\Modules.ProcurementPlanning\Modules.ProcurementPlanning.csproj]
d:\VB\AMIS101\src\Modules\Multitenancy\Modules.Multitenancy\Provisioning\TenantProvisioningJob.cs(82,13): warning CA1873: Evaluation of this argument may be expensive and unnecessary if logging is disabled (https://learn.microsoft.com/dotnet/fundamentals/code-analysis/quality-rules/ca1873) [d:\VB\AMIS101\src\Modules\Multitenancy\Modules.Multitenancy\Modules.Multitenancy.csproj]
d:\VB\AMIS101\src\Modules\Multitenancy\Modules.Multitenancy\Provisioning\TenantAutoProvisioningHostedService.cs(85,17): warning CA1873: Evaluation of this argument may be expensive and unnecessary if logging is disabled (https://learn.microsoft.com/dotnet/fundamentals/code-analysis/quality-rules/ca1873) [d:\VB\AMIS101\src\Modules\Multitenancy\Modules.Multitenancy\Modules.Multitenancy.csproj]
d:\VB\AMIS101\src\Modules\Multitenancy\Modules.Multitenancy\Provisioning\TenantAutoProvisioningHostedService.cs(100,17): warning CA1873: Evaluation of this argument may be expensive and unnecessary if logging is disabled (https://learn.microsoft.com/dotnet/fundamentals/code-analysis/quality-rules/ca1873) [d:\VB\AMIS101\src\Modules\Multitenancy\Modules.Multitenancy\Modules.Multitenancy.csproj]
d:\VB\AMIS101\src\Modules\Multitenancy\Modules.Multitenancy\Provisioning\TenantAutoProvisioningHostedService.cs(105,13): warning CA1873: Evaluation of this argument may be expensive and unnecessary if logging is disabled (https://learn.microsoft.com/dotnet/fundamentals/code-analysis/quality-rules/ca1873) [d:\VB\AMIS101\src\Modules\Multitenancy\Modules.Multitenancy\Modules.Multitenancy.csproj]
d:\VB\AMIS101\src\Modules\AssetProcurement\Modules.AssetProcurement\Data\Configurations\AssetIARConfiguration.cs(7,23): warning S101: Rename class 'AssetIARConfiguration' to match pascal case naming rules, consider using 'AssetIarConfiguration'. (https://rules.sonarsource.com/csharp/RSPEC-101) [d:\VB\AMIS101\src\Modules\AssetProcurement\Modules.AssetProcurement\Modules.AssetProcurement.csproj]
d:\VB\AMIS101\src\Modules\AssetProcurement\Modules.AssetProcurement\Domain\AssetInspectionAcceptanceReports\AssetInspectionAcceptanceReport.cs(6,21): warning S101: Rename class 'AssetIARLineItem' to match pascal case naming rules, consider using 'AssetIarLineItem'. (https://rules.sonarsource.com/csharp/RSPEC-101) [d:\VB\AMIS101\src\Modules\AssetProcurement\Modules.AssetProcurement\Modules.AssetProcurement.csproj]
d:\VB\AMIS101\src\Modules\AssetProcurement\Modules.AssetProcurement\Features\v1\AssetIARs\AcceptAssetIAR\AcceptAssetIARCommandHandler.cs(10,21): warning S101: Rename class 'AcceptAssetIARCommandHandler' to match pascal case naming rules, consider using 'AcceptAssetIarCommandHandler'. (https://rules.sonarsource.com/csharp/RSPEC-101) [d:\VB\AMIS101\src\Modules\AssetProcurement\Modules.AssetProcurement\Modules.AssetProcurement.csproj]
d:\VB\AMIS101\src\Modules\AssetProcurement\Modules.AssetProcurement\Features\v1\AssetIARs\AcceptAssetIAR\AcceptAssetIAREndpoint.cs(10,21): warning S101: Rename class 'AcceptAssetIAREndpoint' to match pascal case naming rules, consider using 'AcceptAssetIarEndpoint'. (https://rules.sonarsource.com/csharp/RSPEC-101) [d:\VB\AMIS101\src\Modules\AssetProcurement\Modules.AssetProcurement\Modules.AssetProcurement.csproj]
d:\VB\AMIS101\src\Modules\AssetProcurement\Modules.AssetProcurement\Features\v1\AssetIARs\CreateAssetIAR\CreateAssetIARCommandHandler.cs(10,21): warning S101: Rename class 'CreateAssetIARCommandHandler' to match pascal case naming rules, consider using 'CreateAssetIarCommandHandler'. (https://rules.sonarsource.com/csharp/RSPEC-101) [d:\VB\AMIS101\src\Modules\AssetProcurement\Modules.AssetProcurement\Modules.AssetProcurement.csproj]
d:\VB\AMIS101\src\Modules\AssetProcurement\Modules.AssetProcurement\Features\v1\AssetIARs\CreateAssetIAR\CreateAssetIARCommandValidator.cs(6,21): warning S101: Rename class 'CreateAssetIARCommandValidator' to match pascal case naming rules, consider using 'CreateAssetIarCommandValidator'. (https://rules.sonarsource.com/csharp/RSPEC-101) [d:\VB\AMIS101\src\Modules\AssetProcurement\Modules.AssetProcurement\Modules.AssetProcurement.csproj]
d:\VB\AMIS101\src\Modules\AssetProcurement\Modules.AssetProcurement\Features\v1\AssetIARs\CreateAssetIAR\CreateAssetIAREndpoint.cs(10,21): warning S101: Rename class 'CreateAssetIAREndpoint' to match pascal case naming rules, consider using 'CreateAssetIarEndpoint'. (https://rules.sonarsource.com/csharp/RSPEC-101) [d:\VB\AMIS101\src\Modules\AssetProcurement\Modules.AssetProcurement\Modules.AssetProcurement.csproj]
d:\VB\AMIS101\src\Modules\AssetProcurement\Modules.AssetProcurement\Features\v1\AssetIARs\GetAssetIAR\GetAssetIAREndpoint.cs(10,21): warning S101: Rename class 'GetAssetIAREndpoint' to match pascal case naming rules, consider using 'GetAssetIarEndpoint'. (https://rules.sonarsource.com/csharp/RSPEC-101) [d:\VB\AMIS101\src\Modules\AssetProcurement\Modules.AssetProcurement\Modules.AssetProcurement.csproj]
d:\VB\AMIS101\src\Modules\AssetProcurement\Modules.AssetProcurement\Features\v1\AssetIARs\GetAssetIAR\GetAssetIARQueryHandler.cs(9,21): warning S101: Rename class 'GetAssetIARQueryHandler' to match pascal case naming rules, consider using 'GetAssetIarQueryHandler'. (https://rules.sonarsource.com/csharp/RSPEC-101) [d:\VB\AMIS101\src\Modules\AssetProcurement\Modules.AssetProcurement\Modules.AssetProcurement.csproj]
d:\VB\AMIS101\src\Modules\AssetProcurement\Modules.AssetProcurement\Features\v1\AssetIARs\RejectAssetIAR\RejectAssetIARCommandHandler.cs(9,21): warning S101: Rename class 'RejectAssetIARCommandHandler' to match pascal case naming rules, consider using 'RejectAssetIarCommandHandler'. (https://rules.sonarsource.com/csharp/RSPEC-101) [d:\VB\AMIS101\src\Modules\AssetProcurement\Modules.AssetProcurement\Modules.AssetProcurement.csproj]
d:\VB\AMIS101\src\Modules\AssetProcurement\Modules.AssetProcurement\Features\v1\AssetIARs\RejectAssetIAR\RejectAssetIAREndpoint.cs(10,21): warning S101: Rename class 'RejectAssetIAREndpoint' to match pascal case naming rules, consider using 'RejectAssetIarEndpoint'. (https://rules.sonarsource.com/csharp/RSPEC-101) [d:\VB\AMIS101\src\Modules\AssetProcurement\Modules.AssetProcurement\Modules.AssetProcurement.csproj]
d:\VB\AMIS101\src\Modules\AssetProcurement\Modules.AssetProcurement\Features\v1\AssetIARs\UpdateAssetIAR\UpdateAssetIARCommandHandler.cs(9,21): warning S101: Rename class 'UpdateAssetIARCommandHandler' to match pascal case naming rules, consider using 'UpdateAssetIarCommandHandler'. (https://rules.sonarsource.com/csharp/RSPEC-101) [d:\VB\AMIS101\src\Modules\AssetProcurement\Modules.AssetProcurement\Modules.AssetProcurement.csproj]
d:\VB\AMIS101\src\Modules\AssetProcurement\Modules.AssetProcurement\Features\v1\AssetIARs\UpdateAssetIAR\UpdateAssetIAREndpoint.cs(10,21): warning S101: Rename class 'UpdateAssetIAREndpoint' to match pascal case naming rules, consider using 'UpdateAssetIarEndpoint'. (https://rules.sonarsource.com/csharp/RSPEC-101) [d:\VB\AMIS101\src\Modules\AssetProcurement\Modules.AssetProcurement\Modules.AssetProcurement.csproj]
  Modules.Multitenancy -> d:\VB\AMIS101\src\Modules\Multitenancy\Modules.Multitenancy\bin\Debug\net10.0\FSH.Modules.Multitenancy.dll
d:\VB\AMIS101\src\Modules\AssetProcurement\Modules.AssetProcurement\Provisioning\AssetProcurementDbInitializerHostedService.cs(46,30): warning S2139: Either log this exception and handle it, or rethrow it with some contextual information. (https://rules.sonarsource.com/csharp/RSPEC-2139) [d:\VB\AMIS101\src\Modules\AssetProcurement\Modules.AssetProcurement\Modules.AssetProcurement.csproj]
d:\VB\AMIS101\src\Modules\AssetProcurement\Modules.AssetProcurement\Provisioning\AssetProcurementDbInitializerHostedService.cs(44,17): warning CA1873: Evaluation of this argument may be expensive and unnecessary if logging is disabled (https://learn.microsoft.com/dotnet/fundamentals/code-analysis/quality-rules/ca1873) [d:\VB\AMIS101\src\Modules\AssetProcurement\Modules.AssetProcurement\Modules.AssetProcurement.csproj]
d:\VB\AMIS101\src\Modules\AssetProcurement\Modules.AssetProcurement\Data\AssetProcurementDbInitializer.cs(16,13): warning CA1873: Evaluation of this argument may be expensive and unnecessary if logging is disabled (https://learn.microsoft.com/dotnet/fundamentals/code-analysis/quality-rules/ca1873) [d:\VB\AMIS101\src\Modules\AssetProcurement\Modules.AssetProcurement\Modules.AssetProcurement.csproj]
d:\VB\AMIS101\src\Modules\AssetProcurement\Modules.AssetProcurement\Data\AssetProcurementDbInitializer.cs(22,9): warning CA1873: Evaluation of this argument may be expensive and unnecessary if logging is disabled (https://learn.microsoft.com/dotnet/fundamentals/code-analysis/quality-rules/ca1873) [d:\VB\AMIS101\src\Modules\AssetProcurement\Modules.AssetProcurement\Modules.AssetProcurement.csproj]
d:\VB\AMIS101\src\Modules\ProcurementAcquisition\Modules.ProcurementAcquisition\Features\v1\PurchaseRequests\CreatePurchaseRequest\CreatePurchaseRequestCommand.cs(4,1): warning S3261: Remove this empty namespace. (https://rules.sonarsource.com/csharp/RSPEC-3261) [d:\VB\AMIS101\src\Modules\ProcurementAcquisition\Modules.ProcurementAcquisition\Modules.ProcurementAcquisition.csproj]
d:\VB\AMIS101\src\Modules\ProcurementAcquisition\Modules.ProcurementAcquisition\Provisioning\ProcurementDbInitializerHostedService.cs(47,30): warning S2139: Either log this exception and handle it, or rethrow it with some contextual information. (https://rules.sonarsource.com/csharp/RSPEC-2139) [d:\VB\AMIS101\src\Modules\ProcurementAcquisition\Modules.ProcurementAcquisition\Modules.ProcurementAcquisition.csproj]
d:\VB\AMIS101\src\Modules\ProcurementAcquisition\Modules.ProcurementAcquisition\Provisioning\ProcurementDbInitializerHostedService.cs(45,17): warning CA1873: Evaluation of this argument may be expensive and unnecessary if logging is disabled (https://learn.microsoft.com/dotnet/fundamentals/code-analysis/quality-rules/ca1873) [d:\VB\AMIS101\src\Modules\ProcurementAcquisition\Modules.ProcurementAcquisition\Modules.ProcurementAcquisition.csproj]
d:\VB\AMIS101\src\Modules\ProcurementAcquisition\Modules.ProcurementAcquisition\Data\ProcurementDbInitializer.cs(22,9): warning CA1873: Evaluation of this argument may be expensive and unnecessary if logging is disabled (https://learn.microsoft.com/dotnet/fundamentals/code-analysis/quality-rules/ca1873) [d:\VB\AMIS101\src\Modules\ProcurementAcquisition\Modules.ProcurementAcquisition\Modules.ProcurementAcquisition.csproj]
d:\VB\AMIS101\src\Modules\ProcurementAcquisition\Modules.ProcurementAcquisition\Data\ProcurementDbInitializer.cs(16,13): warning CA1873: Evaluation of this argument may be expensive and unnecessary if logging is disabled (https://learn.microsoft.com/dotnet/fundamentals/code-analysis/quality-rules/ca1873) [d:\VB\AMIS101\src\Modules\ProcurementAcquisition\Modules.ProcurementAcquisition\Modules.ProcurementAcquisition.csproj]
d:\VB\AMIS101\src\Modules\Identity\Modules.Identity\Services\UserProfileService.cs(82,73): warning CS8604: Possible null reference argument for parameter 'request' in 'Task<string> IStorageService.UploadAsync<FshUser>(FileUploadRequest request, FileType fileType, CancellationToken cancellationToken = default(CancellationToken))'. [d:\VB\AMIS101\src\Modules\Identity\Modules.Identity\Modules.Identity.csproj]
d:\VB\AMIS101\src\Modules\Identity\Modules.Identity\Services\TokenService.cs(52,9): warning CA1873: Evaluation of this argument may be expensive and unnecessary if logging is disabled (https://learn.microsoft.com/dotnet/fundamentals/code-analysis/quality-rules/ca1873) [d:\VB\AMIS101\src\Modules\Identity\Modules.Identity\Modules.Identity.csproj]
d:\VB\AMIS101\src\Modules\Identity\Modules.Identity\Services\SessionService.cs(70,9): warning CA1873: Evaluation of this argument may be expensive and unnecessary if logging is disabled (https://learn.microsoft.com/dotnet/fundamentals/code-analysis/quality-rules/ca1873) [d:\VB\AMIS101\src\Modules\Identity\Modules.Identity\Modules.Identity.csproj]
d:\VB\AMIS101\src\Modules\Identity\Modules.Identity\Services\SessionService.cs(191,9): warning CA1873: Evaluation of this argument may be expensive and unnecessary if logging is disabled (https://learn.microsoft.com/dotnet/fundamentals/code-analysis/quality-rules/ca1873) [d:\VB\AMIS101\src\Modules\Identity\Modules.Identity\Modules.Identity.csproj]
d:\VB\AMIS101\src\Modules\Identity\Modules.Identity\Services\SessionService.cs(153,9): warning CA1873: Evaluation of this argument may be expensive and unnecessary if logging is disabled (https://learn.microsoft.com/dotnet/fundamentals/code-analysis/quality-rules/ca1873) [d:\VB\AMIS101\src\Modules\Identity\Modules.Identity\Modules.Identity.csproj]
d:\VB\AMIS101\src\Modules\Identity\Modules.Identity\Services\SessionService.cs(216,9): warning CA1873: Evaluation of this argument may be expensive and unnecessary if logging is disabled (https://learn.microsoft.com/dotnet/fundamentals/code-analysis/quality-rules/ca1873) [d:\VB\AMIS101\src\Modules\Identity\Modules.Identity\Modules.Identity.csproj]
d:\VB\AMIS101\src\Modules\Identity\Modules.Identity\Services\SessionService.cs(243,9): warning CA1873: Evaluation of this argument may be expensive and unnecessary if logging is disabled (https://learn.microsoft.com/dotnet/fundamentals/code-analysis/quality-rules/ca1873) [d:\VB\AMIS101\src\Modules\Identity\Modules.Identity\Modules.Identity.csproj]
d:\VB\AMIS101\src\Modules\Identity\Modules.Identity\Services\SessionService.cs(280,13): warning CA1873: Evaluation of this argument may be expensive and unnecessary if logging is disabled (https://learn.microsoft.com/dotnet/fundamentals/code-analysis/quality-rules/ca1873) [d:\VB\AMIS101\src\Modules\Identity\Modules.Identity\Modules.Identity.csproj]
d:\VB\AMIS101\src\Modules\Identity\Modules.Identity\Services\SessionService.cs(327,13): warning CA1873: Evaluation of this argument may be expensive and unnecessary if logging is disabled (https://learn.microsoft.com/dotnet/fundamentals/code-analysis/quality-rules/ca1873) [d:\VB\AMIS101\src\Modules\Identity\Modules.Identity\Modules.Identity.csproj]
d:\VB\AMIS101\src\Modules\Identity\Modules.Identity\Services\SessionCleanupHostedService.cs(67,13): warning CA1873: Evaluation of this argument may be expensive and unnecessary if logging is disabled (https://learn.microsoft.com/dotnet/fundamentals/code-analysis/quality-rules/ca1873) [d:\VB\AMIS101\src\Modules\Identity\Modules.Identity\Modules.Identity.csproj]
d:\VB\AMIS101\src\Modules\Identity\Modules.Identity\Services\IdentityService.cs(83,13): warning CA1873: Evaluation of this argument may be expensive and unnecessary if logging is disabled (https://learn.microsoft.com/dotnet/fundamentals/code-analysis/quality-rules/ca1873) [d:\VB\AMIS101\src\Modules\Identity\Modules.Identity\Modules.Identity.csproj]
d:\VB\AMIS101\src\Modules\Identity\Modules.Identity\Services\IdentityService.cs(147,9): warning CA1873: Evaluation of this argument may be expensive and unnecessary if logging is disabled (https://learn.microsoft.com/dotnet/fundamentals/code-analysis/quality-rules/ca1873) [d:\VB\AMIS101\src\Modules\Identity\Modules.Identity\Modules.Identity.csproj]
d:\VB\AMIS101\src\Modules\Identity\Modules.Identity\Services\IdentityService.cs(156,13): warning CA1873: Evaluation of this argument may be expensive and unnecessary if logging is disabled (https://learn.microsoft.com/dotnet/fundamentals/code-analysis/quality-rules/ca1873) [d:\VB\AMIS101\src\Modules\Identity\Modules.Identity\Modules.Identity.csproj]
d:\VB\AMIS101\src\Modules\Identity\Modules.Identity\Services\IdentityService.cs(106,9): warning CA1873: Evaluation of this argument may be expensive and unnecessary if logging is disabled (https://learn.microsoft.com/dotnet/fundamentals/code-analysis/quality-rules/ca1873) [d:\VB\AMIS101\src\Modules\Identity\Modules.Identity\Modules.Identity.csproj]
d:\VB\AMIS101\src\Modules\Identity\Modules.Identity\Events\TokenGeneratedLogHandler.cs(25,9): warning CA1873: Evaluation of this argument may be expensive and unnecessary if logging is disabled (https://learn.microsoft.com/dotnet/fundamentals/code-analysis/quality-rules/ca1873) [d:\VB\AMIS101\src\Modules\Identity\Modules.Identity\Modules.Identity.csproj]
d:\VB\AMIS101\src\Modules\Identity\Modules.Identity\Data\IdentityDbInitializer.cs(28,13): warning CA1873: Evaluation of this argument may be expensive and unnecessary if logging is disabled (https://learn.microsoft.com/dotnet/fundamentals/code-analysis/quality-rules/ca1873) [d:\VB\AMIS101\src\Modules\Identity\Modules.Identity\Modules.Identity.csproj]
d:\VB\AMIS101\src\Modules\Identity\Modules.Identity\Data\IdentityDbInitializer.cs(87,13): warning CA1873: Evaluation of this argument may be expensive and unnecessary if logging is disabled (https://learn.microsoft.com/dotnet/fundamentals/code-analysis/quality-rules/ca1873) [d:\VB\AMIS101\src\Modules\Identity\Modules.Identity\Modules.Identity.csproj]
d:\VB\AMIS101\src\Modules\Identity\Modules.Identity\Data\IdentityDbInitializer.cs(122,13): warning CA1873: Evaluation of this argument may be expensive and unnecessary if logging is disabled (https://learn.microsoft.com/dotnet/fundamentals/code-analysis/quality-rules/ca1873) [d:\VB\AMIS101\src\Modules\Identity\Modules.Identity\Modules.Identity.csproj]
d:\VB\AMIS101\src\Modules\Identity\Modules.Identity\Data\IdentityDbInitializer.cs(140,13): warning CA1873: Evaluation of this argument may be expensive and unnecessary if logging is disabled (https://learn.microsoft.com/dotnet/fundamentals/code-analysis/quality-rules/ca1873) [d:\VB\AMIS101\src\Modules\Identity\Modules.Identity\Modules.Identity.csproj]
d:\VB\AMIS101\src\Modules\Identity\Modules.Identity\Data\IdentityDbInitializer.cs(157,17): warning CA1873: Evaluation of this argument may be expensive and unnecessary if logging is disabled (https://learn.microsoft.com/dotnet/fundamentals/code-analysis/quality-rules/ca1873) [d:\VB\AMIS101\src\Modules\Identity\Modules.Identity\Modules.Identity.csproj]
d:\VB\AMIS101\src\Modules\Identity\Modules.Identity\Data\IdentityDbInitializer.cs(187,13): warning CA1873: Evaluation of this argument may be expensive and unnecessary if logging is disabled (https://learn.microsoft.com/dotnet/fundamentals/code-analysis/quality-rules/ca1873) [d:\VB\AMIS101\src\Modules\Identity\Modules.Identity\Modules.Identity.csproj]
d:\VB\AMIS101\src\Modules\Identity\Modules.Identity\Data\IdentityDbInitializer.cs(196,13): warning CA1873: Evaluation of this argument may be expensive and unnecessary if logging is disabled (https://learn.microsoft.com/dotnet/fundamentals/code-analysis/quality-rules/ca1873) [d:\VB\AMIS101\src\Modules\Identity\Modules.Identity\Modules.Identity.csproj]
d:\VB\AMIS101\src\Modules\Auditing\Modules.Auditing\Persistence\AuditDbInitializer.cs(16,13): warning CA1873: Evaluation of this argument may be expensive and unnecessary if logging is disabled (https://learn.microsoft.com/dotnet/fundamentals/code-analysis/quality-rules/ca1873) [d:\VB\AMIS101\src\Modules\Auditing\Modules.Auditing\Modules.Auditing.csproj]
d:\VB\AMIS101\src\Modules\Auditing\Modules.Auditing\Persistence\SqlAuditSink.cs(70,13): warning CA1873: Evaluation of this argument may be expensive and unnecessary if logging is disabled (https://learn.microsoft.com/dotnet/fundamentals/code-analysis/quality-rules/ca1873) [d:\VB\AMIS101\src\Modules\Auditing\Modules.Auditing\Modules.Auditing.csproj]
  Modules.Auditing -> d:\VB\AMIS101\src\Modules\Auditing\Modules.Auditing\bin\Debug\net10.0\FSH.Modules.Auditing.dll
d:\VB\AMIS101\src\Modules\AssetManagement\Modules.AssetManagement\Domain\PropertyItemCatalog.cs(8,56): warning CS1574: XML comment has cref attribute 'CapitalizationThreshold' that could not be resolved [d:\VB\AMIS101\src\Modules\AssetManagement\Modules.AssetManagement\Modules.AssetManagement.csproj]
d:\VB\AMIS101\src\Modules\AssetManagement\Modules.AssetManagement\Domain\PropertyItemCatalog.cs(10,57): warning CS1574: XML comment has cref attribute 'SemiExpendableProperty' that could not be resolved [d:\VB\AMIS101\src\Modules\AssetManagement\Modules.AssetManagement\Modules.AssetManagement.csproj]
d:\VB\AMIS101\src\Modules\AssetManagement\Modules.AssetManagement\Domain\PropertyItemCatalog.cs(11,16): warning CS1574: XML comment has cref attribute 'PPEItem' that could not be resolved [d:\VB\AMIS101\src\Modules\AssetManagement\Modules.AssetManagement\Modules.AssetManagement.csproj]
d:\VB\AMIS101\src\Modules\AssetManagement\Modules.AssetManagement\Domain\ReclassificationRecord.cs(9,16): warning CS1574: XML comment has cref attribute 'SemiExpendableProperty' that could not be resolved [d:\VB\AMIS101\src\Modules\AssetManagement\Modules.AssetManagement\Modules.AssetManagement.csproj]
d:\VB\AMIS101\src\Modules\AssetManagement\Modules.AssetManagement\Domain\ReclassificationRecord.cs(9,67): warning CS1574: XML comment has cref attribute 'Category' that could not be resolved [d:\VB\AMIS101\src\Modules\AssetManagement\Modules.AssetManagement\Modules.AssetManagement.csproj]
d:\VB\AMIS101\src\Modules\AssetManagement\Modules.AssetManagement\Features\v1\PhysicalCount\GetRPCPPE\GetRPCPPEQuery.cs(26,5): warning CS1587: XML comment is not placed on a valid language element [d:\VB\AMIS101\src\Modules\AssetManagement\Modules.AssetManagement\Modules.AssetManagement.csproj]
d:\VB\AMIS101\src\Modules\AssetManagement\Modules.AssetManagement\Features\v1\PhysicalCount\GetRPCPPE\GetRPCPPEQuery.cs(28,5): warning CS1587: XML comment is not placed on a valid language element [d:\VB\AMIS101\src\Modules\AssetManagement\Modules.AssetManagement\Modules.AssetManagement.csproj]
d:\VB\AMIS101\src\Modules\AssetManagement\Modules.AssetManagement\Features\v1\PhysicalCount\GetRPCPPE\GetRPCPPEQuery.cs(30,5): warning CS1587: XML comment is not placed on a valid language element [d:\VB\AMIS101\src\Modules\AssetManagement\Modules.AssetManagement\Modules.AssetManagement.csproj]
d:\VB\AMIS101\src\Modules\AssetManagement\Modules.AssetManagement\Features\v1\PhysicalCount\GetRPCPPE\GetRPCPPEQuery.cs(33,5): warning CS1587: XML comment is not placed on a valid language element [d:\VB\AMIS101\src\Modules\AssetManagement\Modules.AssetManagement\Modules.AssetManagement.csproj]
d:\VB\AMIS101\src\Modules\AssetManagement\Modules.AssetManagement\Features\v1\PhysicalCount\GetRPCPPE\GetRPCPPEQuery.cs(35,5): warning CS1587: XML comment is not placed on a valid language element [d:\VB\AMIS101\src\Modules\AssetManagement\Modules.AssetManagement\Modules.AssetManagement.csproj]
d:\VB\AMIS101\src\Modules\AssetManagement\Modules.AssetManagement\Features\v1\PhysicalCount\GetRPCPPE\GetRPCPPEQuery.cs(37,5): warning CS1587: XML comment is not placed on a valid language element [d:\VB\AMIS101\src\Modules\AssetManagement\Modules.AssetManagement\Modules.AssetManagement.csproj]
d:\VB\AMIS101\src\Modules\AssetManagement\Modules.AssetManagement\Features\v1\PhysicalCount\GetRPCPPE\GetRPCPPEQuery.cs(39,5): warning CS1587: XML comment is not placed on a valid language element [d:\VB\AMIS101\src\Modules\AssetManagement\Modules.AssetManagement\Modules.AssetManagement.csproj]
d:\VB\AMIS101\src\Modules\AssetManagement\Modules.AssetManagement\Features\v1\PhysicalCount\GetRPCPPE\GetRPCPPEQuery.cs(41,5): warning CS1587: XML comment is not placed on a valid language element [d:\VB\AMIS101\src\Modules\AssetManagement\Modules.AssetManagement\Modules.AssetManagement.csproj]
d:\VB\AMIS101\src\Modules\AssetManagement\Modules.AssetManagement\Features\v1\PhysicalCount\RecordPhysicalCountEntry\RecordPhysicalCountEntryCommand.cs(13,5): warning CS1587: XML comment is not placed on a valid language element [d:\VB\AMIS101\src\Modules\AssetManagement\Modules.AssetManagement\Modules.AssetManagement.csproj]
d:\VB\AMIS101\src\Modules\AssetManagement\Modules.AssetManagement\Features\v1\PhysicalCount\RecordPhysicalCountEntry\RecordPhysicalCountEntryCommand.cs(15,5): warning CS1587: XML comment is not placed on a valid language element [d:\VB\AMIS101\src\Modules\AssetManagement\Modules.AssetManagement\Modules.AssetManagement.csproj]
d:\VB\AMIS101\src\Modules\MasterData\Modules.MasterData\Domain\EmployeeProfile.cs(27,55): warning S1144: Remove the unused private setter 'set_DefaultUnitOfMeasure'. (https://rules.sonarsource.com/csharp/RSPEC-1144) [d:\VB\AMIS101\src\Modules\MasterData\Modules.MasterData\Modules.MasterData.csproj]
d:\VB\AMIS101\src\Modules\MasterData\Modules.MasterData\Domain\OrganizationProfile.cs(12,20): warning CA1056: Change the type of property 'OrganizationProfile.LogoUrl' from 'string' to 'System.Uri' (https://learn.microsoft.com/dotnet/fundamentals/code-analysis/quality-rules/ca1056) [d:\VB\AMIS101\src\Modules\MasterData\Modules.MasterData\Modules.MasterData.csproj]
d:\VB\AMIS101\src\Modules\MasterData\Modules.MasterData\Provisioning\MasterDataDbInitializerHostedService.cs(50,30): warning S2139: Either log this exception and handle it, or rethrow it with some contextual information. (https://rules.sonarsource.com/csharp/RSPEC-2139) [d:\VB\AMIS101\src\Modules\MasterData\Modules.MasterData\Modules.MasterData.csproj]
d:\VB\AMIS101\src\Modules\MasterData\Modules.MasterData\Provisioning\MasterDataDbInitializerHostedService.cs(48,17): warning CA1873: Evaluation of this argument may be expensive and unnecessary if logging is disabled (https://learn.microsoft.com/dotnet/fundamentals/code-analysis/quality-rules/ca1873) [d:\VB\AMIS101\src\Modules\MasterData\Modules.MasterData\Modules.MasterData.csproj]
d:\VB\AMIS101\src\Modules\MasterData\Modules.MasterData\Data\MasterDataDbInitializer.cs(18,13): warning CA1873: Evaluation of this argument may be expensive and unnecessary if logging is disabled (https://learn.microsoft.com/dotnet/fundamentals/code-analysis/quality-rules/ca1873) [d:\VB\AMIS101\src\Modules\MasterData\Modules.MasterData\Modules.MasterData.csproj]
d:\VB\AMIS101\src\Modules\MasterData\Modules.MasterData\Events\LinkEmployeeOnLoginHandler.cs(85,9): warning CA1873: Evaluation of this argument may be expensive and unnecessary if logging is disabled (https://learn.microsoft.com/dotnet/fundamentals/code-analysis/quality-rules/ca1873) [d:\VB\AMIS101\src\Modules\MasterData\Modules.MasterData\Modules.MasterData.csproj]
d:\VB\AMIS101\src\Modules\MasterData\Modules.MasterData\Domain\OrganizationProfile.cs(50,17): warning CA1054: Change the type of parameter 'logoUrl' of method 'OrganizationProfile.Update(string, string, string, string, [string])' from 'string' to 'System.Uri', or provide an overload to 'OrganizationProfile.Update(string, string, string, string, [string])' that allows 'logoUrl' to be passed as a 'System.Uri' object (https://learn.microsoft.com/dotnet/fundamentals/code-analysis/quality-rules/ca1054) [d:\VB\AMIS101\src\Modules\MasterData\Modules.MasterData\Modules.MasterData.csproj]
d:\VB\AMIS101\src\Modules\MasterData\Modules.MasterData\Domain\OrganizationProfile.cs(29,17): warning CA1054: Change the type of parameter 'logoUrl' of method 'OrganizationProfile.Create(string, string, string, string, string, [string])' from 'string' to 'System.Uri', or provide an overload to 'OrganizationProfile.Create(string, string, string, string, string, [string])' that allows 'logoUrl' to be passed as a 'System.Uri' object (https://learn.microsoft.com/dotnet/fundamentals/code-analysis/quality-rules/ca1054) [d:\VB\AMIS101\src\Modules\MasterData\Modules.MasterData\Modules.MasterData.csproj]
d:\VB\AMIS101\src\Modules\MasterData\Modules.MasterData\Features\v1\Lookups\MasterDataLookupHandlers.cs(59,26): warning S2139: Either log this exception and handle it, or rethrow it with some contextual information. (https://rules.sonarsource.com/csharp/RSPEC-2139) [d:\VB\AMIS101\src\Modules\MasterData\Modules.MasterData\Modules.MasterData.csproj]
d:\VB\AMIS101\src\Modules\MasterData\Modules.MasterData\Data\MasterDataDbInitializer.cs(660,9): warning CA1873: Evaluation of this argument may be expensive and unnecessary if logging is disabled (https://learn.microsoft.com/dotnet/fundamentals/code-analysis/quality-rules/ca1873) [d:\VB\AMIS101\src\Modules\MasterData\Modules.MasterData\Modules.MasterData.csproj]
  Modules.ProcurementPlanning -> d:\VB\AMIS101\src\Modules\ProcurementPlanning\Modules.ProcurementPlanning\bin\Debug\net10.0\FSH.Modules.ProcurementPlanning.dll
  Modules.Identity -> d:\VB\AMIS101\src\Modules\Identity\Modules.Identity\bin\Debug\net10.0\FSH.Modules.Identity.dll
d:\VB\AMIS101\src\Modules\Vehicle\Modules.Vehicle\Domain\Repairs\RepairRecord.cs(6,13): warning CA1008: Add a member to RepairStatus that has a value of zero with a suggested name of 'None' (https://learn.microsoft.com/dotnet/fundamentals/code-analysis/quality-rules/ca1008) [d:\VB\AMIS101\src\Modules\Vehicle\Modules.Vehicle\Modules.Vehicle.csproj]
d:\VB\AMIS101\src\Modules\Vehicle\Modules.Vehicle\Domain\Vehicles\Vehicle.cs(23,13): warning CA1008: Add a member to VehicleStatus that has a value of zero with a suggested name of 'None' (https://learn.microsoft.com/dotnet/fundamentals/code-analysis/quality-rules/ca1008) [d:\VB\AMIS101\src\Modules\Vehicle\Modules.Vehicle\Modules.Vehicle.csproj]
d:\VB\AMIS101\src\Modules\Vehicle\Modules.Vehicle\Provisioning\VehicleDbInitializerHostedService.cs(43,30): warning S2139: Either log this exception and handle it, or rethrow it with some contextual information. (https://rules.sonarsource.com/csharp/RSPEC-2139) [d:\VB\AMIS101\src\Modules\Vehicle\Modules.Vehicle\Modules.Vehicle.csproj]
d:\VB\AMIS101\src\Modules\Vehicle\Modules.Vehicle\Provisioning\VehicleDbInitializerHostedService.cs(41,17): warning CA1873: Evaluation of this argument may be expensive and unnecessary if logging is disabled (https://learn.microsoft.com/dotnet/fundamentals/code-analysis/quality-rules/ca1873) [d:\VB\AMIS101\src\Modules\Vehicle\Modules.Vehicle\Modules.Vehicle.csproj]
d:\VB\AMIS101\src\Modules\Vehicle\Modules.Vehicle\Data\VehicleDbInitializer.cs(19,13): warning CA1873: Evaluation of this argument may be expensive and unnecessary if logging is disabled (https://learn.microsoft.com/dotnet/fundamentals/code-analysis/quality-rules/ca1873) [d:\VB\AMIS101\src\Modules\Vehicle\Modules.Vehicle\Modules.Vehicle.csproj]
d:\VB\AMIS101\src\Modules\Vehicle\Modules.Vehicle\Data\VehicleDbInitializer.cs(77,9): warning CA1873: Evaluation of this argument may be expensive and unnecessary if logging is disabled (https://learn.microsoft.com/dotnet/fundamentals/code-analysis/quality-rules/ca1873) [d:\VB\AMIS101\src\Modules\Vehicle\Modules.Vehicle\Modules.Vehicle.csproj]
d:\VB\AMIS101\src\Modules\Vehicle\Modules.Vehicle\Features\v1\Vehicles\UpdateVehicle\UpdateVehicleCommandHandler.cs(15,91): warning CA1725: In member ValueTask<VehicleDto> UpdateVehicleCommandHandler.Handle(UpdateVehicleCommand cmd, CancellationToken ct), change parameter name ct to cancellationToken in order to match the identifier as it has been declared in ValueTask<VehicleDto> ICommandHandler<UpdateVehicleCommand, VehicleDto>.Handle(UpdateVehicleCommand command, CancellationToken cancellationToken) (https://learn.microsoft.com/dotnet/fundamentals/code-analysis/quality-rules/ca1725) [d:\VB\AMIS101\src\Modules\Vehicle\Modules.Vehicle\Modules.Vehicle.csproj]
d:\VB\AMIS101\src\Modules\Vehicle\Modules.Vehicle\Features\v1\Vehicles\UpdateVehicle\UpdateVehicleCommandHandler.cs(15,91): warning S927: Rename parameter 'ct' to 'cancellationToken' to match the interface declaration. (https://rules.sonarsource.com/csharp/RSPEC-927) [d:\VB\AMIS101\src\Modules\Vehicle\Modules.Vehicle\Modules.Vehicle.csproj]
d:\VB\AMIS101\src\Modules\Vehicle\Modules.Vehicle\Features\v1\Vehicles\UpdateOdometer\UpdateOdometerCommandHandler.cs(13,86): warning CA1725: In member ValueTask<Unit> UpdateOdometerCommandHandler.Handle(UpdateOdometerCommand cmd, CancellationToken ct), change parameter name ct to cancellationToken in order to match the identifier as it has been declared in ValueTask<Unit> ICommandHandler<UpdateOdometerCommand, Unit>.Handle(UpdateOdometerCommand command, CancellationToken cancellationToken) (https://learn.microsoft.com/dotnet/fundamentals/code-analysis/quality-rules/ca1725) [d:\VB\AMIS101\src\Modules\Vehicle\Modules.Vehicle\Modules.Vehicle.csproj]
d:\VB\AMIS101\src\Modules\Vehicle\Modules.Vehicle\Features\v1\Vehicles\UpdateOdometer\UpdateOdometerCommandHandler.cs(13,86): warning S927: Rename parameter 'ct' to 'cancellationToken' to match the interface declaration. (https://rules.sonarsource.com/csharp/RSPEC-927) [d:\VB\AMIS101\src\Modules\Vehicle\Modules.Vehicle\Modules.Vehicle.csproj]
d:\VB\AMIS101\src\Modules\Vehicle\Modules.Vehicle\Features\v1\Vehicles\AssignVehicle\AssignVehicleCommandHandler.cs(13,85): warning CA1725: In member ValueTask<Unit> AssignVehicleCommandHandler.Handle(AssignVehicleCommand cmd, CancellationToken ct), change parameter name ct to cancellationToken in order to match the identifier as it has been declared in ValueTask<Unit> ICommandHandler<AssignVehicleCommand, Unit>.Handle(AssignVehicleCommand command, CancellationToken cancellationToken) (https://learn.microsoft.com/dotnet/fundamentals/code-analysis/quality-rules/ca1725) [d:\VB\AMIS101\src\Modules\Vehicle\Modules.Vehicle\Modules.Vehicle.csproj]
d:\VB\AMIS101\src\Modules\Vehicle\Modules.Vehicle\Features\v1\Maintenance\CreateMaintenanceSchedule\CreateMaintenanceScheduleHandler.cs(16,27): warning CA1725: In member ValueTask<CreateMaintenanceScheduleResponse> CreateMaintenanceScheduleHandler.Handle(CreateMaintenanceScheduleCommand command, CancellationToken ct), change parameter name ct to cancellationToken in order to match the identifier as it has been declared in ValueTask<CreateMaintenanceScheduleResponse> ICommandHandler<CreateMaintenanceScheduleCommand, CreateMaintenanceScheduleResponse>.Handle(CreateMaintenanceScheduleCommand command, CancellationToken cancellationToken) (https://learn.microsoft.com/dotnet/fundamentals/code-analysis/quality-rules/ca1725) [d:\VB\AMIS101\src\Modules\Vehicle\Modules.Vehicle\Modules.Vehicle.csproj]
d:\VB\AMIS101\src\Modules\Vehicle\Modules.Vehicle\Features\v1\Vehicles\AssignVehicle\AssignVehicleCommandHandler.cs(13,85): warning S927: Rename parameter 'ct' to 'cancellationToken' to match the interface declaration. (https://rules.sonarsource.com/csharp/RSPEC-927) [d:\VB\AMIS101\src\Modules\Vehicle\Modules.Vehicle\Modules.Vehicle.csproj]
d:\VB\AMIS101\src\Modules\Vehicle\Modules.Vehicle\Features\v1\Lookups\VehicleLookupHandlers.cs(95,26): warning S2139: Either log this exception and handle it, or rethrow it with some contextual information. (https://rules.sonarsource.com/csharp/RSPEC-2139) [d:\VB\AMIS101\src\Modules\Vehicle\Modules.Vehicle\Modules.Vehicle.csproj]
d:\VB\AMIS101\src\Modules\Vehicle\Modules.Vehicle\Features\v1\Maintenance\CreateMaintenanceSchedule\CreateMaintenanceScheduleHandler.cs(16,27): warning S927: Rename parameter 'ct' to 'cancellationToken' to match the interface declaration. (https://rules.sonarsource.com/csharp/RSPEC-927) [d:\VB\AMIS101\src\Modules\Vehicle\Modules.Vehicle\Modules.Vehicle.csproj]
d:\VB\AMIS101\src\Modules\Vehicle\Modules.Vehicle\Features\v1\Vehicles\SearchVehicles\SearchVehiclesQueryHandler.cs(15,107): warning CA1725: In member ValueTask<PagedResponse<VehicleDto>> SearchVehiclesQueryHandler.Handle(SearchVehiclesQuery query, CancellationToken ct), change parameter name ct to cancellationToken in order to match the identifier as it has been declared in ValueTask<PagedResponse<VehicleDto>> IQueryHandler<SearchVehiclesQuery, PagedResponse<VehicleDto>>.Handle(SearchVehiclesQuery query, CancellationToken cancellationToken) (https://learn.microsoft.com/dotnet/fundamentals/code-analysis/quality-rules/ca1725) [d:\VB\AMIS101\src\Modules\Vehicle\Modules.Vehicle\Modules.Vehicle.csproj]
d:\VB\AMIS101\src\Modules\Vehicle\Modules.Vehicle\Features\v1\FuelOdometer\SearchVehicleDailyUsage\SearchVehicleDailyUsageQueryHandler.cs(14,126): warning CA1725: In member ValueTask<PagedResponse<VehicleDailyUsageDto>> SearchVehicleDailyUsageQueryHandler.Handle(SearchVehicleDailyUsageQuery query, CancellationToken ct), change parameter name ct to cancellationToken in order to match the identifier as it has been declared in ValueTask<PagedResponse<VehicleDailyUsageDto>> IQueryHandler<SearchVehicleDailyUsageQuery, PagedResponse<VehicleDailyUsageDto>>.Handle(SearchVehicleDailyUsageQuery query, CancellationToken cancellationToken) (https://learn.microsoft.com/dotnet/fundamentals/code-analysis/quality-rules/ca1725) [d:\VB\AMIS101\src\Modules\Vehicle\Modules.Vehicle\Modules.Vehicle.csproj]
d:\VB\AMIS101\src\Modules\Vehicle\Modules.Vehicle\Features\v1\FuelOdometer\GetVehicleDailyUsageSummary\GetVehicleDailyUsageSummaryQueryHandler.cs(12,122): warning CA1725: In member ValueTask<VehicleDailyUsageSummaryDto> GetVehicleDailyUsageSummaryQueryHandler.Handle(GetVehicleDailyUsageSummaryQuery query, CancellationToken ct), change parameter name ct to cancellationToken in order to match the identifier as it has been declared in ValueTask<VehicleDailyUsageSummaryDto> IQueryHandler<GetVehicleDailyUsageSummaryQuery, VehicleDailyUsageSummaryDto>.Handle(GetVehicleDailyUsageSummaryQuery query, CancellationToken cancellationToken) (https://learn.microsoft.com/dotnet/fundamentals/code-analysis/quality-rules/ca1725) [d:\VB\AMIS101\src\Modules\Vehicle\Modules.Vehicle\Modules.Vehicle.csproj]
d:\VB\AMIS101\src\Modules\Vehicle\Modules.Vehicle\Features\v1\Maintenance\UpdateMaintenanceSchedule\UpdateMaintenanceScheduleHandler.cs(15,27): warning CA1725: In member ValueTask<MaintenanceScheduleDto> UpdateMaintenanceScheduleHandler.Handle(UpdateMaintenanceScheduleCommand command, CancellationToken ct), change parameter name ct to cancellationToken in order to match the identifier as it has been declared in ValueTask<MaintenanceScheduleDto> ICommandHandler<UpdateMaintenanceScheduleCommand, MaintenanceScheduleDto>.Handle(UpdateMaintenanceScheduleCommand command, CancellationToken cancellationToken) (https://learn.microsoft.com/dotnet/fundamentals/code-analysis/quality-rules/ca1725) [d:\VB\AMIS101\src\Modules\Vehicle\Modules.Vehicle\Modules.Vehicle.csproj]
d:\VB\AMIS101\src\Modules\Vehicle\Modules.Vehicle\Features\v1\Vehicles\SearchVehicles\SearchVehiclesQueryHandler.cs(15,107): warning S927: Rename parameter 'ct' to 'cancellationToken' to match the interface declaration. (https://rules.sonarsource.com/csharp/RSPEC-927) [d:\VB\AMIS101\src\Modules\Vehicle\Modules.Vehicle\Modules.Vehicle.csproj]
d:\VB\AMIS101\src\Modules\Vehicle\Modules.Vehicle\Features\v1\Maintenance\UpdateMaintenanceSchedule\UpdateMaintenanceScheduleHandler.cs(15,27): warning S927: Rename parameter 'ct' to 'cancellationToken' to match the interface declaration. (https://rules.sonarsource.com/csharp/RSPEC-927) [d:\VB\AMIS101\src\Modules\Vehicle\Modules.Vehicle\Modules.Vehicle.csproj]
d:\VB\AMIS101\src\Modules\Vehicle\Modules.Vehicle\Features\v1\FuelOdometer\GetVehicleDailyUsageSummary\GetVehicleDailyUsageSummaryQueryHandler.cs(12,122): warning S927: Rename parameter 'ct' to 'cancellationToken' to match the interface declaration. (https://rules.sonarsource.com/csharp/RSPEC-927) [d:\VB\AMIS101\src\Modules\Vehicle\Modules.Vehicle\Modules.Vehicle.csproj]
d:\VB\AMIS101\src\Modules\Vehicle\Modules.Vehicle\Features\v1\Maintenance\UpdateMaintenanceSchedule\UpdateMaintenanceScheduleHandler.cs(18,22): warning S112: 'System.ApplicationException' should not be thrown by user code. (https://rules.sonarsource.com/csharp/RSPEC-112) [d:\VB\AMIS101\src\Modules\Vehicle\Modules.Vehicle\Modules.Vehicle.csproj]
d:\VB\AMIS101\src\Modules\Vehicle\Modules.Vehicle\Features\v1\FuelOdometer\SearchVehicleDailyUsage\SearchVehicleDailyUsageQueryHandler.cs(14,126): warning S927: Rename parameter 'ct' to 'cancellationToken' to match the interface declaration. (https://rules.sonarsource.com/csharp/RSPEC-927) [d:\VB\AMIS101\src\Modules\Vehicle\Modules.Vehicle\Modules.Vehicle.csproj]
d:\VB\AMIS101\src\Modules\Vehicle\Modules.Vehicle\Features\v1\FuelOdometer\UpdateVehicleDailyUsage\UpdateVehicleDailyUsageCommandHandler.cs(15,111): warning CA1725: In member ValueTask<VehicleDailyUsageDto> UpdateVehicleDailyUsageCommandHandler.Handle(UpdateVehicleDailyUsageCommand cmd, CancellationToken ct), change parameter name ct to cancellationToken in order to match the identifier as it has been declared in ValueTask<VehicleDailyUsageDto> ICommandHandler<UpdateVehicleDailyUsageCommand, VehicleDailyUsageDto>.Handle(UpdateVehicleDailyUsageCommand command, CancellationToken cancellationToken) (https://learn.microsoft.com/dotnet/fundamentals/code-analysis/quality-rules/ca1725) [d:\VB\AMIS101\src\Modules\Vehicle\Modules.Vehicle\Modules.Vehicle.csproj]
d:\VB\AMIS101\src\Modules\Vehicle\Modules.Vehicle\Features\v1\FuelOdometer\CreateVehicleDailyUsage\CreateVehicleDailyUsageCommandHandler.cs(16,111): warning CA1725: In member ValueTask<VehicleDailyUsageDto> CreateVehicleDailyUsageCommandHandler.Handle(CreateVehicleDailyUsageCommand cmd, CancellationToken ct), change parameter name ct to cancellationToken in order to match the identifier as it has been declared in ValueTask<VehicleDailyUsageDto> ICommandHandler<CreateVehicleDailyUsageCommand, VehicleDailyUsageDto>.Handle(CreateVehicleDailyUsageCommand command, CancellationToken cancellationToken) (https://learn.microsoft.com/dotnet/fundamentals/code-analysis/quality-rules/ca1725) [d:\VB\AMIS101\src\Modules\Vehicle\Modules.Vehicle\Modules.Vehicle.csproj]
d:\VB\AMIS101\src\Modules\Vehicle\Modules.Vehicle\Features\v1\Maintenance\UpdateMaintenanceSchedule\UpdateMaintenanceScheduleHandler.cs(18,22): warning CA2201: Exception type System.ApplicationException is not sufficiently specific (https://learn.microsoft.com/dotnet/fundamentals/code-analysis/quality-rules/ca2201) [d:\VB\AMIS101\src\Modules\Vehicle\Modules.Vehicle\Modules.Vehicle.csproj]
d:\VB\AMIS101\src\Modules\Vehicle\Modules.Vehicle\Features\v1\FuelOdometer\CreateVehicleDailyUsage\CreateVehicleDailyUsageCommandHandler.cs(16,111): warning S927: Rename parameter 'ct' to 'cancellationToken' to match the interface declaration. (https://rules.sonarsource.com/csharp/RSPEC-927) [d:\VB\AMIS101\src\Modules\Vehicle\Modules.Vehicle\Modules.Vehicle.csproj]
d:\VB\AMIS101\src\Modules\Vehicle\Modules.Vehicle\Features\v1\Repairs\UpdateRepairRecord\UpdateRepairRecordCommandHandler.cs(15,101): warning CA1725: In member ValueTask<RepairRecordDto> UpdateRepairRecordCommandHandler.Handle(UpdateRepairRecordCommand cmd, CancellationToken ct), change parameter name ct to cancellationToken in order to match the identifier as it has been declared in ValueTask<RepairRecordDto> ICommandHandler<UpdateRepairRecordCommand, RepairRecordDto>.Handle(UpdateRepairRecordCommand command, CancellationToken cancellationToken) (https://learn.microsoft.com/dotnet/fundamentals/code-analysis/quality-rules/ca1725) [d:\VB\AMIS101\src\Modules\Vehicle\Modules.Vehicle\Modules.Vehicle.csproj]
d:\VB\AMIS101\src\Modules\Vehicle\Modules.Vehicle\Features\v1\Repairs\UpdateRepairRecord\UpdateRepairRecordCommandHandler.cs(15,101): warning S927: Rename parameter 'ct' to 'cancellationToken' to match the interface declaration. (https://rules.sonarsource.com/csharp/RSPEC-927) [d:\VB\AMIS101\src\Modules\Vehicle\Modules.Vehicle\Modules.Vehicle.csproj]
d:\VB\AMIS101\src\Modules\Vehicle\Modules.Vehicle\Features\v1\FuelOdometer\UpdateVehicleDailyUsage\UpdateVehicleDailyUsageCommandHandler.cs(15,111): warning S927: Rename parameter 'ct' to 'cancellationToken' to match the interface declaration. (https://rules.sonarsource.com/csharp/RSPEC-927) [d:\VB\AMIS101\src\Modules\Vehicle\Modules.Vehicle\Modules.Vehicle.csproj]
d:\VB\AMIS101\src\Modules\Vehicle\Modules.Vehicle\Features\v1\Repairs\GetRepairRecord\GetRepairRecordQueryHandler.cs(12,99): warning CA1725: In member ValueTask<RepairRecordDto?> GetRepairRecordQueryHandler.Handle(GetRepairRecordQuery query, CancellationToken ct), change parameter name ct to cancellationToken in order to match the identifier as it has been declared in ValueTask<RepairRecordDto?> IQueryHandler<GetRepairRecordQuery, RepairRecordDto?>.Handle(GetRepairRecordQuery query, CancellationToken cancellationToken) (https://learn.microsoft.com/dotnet/fundamentals/code-analysis/quality-rules/ca1725) [d:\VB\AMIS101\src\Modules\Vehicle\Modules.Vehicle\Modules.Vehicle.csproj]
d:\VB\AMIS101\src\Modules\Vehicle\Modules.Vehicle\Features\v1\Repairs\GetRepairRecord\GetRepairRecordQueryHandler.cs(12,99): warning S927: Rename parameter 'ct' to 'cancellationToken' to match the interface declaration. (https://rules.sonarsource.com/csharp/RSPEC-927) [d:\VB\AMIS101\src\Modules\Vehicle\Modules.Vehicle\Modules.Vehicle.csproj]
d:\VB\AMIS101\src\Modules\Vehicle\Modules.Vehicle\Features\v1\Repairs\StartRepair\StartRepairCommandHandler.cs(14,83): warning CA1725: In member ValueTask<Unit> StartRepairCommandHandler.Handle(StartRepairCommand cmd, CancellationToken ct), change parameter name ct to cancellationToken in order to match the identifier as it has been declared in ValueTask<Unit> ICommandHandler<StartRepairCommand, Unit>.Handle(StartRepairCommand command, CancellationToken cancellationToken) (https://learn.microsoft.com/dotnet/fundamentals/code-analysis/quality-rules/ca1725) [d:\VB\AMIS101\src\Modules\Vehicle\Modules.Vehicle\Modules.Vehicle.csproj]
d:\VB\AMIS101\src\Modules\Vehicle\Modules.Vehicle\Features\v1\Maintenance\UpdateMaintenanceLog\UpdateMaintenanceLogHandler.cs(14,27): warning CA1725: In member ValueTask<MaintenanceLogDto> UpdateMaintenanceLogHandler.Handle(UpdateMaintenanceLogCommand command, CancellationToken ct), change parameter name ct to cancellationToken in order to match the identifier as it has been declared in ValueTask<MaintenanceLogDto> ICommandHandler<UpdateMaintenanceLogCommand, MaintenanceLogDto>.Handle(UpdateMaintenanceLogCommand command, CancellationToken cancellationToken) (https://learn.microsoft.com/dotnet/fundamentals/code-analysis/quality-rules/ca1725) [d:\VB\AMIS101\src\Modules\Vehicle\Modules.Vehicle\Modules.Vehicle.csproj]
d:\VB\AMIS101\src\Modules\Vehicle\Modules.Vehicle\Features\v1\Repairs\DeleteRepairRecord\DeleteRepairRecordCommandHandler.cs(13,90): warning CA1725: In member ValueTask<Unit> DeleteRepairRecordCommandHandler.Handle(DeleteRepairRecordCommand cmd, CancellationToken ct), change parameter name ct to cancellationToken in order to match the identifier as it has been declared in ValueTask<Unit> ICommandHandler<DeleteRepairRecordCommand, Unit>.Handle(DeleteRepairRecordCommand command, CancellationToken cancellationToken) (https://learn.microsoft.com/dotnet/fundamentals/code-analysis/quality-rules/ca1725) [d:\VB\AMIS101\src\Modules\Vehicle\Modules.Vehicle\Modules.Vehicle.csproj]
d:\VB\AMIS101\src\Modules\Vehicle\Modules.Vehicle\Features\v1\Maintenance\UpdateMaintenanceLog\UpdateMaintenanceLogHandler.cs(14,27): warning S927: Rename parameter 'ct' to 'cancellationToken' to match the interface declaration. (https://rules.sonarsource.com/csharp/RSPEC-927) [d:\VB\AMIS101\src\Modules\Vehicle\Modules.Vehicle\Modules.Vehicle.csproj]
d:\VB\AMIS101\src\Modules\Vehicle\Modules.Vehicle\Features\v1\Repairs\DeleteRepairRecord\DeleteRepairRecordCommandHandler.cs(13,90): warning S927: Rename parameter 'ct' to 'cancellationToken' to match the interface declaration. (https://rules.sonarsource.com/csharp/RSPEC-927) [d:\VB\AMIS101\src\Modules\Vehicle\Modules.Vehicle\Modules.Vehicle.csproj]
d:\VB\AMIS101\src\Modules\Vehicle\Modules.Vehicle\Features\v1\Maintenance\UpdateMaintenanceLog\UpdateMaintenanceLogHandler.cs(17,22): warning S112: 'System.ApplicationException' should not be thrown by user code. (https://rules.sonarsource.com/csharp/RSPEC-112) [d:\VB\AMIS101\src\Modules\Vehicle\Modules.Vehicle\Modules.Vehicle.csproj]
d:\VB\AMIS101\src\Modules\Vehicle\Modules.Vehicle\Features\v1\Maintenance\UpdateMaintenanceLog\UpdateMaintenanceLogHandler.cs(17,22): warning CA2201: Exception type System.ApplicationException is not sufficiently specific (https://learn.microsoft.com/dotnet/fundamentals/code-analysis/quality-rules/ca2201) [d:\VB\AMIS101\src\Modules\Vehicle\Modules.Vehicle\Modules.Vehicle.csproj]
d:\VB\AMIS101\src\Modules\Vehicle\Modules.Vehicle\Features\v1\Repairs\StartRepair\StartRepairCommandHandler.cs(14,83): warning S927: Rename parameter 'ct' to 'cancellationToken' to match the interface declaration. (https://rules.sonarsource.com/csharp/RSPEC-927) [d:\VB\AMIS101\src\Modules\Vehicle\Modules.Vehicle\Modules.Vehicle.csproj]
d:\VB\AMIS101\src\Modules\Vehicle\Modules.Vehicle\Features\v1\Repairs\SearchRepairRecords\SearchRepairRecordsQueryHandler.cs(15,117): warning CA1725: In member ValueTask<PagedResponse<RepairRecordDto>> SearchRepairRecordsQueryHandler.Handle(SearchRepairRecordsQuery query, CancellationToken ct), change parameter name ct to cancellationToken in order to match the identifier as it has been declared in ValueTask<PagedResponse<RepairRecordDto>> IQueryHandler<SearchRepairRecordsQuery, PagedResponse<RepairRecordDto>>.Handle(SearchRepairRecordsQuery query, CancellationToken cancellationToken) (https://learn.microsoft.com/dotnet/fundamentals/code-analysis/quality-rules/ca1725) [d:\VB\AMIS101\src\Modules\Vehicle\Modules.Vehicle\Modules.Vehicle.csproj]
d:\VB\AMIS101\src\Modules\Vehicle\Modules.Vehicle\Features\v1\Repairs\SearchRepairRecords\SearchRepairRecordsQueryHandler.cs(15,117): warning S927: Rename parameter 'ct' to 'cancellationToken' to match the interface declaration. (https://rules.sonarsource.com/csharp/RSPEC-927) [d:\VB\AMIS101\src\Modules\Vehicle\Modules.Vehicle\Modules.Vehicle.csproj]
d:\VB\AMIS101\src\Modules\Vehicle\Modules.Vehicle\Features\v1\Maintenance\SearchMaintenanceSchedules\SearchMaintenanceSchedulesHandler.cs(14,27): warning CA1725: In member ValueTask<List<MaintenanceScheduleDto>> SearchMaintenanceSchedulesHandler.Handle(SearchMaintenanceSchedulesQuery query, CancellationToken ct), change parameter name ct to cancellationToken in order to match the identifier as it has been declared in ValueTask<List<MaintenanceScheduleDto>> IQueryHandler<SearchMaintenanceSchedulesQuery, List<MaintenanceScheduleDto>>.Handle(SearchMaintenanceSchedulesQuery query, CancellationToken cancellationToken) (https://learn.microsoft.com/dotnet/fundamentals/code-analysis/quality-rules/ca1725) [d:\VB\AMIS101\src\Modules\Vehicle\Modules.Vehicle\Modules.Vehicle.csproj]
d:\VB\AMIS101\src\Modules\Vehicle\Modules.Vehicle\Features\v1\Vehicles\CreateVehicle\CreateVehicleCommandHandler.cs(16,91): warning CA1725: In member ValueTask<VehicleDto> CreateVehicleCommandHandler.Handle(CreateVehicleCommand cmd, CancellationToken ct), change parameter name ct to cancellationToken in order to match the identifier as it has been declared in ValueTask<VehicleDto> ICommandHandler<CreateVehicleCommand, VehicleDto>.Handle(CreateVehicleCommand command, CancellationToken cancellationToken) (https://learn.microsoft.com/dotnet/fundamentals/code-analysis/quality-rules/ca1725) [d:\VB\AMIS101\src\Modules\Vehicle\Modules.Vehicle\Modules.Vehicle.csproj]
d:\VB\AMIS101\src\Modules\Vehicle\Modules.Vehicle\Features\v1\Repairs\CancelRepair\CancelRepairCommandHandler.cs(14,84): warning CA1725: In member ValueTask<Unit> CancelRepairCommandHandler.Handle(CancelRepairCommand cmd, CancellationToken ct), change parameter name ct to cancellationToken in order to match the identifier as it has been declared in ValueTask<Unit> ICommandHandler<CancelRepairCommand, Unit>.Handle(CancelRepairCommand command, CancellationToken cancellationToken) (https://learn.microsoft.com/dotnet/fundamentals/code-analysis/quality-rules/ca1725) [d:\VB\AMIS101\src\Modules\Vehicle\Modules.Vehicle\Modules.Vehicle.csproj]
d:\VB\AMIS101\src\Modules\Vehicle\Modules.Vehicle\Features\v1\Repairs\CompleteRepair\CompleteRepairCommandHandler.cs(15,86): warning CA1725: In member ValueTask<Unit> CompleteRepairCommandHandler.Handle(CompleteRepairCommand cmd, CancellationToken ct), change parameter name ct to cancellationToken in order to match the identifier as it has been declared in ValueTask<Unit> ICommandHandler<CompleteRepairCommand, Unit>.Handle(CompleteRepairCommand command, CancellationToken cancellationToken) (https://learn.microsoft.com/dotnet/fundamentals/code-analysis/quality-rules/ca1725) [d:\VB\AMIS101\src\Modules\Vehicle\Modules.Vehicle\Modules.Vehicle.csproj]
d:\VB\AMIS101\src\Modules\Vehicle\Modules.Vehicle\Features\v1\Maintenance\SearchMaintenanceSchedules\SearchMaintenanceSchedulesHandler.cs(14,27): warning S927: Rename parameter 'ct' to 'cancellationToken' to match the interface declaration. (https://rules.sonarsource.com/csharp/RSPEC-927) [d:\VB\AMIS101\src\Modules\Vehicle\Modules.Vehicle\Modules.Vehicle.csproj]
d:\VB\AMIS101\src\Modules\Vehicle\Modules.Vehicle\Features\v1\Vehicles\CreateVehicle\CreateVehicleCommandHandler.cs(16,91): warning S927: Rename parameter 'ct' to 'cancellationToken' to match the interface declaration. (https://rules.sonarsource.com/csharp/RSPEC-927) [d:\VB\AMIS101\src\Modules\Vehicle\Modules.Vehicle\Modules.Vehicle.csproj]
d:\VB\AMIS101\src\Modules\Vehicle\Modules.Vehicle\Features\v1\Repairs\CompleteRepair\CompleteRepairCommandHandler.cs(15,86): warning S927: Rename parameter 'ct' to 'cancellationToken' to match the interface declaration. (https://rules.sonarsource.com/csharp/RSPEC-927) [d:\VB\AMIS101\src\Modules\Vehicle\Modules.Vehicle\Modules.Vehicle.csproj]
d:\VB\AMIS101\src\Modules\Vehicle\Modules.Vehicle\Features\v1\Repairs\CancelRepair\CancelRepairCommandHandler.cs(14,84): warning S927: Rename parameter 'ct' to 'cancellationToken' to match the interface declaration. (https://rules.sonarsource.com/csharp/RSPEC-927) [d:\VB\AMIS101\src\Modules\Vehicle\Modules.Vehicle\Modules.Vehicle.csproj]
d:\VB\AMIS101\src\Modules\Vehicle\Modules.Vehicle\Features\v1\Vehicles\GetVehicle\GetVehicleQueryHandler.cs(12,89): warning CA1725: In member ValueTask<VehicleDto?> GetVehicleQueryHandler.Handle(GetVehicleQuery query, CancellationToken ct), change parameter name ct to cancellationToken in order to match the identifier as it has been declared in ValueTask<VehicleDto?> IQueryHandler<GetVehicleQuery, VehicleDto?>.Handle(GetVehicleQuery query, CancellationToken cancellationToken) (https://learn.microsoft.com/dotnet/fundamentals/code-analysis/quality-rules/ca1725) [d:\VB\AMIS101\src\Modules\Vehicle\Modules.Vehicle\Modules.Vehicle.csproj]
d:\VB\AMIS101\src\Modules\Vehicle\Modules.Vehicle\Features\v1\Vehicles\RetireVehicle\RetireVehicleCommandHandler.cs(13,85): warning CA1725: In member ValueTask<Unit> RetireVehicleCommandHandler.Handle(RetireVehicleCommand cmd, CancellationToken ct), change parameter name ct to cancellationToken in order to match the identifier as it has been declared in ValueTask<Unit> ICommandHandler<RetireVehicleCommand, Unit>.Handle(RetireVehicleCommand command, CancellationToken cancellationToken) (https://learn.microsoft.com/dotnet/fundamentals/code-analysis/quality-rules/ca1725) [d:\VB\AMIS101\src\Modules\Vehicle\Modules.Vehicle\Modules.Vehicle.csproj]
d:\VB\AMIS101\src\Modules\Vehicle\Modules.Vehicle\Features\v1\Repairs\CreateRepairRecord\CreateRepairRecordCommandHandler.cs(15,101): warning CA1725: In member ValueTask<RepairRecordDto> CreateRepairRecordCommandHandler.Handle(CreateRepairRecordCommand cmd, CancellationToken ct), change parameter name ct to cancellationToken in order to match the identifier as it has been declared in ValueTask<RepairRecordDto> ICommandHandler<CreateRepairRecordCommand, RepairRecordDto>.Handle(CreateRepairRecordCommand command, CancellationToken cancellationToken) (https://learn.microsoft.com/dotnet/fundamentals/code-analysis/quality-rules/ca1725) [d:\VB\AMIS101\src\Modules\Vehicle\Modules.Vehicle\Modules.Vehicle.csproj]
d:\VB\AMIS101\src\Modules\Vehicle\Modules.Vehicle\Features\v1\Vehicles\RetireVehicle\RetireVehicleCommandHandler.cs(13,85): warning S927: Rename parameter 'ct' to 'cancellationToken' to match the interface declaration. (https://rules.sonarsource.com/csharp/RSPEC-927) [d:\VB\AMIS101\src\Modules\Vehicle\Modules.Vehicle\Modules.Vehicle.csproj]
d:\VB\AMIS101\src\Modules\Vehicle\Modules.Vehicle\Features\v1\Repairs\CreateRepairRecord\CreateRepairRecordCommandHandler.cs(15,101): warning S927: Rename parameter 'ct' to 'cancellationToken' to match the interface declaration. (https://rules.sonarsource.com/csharp/RSPEC-927) [d:\VB\AMIS101\src\Modules\Vehicle\Modules.Vehicle\Modules.Vehicle.csproj]
d:\VB\AMIS101\src\Modules\Vehicle\Modules.Vehicle\Features\v1\Vehicles\GetVehicle\GetVehicleQueryHandler.cs(12,89): warning S927: Rename parameter 'ct' to 'cancellationToken' to match the interface declaration. (https://rules.sonarsource.com/csharp/RSPEC-927) [d:\VB\AMIS101\src\Modules\Vehicle\Modules.Vehicle\Modules.Vehicle.csproj]
d:\VB\AMIS101\src\Modules\Vehicle\Modules.Vehicle\Features\v1\Maintenance\SearchMaintenanceLogs\SearchMaintenanceLogsHandler.cs(14,27): warning CA1725: In member ValueTask<List<MaintenanceLogDto>> SearchMaintenanceLogsHandler.Handle(SearchMaintenanceLogsQuery query, CancellationToken ct), change parameter name ct to cancellationToken in order to match the identifier as it has been declared in ValueTask<List<MaintenanceLogDto>> IQueryHandler<SearchMaintenanceLogsQuery, List<MaintenanceLogDto>>.Handle(SearchMaintenanceLogsQuery query, CancellationToken cancellationToken) (https://learn.microsoft.com/dotnet/fundamentals/code-analysis/quality-rules/ca1725) [d:\VB\AMIS101\src\Modules\Vehicle\Modules.Vehicle\Modules.Vehicle.csproj]
d:\VB\AMIS101\src\Modules\Vehicle\Modules.Vehicle\Features\v1\Vehicles\ReactivateVehicle\ReactivateVehicleCommandHandler.cs(13,89): warning CA1725: In member ValueTask<Unit> ReactivateVehicleCommandHandler.Handle(ReactivateVehicleCommand cmd, CancellationToken ct), change parameter name ct to cancellationToken in order to match the identifier as it has been declared in ValueTask<Unit> ICommandHandler<ReactivateVehicleCommand, Unit>.Handle(ReactivateVehicleCommand command, CancellationToken cancellationToken) (https://learn.microsoft.com/dotnet/fundamentals/code-analysis/quality-rules/ca1725) [d:\VB\AMIS101\src\Modules\Vehicle\Modules.Vehicle\Modules.Vehicle.csproj]
d:\VB\AMIS101\src\Modules\Vehicle\Modules.Vehicle\Features\v1\Vehicles\GetMotorVehicleInventory\GetMotorVehicleInventoryQueryHandler.cs(13,64): warning CA1725: In member ValueTask<List<MotorVehicleInventoryItemDto>> GetMotorVehicleInventoryQueryHandler.Handle(GetMotorVehicleInventoryQuery query, CancellationToken ct), change parameter name ct to cancellationToken in order to match the identifier as it has been declared in ValueTask<List<MotorVehicleInventoryItemDto>> IQueryHandler<GetMotorVehicleInventoryQuery, List<MotorVehicleInventoryItemDto>>.Handle(GetMotorVehicleInventoryQuery query, CancellationToken cancellationToken) (https://learn.microsoft.com/dotnet/fundamentals/code-analysis/quality-rules/ca1725) [d:\VB\AMIS101\src\Modules\Vehicle\Modules.Vehicle\Modules.Vehicle.csproj]
d:\VB\AMIS101\src\Modules\Vehicle\Modules.Vehicle\Features\v1\Vehicles\ReactivateVehicle\ReactivateVehicleCommandHandler.cs(13,89): warning S927: Rename parameter 'ct' to 'cancellationToken' to match the interface declaration. (https://rules.sonarsource.com/csharp/RSPEC-927) [d:\VB\AMIS101\src\Modules\Vehicle\Modules.Vehicle\Modules.Vehicle.csproj]
d:\VB\AMIS101\src\Modules\Vehicle\Modules.Vehicle\Features\v1\Maintenance\DeactivateMaintenanceSchedule\DeactivateMaintenanceScheduleHandler.cs(13,27): warning CA1725: In member ValueTask<Unit> DeactivateMaintenanceScheduleHandler.Handle(DeactivateMaintenanceScheduleCommand command, CancellationToken ct), change parameter name ct to cancellationToken in order to match the identifier as it has been declared in ValueTask<Unit> ICommandHandler<DeactivateMaintenanceScheduleCommand, Unit>.Handle(DeactivateMaintenanceScheduleCommand command, CancellationToken cancellationToken) (https://learn.microsoft.com/dotnet/fundamentals/code-analysis/quality-rules/ca1725) [d:\VB\AMIS101\src\Modules\Vehicle\Modules.Vehicle\Modules.Vehicle.csproj]
d:\VB\AMIS101\src\Modules\Vehicle\Modules.Vehicle\Features\v1\Vehicles\DecommissionVehicle\DecommissionVehicleCommandHandler.cs(13,91): warning CA1725: In member ValueTask<Unit> DecommissionVehicleCommandHandler.Handle(DecommissionVehicleCommand cmd, CancellationToken ct), change parameter name ct to cancellationToken in order to match the identifier as it has been declared in ValueTask<Unit> ICommandHandler<DecommissionVehicleCommand, Unit>.Handle(DecommissionVehicleCommand command, CancellationToken cancellationToken) (https://learn.microsoft.com/dotnet/fundamentals/code-analysis/quality-rules/ca1725) [d:\VB\AMIS101\src\Modules\Vehicle\Modules.Vehicle\Modules.Vehicle.csproj]
d:\VB\AMIS101\src\Modules\Vehicle\Modules.Vehicle\Features\v1\Vehicles\DeleteVehicle\DeleteVehicleCommandHandler.cs(13,85): warning CA1725: In member ValueTask<Unit> DeleteVehicleCommandHandler.Handle(DeleteVehicleCommand cmd, CancellationToken ct), change parameter name ct to cancellationToken in order to match the identifier as it has been declared in ValueTask<Unit> ICommandHandler<DeleteVehicleCommand, Unit>.Handle(DeleteVehicleCommand command, CancellationToken cancellationToken) (https://learn.microsoft.com/dotnet/fundamentals/code-analysis/quality-rules/ca1725) [d:\VB\AMIS101\src\Modules\Vehicle\Modules.Vehicle\Modules.Vehicle.csproj]
d:\VB\AMIS101\src\Modules\Vehicle\Modules.Vehicle\Features\v1\Maintenance\SearchMaintenanceLogs\SearchMaintenanceLogsHandler.cs(14,27): warning S927: Rename parameter 'ct' to 'cancellationToken' to match the interface declaration. (https://rules.sonarsource.com/csharp/RSPEC-927) [d:\VB\AMIS101\src\Modules\Vehicle\Modules.Vehicle\Modules.Vehicle.csproj]
d:\VB\AMIS101\src\Modules\Vehicle\Modules.Vehicle\Features\v1\Maintenance\DeactivateMaintenanceSchedule\DeactivateMaintenanceScheduleHandler.cs(13,27): warning S927: Rename parameter 'ct' to 'cancellationToken' to match the interface declaration. (https://rules.sonarsource.com/csharp/RSPEC-927) [d:\VB\AMIS101\src\Modules\Vehicle\Modules.Vehicle\Modules.Vehicle.csproj]
d:\VB\AMIS101\src\Modules\Vehicle\Modules.Vehicle\Features\v1\Maintenance\DeactivateMaintenanceSchedule\DeactivateMaintenanceScheduleHandler.cs(16,22): warning S112: 'System.ApplicationException' should not be thrown by user code. (https://rules.sonarsource.com/csharp/RSPEC-112) [d:\VB\AMIS101\src\Modules\Vehicle\Modules.Vehicle\Modules.Vehicle.csproj]
d:\VB\AMIS101\src\Modules\Vehicle\Modules.Vehicle\Features\v1\Vehicles\DecommissionVehicle\DecommissionVehicleCommandHandler.cs(13,91): warning S927: Rename parameter 'ct' to 'cancellationToken' to match the interface declaration. (https://rules.sonarsource.com/csharp/RSPEC-927) [d:\VB\AMIS101\src\Modules\Vehicle\Modules.Vehicle\Modules.Vehicle.csproj]
d:\VB\AMIS101\src\Modules\Vehicle\Modules.Vehicle\Features\v1\Maintenance\DeactivateMaintenanceSchedule\DeactivateMaintenanceScheduleHandler.cs(16,22): warning CA2201: Exception type System.ApplicationException is not sufficiently specific (https://learn.microsoft.com/dotnet/fundamentals/code-analysis/quality-rules/ca2201) [d:\VB\AMIS101\src\Modules\Vehicle\Modules.Vehicle\Modules.Vehicle.csproj]
d:\VB\AMIS101\src\Modules\Vehicle\Modules.Vehicle\Features\v1\Vehicles\DeleteVehicle\DeleteVehicleCommandHandler.cs(13,85): warning S927: Rename parameter 'ct' to 'cancellationToken' to match the interface declaration. (https://rules.sonarsource.com/csharp/RSPEC-927) [d:\VB\AMIS101\src\Modules\Vehicle\Modules.Vehicle\Modules.Vehicle.csproj]
d:\VB\AMIS101\src\Modules\Vehicle\Modules.Vehicle\Features\v1\Vehicles\GetMotorVehicleInventory\GetMotorVehicleInventoryQueryHandler.cs(13,64): warning S927: Rename parameter 'ct' to 'cancellationToken' to match the interface declaration. (https://rules.sonarsource.com/csharp/RSPEC-927) [d:\VB\AMIS101\src\Modules\Vehicle\Modules.Vehicle\Modules.Vehicle.csproj]
d:\VB\AMIS101\src\Modules\Vehicle\Modules.Vehicle\Features\v1\Maintenance\DeleteMaintenanceLog\DeleteMaintenanceLogHandler.cs(13,27): warning CA1725: In member ValueTask<Unit> DeleteMaintenanceLogHandler.Handle(DeleteMaintenanceLogCommand command, CancellationToken ct), change parameter name ct to cancellationToken in order to match the identifier as it has been declared in ValueTask<Unit> ICommandHandler<DeleteMaintenanceLogCommand, Unit>.Handle(DeleteMaintenanceLogCommand command, CancellationToken cancellationToken) (https://learn.microsoft.com/dotnet/fundamentals/code-analysis/quality-rules/ca1725) [d:\VB\AMIS101\src\Modules\Vehicle\Modules.Vehicle\Modules.Vehicle.csproj]
d:\VB\AMIS101\src\Modules\Vehicle\Modules.Vehicle\Features\v1\Maintenance\LogMaintenanceCompletion\LogMaintenanceCompletionHandler.cs(15,27): warning CA1725: In member ValueTask<LogMaintenanceCompletionResponse> LogMaintenanceCompletionHandler.Handle(LogMaintenanceCompletionCommand command, CancellationToken ct), change parameter name ct to cancellationToken in order to match the identifier as it has been declared in ValueTask<LogMaintenanceCompletionResponse> ICommandHandler<LogMaintenanceCompletionCommand, LogMaintenanceCompletionResponse>.Handle(LogMaintenanceCompletionCommand command, CancellationToken cancellationToken) (https://learn.microsoft.com/dotnet/fundamentals/code-analysis/quality-rules/ca1725) [d:\VB\AMIS101\src\Modules\Vehicle\Modules.Vehicle\Modules.Vehicle.csproj]
d:\VB\AMIS101\src\Modules\Vehicle\Modules.Vehicle\Features\v1\Maintenance\DeleteMaintenanceLog\DeleteMaintenanceLogHandler.cs(13,27): warning S927: Rename parameter 'ct' to 'cancellationToken' to match the interface declaration. (https://rules.sonarsource.com/csharp/RSPEC-927) [d:\VB\AMIS101\src\Modules\Vehicle\Modules.Vehicle\Modules.Vehicle.csproj]
d:\VB\AMIS101\src\Modules\Vehicle\Modules.Vehicle\Features\v1\Maintenance\GetMaintenanceSchedule\GetMaintenanceScheduleHandler.cs(14,27): warning CA1725: In member ValueTask<MaintenanceScheduleDto> GetMaintenanceScheduleHandler.Handle(GetMaintenanceScheduleQuery query, CancellationToken ct), change parameter name ct to cancellationToken in order to match the identifier as it has been declared in ValueTask<MaintenanceScheduleDto> IQueryHandler<GetMaintenanceScheduleQuery, MaintenanceScheduleDto>.Handle(GetMaintenanceScheduleQuery query, CancellationToken cancellationToken) (https://learn.microsoft.com/dotnet/fundamentals/code-analysis/quality-rules/ca1725) [d:\VB\AMIS101\src\Modules\Vehicle\Modules.Vehicle\Modules.Vehicle.csproj]
d:\VB\AMIS101\src\Modules\Vehicle\Modules.Vehicle\Features\v1\Maintenance\DeleteMaintenanceLog\DeleteMaintenanceLogHandler.cs(16,22): warning S112: 'System.ApplicationException' should not be thrown by user code. (https://rules.sonarsource.com/csharp/RSPEC-112) [d:\VB\AMIS101\src\Modules\Vehicle\Modules.Vehicle\Modules.Vehicle.csproj]
d:\VB\AMIS101\src\Modules\Vehicle\Modules.Vehicle\Features\v1\Maintenance\DeleteMaintenanceLog\DeleteMaintenanceLogHandler.cs(16,22): warning CA2201: Exception type System.ApplicationException is not sufficiently specific (https://learn.microsoft.com/dotnet/fundamentals/code-analysis/quality-rules/ca2201) [d:\VB\AMIS101\src\Modules\Vehicle\Modules.Vehicle\Modules.Vehicle.csproj]
d:\VB\AMIS101\src\Modules\Vehicle\Modules.Vehicle\Features\v1\Maintenance\LogMaintenanceCompletion\LogMaintenanceCompletionHandler.cs(15,27): warning S927: Rename parameter 'ct' to 'cancellationToken' to match the interface declaration. (https://rules.sonarsource.com/csharp/RSPEC-927) [d:\VB\AMIS101\src\Modules\Vehicle\Modules.Vehicle\Modules.Vehicle.csproj]
d:\VB\AMIS101\src\Modules\Vehicle\Modules.Vehicle\Features\v1\Maintenance\LogMaintenanceCompletion\LogMaintenanceCompletionHandler.cs(39,26): warning S112: 'System.ApplicationException' should not be thrown by user code. (https://rules.sonarsource.com/csharp/RSPEC-112) [d:\VB\AMIS101\src\Modules\Vehicle\Modules.Vehicle\Modules.Vehicle.csproj]
d:\VB\AMIS101\src\Modules\Vehicle\Modules.Vehicle\Features\v1\Maintenance\GetMaintenanceLog\GetMaintenanceLogHandler.cs(14,27): warning CA1725: In member ValueTask<MaintenanceLogDto> GetMaintenanceLogHandler.Handle(GetMaintenanceLogQuery query, CancellationToken ct), change parameter name ct to cancellationToken in order to match the identifier as it has been declared in ValueTask<MaintenanceLogDto> IQueryHandler<GetMaintenanceLogQuery, MaintenanceLogDto>.Handle(GetMaintenanceLogQuery query, CancellationToken cancellationToken) (https://learn.microsoft.com/dotnet/fundamentals/code-analysis/quality-rules/ca1725) [d:\VB\AMIS101\src\Modules\Vehicle\Modules.Vehicle\Modules.Vehicle.csproj]
d:\VB\AMIS101\src\Modules\Vehicle\Modules.Vehicle\Features\v1\Maintenance\LogMaintenanceCompletion\LogMaintenanceCompletionHandler.cs(39,26): warning CA2201: Exception type System.ApplicationException is not sufficiently specific (https://learn.microsoft.com/dotnet/fundamentals/code-analysis/quality-rules/ca2201) [d:\VB\AMIS101\src\Modules\Vehicle\Modules.Vehicle\Modules.Vehicle.csproj]
d:\VB\AMIS101\src\Modules\Vehicle\Modules.Vehicle\Features\v1\Maintenance\GetMaintenanceSchedule\GetMaintenanceScheduleHandler.cs(14,27): warning S927: Rename parameter 'ct' to 'cancellationToken' to match the interface declaration. (https://rules.sonarsource.com/csharp/RSPEC-927) [d:\VB\AMIS101\src\Modules\Vehicle\Modules.Vehicle\Modules.Vehicle.csproj]
d:\VB\AMIS101\src\Modules\Vehicle\Modules.Vehicle\Features\v1\Maintenance\GetMaintenanceSchedule\GetMaintenanceScheduleHandler.cs(17,22): warning S112: 'System.ApplicationException' should not be thrown by user code. (https://rules.sonarsource.com/csharp/RSPEC-112) [d:\VB\AMIS101\src\Modules\Vehicle\Modules.Vehicle\Modules.Vehicle.csproj]
d:\VB\AMIS101\src\Modules\Vehicle\Modules.Vehicle\Features\v1\Maintenance\GetMaintenanceSchedule\GetMaintenanceScheduleHandler.cs(17,22): warning CA2201: Exception type System.ApplicationException is not sufficiently specific (https://learn.microsoft.com/dotnet/fundamentals/code-analysis/quality-rules/ca2201) [d:\VB\AMIS101\src\Modules\Vehicle\Modules.Vehicle\Modules.Vehicle.csproj]
d:\VB\AMIS101\src\Modules\Vehicle\Modules.Vehicle\Features\v1\Maintenance\GetMaintenanceLog\GetMaintenanceLogHandler.cs(14,27): warning S927: Rename parameter 'ct' to 'cancellationToken' to match the interface declaration. (https://rules.sonarsource.com/csharp/RSPEC-927) [d:\VB\AMIS101\src\Modules\Vehicle\Modules.Vehicle\Modules.Vehicle.csproj]
d:\VB\AMIS101\src\Modules\Vehicle\Modules.Vehicle\Features\v1\Maintenance\GetMaintenanceLog\GetMaintenanceLogHandler.cs(17,22): warning S112: 'System.ApplicationException' should not be thrown by user code. (https://rules.sonarsource.com/csharp/RSPEC-112) [d:\VB\AMIS101\src\Modules\Vehicle\Modules.Vehicle\Modules.Vehicle.csproj]
d:\VB\AMIS101\src\Modules\Vehicle\Modules.Vehicle\Features\v1\Maintenance\GetMaintenanceLog\GetMaintenanceLogHandler.cs(17,22): warning CA2201: Exception type System.ApplicationException is not sufficiently specific (https://learn.microsoft.com/dotnet/fundamentals/code-analysis/quality-rules/ca2201) [d:\VB\AMIS101\src\Modules\Vehicle\Modules.Vehicle\Modules.Vehicle.csproj]
d:\VB\AMIS101\src\Modules\Vehicle\Modules.Vehicle\Features\v1\Maintenance\DeleteMaintenanceSchedule\DeleteMaintenanceScheduleHandler.cs(13,27): warning CA1725: In member ValueTask<Unit> DeleteMaintenanceScheduleHandler.Handle(DeleteMaintenanceScheduleCommand command, CancellationToken ct), change parameter name ct to cancellationToken in order to match the identifier as it has been declared in ValueTask<Unit> ICommandHandler<DeleteMaintenanceScheduleCommand, Unit>.Handle(DeleteMaintenanceScheduleCommand command, CancellationToken cancellationToken) (https://learn.microsoft.com/dotnet/fundamentals/code-analysis/quality-rules/ca1725) [d:\VB\AMIS101\src\Modules\Vehicle\Modules.Vehicle\Modules.Vehicle.csproj]
d:\VB\AMIS101\src\Modules\Vehicle\Modules.Vehicle\Features\v1\Maintenance\GetDueMaintenanceSchedules\GetDueMaintenanceSchedulesHandler.cs(14,27): warning CA1725: In member ValueTask<List<MaintenanceScheduleDto>> GetDueMaintenanceSchedulesHandler.Handle(GetDueMaintenanceSchedulesQuery query, CancellationToken ct), change parameter name ct to cancellationToken in order to match the identifier as it has been declared in ValueTask<List<MaintenanceScheduleDto>> IQueryHandler<GetDueMaintenanceSchedulesQuery, List<MaintenanceScheduleDto>>.Handle(GetDueMaintenanceSchedulesQuery query, CancellationToken cancellationToken) (https://learn.microsoft.com/dotnet/fundamentals/code-analysis/quality-rules/ca1725) [d:\VB\AMIS101\src\Modules\Vehicle\Modules.Vehicle\Modules.Vehicle.csproj]
d:\VB\AMIS101\src\Modules\Vehicle\Modules.Vehicle\Features\v1\Maintenance\DeleteMaintenanceSchedule\DeleteMaintenanceScheduleHandler.cs(13,27): warning S927: Rename parameter 'ct' to 'cancellationToken' to match the interface declaration. (https://rules.sonarsource.com/csharp/RSPEC-927) [d:\VB\AMIS101\src\Modules\Vehicle\Modules.Vehicle\Modules.Vehicle.csproj]
d:\VB\AMIS101\src\Modules\Vehicle\Modules.Vehicle\Features\v1\Maintenance\DeleteMaintenanceSchedule\DeleteMaintenanceScheduleHandler.cs(16,22): warning S112: 'System.ApplicationException' should not be thrown by user code. (https://rules.sonarsource.com/csharp/RSPEC-112) [d:\VB\AMIS101\src\Modules\Vehicle\Modules.Vehicle\Modules.Vehicle.csproj]
d:\VB\AMIS101\src\Modules\Vehicle\Modules.Vehicle\Features\v1\Maintenance\DeleteMaintenanceSchedule\DeleteMaintenanceScheduleHandler.cs(16,22): warning CA2201: Exception type System.ApplicationException is not sufficiently specific (https://learn.microsoft.com/dotnet/fundamentals/code-analysis/quality-rules/ca2201) [d:\VB\AMIS101\src\Modules\Vehicle\Modules.Vehicle\Modules.Vehicle.csproj]
d:\VB\AMIS101\src\Modules\Vehicle\Modules.Vehicle\Features\v1\Maintenance\GetDueMaintenanceSchedules\GetDueMaintenanceSchedulesHandler.cs(14,27): warning S927: Rename parameter 'ct' to 'cancellationToken' to match the interface declaration. (https://rules.sonarsource.com/csharp/RSPEC-927) [d:\VB\AMIS101\src\Modules\Vehicle\Modules.Vehicle\Modules.Vehicle.csproj]
d:\VB\AMIS101\src\Modules\Vehicle\Modules.Vehicle\Features\v1\Vehicles\GenerateVehicleInventoryPdf\VehicleInventoryPdfDocument.cs(114,73): warning CA1305: The behavior of 'int.ToString()' could vary based on the current user's locale settings. Replace this call in 'VehicleInventoryPdfDocument.ComposeBody(IContainer)' with a call to 'int.ToString(IFormatProvider)'. (https://learn.microsoft.com/dotnet/fundamentals/code-analysis/quality-rules/ca1305) [d:\VB\AMIS101\src\Modules\Vehicle\Modules.Vehicle\Modules.Vehicle.csproj]
d:\VB\AMIS101\src\Modules\Vehicle\Modules.Vehicle\Features\v1\Vehicles\GenerateVehicleInventoryPdf\VehicleInventoryPdfDocument.cs(118,93): warning CA1305: The behavior of 'int.ToString()' could vary based on the current user's locale settings. Replace this call in 'VehicleInventoryPdfDocument.ComposeBody(IContainer)' with a call to 'int.ToString(IFormatProvider)'. (https://learn.microsoft.com/dotnet/fundamentals/code-analysis/quality-rules/ca1305) [d:\VB\AMIS101\src\Modules\Vehicle\Modules.Vehicle\Modules.Vehicle.csproj]
d:\VB\AMIS101\src\Modules\Vehicle\Modules.Vehicle\Features\v1\Vehicles\GenerateVehicleInventoryPdf\VehicleInventoryPdfDocument.cs(119,96): warning CA1305: The behavior of 'int.ToString()' could vary based on the current user's locale settings. Replace this call in 'VehicleInventoryPdfDocument.ComposeBody(IContainer)' with a call to 'int.ToString(IFormatProvider)'. (https://learn.microsoft.com/dotnet/fundamentals/code-analysis/quality-rules/ca1305) [d:\VB\AMIS101\src\Modules\Vehicle\Modules.Vehicle\Modules.Vehicle.csproj]
d:\VB\AMIS101\src\Modules\Vehicle\Modules.Vehicle\Features\v1\Vehicles\GenerateVehicleInventoryPdf\VehicleInventoryPdfDocument.cs(121,73): warning CA1305: The behavior of 'int.ToString()' could vary based on the current user's locale settings. Replace this call in 'VehicleInventoryPdfDocument.ComposeBody(IContainer)' with a call to 'int.ToString(IFormatProvider)'. (https://learn.microsoft.com/dotnet/fundamentals/code-analysis/quality-rules/ca1305) [d:\VB\AMIS101\src\Modules\Vehicle\Modules.Vehicle\Modules.Vehicle.csproj]
d:\VB\AMIS101\src\Modules\Vehicle\Modules.Vehicle\Features\v1\Vehicles\GenerateVehicleInventoryPdf\VehicleInventoryPdfDocument.cs(123,56): warning CA1305: The behavior of 'decimal.ToString(string)' could vary based on the current user's locale settings. Replace this call in 'VehicleInventoryPdfDocument.ComposeBody(IContainer)' with a call to 'decimal.ToString(string, IFormatProvider)'. (https://learn.microsoft.com/dotnet/fundamentals/code-analysis/quality-rules/ca1305) [d:\VB\AMIS101\src\Modules\Vehicle\Modules.Vehicle\Modules.Vehicle.csproj]
  Modules.AssetProcurement -> d:\VB\AMIS101\src\Modules\AssetProcurement\Modules.AssetProcurement\bin\Debug\net10.0\FSH.Modules.AssetProcurement.dll
  Modules.Vehicle -> d:\VB\AMIS101\src\Modules\Vehicle\Modules.Vehicle\bin\Debug\net10.0\FSH.Modules.Vehicle.dll
  Modules.MasterData -> d:\VB\AMIS101\src\Modules\MasterData\Modules.MasterData\bin\Debug\net10.0\FSH.Modules.MasterData.dll
d:\VB\AMIS101\src\Modules\Finance\Modules.Finance\Features\v1\DisbursementVouchers\PayDisbursementVoucher\PayDisbursementVoucherCommandHandler.cs(23,9): warning CA1873: Evaluation of this argument may be expensive and unnecessary if logging is disabled (https://learn.microsoft.com/dotnet/fundamentals/code-analysis/quality-rules/ca1873) [d:\VB\AMIS101\src\Modules\Finance\Modules.Finance\Modules.Finance.csproj]
d:\VB\AMIS101\src\Modules\Finance\Modules.Finance\Data\FinanceDbInitializer.cs(16,13): warning CA1873: Evaluation of this argument may be expensive and unnecessary if logging is disabled (https://learn.microsoft.com/dotnet/fundamentals/code-analysis/quality-rules/ca1873) [d:\VB\AMIS101\src\Modules\Finance\Modules.Finance\Modules.Finance.csproj]
d:\VB\AMIS101\src\Modules\Finance\Modules.Finance\Features\v1\DisbursementVouchers\CreateDisbursementVoucher\CreateDisbursementVoucherCommandHandler.cs(39,9): warning CA1873: Evaluation of this argument may be expensive and unnecessary if logging is disabled (https://learn.microsoft.com/dotnet/fundamentals/code-analysis/quality-rules/ca1873) [d:\VB\AMIS101\src\Modules\Finance\Modules.Finance\Modules.Finance.csproj]
d:\VB\AMIS101\src\Modules\Finance\Modules.Finance\Features\v1\BudgetUtilizationRecords\CancelBudgetUtilizationRecord\CancelBudgetUtilizationRecordCommandHandler.cs(23,9): warning CA1873: Evaluation of this argument may be expensive and unnecessary if logging is disabled (https://learn.microsoft.com/dotnet/fundamentals/code-analysis/quality-rules/ca1873) [d:\VB\AMIS101\src\Modules\Finance\Modules.Finance\Modules.Finance.csproj]
d:\VB\AMIS101\src\Modules\Finance\Modules.Finance\Features\v1\DisbursementVouchers\ApproveDisbursementVoucher\ApproveDisbursementVoucherCommandHandler.cs(23,9): warning CA1873: Evaluation of this argument may be expensive and unnecessary if logging is disabled (https://learn.microsoft.com/dotnet/fundamentals/code-analysis/quality-rules/ca1873) [d:\VB\AMIS101\src\Modules\Finance\Modules.Finance\Modules.Finance.csproj]
d:\VB\AMIS101\src\Modules\Finance\Modules.Finance\Features\v1\DisbursementVouchers\CancelDisbursementVoucher\CancelDisbursementVoucherCommandHandler.cs(23,9): warning CA1873: Evaluation of this argument may be expensive and unnecessary if logging is disabled (https://learn.microsoft.com/dotnet/fundamentals/code-analysis/quality-rules/ca1873) [d:\VB\AMIS101\src\Modules\Finance\Modules.Finance\Modules.Finance.csproj]
d:\VB\AMIS101\src\Modules\Finance\Modules.Finance\Features\v1\BudgetUtilizationRecords\ObligateBudgetUtilizationRecord\ObligateBudgetUtilizationRecordCommandHandler.cs(23,9): warning CA1873: Evaluation of this argument may be expensive and unnecessary if logging is disabled (https://learn.microsoft.com/dotnet/fundamentals/code-analysis/quality-rules/ca1873) [d:\VB\AMIS101\src\Modules\Finance\Modules.Finance\Modules.Finance.csproj]
d:\VB\AMIS101\src\Modules\Finance\Modules.Finance\Features\v1\BudgetUtilizationRecords\CreateBudgetUtilizationRecord\CreateBudgetUtilizationRecordCommandHandler.cs(39,9): warning CA1873: Evaluation of this argument may be expensive and unnecessary if logging is disabled (https://learn.microsoft.com/dotnet/fundamentals/code-analysis/quality-rules/ca1873) [d:\VB\AMIS101\src\Modules\Finance\Modules.Finance\Modules.Finance.csproj]
  Modules.Finance -> d:\VB\AMIS101\src\Modules\Finance\Modules.Finance\bin\Debug\net10.0\FSH.Modules.Finance.dll
d:\VB\AMIS101\src\Modules\Expendable\Modules.Expendable\Domain\Products\Product.cs(31,20): warning CA1056: Change the type of property 'Product.ImageUrl' from 'string' to 'System.Uri' (https://learn.microsoft.com/dotnet/fundamentals/code-analysis/quality-rules/ca1056) [d:\VB\AMIS101\src\Modules\Expendable\Modules.Expendable\Modules.Expendable.csproj]
d:\VB\AMIS101\src\Modules\Expendable\Modules.Expendable\Domain\Products\Product.cs(46,50): warning S1144: Remove the unused private setter 'set_ParentProduct'. (https://rules.sonarsource.com/csharp/RSPEC-1144) [d:\VB\AMIS101\src\Modules\Expendable\Modules.Expendable\Modules.Expendable.csproj]
d:\VB\AMIS101\src\Modules\Expendable\Modules.Expendable\Provisioning\ExpendableDbInitializerHostedService.cs(50,30): warning S2139: Either log this exception and handle it, or rethrow it with some contextual information. (https://rules.sonarsource.com/csharp/RSPEC-2139) [d:\VB\AMIS101\src\Modules\Expendable\Modules.Expendable\Modules.Expendable.csproj]
d:\VB\AMIS101\src\Modules\Expendable\Modules.Expendable\Provisioning\ExpendableDbInitializerHostedService.cs(48,17): warning CA1873: Evaluation of this argument may be expensive and unnecessary if logging is disabled (https://learn.microsoft.com/dotnet/fundamentals/code-analysis/quality-rules/ca1873) [d:\VB\AMIS101\src\Modules\Expendable\Modules.Expendable\Modules.Expendable.csproj]
d:\VB\AMIS101\src\Modules\Expendable\Modules.Expendable\Data\ExpendableDbInitializer.cs(22,13): warning CA1873: Evaluation of this argument may be expensive and unnecessary if logging is disabled (https://learn.microsoft.com/dotnet/fundamentals/code-analysis/quality-rules/ca1873) [d:\VB\AMIS101\src\Modules\Expendable\Modules.Expendable\Modules.Expendable.csproj]
d:\VB\AMIS101\src\Modules\Expendable\Modules.Expendable\Data\ExpendableDbInitializer.cs(39,13): warning CA1873: Evaluation of this argument may be expensive and unnecessary if logging is disabled (https://learn.microsoft.com/dotnet/fundamentals/code-analysis/quality-rules/ca1873) [d:\VB\AMIS101\src\Modules\Expendable\Modules.Expendable\Modules.Expendable.csproj]
d:\VB\AMIS101\src\Modules\Expendable\Modules.Expendable\Data\ExpendableDbInitializer.cs(32,40): warning EF1002: Method 'ExecuteSqlRawAsync' inserts interpolated strings directly into the SQL, without any protection against SQL injection. Consider using 'ExecuteSqlAsync' instead, which protects against SQL injection, or make sure that the value is sanitized and suppress the warning. [d:\VB\AMIS101\src\Modules\Expendable\Modules.Expendable\Modules.Expendable.csproj]
d:\VB\AMIS101\src\Modules\Expendable\Modules.Expendable\Data\ExpendableDbInitializer.cs(35,40): warning EF1002: Method 'ExecuteSqlRawAsync' inserts interpolated strings directly into the SQL, without any protection against SQL injection. Consider using 'ExecuteSqlAsync' instead, which protects against SQL injection, or make sure that the value is sanitized and suppress the warning. [d:\VB\AMIS101\src\Modules\Expendable\Modules.Expendable\Modules.Expendable.csproj]
d:\VB\AMIS101\src\Modules\Expendable\Modules.Expendable\Data\ExpendableDbInitializer.cs(51,13): warning CA1873: Evaluation of this argument may be expensive and unnecessary if logging is disabled (https://learn.microsoft.com/dotnet/fundamentals/code-analysis/quality-rules/ca1873) [d:\VB\AMIS101\src\Modules\Expendable\Modules.Expendable\Modules.Expendable.csproj]
d:\VB\AMIS101\src\Modules\Expendable\Modules.Expendable\Data\ExpendableDbInitializer.cs(79,9): warning CA1873: Evaluation of this argument may be expensive and unnecessary if logging is disabled (https://learn.microsoft.com/dotnet/fundamentals/code-analysis/quality-rules/ca1873) [d:\VB\AMIS101\src\Modules\Expendable\Modules.Expendable\Modules.Expendable.csproj]
d:\VB\AMIS101\src\Modules\Expendable\Modules.Expendable\Domain\Products\Product.cs(52,71): warning CA1054: Change the type of parameter 'imageUrl' of method 'Product.Create(string, string, string, string, decimal, string, int, int, [string], [string], [string])' from 'string' to 'System.Uri', or provide an overload to 'Product.Create(string, string, string, string, decimal, string, int, int, [string], [string], [string])' that allows 'imageUrl' to be passed as a 'System.Uri' object (https://learn.microsoft.com/dotnet/fundamentals/code-analysis/quality-rules/ca1054) [d:\VB\AMIS101\src\Modules\Expendable\Modules.Expendable\Modules.Expendable.csproj]
d:\VB\AMIS101\src\Modules\Expendable\Modules.Expendable\Domain\Products\Product.cs(128,61): warning CA1054: Change the type of parameter 'imageUrl' of method 'Product.Update(string, string, decimal, int, int, [string])' from 'string' to 'System.Uri', or provide an overload to 'Product.Update(string, string, decimal, int, int, [string])' that allows 'imageUrl' to be passed as a 'System.Uri' object (https://learn.microsoft.com/dotnet/fundamentals/code-analysis/quality-rules/ca1054) [d:\VB\AMIS101\src\Modules\Expendable\Modules.Expendable\Modules.Expendable.csproj]
d:\VB\AMIS101\src\Modules\Expendable\Modules.Expendable\Features\v1\Reports\GeneratePhysicalCountPdf\PhysicalCountPdfDocument.cs(76,35): warning CA1305: The behavior of 'DateTime.ToString(string)' could vary based on the current user's locale settings. Replace this call in 'PhysicalCountPdfDocument.ComposeHeader(IContainer)' with a call to 'DateTime.ToString(string, IFormatProvider)'. (https://learn.microsoft.com/dotnet/fundamentals/code-analysis/quality-rules/ca1305) [d:\VB\AMIS101\src\Modules\Expendable\Modules.Expendable\Modules.Expendable.csproj]
d:\VB\AMIS101\src\Modules\Expendable\Modules.Expendable\Features\v1\Reports\GenerateDepartmentIssuancePdf\DepartmentIssuancePdfDocument.cs(237,16): warning CA1305: The behavior of 'DateTimeOffset.ToString(string)' could vary based on the current user's locale settings. Replace this call in 'DepartmentIssuancePdfDocument.BuildDateRange()' with a call to 'DateTimeOffset.ToString(string, IFormatProvider)'. (https://learn.microsoft.com/dotnet/fundamentals/code-analysis/quality-rules/ca1305) [d:\VB\AMIS101\src\Modules\Expendable\Modules.Expendable\Modules.Expendable.csproj]
d:\VB\AMIS101\src\Modules\Expendable\Modules.Expendable\Features\v1\Reports\GeneratePhysicalCountPdf\PhysicalCountPdfDocument.cs(120,73): warning CA1305: The behavior of 'int.ToString()' could vary based on the current user's locale settings. Replace this call in 'PhysicalCountPdfDocument.ComposeBody(IContainer)' with a call to 'int.ToString(IFormatProvider)'. (https://learn.microsoft.com/dotnet/fundamentals/code-analysis/quality-rules/ca1305) [d:\VB\AMIS101\src\Modules\Expendable\Modules.Expendable\Modules.Expendable.csproj]
d:\VB\AMIS101\src\Modules\Expendable\Modules.Expendable\Features\v1\Reports\GeneratePhysicalCountPdf\PhysicalCountPdfDocument.cs(124,72): warning CA1305: The behavior of 'decimal.ToString(string)' could vary based on the current user's locale settings. Replace this call in 'PhysicalCountPdfDocument.ComposeBody(IContainer)' with a call to 'decimal.ToString(string, IFormatProvider)'. (https://learn.microsoft.com/dotnet/fundamentals/code-analysis/quality-rules/ca1305) [d:\VB\AMIS101\src\Modules\Expendable\Modules.Expendable\Modules.Expendable.csproj]
d:\VB\AMIS101\src\Modules\Expendable\Modules.Expendable\Features\v1\Reports\GeneratePhysicalCountPdf\PhysicalCountPdfDocument.cs(125,73): warning CA1305: The behavior of 'int.ToString()' could vary based on the current user's locale settings. Replace this call in 'PhysicalCountPdfDocument.ComposeBody(IContainer)' with a call to 'int.ToString(IFormatProvider)'. (https://learn.microsoft.com/dotnet/fundamentals/code-analysis/quality-rules/ca1305) [d:\VB\AMIS101\src\Modules\Expendable\Modules.Expendable\Modules.Expendable.csproj]
d:\VB\AMIS101\src\Modules\Expendable\Modules.Expendable\Features\v1\Reports\GeneratePhysicalCountPdf\PhysicalCountPdfDocument.cs(126,73): warning CA1305: The behavior of 'int.ToString()' could vary based on the current user's locale settings. Replace this call in 'PhysicalCountPdfDocument.ComposeBody(IContainer)' with a call to 'int.ToString(IFormatProvider)'. (https://learn.microsoft.com/dotnet/fundamentals/code-analysis/quality-rules/ca1305) [d:\VB\AMIS101\src\Modules\Expendable\Modules.Expendable\Modules.Expendable.csproj]
d:\VB\AMIS101\src\Modules\Expendable\Modules.Expendable\Features\v1\Reports\GeneratePhysicalCountPdf\PhysicalCountPdfDocument.cs(127,73): warning CA1305: The behavior of 'int.ToString()' could vary based on the current user's locale settings. Replace this call in 'PhysicalCountPdfDocument.ComposeBody(IContainer)' with a call to 'int.ToString(IFormatProvider)'. (https://learn.microsoft.com/dotnet/fundamentals/code-analysis/quality-rules/ca1305) [d:\VB\AMIS101\src\Modules\Expendable\Modules.Expendable\Modules.Expendable.csproj]
d:\VB\AMIS101\src\Modules\Expendable\Modules.Expendable\Features\v1\Reports\GeneratePhysicalCountPdf\PhysicalCountPdfDocument.cs(128,72): warning CA1305: The behavior of 'decimal.ToString(string)' could vary based on the current user's locale settings. Replace this call in 'PhysicalCountPdfDocument.ComposeBody(IContainer)' with a call to 'decimal.ToString(string, IFormatProvider)'. (https://learn.microsoft.com/dotnet/fundamentals/code-analysis/quality-rules/ca1305) [d:\VB\AMIS101\src\Modules\Expendable\Modules.Expendable\Modules.Expendable.csproj]
d:\VB\AMIS101\src\Modules\Expendable\Modules.Expendable\Features\v1\Reports\GenerateEmployeeIssuancePdf\EmployeeIssuancePdfDocument.cs(116,27): warning CA1305: The behavior of 'DateTime.ToString(string)' could vary based on the current user's locale settings. Replace this call in 'EmployeeIssuancePdfDocument.ComposeBody(IContainer)' with a call to 'DateTime.ToString(string, IFormatProvider)'. (https://learn.microsoft.com/dotnet/fundamentals/code-analysis/quality-rules/ca1305) [d:\VB\AMIS101\src\Modules\Expendable\Modules.Expendable\Modules.Expendable.csproj]
d:\VB\AMIS101\src\Modules\Expendable\Modules.Expendable\Features\v1\Reports\GenerateEmployeeIssuancePdf\EmployeeIssuancePdfDocument.cs(117,73): warning CA1305: The behavior of 'int.ToString()' could vary based on the current user's locale settings. Replace this call in 'EmployeeIssuancePdfDocument.ComposeBody(IContainer)' with a call to 'int.ToString(IFormatProvider)'. (https://learn.microsoft.com/dotnet/fundamentals/code-analysis/quality-rules/ca1305) [d:\VB\AMIS101\src\Modules\Expendable\Modules.Expendable\Modules.Expendable.csproj]
d:\VB\AMIS101\src\Modules\Expendable\Modules.Expendable\Features\v1\Reports\GenerateDepartmentIssuancePdf\DepartmentIssuancePdfDocument.cs(136,77): warning CA1305: The behavior of 'int.ToString()' could vary based on the current user's locale settings. Replace this call in 'DepartmentIssuancePdfDocument.ComposeBody(IContainer)' with a call to 'int.ToString(IFormatProvider)'. (https://learn.microsoft.com/dotnet/fundamentals/code-analysis/quality-rules/ca1305) [d:\VB\AMIS101\src\Modules\Expendable\Modules.Expendable\Modules.Expendable.csproj]
d:\VB\AMIS101\src\Modules\Expendable\Modules.Expendable\Features\v1\Reports\GenerateDepartmentIssuancePdf\DepartmentIssuancePdfDocument.cs(140,76): warning CA1305: The behavior of 'int.ToString()' could vary based on the current user's locale settings. Replace this call in 'DepartmentIssuancePdfDocument.ComposeBody(IContainer)' with a call to 'int.ToString(IFormatProvider)'. (https://learn.microsoft.com/dotnet/fundamentals/code-analysis/quality-rules/ca1305) [d:\VB\AMIS101\src\Modules\Expendable\Modules.Expendable\Modules.Expendable.csproj]
d:\VB\AMIS101\src\Modules\Expendable\Modules.Expendable\Features\v1\Reports\GenerateDepartmentIssuancePdf\DepartmentIssuancePdfDocument.cs(141,76): warning CA1305: The behavior of 'decimal.ToString(string)' could vary based on the current user's locale settings. Replace this call in 'DepartmentIssuancePdfDocument.ComposeBody(IContainer)' with a call to 'decimal.ToString(string, IFormatProvider)'. (https://learn.microsoft.com/dotnet/fundamentals/code-analysis/quality-rules/ca1305) [d:\VB\AMIS101\src\Modules\Expendable\Modules.Expendable\Modules.Expendable.csproj]
d:\VB\AMIS101\src\Modules\Expendable\Modules.Expendable\Features\v1\Reports\GenerateDepartmentIssuancePdf\DepartmentIssuancePdfDocument.cs(142,76): warning CA1305: The behavior of 'decimal.ToString(string)' could vary based on the current user's locale settings. Replace this call in 'DepartmentIssuancePdfDocument.ComposeBody(IContainer)' with a call to 'decimal.ToString(string, IFormatProvider)'. (https://learn.microsoft.com/dotnet/fundamentals/code-analysis/quality-rules/ca1305) [d:\VB\AMIS101\src\Modules\Expendable\Modules.Expendable\Modules.Expendable.csproj]
d:\VB\AMIS101\src\Modules\Expendable\Modules.Expendable\Features\v1\Reports\GenerateDepartmentIssuancePdf\DepartmentIssuancePdfDocument.cs(152,40): warning CA1305: The behavior of 'int.ToString()' could vary based on the current user's locale settings. Replace this call in 'DepartmentIssuancePdfDocument.ComposeBody(IContainer)' with a call to 'int.ToString(IFormatProvider)'. (https://learn.microsoft.com/dotnet/fundamentals/code-analysis/quality-rules/ca1305) [d:\VB\AMIS101\src\Modules\Expendable\Modules.Expendable\Modules.Expendable.csproj]
d:\VB\AMIS101\src\Modules\Expendable\Modules.Expendable\Features\v1\Reports\GenerateDepartmentIssuancePdf\DepartmentIssuancePdfDocument.cs(157,40): warning CA1305: The behavior of 'decimal.ToString(string)' could vary based on the current user's locale settings. Replace this call in 'DepartmentIssuancePdfDocument.ComposeBody(IContainer)' with a call to 'decimal.ToString(string, IFormatProvider)'. (https://learn.microsoft.com/dotnet/fundamentals/code-analysis/quality-rules/ca1305) [d:\VB\AMIS101\src\Modules\Expendable\Modules.Expendable\Modules.Expendable.csproj]
d:\VB\AMIS101\src\Modules\Expendable\Modules.Expendable\Features\v1\Reports\GenerateDepartmentIssuancePdf\DepartmentIssuancePdfDocument.cs(168,36): warning CA1305: The behavior of 'int.ToString()' could vary based on the current user's locale settings. Replace this call in 'DepartmentIssuancePdfDocument.ComposeBody(IContainer)' with a call to 'int.ToString(IFormatProvider)'. (https://learn.microsoft.com/dotnet/fundamentals/code-analysis/quality-rules/ca1305) [d:\VB\AMIS101\src\Modules\Expendable\Modules.Expendable\Modules.Expendable.csproj]
d:\VB\AMIS101\src\Modules\Expendable\Modules.Expendable\Features\v1\Reports\GenerateDepartmentIssuancePdf\DepartmentIssuancePdfDocument.cs(173,36): warning CA1305: The behavior of 'decimal.ToString(string)' could vary based on the current user's locale settings. Replace this call in 'DepartmentIssuancePdfDocument.ComposeBody(IContainer)' with a call to 'decimal.ToString(string, IFormatProvider)'. (https://learn.microsoft.com/dotnet/fundamentals/code-analysis/quality-rules/ca1305) [d:\VB\AMIS101\src\Modules\Expendable\Modules.Expendable\Modules.Expendable.csproj]
d:\VB\AMIS101\src\Modules\Expendable\Modules.Expendable\Features\v1\Reports\GenerateStockCardPdf\StockCardPdfDocument.cs(145,27): warning CA1305: The behavior of 'DateTime.ToString(string)' could vary based on the current user's locale settings. Replace this call in 'StockCardPdfDocument.ComposeBody(IContainer)' with a call to 'DateTime.ToString(string, IFormatProvider)'. (https://learn.microsoft.com/dotnet/fundamentals/code-analysis/quality-rules/ca1305) [d:\VB\AMIS101\src\Modules\Expendable\Modules.Expendable\Modules.Expendable.csproj]
d:\VB\AMIS101\src\Modules\Expendable\Modules.Expendable\Features\v1\Reports\GenerateStockCardPdf\StockCardPdfDocument.cs(153,39): warning CA1305: The behavior of 'int.ToString()' could vary based on the current user's locale settings. Replace this call in 'StockCardPdfDocument.ComposeBody(IContainer)' with a call to 'int.ToString(IFormatProvider)'. (https://learn.microsoft.com/dotnet/fundamentals/code-analysis/quality-rules/ca1305) [d:\VB\AMIS101\src\Modules\Expendable\Modules.Expendable\Modules.Expendable.csproj]
d:\VB\AMIS101\src\Modules\Expendable\Modules.Expendable\Features\v1\Reports\GenerateStockCardPdf\StockCardPdfDocument.cs(155,39): warning CA1305: The behavior of 'decimal.ToString(string)' could vary based on the current user's locale settings. Replace this call in 'StockCardPdfDocument.ComposeBody(IContainer)' with a call to 'decimal.ToString(string, IFormatProvider)'. (https://learn.microsoft.com/dotnet/fundamentals/code-analysis/quality-rules/ca1305) [d:\VB\AMIS101\src\Modules\Expendable\Modules.Expendable\Modules.Expendable.csproj]
d:\VB\AMIS101\src\Modules\Expendable\Modules.Expendable\Features\v1\Reports\GenerateStockCardPdf\StockCardPdfDocument.cs(157,39): warning CA1305: The behavior of 'decimal.ToString(string)' could vary based on the current user's locale settings. Replace this call in 'StockCardPdfDocument.ComposeBody(IContainer)' with a call to 'decimal.ToString(string, IFormatProvider)'. (https://learn.microsoft.com/dotnet/fundamentals/code-analysis/quality-rules/ca1305) [d:\VB\AMIS101\src\Modules\Expendable\Modules.Expendable\Modules.Expendable.csproj]
d:\VB\AMIS101\src\Modules\Expendable\Modules.Expendable\Features\v1\Reports\GenerateStockCardPdf\StockCardPdfDocument.cs(161,40): warning CA1305: The behavior of 'int.ToString()' could vary based on the current user's locale settings. Replace this call in 'StockCardPdfDocument.ComposeBody(IContainer)' with a call to 'int.ToString(IFormatProvider)'. (https://learn.microsoft.com/dotnet/fundamentals/code-analysis/quality-rules/ca1305) [d:\VB\AMIS101\src\Modules\Expendable\Modules.Expendable\Modules.Expendable.csproj]
d:\VB\AMIS101\src\Modules\Expendable\Modules.Expendable\Features\v1\Reports\GenerateStockCardPdf\StockCardPdfDocument.cs(163,40): warning CA1305: The behavior of 'decimal.ToString(string)' could vary based on the current user's locale settings. Replace this call in 'StockCardPdfDocument.ComposeBody(IContainer)' with a call to 'decimal.ToString(string, IFormatProvider)'. (https://learn.microsoft.com/dotnet/fundamentals/code-analysis/quality-rules/ca1305) [d:\VB\AMIS101\src\Modules\Expendable\Modules.Expendable\Modules.Expendable.csproj]
d:\VB\AMIS101\src\Modules\Expendable\Modules.Expendable\Features\v1\Reports\GenerateStockCardPdf\StockCardPdfDocument.cs(165,40): warning CA1305: The behavior of 'decimal.ToString(string)' could vary based on the current user's locale settings. Replace this call in 'StockCardPdfDocument.ComposeBody(IContainer)' with a call to 'decimal.ToString(string, IFormatProvider)'. (https://learn.microsoft.com/dotnet/fundamentals/code-analysis/quality-rules/ca1305) [d:\VB\AMIS101\src\Modules\Expendable\Modules.Expendable\Modules.Expendable.csproj]
d:\VB\AMIS101\src\Modules\Expendable\Modules.Expendable\Features\v1\Reports\GenerateStockCardPdf\StockCardPdfDocument.cs(169,27): warning CA1305: The behavior of 'int.ToString()' could vary based on the current user's locale settings. Replace this call in 'StockCardPdfDocument.ComposeBody(IContainer)' with a call to 'int.ToString(IFormatProvider)'. (https://learn.microsoft.com/dotnet/fundamentals/code-analysis/quality-rules/ca1305) [d:\VB\AMIS101\src\Modules\Expendable\Modules.Expendable\Modules.Expendable.csproj]
d:\VB\AMIS101\src\Modules\Expendable\Modules.Expendable\Features\v1\Reports\GenerateStockCardPdf\StockCardPdfDocument.cs(171,27): warning CA1305: The behavior of 'decimal.ToString(string)' could vary based on the current user's locale settings. Replace this call in 'StockCardPdfDocument.ComposeBody(IContainer)' with a call to 'decimal.ToString(string, IFormatProvider)'. (https://learn.microsoft.com/dotnet/fundamentals/code-analysis/quality-rules/ca1305) [d:\VB\AMIS101\src\Modules\Expendable\Modules.Expendable\Modules.Expendable.csproj]
d:\VB\AMIS101\src\Modules\Expendable\Modules.Expendable\Features\v1\Reports\GenerateStockCardPdf\StockCardPdfDocument.cs(173,27): warning CA1305: The behavior of 'decimal.ToString(string)' could vary based on the current user's locale settings. Replace this call in 'StockCardPdfDocument.ComposeBody(IContainer)' with a call to 'decimal.ToString(string, IFormatProvider)'. (https://learn.microsoft.com/dotnet/fundamentals/code-analysis/quality-rules/ca1305) [d:\VB\AMIS101\src\Modules\Expendable\Modules.Expendable\Modules.Expendable.csproj]
  Modules.AssetManagement -> D:\VB\AMIS101\src\Modules\AssetManagement\Modules.AssetManagement\bin\Debug\net10.0\FSH.Modules.AssetManagement.dll
  Modules.Expendable -> d:\VB\AMIS101\src\Modules\Expendable\Modules.Expendable\bin\Debug\net10.0\FSH.Modules.Expendable.dll
d:\VB\AMIS101\src\Playground\Playground.Blazor\Components\Pages\Expendable\WarehousePage.razor(37,95): warning CS8603: Possible null reference return. [d:\VB\AMIS101\src\Playground\Playground.Blazor\Playground.Blazor.csproj]
d:\VB\AMIS101\src\Playground\Playground.Blazor\obj\Debug\net10.0\Microsoft.CodeAnalysis.Razor.Compiler\Microsoft.NET.Sdk.Razor.SourceGenerators.RazorSourceGenerator\Components\Pages\AssetManagement\SemiExpendablePropertiesPage_razor.g.cs(1214,112): warning CS8669: The annotation for nullable reference types should only be used in code within a '#nullable' annotations context. Auto-generated code requires an explicit '#nullable' directive in source. [d:\VB\AMIS101\src\Playground\Playground.Blazor\Playground.Blazor.csproj]
d:\VB\AMIS101\src\Playground\Playground.Blazor\obj\Debug\net10.0\Microsoft.CodeAnalysis.Razor.Compiler\Microsoft.NET.Sdk.Razor.SourceGenerators.RazorSourceGenerator\Components\Pages\AssetManagement\SemiExpendablePropertiesPage_razor.g.cs(1222,124): warning CS8669: The annotation for nullable reference types should only be used in code within a '#nullable' annotations context. Auto-generated code requires an explicit '#nullable' directive in source. [d:\VB\AMIS101\src\Playground\Playground.Blazor\Playground.Blazor.csproj]
d:\VB\AMIS101\src\Playground\Playground.Blazor\obj\Debug\net10.0\Microsoft.CodeAnalysis.Razor.Compiler\Microsoft.NET.Sdk.Razor.SourceGenerators.RazorSourceGenerator\Components\Pages\AssetManagement\SemiExpendablePropertiesPage_razor.g.cs(1231,112): warning CS8669: The annotation for nullable reference types should only be used in code within a '#nullable' annotations context. Auto-generated code requires an explicit '#nullable' directive in source. [d:\VB\AMIS101\src\Playground\Playground.Blazor\Playground.Blazor.csproj]
d:\VB\AMIS101\src\Playground\Playground.Blazor\obj\Debug\net10.0\Microsoft.CodeAnalysis.Razor.Compiler\Microsoft.NET.Sdk.Razor.SourceGenerators.RazorSourceGenerator\Components\Pages\AssetManagement\SemiExpendablePropertiesPage_razor.g.cs(1240,112): warning CS8669: The annotation for nullable reference types should only be used in code within a '#nullable' annotations context. Auto-generated code requires an explicit '#nullable' directive in source. [d:\VB\AMIS101\src\Playground\Playground.Blazor\Playground.Blazor.csproj]
d:\VB\AMIS101\src\Playground\Playground.Blazor\obj\Debug\net10.0\Microsoft.CodeAnalysis.Razor.Compiler\Microsoft.NET.Sdk.Razor.SourceGenerators.RazorSourceGenerator\Components\Pages\AssetManagement\SemiExpendablePropertiesPage_razor.g.cs(1258,112): warning CS8669: The annotation for nullable reference types should only be used in code within a '#nullable' annotations context. Auto-generated code requires an explicit '#nullable' directive in source. [d:\VB\AMIS101\src\Playground\Playground.Blazor\Playground.Blazor.csproj]
d:\VB\AMIS101\src\Playground\Playground.Blazor\obj\Debug\net10.0\Microsoft.CodeAnalysis.Razor.Compiler\Microsoft.NET.Sdk.Razor.SourceGenerators.RazorSourceGenerator\Components\Pages\AssetManagement\SemiExpendablePropertiesPage_razor.g.cs(1267,112): warning CS8669: The annotation for nullable reference types should only be used in code within a '#nullable' annotations context. Auto-generated code requires an explicit '#nullable' directive in source. [d:\VB\AMIS101\src\Playground\Playground.Blazor\Playground.Blazor.csproj]
d:\VB\AMIS101\src\Playground\Playground.Blazor\obj\Debug\net10.0\Microsoft.CodeAnalysis.Razor.Compiler\Microsoft.NET.Sdk.Razor.SourceGenerators.RazorSourceGenerator\Components\Pages\AssetManagement\SemiExpendablePropertiesPage_razor.g.cs(1275,178): warning CS8669: The annotation for nullable reference types should only be used in code within a '#nullable' annotations context. Auto-generated code requires an explicit '#nullable' directive in source. [d:\VB\AMIS101\src\Playground\Playground.Blazor\Playground.Blazor.csproj]
d:\VB\AMIS101\src\Playground\Playground.Blazor\obj\Debug\net10.0\Microsoft.CodeAnalysis.Razor.Compiler\Microsoft.NET.Sdk.Razor.SourceGenerators.RazorSourceGenerator\Components\Pages\AssetManagement\SemiExpendablePropertiesPage_razor.g.cs(1275,257): warning CS8669: The annotation for nullable reference types should only be used in code within a '#nullable' annotations context. Auto-generated code requires an explicit '#nullable' directive in source. [d:\VB\AMIS101\src\Playground\Playground.Blazor\Playground.Blazor.csproj]
d:\VB\AMIS101\src\Playground\Playground.Blazor\obj\Debug\net10.0\Microsoft.CodeAnalysis.Razor.Compiler\Microsoft.NET.Sdk.Razor.SourceGenerators.RazorSourceGenerator\Components\Pages\AssetManagement\SemiExpendablePropertiesPage_razor.g.cs(1294,120): warning CS8669: The annotation for nullable reference types should only be used in code within a '#nullable' annotations context. Auto-generated code requires an explicit '#nullable' directive in source. [d:\VB\AMIS101\src\Playground\Playground.Blazor\Playground.Blazor.csproj]
d:\VB\AMIS101\src\Playground\Playground.Blazor\obj\Debug\net10.0\Microsoft.CodeAnalysis.Razor.Compiler\Microsoft.NET.Sdk.Razor.SourceGenerators.RazorSourceGenerator\Components\Pages\AssetManagement\SemiExpendablePropertiesPage_razor.g.cs(1302,128): warning CS8669: The annotation for nullable reference types should only be used in code within a '#nullable' annotations context. Auto-generated code requires an explicit '#nullable' directive in source. [d:\VB\AMIS101\src\Playground\Playground.Blazor\Playground.Blazor.csproj]
d:\VB\AMIS101\src\Playground\Playground.Blazor\obj\Debug\net10.0\Microsoft.CodeAnalysis.Razor.Compiler\Microsoft.NET.Sdk.Razor.SourceGenerators.RazorSourceGenerator\Components\Pages\AssetManagement\SemiExpendablePropertiesPage_razor.g.cs(1342,120): warning CS8669: The annotation for nullable reference types should only be used in code within a '#nullable' annotations context. Auto-generated code requires an explicit '#nullable' directive in source. [d:\VB\AMIS101\src\Playground\Playground.Blazor\Playground.Blazor.csproj]
d:\VB\AMIS101\src\Playground\Playground.Blazor\obj\Debug\net10.0\Microsoft.CodeAnalysis.Razor.Compiler\Microsoft.NET.Sdk.Razor.SourceGenerators.RazorSourceGenerator\Components\Pages\AssetManagement\SemiExpendablePropertiesPage_razor.g.cs(1350,128): warning CS8669: The annotation for nullable reference types should only be used in code within a '#nullable' annotations context. Auto-generated code requires an explicit '#nullable' directive in source. [d:\VB\AMIS101\src\Playground\Playground.Blazor\Playground.Blazor.csproj]
d:\VB\AMIS101\src\Playground\Playground.Blazor\obj\Debug\net10.0\Microsoft.CodeAnalysis.Razor.Compiler\Microsoft.NET.Sdk.Razor.SourceGenerators.RazorSourceGenerator\Components\Pages\MasterData\PropertyCodeGeneratorPage_razor.g.cs(385,111): warning CS8669: The annotation for nullable reference types should only be used in code within a '#nullable' annotations context. Auto-generated code requires an explicit '#nullable' directive in source. [d:\VB\AMIS101\src\Playground\Playground.Blazor\Playground.Blazor.csproj]
d:\VB\AMIS101\src\Playground\Playground.Blazor\obj\Debug\net10.0\Microsoft.CodeAnalysis.Razor.Compiler\Microsoft.NET.Sdk.Razor.SourceGenerators.RazorSourceGenerator\Components\Pages\MasterData\PropertyCodeGeneratorPage_razor.g.cs(394,111): warning CS8669: The annotation for nullable reference types should only be used in code within a '#nullable' annotations context. Auto-generated code requires an explicit '#nullable' directive in source. [d:\VB\AMIS101\src\Playground\Playground.Blazor\Playground.Blazor.csproj]
d:\VB\AMIS101\src\Playground\Playground.Blazor\obj\Debug\net10.0\Microsoft.CodeAnalysis.Razor.Compiler\Microsoft.NET.Sdk.Razor.SourceGenerators.RazorSourceGenerator\Components\Pages\MasterData\PropertyCodeGeneratorPage_razor.g.cs(411,111): warning CS8669: The annotation for nullable reference types should only be used in code within a '#nullable' annotations context. Auto-generated code requires an explicit '#nullable' directive in source. [d:\VB\AMIS101\src\Playground\Playground.Blazor\Playground.Blazor.csproj]
d:\VB\AMIS101\src\Playground\Playground.Blazor\obj\Debug\net10.0\Microsoft.CodeAnalysis.Razor.Compiler\Microsoft.NET.Sdk.Razor.SourceGenerators.RazorSourceGenerator\Components\Pages\MasterData\PropertyCodeGeneratorPage_razor.g.cs(420,111): warning CS8669: The annotation for nullable reference types should only be used in code within a '#nullable' annotations context. Auto-generated code requires an explicit '#nullable' directive in source. [d:\VB\AMIS101\src\Playground\Playground.Blazor\Playground.Blazor.csproj]
d:\VB\AMIS101\src\Playground\Playground.Blazor\obj\Debug\net10.0\Microsoft.CodeAnalysis.Razor.Compiler\Microsoft.NET.Sdk.Razor.SourceGenerators.RazorSourceGenerator\Components\Pages\MasterData\PropertyCodeGeneratorPage_razor.g.cs(428,63): warning CS8669: The annotation for nullable reference types should only be used in code within a '#nullable' annotations context. Auto-generated code requires an explicit '#nullable' directive in source. [d:\VB\AMIS101\src\Playground\Playground.Blazor\Playground.Blazor.csproj]
d:\VB\AMIS101\src\Playground\Playground.Blazor\obj\Debug\net10.0\Microsoft.CodeAnalysis.Razor.Compiler\Microsoft.NET.Sdk.Razor.SourceGenerators.RazorSourceGenerator\Components\Pages\MasterData\PropertyCodeGeneratorPage_razor.g.cs(437,111): warning CS8669: The annotation for nullable reference types should only be used in code within a '#nullable' annotations context. Auto-generated code requires an explicit '#nullable' directive in source. [d:\VB\AMIS101\src\Playground\Playground.Blazor\Playground.Blazor.csproj]
d:\VB\AMIS101\src\Playground\Playground.Blazor\obj\Debug\net10.0\Microsoft.CodeAnalysis.Razor.Compiler\Microsoft.NET.Sdk.Razor.SourceGenerators.RazorSourceGenerator\Components\Pages\MasterData\PropertyCodeGeneratorPage_razor.g.cs(454,111): warning CS8669: The annotation for nullable reference types should only be used in code within a '#nullable' annotations context. Auto-generated code requires an explicit '#nullable' directive in source. [d:\VB\AMIS101\src\Playground\Playground.Blazor\Playground.Blazor.csproj]
d:\VB\AMIS101\src\Playground\Playground.Blazor\obj\Debug\net10.0\Microsoft.CodeAnalysis.Razor.Compiler\Microsoft.NET.Sdk.Razor.SourceGenerators.RazorSourceGenerator\Components\Pages\MasterData\PropertyCodeGeneratorPage_razor.g.cs(462,124): warning CS8669: The annotation for nullable reference types should only be used in code within a '#nullable' annotations context. Auto-generated code requires an explicit '#nullable' directive in source. [d:\VB\AMIS101\src\Playground\Playground.Blazor\Playground.Blazor.csproj]
d:\VB\AMIS101\src\Playground\Playground.Blazor\obj\Debug\net10.0\Microsoft.CodeAnalysis.Razor.Compiler\Microsoft.NET.Sdk.Razor.SourceGenerators.RazorSourceGenerator\Components\Pages\MasterData\PropertyCodeGeneratorPage_razor.g.cs(471,111): warning CS8669: The annotation for nullable reference types should only be used in code within a '#nullable' annotations context. Auto-generated code requires an explicit '#nullable' directive in source. [d:\VB\AMIS101\src\Playground\Playground.Blazor\Playground.Blazor.csproj]
d:\VB\AMIS101\src\Playground\Playground.Blazor\obj\Debug\net10.0\Microsoft.CodeAnalysis.Razor.Compiler\Microsoft.NET.Sdk.Razor.SourceGenerators.RazorSourceGenerator\Components\Pages\MasterData\PropertyCodeGeneratorPage_razor.g.cs(471,271): warning CS8669: The annotation for nullable reference types should only be used in code within a '#nullable' annotations context. Auto-generated code requires an explicit '#nullable' directive in source. [d:\VB\AMIS101\src\Playground\Playground.Blazor\Playground.Blazor.csproj]
d:\VB\AMIS101\src\Playground\Playground.Blazor\obj\Debug\net10.0\Microsoft.CodeAnalysis.Razor.Compiler\Microsoft.NET.Sdk.Razor.SourceGenerators.RazorSourceGenerator\Components\Pages\MasterData\PropertyCodeGeneratorPage_razor.g.cs(471,350): warning CS8669: The annotation for nullable reference types should only be used in code within a '#nullable' annotations context. Auto-generated code requires an explicit '#nullable' directive in source. [d:\VB\AMIS101\src\Playground\Playground.Blazor\Playground.Blazor.csproj]
d:\VB\AMIS101\src\Playground\Playground.Blazor\obj\Debug\net10.0\Microsoft.CodeAnalysis.Razor.Compiler\Microsoft.NET.Sdk.Razor.SourceGenerators.RazorSourceGenerator\Components\Pages\MasterData\PropertyCodeGeneratorPage_razor.g.cs(482,119): warning CS8669: The annotation for nullable reference types should only be used in code within a '#nullable' annotations context. Auto-generated code requires an explicit '#nullable' directive in source. [d:\VB\AMIS101\src\Playground\Playground.Blazor\Playground.Blazor.csproj]
d:\VB\AMIS101\src\Playground\Playground.Blazor\obj\Debug\net10.0\Microsoft.CodeAnalysis.Razor.Compiler\Microsoft.NET.Sdk.Razor.SourceGenerators.RazorSourceGenerator\Components\Pages\MasterData\PropertyCodeGeneratorPage_razor.g.cs(490,128): warning CS8669: The annotation for nullable reference types should only be used in code within a '#nullable' annotations context. Auto-generated code requires an explicit '#nullable' directive in source. [d:\VB\AMIS101\src\Playground\Playground.Blazor\Playground.Blazor.csproj]
d:\VB\AMIS101\src\Playground\Playground.Blazor\obj\Debug\net10.0\Microsoft.CodeAnalysis.Razor.Compiler\Microsoft.NET.Sdk.Razor.SourceGenerators.RazorSourceGenerator\Components\Pages\MasterData\PropertyCodeGeneratorPage_razor.g.cs(530,119): warning CS8669: The annotation for nullable reference types should only be used in code within a '#nullable' annotations context. Auto-generated code requires an explicit '#nullable' directive in source. [d:\VB\AMIS101\src\Playground\Playground.Blazor\Playground.Blazor.csproj]
d:\VB\AMIS101\src\Playground\Playground.Blazor\obj\Debug\net10.0\Microsoft.CodeAnalysis.Razor.Compiler\Microsoft.NET.Sdk.Razor.SourceGenerators.RazorSourceGenerator\Components\Pages\MasterData\PropertyCodeGeneratorPage_razor.g.cs(538,128): warning CS8669: The annotation for nullable reference types should only be used in code within a '#nullable' annotations context. Auto-generated code requires an explicit '#nullable' directive in source. [d:\VB\AMIS101\src\Playground\Playground.Blazor\Playground.Blazor.csproj]
d:\VB\AMIS101\src\Playground\Playground.Blazor\obj\Debug\net10.0\Microsoft.CodeAnalysis.Razor.Compiler\Microsoft.NET.Sdk.Razor.SourceGenerators.RazorSourceGenerator\Components\Pages\MasterData\PropertyCodeGeneratorPage_razor.g.cs(589,111): warning CS8669: The annotation for nullable reference types should only be used in code within a '#nullable' annotations context. Auto-generated code requires an explicit '#nullable' directive in source. [d:\VB\AMIS101\src\Playground\Playground.Blazor\Playground.Blazor.csproj]
d:\VB\AMIS101\src\Playground\Playground.Blazor\obj\Debug\net10.0\Microsoft.CodeAnalysis.Razor.Compiler\Microsoft.NET.Sdk.Razor.SourceGenerators.RazorSourceGenerator\Components\Pages\MasterData\PropertyCodeGeneratorPage_razor.g.cs(598,111): warning CS8669: The annotation for nullable reference types should only be used in code within a '#nullable' annotations context. Auto-generated code requires an explicit '#nullable' directive in source. [d:\VB\AMIS101\src\Playground\Playground.Blazor\Playground.Blazor.csproj]
d:\VB\AMIS101\src\Playground\Playground.Blazor\obj\Debug\net10.0\Microsoft.CodeAnalysis.Razor.Compiler\Microsoft.NET.Sdk.Razor.SourceGenerators.RazorSourceGenerator\Components\Pages\MasterData\PropertyCodeGeneratorPage_razor.g.cs(615,111): warning CS8669: The annotation for nullable reference types should only be used in code within a '#nullable' annotations context. Auto-generated code requires an explicit '#nullable' directive in source. [d:\VB\AMIS101\src\Playground\Playground.Blazor\Playground.Blazor.csproj]
d:\VB\AMIS101\src\Playground\Playground.Blazor\obj\Debug\net10.0\Microsoft.CodeAnalysis.Razor.Compiler\Microsoft.NET.Sdk.Razor.SourceGenerators.RazorSourceGenerator\Components\Pages\MasterData\PropertyCodeGeneratorPage_razor.g.cs(624,111): warning CS8669: The annotation for nullable reference types should only be used in code within a '#nullable' annotations context. Auto-generated code requires an explicit '#nullable' directive in source. [d:\VB\AMIS101\src\Playground\Playground.Blazor\Playground.Blazor.csproj]
d:\VB\AMIS101\src\Playground\Playground.Blazor\obj\Debug\net10.0\Microsoft.CodeAnalysis.Razor.Compiler\Microsoft.NET.Sdk.Razor.SourceGenerators.RazorSourceGenerator\Components\Pages\MasterData\PropertyCodeGeneratorPage_razor.g.cs(641,111): warning CS8669: The annotation for nullable reference types should only be used in code within a '#nullable' annotations context. Auto-generated code requires an explicit '#nullable' directive in source. [d:\VB\AMIS101\src\Playground\Playground.Blazor\Playground.Blazor.csproj]
d:\VB\AMIS101\src\Playground\Playground.Blazor\obj\Debug\net10.0\Microsoft.CodeAnalysis.Razor.Compiler\Microsoft.NET.Sdk.Razor.SourceGenerators.RazorSourceGenerator\Components\Pages\MasterData\PropertyCodeGeneratorPage_razor.g.cs(658,111): warning CS8669: The annotation for nullable reference types should only be used in code within a '#nullable' annotations context. Auto-generated code requires an explicit '#nullable' directive in source. [d:\VB\AMIS101\src\Playground\Playground.Blazor\Playground.Blazor.csproj]
d:\VB\AMIS101\src\Playground\Playground.Blazor\obj\Debug\net10.0\Microsoft.CodeAnalysis.Razor.Compiler\Microsoft.NET.Sdk.Razor.SourceGenerators.RazorSourceGenerator\Components\Pages\MasterData\PropertyCodeGeneratorPage_razor.g.cs(666,124): warning CS8669: The annotation for nullable reference types should only be used in code within a '#nullable' annotations context. Auto-generated code requires an explicit '#nullable' directive in source. [d:\VB\AMIS101\src\Playground\Playground.Blazor\Playground.Blazor.csproj]
d:\VB\AMIS101\src\Playground\Playground.Blazor\obj\Debug\net10.0\Microsoft.CodeAnalysis.Razor.Compiler\Microsoft.NET.Sdk.Razor.SourceGenerators.RazorSourceGenerator\Components\Pages\MasterData\PropertyCodeGeneratorPage_razor.g.cs(675,111): warning CS8669: The annotation for nullable reference types should only be used in code within a '#nullable' annotations context. Auto-generated code requires an explicit '#nullable' directive in source. [d:\VB\AMIS101\src\Playground\Playground.Blazor\Playground.Blazor.csproj]
d:\VB\AMIS101\src\Playground\Playground.Blazor\obj\Debug\net10.0\Microsoft.CodeAnalysis.Razor.Compiler\Microsoft.NET.Sdk.Razor.SourceGenerators.RazorSourceGenerator\Components\Pages\MasterData\PropertyCodeGeneratorPage_razor.g.cs(675,271): warning CS8669: The annotation for nullable reference types should only be used in code within a '#nullable' annotations context. Auto-generated code requires an explicit '#nullable' directive in source. [d:\VB\AMIS101\src\Playground\Playground.Blazor\Playground.Blazor.csproj]
d:\VB\AMIS101\src\Playground\Playground.Blazor\obj\Debug\net10.0\Microsoft.CodeAnalysis.Razor.Compiler\Microsoft.NET.Sdk.Razor.SourceGenerators.RazorSourceGenerator\Components\Pages\MasterData\PropertyCodeGeneratorPage_razor.g.cs(675,350): warning CS8669: The annotation for nullable reference types should only be used in code within a '#nullable' annotations context. Auto-generated code requires an explicit '#nullable' directive in source. [d:\VB\AMIS101\src\Playground\Playground.Blazor\Playground.Blazor.csproj]
d:\VB\AMIS101\src\Playground\Playground.Blazor\obj\Debug\net10.0\Microsoft.CodeAnalysis.Razor.Compiler\Microsoft.NET.Sdk.Razor.SourceGenerators.RazorSourceGenerator\Components\Pages\MasterData\PropertyCodeGeneratorPage_razor.g.cs(686,119): warning CS8669: The annotation for nullable reference types should only be used in code within a '#nullable' annotations context. Auto-generated code requires an explicit '#nullable' directive in source. [d:\VB\AMIS101\src\Playground\Playground.Blazor\Playground.Blazor.csproj]
d:\VB\AMIS101\src\Playground\Playground.Blazor\obj\Debug\net10.0\Microsoft.CodeAnalysis.Razor.Compiler\Microsoft.NET.Sdk.Razor.SourceGenerators.RazorSourceGenerator\Components\Pages\MasterData\PropertyCodeGeneratorPage_razor.g.cs(694,128): warning CS8669: The annotation for nullable reference types should only be used in code within a '#nullable' annotations context. Auto-generated code requires an explicit '#nullable' directive in source. [d:\VB\AMIS101\src\Playground\Playground.Blazor\Playground.Blazor.csproj]
d:\VB\AMIS101\src\Playground\Playground.Blazor\obj\Debug\net10.0\Microsoft.CodeAnalysis.Razor.Compiler\Microsoft.NET.Sdk.Razor.SourceGenerators.RazorSourceGenerator\Components\Pages\MasterData\PropertyCodeGeneratorPage_razor.g.cs(734,119): warning CS8669: The annotation for nullable reference types should only be used in code within a '#nullable' annotations context. Auto-generated code requires an explicit '#nullable' directive in source. [d:\VB\AMIS101\src\Playground\Playground.Blazor\Playground.Blazor.csproj]
d:\VB\AMIS101\src\Playground\Playground.Blazor\obj\Debug\net10.0\Microsoft.CodeAnalysis.Razor.Compiler\Microsoft.NET.Sdk.Razor.SourceGenerators.RazorSourceGenerator\Components\Pages\MasterData\PropertyCodeGeneratorPage_razor.g.cs(742,128): warning CS8669: The annotation for nullable reference types should only be used in code within a '#nullable' annotations context. Auto-generated code requires an explicit '#nullable' directive in source. [d:\VB\AMIS101\src\Playground\Playground.Blazor\Playground.Blazor.csproj]
d:\VB\AMIS101\src\Playground\Playground.Blazor\Components\Pages\ProcurementPlanning\AppPage.razor(285,100): warning CS8602: Dereference of a possibly null reference. [d:\VB\AMIS101\src\Playground\Playground.Blazor\Playground.Blazor.csproj]
d:\VB\AMIS101\src\Playground\Playground.Blazor\Components\Pages\ProcurementPlanning\AppPage.razor(363,48): warning CS8602: Dereference of a possibly null reference. [d:\VB\AMIS101\src\Playground\Playground.Blazor\Playground.Blazor.csproj]
d:\VB\AMIS101\src\Playground\Playground.Blazor\Components\Pages\ProcurementPlanning\AppPage.razor(428,85): warning CS8602: Dereference of a possibly null reference. [d:\VB\AMIS101\src\Playground\Playground.Blazor\Playground.Blazor.csproj]
d:\VB\AMIS101\src\Playground\Playground.Blazor\Components\Pages\ProcurementPlanning\AppPage.razor(432,61): warning CS8602: Dereference of a possibly null reference. [d:\VB\AMIS101\src\Playground\Playground.Blazor\Playground.Blazor.csproj]
d:\VB\AMIS101\src\Playground\Playground.Blazor\Components\Pages\ProcurementPlanning\AppPage.razor(441,40): warning CS8602: Dereference of a possibly null reference. [d:\VB\AMIS101\src\Playground\Playground.Blazor\Playground.Blazor.csproj]
d:\VB\AMIS101\src\Playground\Playground.Blazor\Components\Pages\ProcurementPlanning\AppPage.razor(502,46): error CS0266: Cannot implicitly convert type 'System.Collections.Generic.IReadOnlyList<FSH.Modules.ProcurementPlanning.Contracts.v1.AnnualProcurementPlans.AppItemDto>' to 'System.Collections.Generic.List<FSH.Modules.ProcurementPlanning.Contracts.v1.AnnualProcurementPlans.AppItemDto>'. An explicit conversion exists (are you missing a cast?) [d:\VB\AMIS101\src\Playground\Playground.Blazor\Playground.Blazor.csproj]
d:\VB\AMIS101\src\Playground\Playground.Blazor\Components\Pages\Expendable\PurchasesPage.razor(38,83): warning CS8603: Possible null reference return. [d:\VB\AMIS101\src\Playground\Playground.Blazor\Playground.Blazor.csproj]
d:\VB\AMIS101\src\Playground\Playground.Blazor\Components\Pages\AssetManagement\PhysicalCountWalkthroughPage.razor(597,24): warning CS8602: Dereference of a possibly null reference. [d:\VB\AMIS101\src\Playground\Playground.Blazor\Playground.Blazor.csproj]
d:\VB\AMIS101\src\Playground\Playground.Blazor\Services\Api\ApiHealthMonitor.cs(5,18): warning CA1515: Because an application's API isn't typically referenced from outside the assembly, types can be made internal (https://learn.microsoft.com/dotnet/fundamentals/code-analysis/quality-rules/ca1515) [d:\VB\AMIS101\src\Playground\Playground.Blazor\Playground.Blazor.csproj]
d:\VB\AMIS101\src\Playground\Playground.Blazor\Services\Api\ApiHealthMonitor.cs(8,19): warning CA1003: Change the event 'OnStatusChanged' to replace the type 'System.Action?' with a generic EventHandler, for example EventHandler<T>, where T is a valid EventArgs (https://learn.microsoft.com/dotnet/fundamentals/code-analysis/quality-rules/ca1003) [d:\VB\AMIS101\src\Playground\Playground.Blazor\Playground.Blazor.csproj]
d:\VB\AMIS101\src\Playground\Playground.Blazor\Services\Api\ApiHealthMonitor.cs(13,13): warning CA1515: Because an application's API isn't typically referenced from outside the assembly, types can be made internal (https://learn.microsoft.com/dotnet/fundamentals/code-analysis/quality-rules/ca1515) [d:\VB\AMIS101\src\Playground\Playground.Blazor\Playground.Blazor.csproj]
d:\VB\AMIS101\src\Playground\Playground.Blazor\Services\MasterDataService.cs(11,14): warning CA1515: Because an application's API isn't typically referenced from outside the assembly, types can be made internal (https://learn.microsoft.com/dotnet/fundamentals/code-analysis/quality-rules/ca1515) [d:\VB\AMIS101\src\Playground\Playground.Blazor\Playground.Blazor.csproj]
d:\VB\AMIS101\src\Playground\Playground.Blazor\Components\Pages\Finance\DisbursementVouchersPage.razor(391,18): warning S4144: Update this method so that its implementation is not identical to 'CancelEdit'. (https://rules.sonarsource.com/csharp/RSPEC-4144) [d:\VB\AMIS101\src\Playground\Playground.Blazor\Playground.Blazor.csproj]
d:\VB\AMIS101\src\Playground\Playground.Blazor\Components\Pages\MasterData\CapitalizationThresholdsPage.razor(354,18): warning S4144: Update this method so that its implementation is not identical to 'CancelEdit'. (https://rules.sonarsource.com/csharp/RSPEC-4144) [d:\VB\AMIS101\src\Playground\Playground.Blazor\Playground.Blazor.csproj]
d:\VB\AMIS101\src\Playground\Playground.Blazor\Components\Pages\Procurement\PurchaseRequestsPage.razor(491,18): warning S4144: Update this method so that its implementation is not identical to 'CancelEdit'. (https://rules.sonarsource.com/csharp/RSPEC-4144) [d:\VB\AMIS101\src\Playground\Playground.Blazor\Playground.Blazor.csproj]
d:\VB\AMIS101\src\Playground\Playground.Blazor\Components\Pages\Vehicle\FuelOdometerPage.razor(158,20): warning S2325: Make 'OdometerValidationMessage' a static property. (https://rules.sonarsource.com/csharp/RSPEC-2325) [d:\VB\AMIS101\src\Playground\Playground.Blazor\Playground.Blazor.csproj]
d:\VB\AMIS101\src\Playground\Playground.Blazor\Components\Pages\Procurement\PurchaseOrdersPage.razor(547,18): warning S4144: Update this method so that its implementation is not identical to 'CancelEdit'. (https://rules.sonarsource.com/csharp/RSPEC-4144) [d:\VB\AMIS101\src\Playground\Playground.Blazor\Playground.Blazor.csproj]
d:\VB\AMIS101\src\Playground\Playground.Blazor\ApiClient\ProductsClientExtensions.cs(7,21): warning CA1515: Because an application's API isn't typically referenced from outside the assembly, types can be made internal (https://learn.microsoft.com/dotnet/fundamentals/code-analysis/quality-rules/ca1515) [d:\VB\AMIS101\src\Playground\Playground.Blazor\Playground.Blazor.csproj]
d:\VB\AMIS101\src\Playground\Playground.Blazor\ApiClient\MasterDataClientExtensions.cs(17,21): warning CA1515: Because an application's API isn't typically referenced from outside the assembly, types can be made internal (https://learn.microsoft.com/dotnet/fundamentals/code-analysis/quality-rules/ca1515) [d:\VB\AMIS101\src\Playground\Playground.Blazor\Playground.Blazor.csproj]
d:\VB\AMIS101\src\Playground\Playground.Blazor\ApiClient\MasterDataClientExtensions.cs(17,21): warning CA1707: Remove the underscores from type name FSH.Playground.Blazor.ApiClient.Master_dataClientExtensions (https://learn.microsoft.com/dotnet/fundamentals/code-analysis/quality-rules/ca1707) [d:\VB\AMIS101\src\Playground\Playground.Blazor\Playground.Blazor.csproj]
d:\VB\AMIS101\src\Playground\Playground.Blazor\ApiClient\ReportsClient.cs(15,18): warning CA1515: Because an application's API isn't typically referenced from outside the assembly, types can be made internal (https://learn.microsoft.com/dotnet/fundamentals/code-analysis/quality-rules/ca1515) [d:\VB\AMIS101\src\Playground\Playground.Blazor\Playground.Blazor.csproj]
d:\VB\AMIS101\src\Playground\Playground.Blazor\ApiClient\ReportsClient.cs(63,21): warning CA1515: Because an application's API isn't typically referenced from outside the assembly, types can be made internal (https://learn.microsoft.com/dotnet/fundamentals/code-analysis/quality-rules/ca1515) [d:\VB\AMIS101\src\Playground\Playground.Blazor\Playground.Blazor.csproj]
d:\VB\AMIS101\src\Playground\Playground.Blazor\ApiClient\SupplyRequestClientExtensions.cs(9,21): warning CA1515: Because an application's API isn't typically referenced from outside the assembly, types can be made internal (https://learn.microsoft.com/dotnet/fundamentals/code-analysis/quality-rules/ca1515) [d:\VB\AMIS101\src\Playground\Playground.Blazor\Playground.Blazor.csproj]
d:\VB\AMIS101\src\Playground\Playground.Blazor\Services\Api\ApiHealthMonitor.cs(67,17): warning CA1873: Evaluation of this argument may be expensive and unnecessary if logging is disabled (https://learn.microsoft.com/dotnet/fundamentals/code-analysis/quality-rules/ca1873) [d:\VB\AMIS101\src\Playground\Playground.Blazor\Playground.Blazor.csproj]
d:\VB\AMIS101\src\Playground\Playground.Blazor\Services\Api\ApiHealthMonitor.cs(60,44): warning CA1307: 'string.Contains(string)' has a method overload that takes a 'StringComparison' parameter. Replace this call in 'FSH.Playground.Blazor.Services.Api.ApiHealthMonitor.CheckHealthAsync()' with a call to 'string.Contains(string, System.StringComparison)' for clarity of intent. (https://learn.microsoft.com/dotnet/fundamentals/code-analysis/quality-rules/ca1307) [d:\VB\AMIS101\src\Playground\Playground.Blazor\Playground.Blazor.csproj]
d:\VB\AMIS101\src\Playground\Playground.Blazor\Services\ThemeStateFactory.cs(103,13): warning S6667: Logging in a catch clause should pass the caught exception as a parameter. (https://rules.sonarsource.com/csharp/RSPEC-6667) [d:\VB\AMIS101\src\Playground\Playground.Blazor\Playground.Blazor.csproj]
d:\VB\AMIS101\src\Playground\Playground.Blazor\Services\ThemeStateFactory.cs(109,13): warning S6667: Logging in a catch clause should pass the caught exception as a parameter. (https://rules.sonarsource.com/csharp/RSPEC-6667) [d:\VB\AMIS101\src\Playground\Playground.Blazor\Playground.Blazor.csproj]
d:\VB\AMIS101\src\Playground\Playground.Blazor\Services\ThemeStateFactory.cs(103,13): warning CA1873: Evaluation of this argument may be expensive and unnecessary if logging is disabled (https://learn.microsoft.com/dotnet/fundamentals/code-analysis/quality-rules/ca1873) [d:\VB\AMIS101\src\Playground\Playground.Blazor\Playground.Blazor.csproj]
d:\VB\AMIS101\src\Playground\Playground.Blazor\Services\ThemeStateFactory.cs(109,13): warning CA1873: Evaluation of this argument may be expensive and unnecessary if logging is disabled (https://learn.microsoft.com/dotnet/fundamentals/code-analysis/quality-rules/ca1873) [d:\VB\AMIS101\src\Playground\Playground.Blazor\Playground.Blazor.csproj]
d:\VB\AMIS101\src\Playground\Playground.Blazor\Services\ThemeStateFactory.cs(130,13): warning CA1873: Evaluation of this argument may be expensive and unnecessary if logging is disabled (https://learn.microsoft.com/dotnet/fundamentals/code-analysis/quality-rules/ca1873) [d:\VB\AMIS101\src\Playground\Playground.Blazor\Playground.Blazor.csproj]
d:\VB\AMIS101\src\Playground\Playground.Blazor\Services\Api\AuthorizationHeaderHandler.cs(234,17): warning CA1873: Evaluation of this argument may be expensive and unnecessary if logging is disabled (https://learn.microsoft.com/dotnet/fundamentals/code-analysis/quality-rules/ca1873) [d:\VB\AMIS101\src\Playground\Playground.Blazor\Playground.Blazor.csproj]
d:\VB\AMIS101\src\Playground\Playground.Blazor\ApiClient\SupplyRequestClientExtensions.cs(54,80): warning S3011: Make sure that this accessibility bypass is safe here. (https://rules.sonarsource.com/csharp/RSPEC-3011) [d:\VB\AMIS101\src\Playground\Playground.Blazor\Playground.Blazor.csproj]
d:\VB\AMIS101\src\Playground\Playground.Blazor\ApiClient\SupplyRequestClientExtensions.cs(41,30): warning CA2234: Modify 'ISupply_requestsClient.CancelAsync(Guid, [CancellationToken])' to call 'HttpClient.PutAsync(Uri, HttpContent, CancellationToken)' instead of 'HttpClient.PutAsync(string, HttpContent, CancellationToken)' (https://learn.microsoft.com/dotnet/fundamentals/code-analysis/quality-rules/ca2234) [d:\VB\AMIS101\src\Playground\Playground.Blazor\Playground.Blazor.csproj]
d:\VB\AMIS101\src\Playground\Playground.Blazor\ApiClient\ReportsClient.cs(44,32): warning CA1716: In virtual/interface member IReportsClient.GenerateDepartmentIssuancePdfAsync(string, DateTimeOffset?, DateTimeOffset?, CancellationToken), rename parameter to so that it no longer conflicts with the reserved language keyword 'To'. Using a reserved keyword as the name of a parameter on a virtual/interface member makes it harder for consumers in other languages to override/implement the member. (https://learn.microsoft.com/dotnet/fundamentals/code-analysis/quality-rules/ca1716) [d:\VB\AMIS101\src\Playground\Playground.Blazor\Playground.Blazor.csproj]
d:\VB\AMIS101\src\Playground\Playground.Blazor\ApiClient\ReportsClient.cs(59,32): warning CA1716: In virtual/interface member IReportsClient.GenerateEmployeeIssuancePdfAsync(string, DateTimeOffset?, DateTimeOffset?, CancellationToken), rename parameter to so that it no longer conflicts with the reserved language keyword 'To'. Using a reserved keyword as the name of a parameter on a virtual/interface member makes it harder for consumers in other languages to override/implement the member. (https://learn.microsoft.com/dotnet/fundamentals/code-analysis/quality-rules/ca1716) [d:\VB\AMIS101\src\Playground\Playground.Blazor\Playground.Blazor.csproj]
d:\VB\AMIS101\src\Playground\Playground.Blazor\ApiClient\ProductsClientExtensions.cs(18,80): warning S3011: Make sure that this accessibility bypass is safe here. (https://rules.sonarsource.com/csharp/RSPEC-3011) [d:\VB\AMIS101\src\Playground\Playground.Blazor\Playground.Blazor.csproj]
d:\VB\AMIS101\src\Playground\Playground.Blazor\ApiClient\ProductsClientExtensions.cs(24,30): warning CA2234: Modify 'IProductsClient.DiscontinueAsync(Guid, [CancellationToken])' to call 'HttpClient.PutAsync(Uri, HttpContent, CancellationToken)' instead of 'HttpClient.PutAsync(string, HttpContent, CancellationToken)' (https://learn.microsoft.com/dotnet/fundamentals/code-analysis/quality-rules/ca2234) [d:\VB\AMIS101\src\Playground\Playground.Blazor\Playground.Blazor.csproj]
d:\VB\AMIS101\src\Playground\Playground.Blazor\ApiClient\ProductsClientExtensions.cs(37,80): warning S3011: Make sure that this accessibility bypass is safe here. (https://rules.sonarsource.com/csharp/RSPEC-3011) [d:\VB\AMIS101\src\Playground\Playground.Blazor\Playground.Blazor.csproj]
d:\VB\AMIS101\src\Playground\Playground.Blazor\ApiClient\ProductsClientExtensions.cs(43,30): warning CA2234: Modify 'IProductsClient.MarkOutOfStockAsync(Guid, [CancellationToken])' to call 'HttpClient.PutAsync(Uri, HttpContent, CancellationToken)' instead of 'HttpClient.PutAsync(string, HttpContent, CancellationToken)' (https://learn.microsoft.com/dotnet/fundamentals/code-analysis/quality-rules/ca2234) [d:\VB\AMIS101\src\Playground\Playground.Blazor\Playground.Blazor.csproj]
d:\VB\AMIS101\src\Playground\Playground.Blazor\ApiClient\ProcurementPlanningClient.cs(40,35): warning CA1308: In method 'SearchAsync', replace the call to 'ToLowerInvariant' with 'ToUpperInvariant' (https://learn.microsoft.com/dotnet/fundamentals/code-analysis/quality-rules/ca1308) [d:\VB\AMIS101\src\Playground\Playground.Blazor\Playground.Blazor.csproj]
d:\VB\AMIS101\src\Playground\Playground.Blazor\ApiClient\ProcurementPlanningClient.cs(37,52): warning CA1305: The behavior of 'int.ToString()' could vary based on the current user's locale settings. Replace this call in 'PpmpClient.SearchAsync([string], [int?], [PpmpStatus?], [PpmpType?], [bool], [int], [int], [CancellationToken])' with a call to 'int.ToString(IFormatProvider)'. (https://learn.microsoft.com/dotnet/fundamentals/code-analysis/quality-rules/ca1305) [d:\VB\AMIS101\src\Playground\Playground.Blazor\Playground.Blazor.csproj]
d:\VB\AMIS101\src\Playground\Playground.Blazor\ApiClient\ProcurementPlanningClient.cs(38,44): warning CA1305: The behavior of 'int.ToString()' could vary based on the current user's locale settings. Replace this call in 'PpmpClient.SearchAsync([string], [int?], [PpmpStatus?], [PpmpType?], [bool], [int], [int], [CancellationToken])' with a call to 'int.ToString(IFormatProvider)'. (https://learn.microsoft.com/dotnet/fundamentals/code-analysis/quality-rules/ca1305) [d:\VB\AMIS101\src\Playground\Playground.Blazor\Playground.Blazor.csproj]
d:\VB\AMIS101\src\Playground\Playground.Blazor\ApiClient\ProcurementPlanningClient.cs(39,48): warning CA1305: The behavior of 'int.ToString()' could vary based on the current user's locale settings. Replace this call in 'PpmpClient.SearchAsync([string], [int?], [PpmpStatus?], [PpmpType?], [bool], [int], [int], [CancellationToken])' with a call to 'int.ToString(IFormatProvider)'. (https://learn.microsoft.com/dotnet/fundamentals/code-analysis/quality-rules/ca1305) [d:\VB\AMIS101\src\Playground\Playground.Blazor\Playground.Blazor.csproj]
d:\VB\AMIS101\src\Playground\Playground.Blazor\ApiClient\ProcurementPlanningClient.cs(41,27): warning CA1305: The behavior of 'int.ToString()' could vary based on the current user's locale settings. Replace this call in 'PpmpClient.SearchAsync([string], [int?], [PpmpStatus?], [PpmpType?], [bool], [int], [int], [CancellationToken])' with a call to 'int.ToString(IFormatProvider)'. (https://learn.microsoft.com/dotnet/fundamentals/code-analysis/quality-rules/ca1305) [d:\VB\AMIS101\src\Playground\Playground.Blazor\Playground.Blazor.csproj]
d:\VB\AMIS101\src\Playground\Playground.Blazor\ApiClient\ProcurementPlanningClient.cs(42,25): warning CA1305: The behavior of 'int.ToString()' could vary based on the current user's locale settings. Replace this call in 'PpmpClient.SearchAsync([string], [int?], [PpmpStatus?], [PpmpType?], [bool], [int], [int], [CancellationToken])' with a call to 'int.ToString(IFormatProvider)'. (https://learn.microsoft.com/dotnet/fundamentals/code-analysis/quality-rules/ca1305) [d:\VB\AMIS101\src\Playground\Playground.Blazor\Playground.Blazor.csproj]
d:\VB\AMIS101\src\Playground\Playground.Blazor\ApiClient\ProcurementClient.cs(155,44): warning CA1305: The behavior of 'int.ToString()' could vary based on the current user's locale settings. Replace this call in 'PurchaseOrderClient.SearchAsync([string], [PurchaseOrderStatus?], [int], [int], [CancellationToken])' with a call to 'int.ToString(IFormatProvider)'. (https://learn.microsoft.com/dotnet/fundamentals/code-analysis/quality-rules/ca1305) [d:\VB\AMIS101\src\Playground\Playground.Blazor\Playground.Blazor.csproj]
d:\VB\AMIS101\src\Playground\Playground.Blazor\ApiClient\ProcurementClient.cs(156,27): warning CA1305: The behavior of 'int.ToString()' could vary based on the current user's locale settings. Replace this call in 'PurchaseOrderClient.SearchAsync([string], [PurchaseOrderStatus?], [int], [int], [CancellationToken])' with a call to 'int.ToString(IFormatProvider)'. (https://learn.microsoft.com/dotnet/fundamentals/code-analysis/quality-rules/ca1305) [d:\VB\AMIS101\src\Playground\Playground.Blazor\Playground.Blazor.csproj]
d:\VB\AMIS101\src\Playground\Playground.Blazor\ApiClient\ProcurementClient.cs(157,25): warning CA1305: The behavior of 'int.ToString()' could vary based on the current user's locale settings. Replace this call in 'PurchaseOrderClient.SearchAsync([string], [PurchaseOrderStatus?], [int], [int], [CancellationToken])' with a call to 'int.ToString(IFormatProvider)'. (https://learn.microsoft.com/dotnet/fundamentals/code-analysis/quality-rules/ca1305) [d:\VB\AMIS101\src\Playground\Playground.Blazor\Playground.Blazor.csproj]
d:\VB\AMIS101\src\Playground\Playground.Blazor\ApiClient\ProcurementPlanningClient.cs(135,35): warning CA1308: In method 'SearchAsync', replace the call to 'ToLowerInvariant' with 'ToUpperInvariant' (https://learn.microsoft.com/dotnet/fundamentals/code-analysis/quality-rules/ca1308) [d:\VB\AMIS101\src\Playground\Playground.Blazor\Playground.Blazor.csproj]
d:\VB\AMIS101\src\Playground\Playground.Blazor\ApiClient\ProcurementClient.cs(104,44): warning CA1305: The behavior of 'int.ToString()' could vary based on the current user's locale settings. Replace this call in 'CanvassRequestClient.SearchAsync([string], [CanvassRequestStatus?], [int], [int], [CancellationToken])' with a call to 'int.ToString(IFormatProvider)'. (https://learn.microsoft.com/dotnet/fundamentals/code-analysis/quality-rules/ca1305) [d:\VB\AMIS101\src\Playground\Playground.Blazor\Playground.Blazor.csproj]
d:\VB\AMIS101\src\Playground\Playground.Blazor\ApiClient\ProcurementClient.cs(105,27): warning CA1305: The behavior of 'int.ToString()' could vary based on the current user's locale settings. Replace this call in 'CanvassRequestClient.SearchAsync([string], [CanvassRequestStatus?], [int], [int], [CancellationToken])' with a call to 'int.ToString(IFormatProvider)'. (https://learn.microsoft.com/dotnet/fundamentals/code-analysis/quality-rules/ca1305) [d:\VB\AMIS101\src\Playground\Playground.Blazor\Playground.Blazor.csproj]
d:\VB\AMIS101\src\Playground\Playground.Blazor\ApiClient\ProcurementClient.cs(106,25): warning CA1305: The behavior of 'int.ToString()' could vary based on the current user's locale settings. Replace this call in 'CanvassRequestClient.SearchAsync([string], [CanvassRequestStatus?], [int], [int], [CancellationToken])' with a call to 'int.ToString(IFormatProvider)'. (https://learn.microsoft.com/dotnet/fundamentals/code-analysis/quality-rules/ca1305) [d:\VB\AMIS101\src\Playground\Playground.Blazor\Playground.Blazor.csproj]
d:\VB\AMIS101\src\Playground\Playground.Blazor\ApiClient\ProcurementPlanningClient.cs(133,52): warning CA1305: The behavior of 'int.ToString()' could vary based on the current user's locale settings. Replace this call in 'AppClient.SearchAsync([string], [int?], [AppStatus?], [bool], [int], [int], [CancellationToken])' with a call to 'int.ToString(IFormatProvider)'. (https://learn.microsoft.com/dotnet/fundamentals/code-analysis/quality-rules/ca1305) [d:\VB\AMIS101\src\Playground\Playground.Blazor\Playground.Blazor.csproj]
d:\VB\AMIS101\src\Playground\Playground.Blazor\ApiClient\ProcurementPlanningClient.cs(134,44): warning CA1305: The behavior of 'int.ToString()' could vary based on the current user's locale settings. Replace this call in 'AppClient.SearchAsync([string], [int?], [AppStatus?], [bool], [int], [int], [CancellationToken])' with a call to 'int.ToString(IFormatProvider)'. (https://learn.microsoft.com/dotnet/fundamentals/code-analysis/quality-rules/ca1305) [d:\VB\AMIS101\src\Playground\Playground.Blazor\Playground.Blazor.csproj]
d:\VB\AMIS101\src\Playground\Playground.Blazor\ApiClient\ProcurementPlanningClient.cs(136,27): warning CA1305: The behavior of 'int.ToString()' could vary based on the current user's locale settings. Replace this call in 'AppClient.SearchAsync([string], [int?], [AppStatus?], [bool], [int], [int], [CancellationToken])' with a call to 'int.ToString(IFormatProvider)'. (https://learn.microsoft.com/dotnet/fundamentals/code-analysis/quality-rules/ca1305) [d:\VB\AMIS101\src\Playground\Playground.Blazor\Playground.Blazor.csproj]
d:\VB\AMIS101\src\Playground\Playground.Blazor\ApiClient\ProcurementPlanningClient.cs(137,25): warning CA1305: The behavior of 'int.ToString()' could vary based on the current user's locale settings. Replace this call in 'AppClient.SearchAsync([string], [int?], [AppStatus?], [bool], [int], [int], [CancellationToken])' with a call to 'int.ToString(IFormatProvider)'. (https://learn.microsoft.com/dotnet/fundamentals/code-analysis/quality-rules/ca1305) [d:\VB\AMIS101\src\Playground\Playground.Blazor\Playground.Blazor.csproj]
d:\VB\AMIS101\src\Playground\Playground.Blazor\ApiClient\ProcurementClient.cs(33,44): warning CA1305: The behavior of 'int.ToString()' could vary based on the current user's locale settings. Replace this call in 'PurchaseRequestClient.SearchAsync([string], [PurchaseRequestStatus?], [int], [int], [CancellationToken])' with a call to 'int.ToString(IFormatProvider)'. (https://learn.microsoft.com/dotnet/fundamentals/code-analysis/quality-rules/ca1305) [d:\VB\AMIS101\src\Playground\Playground.Blazor\Playground.Blazor.csproj]
d:\VB\AMIS101\src\Playground\Playground.Blazor\ApiClient\ProcurementClient.cs(34,27): warning CA1305: The behavior of 'int.ToString()' could vary based on the current user's locale settings. Replace this call in 'PurchaseRequestClient.SearchAsync([string], [PurchaseRequestStatus?], [int], [int], [CancellationToken])' with a call to 'int.ToString(IFormatProvider)'. (https://learn.microsoft.com/dotnet/fundamentals/code-analysis/quality-rules/ca1305) [d:\VB\AMIS101\src\Playground\Playground.Blazor\Playground.Blazor.csproj]
d:\VB\AMIS101\src\Playground\Playground.Blazor\ApiClient\ProcurementClient.cs(35,25): warning CA1305: The behavior of 'int.ToString()' could vary based on the current user's locale settings. Replace this call in 'PurchaseRequestClient.SearchAsync([string], [PurchaseRequestStatus?], [int], [int], [CancellationToken])' with a call to 'int.ToString(IFormatProvider)'. (https://learn.microsoft.com/dotnet/fundamentals/code-analysis/quality-rules/ca1305) [d:\VB\AMIS101\src\Playground\Playground.Blazor\Playground.Blazor.csproj]
d:\VB\AMIS101\src\Playground\Playground.Blazor\ApiClient\ProcurementPlanningClient.cs(68,29): warning CA2234: Modify 'PpmpClient.SubmitAsync(Guid, [CancellationToken])' to call 'HttpClient.PostAsync(Uri, HttpContent, CancellationToken)' instead of 'HttpClient.PostAsync(string, HttpContent, CancellationToken)' (https://learn.microsoft.com/dotnet/fundamentals/code-analysis/quality-rules/ca2234) [d:\VB\AMIS101\src\Playground\Playground.Blazor\Playground.Blazor.csproj]
d:\VB\AMIS101\src\Playground\Playground.Blazor\ApiClient\ProcurementClient.cs(180,29): warning CA2234: Modify 'PurchaseOrderClient.IssueAsync(Guid, [CancellationToken])' to call 'HttpClient.PatchAsync(Uri, HttpContent, CancellationToken)' instead of 'HttpClient.PatchAsync(string, HttpContent, CancellationToken)' (https://learn.microsoft.com/dotnet/fundamentals/code-analysis/quality-rules/ca2234) [d:\VB\AMIS101\src\Playground\Playground.Blazor\Playground.Blazor.csproj]
d:\VB\AMIS101\src\Playground\Playground.Blazor\ApiClient\ProcurementClient.cs(58,29): warning CA2234: Modify 'PurchaseRequestClient.SubmitAsync(Guid, [CancellationToken])' to call 'HttpClient.PostAsync(Uri, HttpContent, CancellationToken)' instead of 'HttpClient.PostAsync(string, HttpContent, CancellationToken)' (https://learn.microsoft.com/dotnet/fundamentals/code-analysis/quality-rules/ca2234) [d:\VB\AMIS101\src\Playground\Playground.Blazor\Playground.Blazor.csproj]
d:\VB\AMIS101\src\Playground\Playground.Blazor\ApiClient\ProcurementPlanningClient.cs(83,29): warning CA2234: Modify 'PpmpClient.RecallAsync(Guid, [CancellationToken])' to call 'HttpClient.PostAsync(Uri, HttpContent, CancellationToken)' instead of 'HttpClient.PostAsync(string, HttpContent, CancellationToken)' (https://learn.microsoft.com/dotnet/fundamentals/code-analysis/quality-rules/ca2234) [d:\VB\AMIS101\src\Playground\Playground.Blazor\Playground.Blazor.csproj]
d:\VB\AMIS101\src\Playground\Playground.Blazor\ApiClient\OrganizationProfileClient.cs(18,30): warning CA2234: Modify 'OrganizationProfileClient.GetAsync([CancellationToken])' to call 'HttpClient.GetAsync(Uri, CancellationToken)' instead of 'HttpClient.GetAsync(string, CancellationToken)' (https://learn.microsoft.com/dotnet/fundamentals/code-analysis/quality-rules/ca2234) [d:\VB\AMIS101\src\Playground\Playground.Blazor\Playground.Blazor.csproj]
d:\VB\AMIS101\src\Playground\Playground.Blazor\Services\SimpleBffAuth.cs(39,17): warning CA1873: Evaluation of this argument may be expensive and unnecessary if logging is disabled (https://learn.microsoft.com/dotnet/fundamentals/code-analysis/quality-rules/ca1873) [d:\VB\AMIS101\src\Playground\Playground.Blazor\Playground.Blazor.csproj]
d:\VB\AMIS101\src\Playground\Playground.Blazor\Services\SimpleBffAuth.cs(96,17): warning CA1873: Evaluation of this argument may be expensive and unnecessary if logging is disabled (https://learn.microsoft.com/dotnet/fundamentals/code-analysis/quality-rules/ca1873) [d:\VB\AMIS101\src\Playground\Playground.Blazor\Playground.Blazor.csproj]
d:\VB\AMIS101\src\Playground\Playground.Blazor\ApiClient\MasterDataClientExtensions.cs(33,119): warning S3011: Make sure that this accessibility bypass is safe here. (https://rules.sonarsource.com/csharp/RSPEC-3011) [d:\VB\AMIS101\src\Playground\Playground.Blazor\Playground.Blazor.csproj]
d:\VB\AMIS101\src\Playground\Playground.Blazor\ApiClient\MasterDataClientExtensions.cs(51,30): warning CA2234: Modify 'IMaster_dataClient.CategoriesListAsync([string], [int], [int], [bool?], [CancellationToken])' to call 'HttpClient.GetAsync(Uri, CancellationToken)' instead of 'HttpClient.GetAsync(string, CancellationToken)' (https://learn.microsoft.com/dotnet/fundamentals/code-analysis/quality-rules/ca2234) [d:\VB\AMIS101\src\Playground\Playground.Blazor\Playground.Blazor.csproj]
d:\VB\AMIS101\src\Playground\Playground.Blazor\ApiClient\MasterDataClientExtensions.cs(56,23): warning CA1869: Avoid creating a new 'JsonSerializerOptions' instance for every serialization operation. Cache and reuse instances instead. (https://learn.microsoft.com/dotnet/fundamentals/code-analysis/quality-rules/ca1869) [d:\VB\AMIS101\src\Playground\Playground.Blazor\Playground.Blazor.csproj]
d:\VB\AMIS101\src\Playground\Playground.Blazor\ApiClient\ProcurementPlanningClient.cs(164,29): warning CA2234: Modify 'AppClient.PublishAsync(Guid, [CancellationToken])' to call 'HttpClient.PostAsync(Uri, HttpContent, CancellationToken)' instead of 'HttpClient.PostAsync(string, HttpContent, CancellationToken)' (https://learn.microsoft.com/dotnet/fundamentals/code-analysis/quality-rules/ca2234) [d:\VB\AMIS101\src\Playground\Playground.Blazor\Playground.Blazor.csproj]
d:\VB\AMIS101\src\Playground\Playground.Blazor\ApiClient\MasterDataClientExtensions.cs(74,119): warning S3011: Make sure that this accessibility bypass is safe here. (https://rules.sonarsource.com/csharp/RSPEC-3011) [d:\VB\AMIS101\src\Playground\Playground.Blazor\Playground.Blazor.csproj]
d:\VB\AMIS101\src\Playground\Playground.Blazor\ApiClient\MasterDataClientExtensions.cs(92,30): warning CA2234: Modify 'IMaster_dataClient.SuppliersListAsync([string], [int], [int], [bool?], [CancellationToken])' to call 'HttpClient.GetAsync(Uri, CancellationToken)' instead of 'HttpClient.GetAsync(string, CancellationToken)' (https://learn.microsoft.com/dotnet/fundamentals/code-analysis/quality-rules/ca2234) [d:\VB\AMIS101\src\Playground\Playground.Blazor\Playground.Blazor.csproj]
d:\VB\AMIS101\src\Playground\Playground.Blazor\ApiClient\MasterDataClientExtensions.cs(97,23): warning CA1869: Avoid creating a new 'JsonSerializerOptions' instance for every serialization operation. Cache and reuse instances instead. (https://learn.microsoft.com/dotnet/fundamentals/code-analysis/quality-rules/ca1869) [d:\VB\AMIS101\src\Playground\Playground.Blazor\Playground.Blazor.csproj]
d:\VB\AMIS101\src\Playground\Playground.Blazor\ApiClient\ProcurementPlanningClient.cs(179,29): warning CA2234: Modify 'AppClient.RecallAsync(Guid, [CancellationToken])' to call 'HttpClient.PostAsync(Uri, HttpContent, CancellationToken)' instead of 'HttpClient.PostAsync(string, HttpContent, CancellationToken)' (https://learn.microsoft.com/dotnet/fundamentals/code-analysis/quality-rules/ca2234) [d:\VB\AMIS101\src\Playground\Playground.Blazor\Playground.Blazor.csproj]
d:\VB\AMIS101\src\Playground\Playground.Blazor\ApiClient\FinanceClient.cs(88,44): warning CA1305: The behavior of 'int.ToString()' could vary based on the current user's locale settings. Replace this call in 'BudgetUtilizationRecordClient.SearchAsync([string], [BudgetUtilizationRecordStatus?], [Guid?], [string], [int], [int], [CancellationToken])' with a call to 'int.ToString(IFormatProvider)'. (https://learn.microsoft.com/dotnet/fundamentals/code-analysis/quality-rules/ca1305) [d:\VB\AMIS101\src\Playground\Playground.Blazor\Playground.Blazor.csproj]
d:\VB\AMIS101\src\Playground\Playground.Blazor\ApiClient\FinanceClient.cs(91,27): warning CA1305: The behavior of 'int.ToString()' could vary based on the current user's locale settings. Replace this call in 'BudgetUtilizationRecordClient.SearchAsync([string], [BudgetUtilizationRecordStatus?], [Guid?], [string], [int], [int], [CancellationToken])' with a call to 'int.ToString(IFormatProvider)'. (https://learn.microsoft.com/dotnet/fundamentals/code-analysis/quality-rules/ca1305) [d:\VB\AMIS101\src\Playground\Playground.Blazor\Playground.Blazor.csproj]
d:\VB\AMIS101\src\Playground\Playground.Blazor\ApiClient\FinanceClient.cs(92,25): warning CA1305: The behavior of 'int.ToString()' could vary based on the current user's locale settings. Replace this call in 'BudgetUtilizationRecordClient.SearchAsync([string], [BudgetUtilizationRecordStatus?], [Guid?], [string], [int], [int], [CancellationToken])' with a call to 'int.ToString(IFormatProvider)'. (https://learn.microsoft.com/dotnet/fundamentals/code-analysis/quality-rules/ca1305) [d:\VB\AMIS101\src\Playground\Playground.Blazor\Playground.Blazor.csproj]
d:\VB\AMIS101\src\Playground\Playground.Blazor\ApiClient\FinanceClient.cs(28,44): warning CA1305: The behavior of 'int.ToString()' could vary based on the current user's locale settings. Replace this call in 'DisbursementVoucherClient.SearchAsync([string], [DisbursementVoucherStatus?], [Guid?], [int], [int], [CancellationToken])' with a call to 'int.ToString(IFormatProvider)'. (https://learn.microsoft.com/dotnet/fundamentals/code-analysis/quality-rules/ca1305) [d:\VB\AMIS101\src\Playground\Playground.Blazor\Playground.Blazor.csproj]
d:\VB\AMIS101\src\Playground\Playground.Blazor\ApiClient\FinanceClient.cs(30,27): warning CA1305: The behavior of 'int.ToString()' could vary based on the current user's locale settings. Replace this call in 'DisbursementVoucherClient.SearchAsync([string], [DisbursementVoucherStatus?], [Guid?], [int], [int], [CancellationToken])' with a call to 'int.ToString(IFormatProvider)'. (https://learn.microsoft.com/dotnet/fundamentals/code-analysis/quality-rules/ca1305) [d:\VB\AMIS101\src\Playground\Playground.Blazor\Playground.Blazor.csproj]
d:\VB\AMIS101\src\Playground\Playground.Blazor\ApiClient\FinanceClient.cs(31,25): warning CA1305: The behavior of 'int.ToString()' could vary based on the current user's locale settings. Replace this call in 'DisbursementVoucherClient.SearchAsync([string], [DisbursementVoucherStatus?], [Guid?], [int], [int], [CancellationToken])' with a call to 'int.ToString(IFormatProvider)'. (https://learn.microsoft.com/dotnet/fundamentals/code-analysis/quality-rules/ca1305) [d:\VB\AMIS101\src\Playground\Playground.Blazor\Playground.Blazor.csproj]
d:\VB\AMIS101\src\Playground\Playground.Blazor\ApiClient\FinanceClient.cs(48,29): warning CA2234: Modify 'DisbursementVoucherClient.ApproveAsync(Guid, [CancellationToken])' to call 'HttpClient.PostAsync(Uri, HttpContent, CancellationToken)' instead of 'HttpClient.PostAsync(string, HttpContent, CancellationToken)' (https://learn.microsoft.com/dotnet/fundamentals/code-analysis/quality-rules/ca2234) [d:\VB\AMIS101\src\Playground\Playground.Blazor\Playground.Blazor.csproj]
d:\VB\AMIS101\src\Playground\Playground.Blazor\ApiClient\FinanceClient.cs(109,29): warning CA2234: Modify 'BudgetUtilizationRecordClient.ObligateAsync(Guid, [CancellationToken])' to call 'HttpClient.PostAsync(Uri, HttpContent, CancellationToken)' instead of 'HttpClient.PostAsync(string, HttpContent, CancellationToken)' (https://learn.microsoft.com/dotnet/fundamentals/code-analysis/quality-rules/ca2234) [d:\VB\AMIS101\src\Playground\Playground.Blazor\Playground.Blazor.csproj]
d:\VB\AMIS101\src\Playground\Playground.Blazor\ApiClient\AssetManagementClient.cs(1545,58): warning CA1308: In method 'SearchAsync', replace the call to 'ToLowerInvariant' with 'ToUpperInvariant' (https://learn.microsoft.com/dotnet/fundamentals/code-analysis/quality-rules/ca1308) [d:\VB\AMIS101\src\Playground\Playground.Blazor\Playground.Blazor.csproj]
d:\VB\AMIS101\src\Playground\Playground.Blazor\ApiClient\AssetManagementClient.cs(1570,29): warning CA2234: Modify 'TangibleItemClient.DeleteAsync(Guid, [CancellationToken])' to call 'HttpClient.DeleteAsync(Uri, CancellationToken)' instead of 'HttpClient.DeleteAsync(string, CancellationToken)' (https://learn.microsoft.com/dotnet/fundamentals/code-analysis/quality-rules/ca2234) [d:\VB\AMIS101\src\Playground\Playground.Blazor\Playground.Blazor.csproj]
d:\VB\AMIS101\src\Playground\Playground.Blazor\ApiClient\CapitalizationThresholdClient.cs(42,36): warning CA2234: Modify 'CapitalizationThresholdClient.SetActiveAsync(Guid, [CancellationToken])' to call 'HttpClient.PatchAsync(Uri, HttpContent, CancellationToken)' instead of 'HttpClient.PatchAsync(string, HttpContent, CancellationToken)' (https://learn.microsoft.com/dotnet/fundamentals/code-analysis/quality-rules/ca2234) [d:\VB\AMIS101\src\Playground\Playground.Blazor\Playground.Blazor.csproj]
d:\VB\AMIS101\src\Playground\Playground.Blazor\ApiClient\AssetManagementClient.cs(1460,29): warning CA2234: Modify 'PhysicalCountClient.SubmitAsync(Guid, [CancellationToken])' to call 'HttpClient.PostAsync(Uri, HttpContent, CancellationToken)' instead of 'HttpClient.PostAsync(string, HttpContent, CancellationToken)' (https://learn.microsoft.com/dotnet/fundamentals/code-analysis/quality-rules/ca2234) [d:\VB\AMIS101\src\Playground\Playground.Blazor\Playground.Blazor.csproj]
d:\VB\AMIS101\src\Playground\Playground.Blazor\Components\Pages\Expendable\WarehousePage.razor(335,54): warning S4581: Use 'Guid.NewGuid()' or 'Guid.Empty' or add arguments to this GUID instantiation. (https://rules.sonarsource.com/csharp/RSPEC-4581) [d:\VB\AMIS101\src\Playground\Playground.Blazor\Playground.Blazor.csproj]
d:\VB\AMIS101\src\Playground\Playground.Blazor\Components\Pages\Vehicle\VehiclesPage.razor(307,38): warning S3267: Loop should be simplified by calling Select(property => property.Value)) (https://rules.sonarsource.com/csharp/RSPEC-3267) [d:\VB\AMIS101\src\Playground\Playground.Blazor\Playground.Blazor.csproj]
d:\VB\AMIS101\src\Playground\Playground.Blazor\Components\Pages\Expendable\SupplyRequestsPage.razor(331,84): warning S1172: Remove this unused method parameter 'cancellationToken'. (https://rules.sonarsource.com/csharp/RSPEC-1172) [d:\VB\AMIS101\src\Playground\Playground.Blazor\Playground.Blazor.csproj]
d:\VB\AMIS101\src\Playground\Playground.Blazor\Components\Pages\Expendable\SupplyRequestsPage.razor(370,54): warning S4581: Use 'Guid.NewGuid()' or 'Guid.Empty' or add arguments to this GUID instantiation. (https://rules.sonarsource.com/csharp/RSPEC-4581) [d:\VB\AMIS101\src\Playground\Playground.Blazor\Playground.Blazor.csproj]
d:\VB\AMIS101\src\Playground\Playground.Blazor\Components\Pages\Expendable\ShoppingPage.razor(448,39): warning S1172: Remove this unused method parameter 'args'. (https://rules.sonarsource.com/csharp/RSPEC-1172) [d:\VB\AMIS101\src\Playground\Playground.Blazor\Playground.Blazor.csproj]
d:\VB\AMIS101\src\Playground\Playground.Blazor\Components\Pages\Vehicle\VehicleDetailPage.razor(534,38): warning S3267: Loop should be simplified by calling Select(property => property.Value)) (https://rules.sonarsource.com/csharp/RSPEC-3267) [d:\VB\AMIS101\src\Playground\Playground.Blazor\Playground.Blazor.csproj]
d:\VB\AMIS101\src\Playground\Playground.Blazor\Components\Pages\ProcurementPlanning\PpmpPage.razor(955,28): warning S2325: Make 'StatusChip' a static method. (https://rules.sonarsource.com/csharp/RSPEC-2325) [d:\VB\AMIS101\src\Playground\Playground.Blazor\Playground.Blazor.csproj]
d:\VB\AMIS101\src\Playground\Playground.Blazor\Components\Pages\MasterData\CategoriesPage.razor(301,38): warning S3267: Loop should be simplified by calling Select(property => property.Value)) (https://rules.sonarsource.com/csharp/RSPEC-3267) [d:\VB\AMIS101\src\Playground\Playground.Blazor\Playground.Blazor.csproj]
d:\VB\AMIS101\src\Playground\Playground.Blazor\Components\Pages\Expendable\PurchasesPage.razor(588,54): warning S4581: Use 'Guid.NewGuid()' or 'Guid.Empty' or add arguments to this GUID instantiation. (https://rules.sonarsource.com/csharp/RSPEC-4581) [d:\VB\AMIS101\src\Playground\Playground.Blazor\Playground.Blazor.csproj]
d:\VB\AMIS101\src\Playground\Playground.Blazor\Components\Pages\Expendable\PurchasesPage.razor(696,28): warning S2325: Make 'RenderStatusChip' a static method. (https://rules.sonarsource.com/csharp/RSPEC-2325) [d:\VB\AMIS101\src\Playground\Playground.Blazor\Playground.Blazor.csproj]
d:\VB\AMIS101\src\Playground\Playground.Blazor\Components\Pages\ProcurementPlanning\AppPage.razor(750,56): warning S3358: Extract this nested ternary operation into an independent statement. (https://rules.sonarsource.com/csharp/RSPEC-3358) [d:\VB\AMIS101\src\Playground\Playground.Blazor\Playground.Blazor.csproj]
d:\VB\AMIS101\src\Playground\Playground.Blazor\Components\Pages\Expendable\PurchasesPage.razor(885,31): warning S3267: Loop should be simplified by calling Select(i => i.ProductId)) (https://rules.sonarsource.com/csharp/RSPEC-3267) [d:\VB\AMIS101\src\Playground\Playground.Blazor\Playground.Blazor.csproj]
d:\VB\AMIS101\src\Playground\Playground.Blazor\Components\Pages\AssetManagement\PPEItemsPage.razor(109,113): warning S3358: Extract this nested ternary operation into an independent statement. (https://rules.sonarsource.com/csharp/RSPEC-3358) [d:\VB\AMIS101\src\Playground\Playground.Blazor\Playground.Blazor.csproj]
  Modules.ProcurementAcquisition -> d:\VB\AMIS101\src\Modules\ProcurementAcquisition\Modules.ProcurementAcquisition\bin\Debug\net10.0\FSH.Modules.ProcurementAcquisition.dll
  Multitenancy.Tests -> d:\VB\AMIS101\src\Tests\Multitenancy.Tests\bin\Debug\net10.0\Multitenancy.Tests.dll
  Auditing.Tests -> d:\VB\AMIS101\src\Tests\Auditing.Tests\bin\Debug\net10.0\Auditing.Tests.dll
  Expendable.Tests -> d:\VB\AMIS101\src\Tests\Expendable.Tests\bin\Debug\net10.0\Expendable.Tests.dll
  Vehicle.Tests -> d:\VB\AMIS101\src\Tests\Vehicle.Tests\bin\Debug\net10.0\Vehicle.Tests.dll
  Generic.Tests -> d:\VB\AMIS101\src\Tests\Generic.Tests\bin\Debug\net10.0\Generic.Tests.dll
d:\VB\AMIS101\src\Playground\Migrations.PostgreSQL\AssetManagement\20260428002013_InitialAssetManagement.cs(17,33): warning S1186: Add a nested comment explaining why this method is empty, throw a 'NotSupportedException' or complete the implementation. (https://rules.sonarsource.com/csharp/RSPEC-1186) [d:\VB\AMIS101\src\Playground\Migrations.PostgreSQL\Migrations.PostgreSQL.csproj]
  Identity.Tests -> d:\VB\AMIS101\src\Tests\Identity.Tests\bin\Debug\net10.0\Identity.Tests.dll
  Migrations.PostgreSQL -> d:\VB\AMIS101\src\Playground\Migrations.PostgreSQL\bin\Debug\net10.0\FSH.Playground.Migrations.PostgreSQL.dll
CSC : warning MSG0005: MediatorGenerator found message without any registered handler: FSH.Modules.Finance.Contracts.v1.BudgetUtilizationRecords.UtilizeBudgetUtilizationRecordCommand [d:\VB\AMIS101\src\Playground\Playground.Api\Playground.Api.csproj]
CSC : warning MSG0005: MediatorGenerator found message without any registered handler: FSH.Modules.Finance.Contracts.v1.DisbursementVouchers.ReturnDisbursementVoucherCommand [d:\VB\AMIS101\src\Playground\Playground.Api\Playground.Api.csproj]
CSC : warning MSG0005: MediatorGenerator found message without any registered handler: FSH.Modules.ProcurementPlanning.Contracts.v1.AnnualProcurementPlans.GetAppVersionsQuery [d:\VB\AMIS101\src\Playground\Playground.Api\Playground.Api.csproj]
  Playground.Api -> d:\VB\AMIS101\src\Playground\Playground.Api\bin\Debug\net10.0\FSH.Playground.Api.dll
  Architecture.Tests -> d:\VB\AMIS101\src\Tests\Architecture.Tests\bin\Debug\net10.0\Architecture.Tests.dll

Build FAILED.

d:\VB\AMIS101\src\Modules\Auditing\Modules.Auditing\Modules.Auditing.csproj : warning NU1902: Package 'MailKit' 4.14.1 has a known moderate severity vulnerability, https://github.com/advisories/GHSA-9j88-vvj5-vhgr [d:\VB\AMIS101\src\FSH.Framework.slnx]
D:\VB\AMIS101\src\Modules\ProcurementAcquisition\Modules.ProcurementAcquisition\Modules.ProcurementAcquisition.csproj : warning NU1902: Package 'MailKit' 4.14.1 has a known moderate severity vulnerability, https://github.com/advisories/GHSA-9j88-vvj5-vhgr [d:\VB\AMIS101\src\FSH.Framework.slnx]
d:\VB\AMIS101\src\Modules\Identity\Modules.Identity\Modules.Identity.csproj : warning NU1902: Package 'MailKit' 4.14.1 has a known moderate severity vulnerability, https://github.com/advisories/GHSA-9j88-vvj5-vhgr [d:\VB\AMIS101\src\FSH.Framework.slnx]
d:\VB\AMIS101\src\Modules\Auditing\Modules.Auditing\Modules.Auditing.csproj : warning NU1902: Package 'OpenTelemetry.Api' 1.15.0 has a known moderate severity vulnerability, https://github.com/advisories/GHSA-g94r-2vxg-569j [d:\VB\AMIS101\src\FSH.Framework.slnx]
D:\VB\AMIS101\src\Modules\ProcurementAcquisition\Modules.ProcurementAcquisition\Modules.ProcurementAcquisition.csproj : warning NU1902: Package 'OpenTelemetry.Api' 1.15.0 has a known moderate severity vulnerability, https://github.com/advisories/GHSA-g94r-2vxg-569j [d:\VB\AMIS101\src\FSH.Framework.slnx]
d:\VB\AMIS101\src\Modules\Identity\Modules.Identity\Modules.Identity.csproj : warning NU1902: Package 'OpenTelemetry.Api' 1.15.0 has a known moderate severity vulnerability, https://github.com/advisories/GHSA-g94r-2vxg-569j [d:\VB\AMIS101\src\FSH.Framework.slnx]
d:\VB\AMIS101\src\Modules\Identity\Modules.Identity\Modules.Identity.csproj : warning NU1902: Package 'OpenTelemetry.Exporter.OpenTelemetryProtocol' 1.15.0 has a known moderate severity vulnerability, https://github.com/advisories/GHSA-mr8r-92fq-pj8p [d:\VB\AMIS101\src\FSH.Framework.slnx]
d:\VB\AMIS101\src\Modules\Auditing\Modules.Auditing\Modules.Auditing.csproj : warning NU1902: Package 'OpenTelemetry.Exporter.OpenTelemetryProtocol' 1.15.0 has a known moderate severity vulnerability, https://github.com/advisories/GHSA-mr8r-92fq-pj8p [d:\VB\AMIS101\src\FSH.Framework.slnx]
D:\VB\AMIS101\src\Modules\ProcurementAcquisition\Modules.ProcurementAcquisition\Modules.ProcurementAcquisition.csproj : warning NU1902: Package 'OpenTelemetry.Exporter.OpenTelemetryProtocol' 1.15.0 has a known moderate severity vulnerability, https://github.com/advisories/GHSA-mr8r-92fq-pj8p [d:\VB\AMIS101\src\FSH.Framework.slnx]
d:\VB\AMIS101\src\Modules\Identity\Modules.Identity\Modules.Identity.csproj : warning NU1902: Package 'OpenTelemetry.Exporter.OpenTelemetryProtocol' 1.15.0 has a known moderate severity vulnerability, https://github.com/advisories/GHSA-q834-8qmm-v933 [d:\VB\AMIS101\src\FSH.Framework.slnx]
d:\VB\AMIS101\src\Modules\Auditing\Modules.Auditing\Modules.Auditing.csproj : warning NU1902: Package 'OpenTelemetry.Exporter.OpenTelemetryProtocol' 1.15.0 has a known moderate severity vulnerability, https://github.com/advisories/GHSA-q834-8qmm-v933 [d:\VB\AMIS101\src\FSH.Framework.slnx]
D:\VB\AMIS101\src\Modules\ProcurementAcquisition\Modules.ProcurementAcquisition\Modules.ProcurementAcquisition.csproj : warning NU1902: Package 'OpenTelemetry.Exporter.OpenTelemetryProtocol' 1.15.0 has a known moderate severity vulnerability, https://github.com/advisories/GHSA-q834-8qmm-v933 [d:\VB\AMIS101\src\FSH.Framework.slnx]
d:\VB\AMIS101\src\Tests\Auditing.Tests\Auditing.Tests.csproj : warning NU1902: Package 'MailKit' 4.14.1 has a known moderate severity vulnerability, https://github.com/advisories/GHSA-9j88-vvj5-vhgr [d:\VB\AMIS101\src\FSH.Framework.slnx]
d:\VB\AMIS101\src\Tests\Auditing.Tests\Auditing.Tests.csproj : warning NU1902: Package 'OpenTelemetry.Api' 1.15.0 has a known moderate severity vulnerability, https://github.com/advisories/GHSA-g94r-2vxg-569j [d:\VB\AMIS101\src\FSH.Framework.slnx]
d:\VB\AMIS101\src\Tests\Auditing.Tests\Auditing.Tests.csproj : warning NU1902: Package 'OpenTelemetry.Exporter.OpenTelemetryProtocol' 1.15.0 has a known moderate severity vulnerability, https://github.com/advisories/GHSA-mr8r-92fq-pj8p [d:\VB\AMIS101\src\FSH.Framework.slnx]
d:\VB\AMIS101\src\Tests\Auditing.Tests\Auditing.Tests.csproj : warning NU1902: Package 'OpenTelemetry.Exporter.OpenTelemetryProtocol' 1.15.0 has a known moderate severity vulnerability, https://github.com/advisories/GHSA-q834-8qmm-v933 [d:\VB\AMIS101\src\FSH.Framework.slnx]
D:\VB\AMIS101\src\Tests\Vehicle.Tests\Vehicle.Tests.csproj : warning NU1902: Package 'MailKit' 4.14.1 has a known moderate severity vulnerability, https://github.com/advisories/GHSA-9j88-vvj5-vhgr [d:\VB\AMIS101\src\FSH.Framework.slnx]
D:\VB\AMIS101\src\Tests\Vehicle.Tests\Vehicle.Tests.csproj : warning NU1902: Package 'OpenTelemetry.Api' 1.15.0 has a known moderate severity vulnerability, https://github.com/advisories/GHSA-g94r-2vxg-569j [d:\VB\AMIS101\src\FSH.Framework.slnx]
D:\VB\AMIS101\src\Tests\Vehicle.Tests\Vehicle.Tests.csproj : warning NU1902: Package 'OpenTelemetry.Exporter.OpenTelemetryProtocol' 1.15.0 has a known moderate severity vulnerability, https://github.com/advisories/GHSA-mr8r-92fq-pj8p [d:\VB\AMIS101\src\FSH.Framework.slnx]
D:\VB\AMIS101\src\Tests\Vehicle.Tests\Vehicle.Tests.csproj : warning NU1902: Package 'OpenTelemetry.Exporter.OpenTelemetryProtocol' 1.15.0 has a known moderate severity vulnerability, https://github.com/advisories/GHSA-q834-8qmm-v933 [d:\VB\AMIS101\src\FSH.Framework.slnx]
d:\VB\AMIS101\src\Playground\Playground.Api\Playground.Api.csproj : warning NU1902: Package 'MailKit' 4.14.1 has a known moderate severity vulnerability, https://github.com/advisories/GHSA-9j88-vvj5-vhgr [d:\VB\AMIS101\src\FSH.Framework.slnx]
d:\VB\AMIS101\src\Playground\Playground.Api\Playground.Api.csproj : warning NU1902: Package 'OpenTelemetry.Api' 1.15.0 has a known moderate severity vulnerability, https://github.com/advisories/GHSA-g94r-2vxg-569j [d:\VB\AMIS101\src\FSH.Framework.slnx]
d:\VB\AMIS101\src\Playground\Playground.Api\Playground.Api.csproj : warning NU1902: Package 'OpenTelemetry.Exporter.OpenTelemetryProtocol' 1.15.0 has a known moderate severity vulnerability, https://github.com/advisories/GHSA-mr8r-92fq-pj8p [d:\VB\AMIS101\src\FSH.Framework.slnx]
d:\VB\AMIS101\src\Playground\Playground.Api\Playground.Api.csproj : warning NU1902: Package 'OpenTelemetry.Exporter.OpenTelemetryProtocol' 1.15.0 has a known moderate severity vulnerability, https://github.com/advisories/GHSA-q834-8qmm-v933 [d:\VB\AMIS101\src\FSH.Framework.slnx]
d:\VB\AMIS101\src\BuildingBlocks\Web\Web.csproj : warning NU1902: Package 'MailKit' 4.14.1 has a known moderate severity vulnerability, https://github.com/advisories/GHSA-9j88-vvj5-vhgr [d:\VB\AMIS101\src\FSH.Framework.slnx]
d:\VB\AMIS101\src\BuildingBlocks\Web\Web.csproj : warning NU1902: Package 'OpenTelemetry.Api' 1.15.0 has a known moderate severity vulnerability, https://github.com/advisories/GHSA-g94r-2vxg-569j [d:\VB\AMIS101\src\FSH.Framework.slnx]
d:\VB\AMIS101\src\BuildingBlocks\Web\Web.csproj : warning NU1902: Package 'OpenTelemetry.Exporter.OpenTelemetryProtocol' 1.15.0 has a known moderate severity vulnerability, https://github.com/advisories/GHSA-mr8r-92fq-pj8p [d:\VB\AMIS101\src\FSH.Framework.slnx]
d:\VB\AMIS101\src\BuildingBlocks\Web\Web.csproj : warning NU1902: Package 'OpenTelemetry.Exporter.OpenTelemetryProtocol' 1.15.0 has a known moderate severity vulnerability, https://github.com/advisories/GHSA-q834-8qmm-v933 [d:\VB\AMIS101\src\FSH.Framework.slnx]
d:\VB\AMIS101\src\Modules\Multitenancy\Modules.Multitenancy\Modules.Multitenancy.csproj : warning NU1902: Package 'MailKit' 4.14.1 has a known moderate severity vulnerability, https://github.com/advisories/GHSA-9j88-vvj5-vhgr [d:\VB\AMIS101\src\FSH.Framework.slnx]
d:\VB\AMIS101\src\Modules\Multitenancy\Modules.Multitenancy\Modules.Multitenancy.csproj : warning NU1902: Package 'OpenTelemetry.Api' 1.15.0 has a known moderate severity vulnerability, https://github.com/advisories/GHSA-g94r-2vxg-569j [d:\VB\AMIS101\src\FSH.Framework.slnx]
d:\VB\AMIS101\src\Modules\Multitenancy\Modules.Multitenancy\Modules.Multitenancy.csproj : warning NU1902: Package 'OpenTelemetry.Exporter.OpenTelemetryProtocol' 1.15.0 has a known moderate severity vulnerability, https://github.com/advisories/GHSA-mr8r-92fq-pj8p [d:\VB\AMIS101\src\FSH.Framework.slnx]
d:\VB\AMIS101\src\Modules\Multitenancy\Modules.Multitenancy\Modules.Multitenancy.csproj : warning NU1902: Package 'OpenTelemetry.Exporter.OpenTelemetryProtocol' 1.15.0 has a known moderate severity vulnerability, https://github.com/advisories/GHSA-q834-8qmm-v933 [d:\VB\AMIS101\src\FSH.Framework.slnx]
d:\VB\AMIS101\src\Tests\Architecture.Tests\Architecture.Tests.csproj : warning NU1902: Package 'MailKit' 4.14.1 has a known moderate severity vulnerability, https://github.com/advisories/GHSA-9j88-vvj5-vhgr [d:\VB\AMIS101\src\FSH.Framework.slnx]
d:\VB\AMIS101\src\Tests\Architecture.Tests\Architecture.Tests.csproj : warning NU1902: Package 'OpenTelemetry.Api' 1.15.0 has a known moderate severity vulnerability, https://github.com/advisories/GHSA-g94r-2vxg-569j [d:\VB\AMIS101\src\FSH.Framework.slnx]
d:\VB\AMIS101\src\Tests\Architecture.Tests\Architecture.Tests.csproj : warning NU1902: Package 'OpenTelemetry.Exporter.OpenTelemetryProtocol' 1.15.0 has a known moderate severity vulnerability, https://github.com/advisories/GHSA-mr8r-92fq-pj8p [d:\VB\AMIS101\src\FSH.Framework.slnx]
d:\VB\AMIS101\src\Tests\Architecture.Tests\Architecture.Tests.csproj : warning NU1902: Package 'OpenTelemetry.Exporter.OpenTelemetryProtocol' 1.15.0 has a known moderate severity vulnerability, https://github.com/advisories/GHSA-q834-8qmm-v933 [d:\VB\AMIS101\src\FSH.Framework.slnx]
d:\VB\AMIS101\src\Tests\Multitenancy.Tests\Multitenancy.Tests.csproj : warning NU1902: Package 'MailKit' 4.14.1 has a known moderate severity vulnerability, https://github.com/advisories/GHSA-9j88-vvj5-vhgr [d:\VB\AMIS101\src\FSH.Framework.slnx]
d:\VB\AMIS101\src\Tests\Multitenancy.Tests\Multitenancy.Tests.csproj : warning NU1902: Package 'OpenTelemetry.Api' 1.15.0 has a known moderate severity vulnerability, https://github.com/advisories/GHSA-g94r-2vxg-569j [d:\VB\AMIS101\src\FSH.Framework.slnx]
d:\VB\AMIS101\src\Tests\Multitenancy.Tests\Multitenancy.Tests.csproj : warning NU1902: Package 'OpenTelemetry.Exporter.OpenTelemetryProtocol' 1.15.0 has a known moderate severity vulnerability, https://github.com/advisories/GHSA-mr8r-92fq-pj8p [d:\VB\AMIS101\src\FSH.Framework.slnx]
d:\VB\AMIS101\src\Tests\Multitenancy.Tests\Multitenancy.Tests.csproj : warning NU1902: Package 'OpenTelemetry.Exporter.OpenTelemetryProtocol' 1.15.0 has a known moderate severity vulnerability, https://github.com/advisories/GHSA-q834-8qmm-v933 [d:\VB\AMIS101\src\FSH.Framework.slnx]
d:\VB\AMIS101\src\Playground\Migrations.PostgreSQL\Migrations.PostgreSQL.csproj : warning NU1902: Package 'MailKit' 4.14.1 has a known moderate severity vulnerability, https://github.com/advisories/GHSA-9j88-vvj5-vhgr [d:\VB\AMIS101\src\FSH.Framework.slnx]
d:\VB\AMIS101\src\Playground\Migrations.PostgreSQL\Migrations.PostgreSQL.csproj : warning NU1902: Package 'OpenTelemetry.Api' 1.15.0 has a known moderate severity vulnerability, https://github.com/advisories/GHSA-g94r-2vxg-569j [d:\VB\AMIS101\src\FSH.Framework.slnx]
d:\VB\AMIS101\src\Playground\Migrations.PostgreSQL\Migrations.PostgreSQL.csproj : warning NU1902: Package 'OpenTelemetry.Exporter.OpenTelemetryProtocol' 1.15.0 has a known moderate severity vulnerability, https://github.com/advisories/GHSA-mr8r-92fq-pj8p [d:\VB\AMIS101\src\FSH.Framework.slnx]
d:\VB\AMIS101\src\Playground\Migrations.PostgreSQL\Migrations.PostgreSQL.csproj : warning NU1902: Package 'OpenTelemetry.Exporter.OpenTelemetryProtocol' 1.15.0 has a known moderate severity vulnerability, https://github.com/advisories/GHSA-q834-8qmm-v933 [d:\VB\AMIS101\src\FSH.Framework.slnx]
d:\VB\AMIS101\src\Modules\MasterData\Modules.MasterData\Modules.MasterData.csproj : warning NU1902: Package 'MailKit' 4.14.1 has a known moderate severity vulnerability, https://github.com/advisories/GHSA-9j88-vvj5-vhgr [d:\VB\AMIS101\src\FSH.Framework.slnx]
d:\VB\AMIS101\src\Modules\MasterData\Modules.MasterData\Modules.MasterData.csproj : warning NU1902: Package 'OpenTelemetry.Api' 1.15.0 has a known moderate severity vulnerability, https://github.com/advisories/GHSA-g94r-2vxg-569j [d:\VB\AMIS101\src\FSH.Framework.slnx]
d:\VB\AMIS101\src\Modules\MasterData\Modules.MasterData\Modules.MasterData.csproj : warning NU1902: Package 'OpenTelemetry.Exporter.OpenTelemetryProtocol' 1.15.0 has a known moderate severity vulnerability, https://github.com/advisories/GHSA-mr8r-92fq-pj8p [d:\VB\AMIS101\src\FSH.Framework.slnx]
d:\VB\AMIS101\src\Modules\MasterData\Modules.MasterData\Modules.MasterData.csproj : warning NU1902: Package 'OpenTelemetry.Exporter.OpenTelemetryProtocol' 1.15.0 has a known moderate severity vulnerability, https://github.com/advisories/GHSA-q834-8qmm-v933 [d:\VB\AMIS101\src\FSH.Framework.slnx]
d:\VB\AMIS101\src\Modules\AssetManagement\Modules.AssetManagement\Modules.AssetManagement.csproj : warning NU1902: Package 'MailKit' 4.14.1 has a known moderate severity vulnerability, https://github.com/advisories/GHSA-9j88-vvj5-vhgr [d:\VB\AMIS101\src\FSH.Framework.slnx]
d:\VB\AMIS101\src\Modules\AssetManagement\Modules.AssetManagement\Modules.AssetManagement.csproj : warning NU1902: Package 'OpenTelemetry.Api' 1.15.0 has a known moderate severity vulnerability, https://github.com/advisories/GHSA-g94r-2vxg-569j [d:\VB\AMIS101\src\FSH.Framework.slnx]
d:\VB\AMIS101\src\Modules\AssetManagement\Modules.AssetManagement\Modules.AssetManagement.csproj : warning NU1902: Package 'OpenTelemetry.Exporter.OpenTelemetryProtocol' 1.15.0 has a known moderate severity vulnerability, https://github.com/advisories/GHSA-mr8r-92fq-pj8p [d:\VB\AMIS101\src\FSH.Framework.slnx]
d:\VB\AMIS101\src\Modules\AssetManagement\Modules.AssetManagement\Modules.AssetManagement.csproj : warning NU1902: Package 'OpenTelemetry.Exporter.OpenTelemetryProtocol' 1.15.0 has a known moderate severity vulnerability, https://github.com/advisories/GHSA-q834-8qmm-v933 [d:\VB\AMIS101\src\FSH.Framework.slnx]
d:\VB\AMIS101\src\Modules\AssetProcurement\Modules.AssetProcurement\Modules.AssetProcurement.csproj : warning NU1902: Package 'MailKit' 4.14.1 has a known moderate severity vulnerability, https://github.com/advisories/GHSA-9j88-vvj5-vhgr [d:\VB\AMIS101\src\FSH.Framework.slnx]
d:\VB\AMIS101\src\Modules\AssetProcurement\Modules.AssetProcurement\Modules.AssetProcurement.csproj : warning NU1902: Package 'OpenTelemetry.Api' 1.15.0 has a known moderate severity vulnerability, https://github.com/advisories/GHSA-g94r-2vxg-569j [d:\VB\AMIS101\src\FSH.Framework.slnx]
d:\VB\AMIS101\src\Modules\AssetProcurement\Modules.AssetProcurement\Modules.AssetProcurement.csproj : warning NU1902: Package 'OpenTelemetry.Exporter.OpenTelemetryProtocol' 1.15.0 has a known moderate severity vulnerability, https://github.com/advisories/GHSA-mr8r-92fq-pj8p [d:\VB\AMIS101\src\FSH.Framework.slnx]
d:\VB\AMIS101\src\Modules\AssetProcurement\Modules.AssetProcurement\Modules.AssetProcurement.csproj : warning NU1902: Package 'OpenTelemetry.Exporter.OpenTelemetryProtocol' 1.15.0 has a known moderate severity vulnerability, https://github.com/advisories/GHSA-q834-8qmm-v933 [d:\VB\AMIS101\src\FSH.Framework.slnx]
d:\VB\AMIS101\src\Modules\Finance\Modules.Finance\Modules.Finance.csproj : warning NU1902: Package 'MailKit' 4.14.1 has a known moderate severity vulnerability, https://github.com/advisories/GHSA-9j88-vvj5-vhgr [d:\VB\AMIS101\src\FSH.Framework.slnx]
d:\VB\AMIS101\src\Modules\Finance\Modules.Finance\Modules.Finance.csproj : warning NU1902: Package 'OpenTelemetry.Api' 1.15.0 has a known moderate severity vulnerability, https://github.com/advisories/GHSA-g94r-2vxg-569j [d:\VB\AMIS101\src\FSH.Framework.slnx]
d:\VB\AMIS101\src\Modules\Finance\Modules.Finance\Modules.Finance.csproj : warning NU1902: Package 'OpenTelemetry.Exporter.OpenTelemetryProtocol' 1.15.0 has a known moderate severity vulnerability, https://github.com/advisories/GHSA-mr8r-92fq-pj8p [d:\VB\AMIS101\src\FSH.Framework.slnx]
d:\VB\AMIS101\src\Modules\Finance\Modules.Finance\Modules.Finance.csproj : warning NU1902: Package 'OpenTelemetry.Exporter.OpenTelemetryProtocol' 1.15.0 has a known moderate severity vulnerability, https://github.com/advisories/GHSA-q834-8qmm-v933 [d:\VB\AMIS101\src\FSH.Framework.slnx]
D:\VB\AMIS101\src\Modules\Expendable\Modules.Expendable\Modules.Expendable.csproj : warning NU1902: Package 'MailKit' 4.14.1 has a known moderate severity vulnerability, https://github.com/advisories/GHSA-9j88-vvj5-vhgr [d:\VB\AMIS101\src\FSH.Framework.slnx]
D:\VB\AMIS101\src\Modules\Expendable\Modules.Expendable\Modules.Expendable.csproj : warning NU1902: Package 'OpenTelemetry.Api' 1.15.0 has a known moderate severity vulnerability, https://github.com/advisories/GHSA-g94r-2vxg-569j [d:\VB\AMIS101\src\FSH.Framework.slnx]
D:\VB\AMIS101\src\Modules\Expendable\Modules.Expendable\Modules.Expendable.csproj : warning NU1902: Package 'OpenTelemetry.Exporter.OpenTelemetryProtocol' 1.15.0 has a known moderate severity vulnerability, https://github.com/advisories/GHSA-mr8r-92fq-pj8p [d:\VB\AMIS101\src\FSH.Framework.slnx]
D:\VB\AMIS101\src\Modules\Expendable\Modules.Expendable\Modules.Expendable.csproj : warning NU1902: Package 'OpenTelemetry.Exporter.OpenTelemetryProtocol' 1.15.0 has a known moderate severity vulnerability, https://github.com/advisories/GHSA-q834-8qmm-v933 [d:\VB\AMIS101\src\FSH.Framework.slnx]
d:\VB\AMIS101\src\Modules\Vehicle\Modules.Vehicle\Modules.Vehicle.csproj : warning NU1902: Package 'MailKit' 4.14.1 has a known moderate severity vulnerability, https://github.com/advisories/GHSA-9j88-vvj5-vhgr [d:\VB\AMIS101\src\FSH.Framework.slnx]
d:\VB\AMIS101\src\Modules\Vehicle\Modules.Vehicle\Modules.Vehicle.csproj : warning NU1902: Package 'OpenTelemetry.Api' 1.15.0 has a known moderate severity vulnerability, https://github.com/advisories/GHSA-g94r-2vxg-569j [d:\VB\AMIS101\src\FSH.Framework.slnx]
d:\VB\AMIS101\src\Modules\Vehicle\Modules.Vehicle\Modules.Vehicle.csproj : warning NU1902: Package 'OpenTelemetry.Exporter.OpenTelemetryProtocol' 1.15.0 has a known moderate severity vulnerability, https://github.com/advisories/GHSA-mr8r-92fq-pj8p [d:\VB\AMIS101\src\FSH.Framework.slnx]
d:\VB\AMIS101\src\Modules\Vehicle\Modules.Vehicle\Modules.Vehicle.csproj : warning NU1902: Package 'OpenTelemetry.Exporter.OpenTelemetryProtocol' 1.15.0 has a known moderate severity vulnerability, https://github.com/advisories/GHSA-q834-8qmm-v933 [d:\VB\AMIS101\src\FSH.Framework.slnx]
d:\VB\AMIS101\src\Tests\Identity.Tests\Identity.Tests.csproj : warning NU1902: Package 'MailKit' 4.14.1 has a known moderate severity vulnerability, https://github.com/advisories/GHSA-9j88-vvj5-vhgr [d:\VB\AMIS101\src\FSH.Framework.slnx]
d:\VB\AMIS101\src\Tests\Identity.Tests\Identity.Tests.csproj : warning NU1902: Package 'OpenTelemetry.Api' 1.15.0 has a known moderate severity vulnerability, https://github.com/advisories/GHSA-g94r-2vxg-569j [d:\VB\AMIS101\src\FSH.Framework.slnx]
d:\VB\AMIS101\src\Tests\Identity.Tests\Identity.Tests.csproj : warning NU1902: Package 'OpenTelemetry.Exporter.OpenTelemetryProtocol' 1.15.0 has a known moderate severity vulnerability, https://github.com/advisories/GHSA-mr8r-92fq-pj8p [d:\VB\AMIS101\src\FSH.Framework.slnx]
d:\VB\AMIS101\src\Tests\Identity.Tests\Identity.Tests.csproj : warning NU1902: Package 'OpenTelemetry.Exporter.OpenTelemetryProtocol' 1.15.0 has a known moderate severity vulnerability, https://github.com/advisories/GHSA-q834-8qmm-v933 [d:\VB\AMIS101\src\FSH.Framework.slnx]
d:\VB\AMIS101\src\Modules\ProcurementPlanning\Modules.ProcurementPlanning\Modules.ProcurementPlanning.csproj : warning NU1902: Package 'MailKit' 4.14.1 has a known moderate severity vulnerability, https://github.com/advisories/GHSA-9j88-vvj5-vhgr [d:\VB\AMIS101\src\FSH.Framework.slnx]
d:\VB\AMIS101\src\Modules\ProcurementPlanning\Modules.ProcurementPlanning\Modules.ProcurementPlanning.csproj : warning NU1902: Package 'OpenTelemetry.Api' 1.15.0 has a known moderate severity vulnerability, https://github.com/advisories/GHSA-g94r-2vxg-569j [d:\VB\AMIS101\src\FSH.Framework.slnx]
d:\VB\AMIS101\src\Modules\ProcurementPlanning\Modules.ProcurementPlanning\Modules.ProcurementPlanning.csproj : warning NU1902: Package 'OpenTelemetry.Exporter.OpenTelemetryProtocol' 1.15.0 has a known moderate severity vulnerability, https://github.com/advisories/GHSA-mr8r-92fq-pj8p [d:\VB\AMIS101\src\FSH.Framework.slnx]
d:\VB\AMIS101\src\Modules\ProcurementPlanning\Modules.ProcurementPlanning\Modules.ProcurementPlanning.csproj : warning NU1902: Package 'OpenTelemetry.Exporter.OpenTelemetryProtocol' 1.15.0 has a known moderate severity vulnerability, https://github.com/advisories/GHSA-q834-8qmm-v933 [d:\VB\AMIS101\src\FSH.Framework.slnx]
d:\VB\AMIS101\src\Tests\Generic.Tests\Generic.Tests.csproj : warning NU1902: Package 'MailKit' 4.14.1 has a known moderate severity vulnerability, https://github.com/advisories/GHSA-9j88-vvj5-vhgr [d:\VB\AMIS101\src\FSH.Framework.slnx]
d:\VB\AMIS101\src\Tests\Generic.Tests\Generic.Tests.csproj : warning NU1902: Package 'OpenTelemetry.Api' 1.15.0 has a known moderate severity vulnerability, https://github.com/advisories/GHSA-g94r-2vxg-569j [d:\VB\AMIS101\src\FSH.Framework.slnx]
d:\VB\AMIS101\src\Tests\Generic.Tests\Generic.Tests.csproj : warning NU1902: Package 'OpenTelemetry.Exporter.OpenTelemetryProtocol' 1.15.0 has a known moderate severity vulnerability, https://github.com/advisories/GHSA-mr8r-92fq-pj8p [d:\VB\AMIS101\src\FSH.Framework.slnx]
d:\VB\AMIS101\src\Tests\Generic.Tests\Generic.Tests.csproj : warning NU1902: Package 'OpenTelemetry.Exporter.OpenTelemetryProtocol' 1.15.0 has a known moderate severity vulnerability, https://github.com/advisories/GHSA-q834-8qmm-v933 [d:\VB\AMIS101\src\FSH.Framework.slnx]
d:\VB\AMIS101\src\Tests\Expendable.Tests\Expendable.Tests.csproj : warning NU1902: Package 'MailKit' 4.14.1 has a known moderate severity vulnerability, https://github.com/advisories/GHSA-9j88-vvj5-vhgr [d:\VB\AMIS101\src\FSH.Framework.slnx]
d:\VB\AMIS101\src\Tests\Expendable.Tests\Expendable.Tests.csproj : warning NU1902: Package 'OpenTelemetry.Api' 1.15.0 has a known moderate severity vulnerability, https://github.com/advisories/GHSA-g94r-2vxg-569j [d:\VB\AMIS101\src\FSH.Framework.slnx]
d:\VB\AMIS101\src\Tests\Expendable.Tests\Expendable.Tests.csproj : warning NU1902: Package 'OpenTelemetry.Exporter.OpenTelemetryProtocol' 1.15.0 has a known moderate severity vulnerability, https://github.com/advisories/GHSA-mr8r-92fq-pj8p [d:\VB\AMIS101\src\FSH.Framework.slnx]
d:\VB\AMIS101\src\Tests\Expendable.Tests\Expendable.Tests.csproj : warning NU1902: Package 'OpenTelemetry.Exporter.OpenTelemetryProtocol' 1.15.0 has a known moderate severity vulnerability, https://github.com/advisories/GHSA-q834-8qmm-v933 [d:\VB\AMIS101\src\FSH.Framework.slnx]
d:\VB\AMIS101\src\BuildingBlocks\Mailing\Mailing.csproj : warning NU1902: Package 'MailKit' 4.14.1 has a known moderate severity vulnerability, https://github.com/advisories/GHSA-9j88-vvj5-vhgr [d:\VB\AMIS101\src\FSH.Framework.slnx]
d:\VB\AMIS101\src\BuildingBlocks\Mailing\Mailing.csproj : warning NU1902: Package 'MailKit' 4.14.1 has a known moderate severity vulnerability, https://github.com/advisories/GHSA-9j88-vvj5-vhgr
D:\VB\AMIS101\src\Modules\AssetManagement\Modules.AssetManagement\Modules.AssetManagement.csproj : warning NU1902: Package 'MailKit' 4.14.1 has a known moderate severity vulnerability, https://github.com/advisories/GHSA-9j88-vvj5-vhgr [d:\VB\AMIS101\src\Modules\AssetManagement\Modules.AssetManagement\Modules.AssetManagement.csproj]
D:\VB\AMIS101\src\Modules\AssetManagement\Modules.AssetManagement\Modules.AssetManagement.csproj : warning NU1902: Package 'OpenTelemetry.Api' 1.15.0 has a known moderate severity vulnerability, https://github.com/advisories/GHSA-g94r-2vxg-569j [d:\VB\AMIS101\src\Modules\AssetManagement\Modules.AssetManagement\Modules.AssetManagement.csproj]
D:\VB\AMIS101\src\Modules\AssetManagement\Modules.AssetManagement\Modules.AssetManagement.csproj : warning NU1902: Package 'OpenTelemetry.Exporter.OpenTelemetryProtocol' 1.15.0 has a known moderate severity vulnerability, https://github.com/advisories/GHSA-mr8r-92fq-pj8p [d:\VB\AMIS101\src\Modules\AssetManagement\Modules.AssetManagement\Modules.AssetManagement.csproj]
D:\VB\AMIS101\src\Modules\AssetManagement\Modules.AssetManagement\Modules.AssetManagement.csproj : warning NU1902: Package 'OpenTelemetry.Exporter.OpenTelemetryProtocol' 1.15.0 has a known moderate severity vulnerability, https://github.com/advisories/GHSA-q834-8qmm-v933 [d:\VB\AMIS101\src\Modules\AssetManagement\Modules.AssetManagement\Modules.AssetManagement.csproj]
d:\VB\AMIS101\src\Modules\AssetProcurement\Modules.AssetProcurement\Modules.AssetProcurement.csproj : warning NU1902: Package 'MailKit' 4.14.1 has a known moderate severity vulnerability, https://github.com/advisories/GHSA-9j88-vvj5-vhgr
d:\VB\AMIS101\src\Modules\AssetProcurement\Modules.AssetProcurement\Modules.AssetProcurement.csproj : warning NU1902: Package 'OpenTelemetry.Api' 1.15.0 has a known moderate severity vulnerability, https://github.com/advisories/GHSA-g94r-2vxg-569j
d:\VB\AMIS101\src\Modules\AssetProcurement\Modules.AssetProcurement\Modules.AssetProcurement.csproj : warning NU1902: Package 'OpenTelemetry.Exporter.OpenTelemetryProtocol' 1.15.0 has a known moderate severity vulnerability, https://github.com/advisories/GHSA-mr8r-92fq-pj8p
d:\VB\AMIS101\src\Modules\AssetProcurement\Modules.AssetProcurement\Modules.AssetProcurement.csproj : warning NU1902: Package 'OpenTelemetry.Exporter.OpenTelemetryProtocol' 1.15.0 has a known moderate severity vulnerability, https://github.com/advisories/GHSA-q834-8qmm-v933
d:\VB\AMIS101\src\BuildingBlocks\Web\Web.csproj : warning NU1902: Package 'MailKit' 4.14.1 has a known moderate severity vulnerability, https://github.com/advisories/GHSA-9j88-vvj5-vhgr
d:\VB\AMIS101\src\BuildingBlocks\Web\Web.csproj : warning NU1902: Package 'OpenTelemetry.Api' 1.15.0 has a known moderate severity vulnerability, https://github.com/advisories/GHSA-g94r-2vxg-569j
d:\VB\AMIS101\src\BuildingBlocks\Web\Web.csproj : warning NU1902: Package 'OpenTelemetry.Exporter.OpenTelemetryProtocol' 1.15.0 has a known moderate severity vulnerability, https://github.com/advisories/GHSA-mr8r-92fq-pj8p
d:\VB\AMIS101\src\BuildingBlocks\Web\Web.csproj : warning NU1902: Package 'OpenTelemetry.Exporter.OpenTelemetryProtocol' 1.15.0 has a known moderate severity vulnerability, https://github.com/advisories/GHSA-q834-8qmm-v933
d:\VB\AMIS101\src\Modules\Auditing\Modules.Auditing\Modules.Auditing.csproj : warning NU1902: Package 'MailKit' 4.14.1 has a known moderate severity vulnerability, https://github.com/advisories/GHSA-9j88-vvj5-vhgr
d:\VB\AMIS101\src\Modules\Auditing\Modules.Auditing\Modules.Auditing.csproj : warning NU1902: Package 'OpenTelemetry.Api' 1.15.0 has a known moderate severity vulnerability, https://github.com/advisories/GHSA-g94r-2vxg-569j
d:\VB\AMIS101\src\Modules\Auditing\Modules.Auditing\Modules.Auditing.csproj : warning NU1902: Package 'OpenTelemetry.Exporter.OpenTelemetryProtocol' 1.15.0 has a known moderate severity vulnerability, https://github.com/advisories/GHSA-mr8r-92fq-pj8p
d:\VB\AMIS101\src\Modules\Auditing\Modules.Auditing\Modules.Auditing.csproj : warning NU1902: Package 'OpenTelemetry.Exporter.OpenTelemetryProtocol' 1.15.0 has a known moderate severity vulnerability, https://github.com/advisories/GHSA-q834-8qmm-v933
d:\VB\AMIS101\src\Modules\Finance\Modules.Finance\Modules.Finance.csproj : warning NU1902: Package 'MailKit' 4.14.1 has a known moderate severity vulnerability, https://github.com/advisories/GHSA-9j88-vvj5-vhgr
d:\VB\AMIS101\src\Modules\Finance\Modules.Finance\Modules.Finance.csproj : warning NU1902: Package 'OpenTelemetry.Api' 1.15.0 has a known moderate severity vulnerability, https://github.com/advisories/GHSA-g94r-2vxg-569j
d:\VB\AMIS101\src\Modules\Finance\Modules.Finance\Modules.Finance.csproj : warning NU1902: Package 'OpenTelemetry.Exporter.OpenTelemetryProtocol' 1.15.0 has a known moderate severity vulnerability, https://github.com/advisories/GHSA-mr8r-92fq-pj8p
d:\VB\AMIS101\src\Modules\Finance\Modules.Finance\Modules.Finance.csproj : warning NU1902: Package 'OpenTelemetry.Exporter.OpenTelemetryProtocol' 1.15.0 has a known moderate severity vulnerability, https://github.com/advisories/GHSA-q834-8qmm-v933
d:\VB\AMIS101\src\Modules\Expendable\Modules.Expendable\Modules.Expendable.csproj : warning NU1902: Package 'MailKit' 4.14.1 has a known moderate severity vulnerability, https://github.com/advisories/GHSA-9j88-vvj5-vhgr
d:\VB\AMIS101\src\Modules\Expendable\Modules.Expendable\Modules.Expendable.csproj : warning NU1902: Package 'OpenTelemetry.Api' 1.15.0 has a known moderate severity vulnerability, https://github.com/advisories/GHSA-g94r-2vxg-569j
d:\VB\AMIS101\src\Modules\Expendable\Modules.Expendable\Modules.Expendable.csproj : warning NU1902: Package 'OpenTelemetry.Exporter.OpenTelemetryProtocol' 1.15.0 has a known moderate severity vulnerability, https://github.com/advisories/GHSA-mr8r-92fq-pj8p
d:\VB\AMIS101\src\Modules\Expendable\Modules.Expendable\Modules.Expendable.csproj : warning NU1902: Package 'OpenTelemetry.Exporter.OpenTelemetryProtocol' 1.15.0 has a known moderate severity vulnerability, https://github.com/advisories/GHSA-q834-8qmm-v933
d:\VB\AMIS101\src\Modules\Multitenancy\Modules.Multitenancy\Modules.Multitenancy.csproj : warning NU1902: Package 'MailKit' 4.14.1 has a known moderate severity vulnerability, https://github.com/advisories/GHSA-9j88-vvj5-vhgr
d:\VB\AMIS101\src\Modules\Multitenancy\Modules.Multitenancy\Modules.Multitenancy.csproj : warning NU1902: Package 'OpenTelemetry.Api' 1.15.0 has a known moderate severity vulnerability, https://github.com/advisories/GHSA-g94r-2vxg-569j
d:\VB\AMIS101\src\Modules\Multitenancy\Modules.Multitenancy\Modules.Multitenancy.csproj : warning NU1902: Package 'OpenTelemetry.Exporter.OpenTelemetryProtocol' 1.15.0 has a known moderate severity vulnerability, https://github.com/advisories/GHSA-mr8r-92fq-pj8p
d:\VB\AMIS101\src\Modules\Multitenancy\Modules.Multitenancy\Modules.Multitenancy.csproj : warning NU1902: Package 'OpenTelemetry.Exporter.OpenTelemetryProtocol' 1.15.0 has a known moderate severity vulnerability, https://github.com/advisories/GHSA-q834-8qmm-v933
d:\VB\AMIS101\src\Modules\ProcurementAcquisition\Modules.ProcurementAcquisition\Modules.ProcurementAcquisition.csproj : warning NU1902: Package 'MailKit' 4.14.1 has a known moderate severity vulnerability, https://github.com/advisories/GHSA-9j88-vvj5-vhgr
d:\VB\AMIS101\src\Modules\ProcurementAcquisition\Modules.ProcurementAcquisition\Modules.ProcurementAcquisition.csproj : warning NU1902: Package 'OpenTelemetry.Api' 1.15.0 has a known moderate severity vulnerability, https://github.com/advisories/GHSA-g94r-2vxg-569j
d:\VB\AMIS101\src\Modules\ProcurementAcquisition\Modules.ProcurementAcquisition\Modules.ProcurementAcquisition.csproj : warning NU1902: Package 'OpenTelemetry.Exporter.OpenTelemetryProtocol' 1.15.0 has a known moderate severity vulnerability, https://github.com/advisories/GHSA-mr8r-92fq-pj8p
d:\VB\AMIS101\src\Modules\ProcurementAcquisition\Modules.ProcurementAcquisition\Modules.ProcurementAcquisition.csproj : warning NU1902: Package 'OpenTelemetry.Exporter.OpenTelemetryProtocol' 1.15.0 has a known moderate severity vulnerability, https://github.com/advisories/GHSA-q834-8qmm-v933
d:\VB\AMIS101\src\Modules\ProcurementPlanning\Modules.ProcurementPlanning\Modules.ProcurementPlanning.csproj : warning NU1902: Package 'MailKit' 4.14.1 has a known moderate severity vulnerability, https://github.com/advisories/GHSA-9j88-vvj5-vhgr
d:\VB\AMIS101\src\Modules\ProcurementPlanning\Modules.ProcurementPlanning\Modules.ProcurementPlanning.csproj : warning NU1902: Package 'OpenTelemetry.Api' 1.15.0 has a known moderate severity vulnerability, https://github.com/advisories/GHSA-g94r-2vxg-569j
d:\VB\AMIS101\src\Modules\ProcurementPlanning\Modules.ProcurementPlanning\Modules.ProcurementPlanning.csproj : warning NU1902: Package 'OpenTelemetry.Exporter.OpenTelemetryProtocol' 1.15.0 has a known moderate severity vulnerability, https://github.com/advisories/GHSA-mr8r-92fq-pj8p
d:\VB\AMIS101\src\Modules\ProcurementPlanning\Modules.ProcurementPlanning\Modules.ProcurementPlanning.csproj : warning NU1902: Package 'OpenTelemetry.Exporter.OpenTelemetryProtocol' 1.15.0 has a known moderate severity vulnerability, https://github.com/advisories/GHSA-q834-8qmm-v933
d:\VB\AMIS101\src\Modules\Vehicle\Modules.Vehicle\Modules.Vehicle.csproj : warning NU1902: Package 'MailKit' 4.14.1 has a known moderate severity vulnerability, https://github.com/advisories/GHSA-9j88-vvj5-vhgr
d:\VB\AMIS101\src\Modules\Vehicle\Modules.Vehicle\Modules.Vehicle.csproj : warning NU1902: Package 'OpenTelemetry.Api' 1.15.0 has a known moderate severity vulnerability, https://github.com/advisories/GHSA-g94r-2vxg-569j
d:\VB\AMIS101\src\Modules\Vehicle\Modules.Vehicle\Modules.Vehicle.csproj : warning NU1902: Package 'OpenTelemetry.Exporter.OpenTelemetryProtocol' 1.15.0 has a known moderate severity vulnerability, https://github.com/advisories/GHSA-mr8r-92fq-pj8p
d:\VB\AMIS101\src\Modules\Vehicle\Modules.Vehicle\Modules.Vehicle.csproj : warning NU1902: Package 'OpenTelemetry.Exporter.OpenTelemetryProtocol' 1.15.0 has a known moderate severity vulnerability, https://github.com/advisories/GHSA-q834-8qmm-v933
d:\VB\AMIS101\src\Playground\Migrations.PostgreSQL\Migrations.PostgreSQL.csproj : warning NU1902: Package 'MailKit' 4.14.1 has a known moderate severity vulnerability, https://github.com/advisories/GHSA-9j88-vvj5-vhgr
d:\VB\AMIS101\src\Playground\Migrations.PostgreSQL\Migrations.PostgreSQL.csproj : warning NU1902: Package 'OpenTelemetry.Api' 1.15.0 has a known moderate severity vulnerability, https://github.com/advisories/GHSA-g94r-2vxg-569j
d:\VB\AMIS101\src\Playground\Migrations.PostgreSQL\Migrations.PostgreSQL.csproj : warning NU1902: Package 'OpenTelemetry.Exporter.OpenTelemetryProtocol' 1.15.0 has a known moderate severity vulnerability, https://github.com/advisories/GHSA-mr8r-92fq-pj8p
d:\VB\AMIS101\src\Playground\Migrations.PostgreSQL\Migrations.PostgreSQL.csproj : warning NU1902: Package 'OpenTelemetry.Exporter.OpenTelemetryProtocol' 1.15.0 has a known moderate severity vulnerability, https://github.com/advisories/GHSA-q834-8qmm-v933
d:\VB\AMIS101\src\Modules\Identity\Modules.Identity\Modules.Identity.csproj : warning NU1902: Package 'MailKit' 4.14.1 has a known moderate severity vulnerability, https://github.com/advisories/GHSA-9j88-vvj5-vhgr
d:\VB\AMIS101\src\Modules\Identity\Modules.Identity\Modules.Identity.csproj : warning NU1902: Package 'OpenTelemetry.Api' 1.15.0 has a known moderate severity vulnerability, https://github.com/advisories/GHSA-g94r-2vxg-569j
d:\VB\AMIS101\src\Modules\Identity\Modules.Identity\Modules.Identity.csproj : warning NU1902: Package 'OpenTelemetry.Exporter.OpenTelemetryProtocol' 1.15.0 has a known moderate severity vulnerability, https://github.com/advisories/GHSA-mr8r-92fq-pj8p
d:\VB\AMIS101\src\Modules\Identity\Modules.Identity\Modules.Identity.csproj : warning NU1902: Package 'OpenTelemetry.Exporter.OpenTelemetryProtocol' 1.15.0 has a known moderate severity vulnerability, https://github.com/advisories/GHSA-q834-8qmm-v933
d:\VB\AMIS101\src\Modules\MasterData\Modules.MasterData\Modules.MasterData.csproj : warning NU1902: Package 'MailKit' 4.14.1 has a known moderate severity vulnerability, https://github.com/advisories/GHSA-9j88-vvj5-vhgr
d:\VB\AMIS101\src\Modules\MasterData\Modules.MasterData\Modules.MasterData.csproj : warning NU1902: Package 'OpenTelemetry.Api' 1.15.0 has a known moderate severity vulnerability, https://github.com/advisories/GHSA-g94r-2vxg-569j
d:\VB\AMIS101\src\Modules\MasterData\Modules.MasterData\Modules.MasterData.csproj : warning NU1902: Package 'OpenTelemetry.Exporter.OpenTelemetryProtocol' 1.15.0 has a known moderate severity vulnerability, https://github.com/advisories/GHSA-mr8r-92fq-pj8p
d:\VB\AMIS101\src\Modules\MasterData\Modules.MasterData\Modules.MasterData.csproj : warning NU1902: Package 'OpenTelemetry.Exporter.OpenTelemetryProtocol' 1.15.0 has a known moderate severity vulnerability, https://github.com/advisories/GHSA-q834-8qmm-v933
d:\VB\AMIS101\src\Playground\Playground.Api\Playground.Api.csproj : warning NU1902: Package 'MailKit' 4.14.1 has a known moderate severity vulnerability, https://github.com/advisories/GHSA-9j88-vvj5-vhgr
d:\VB\AMIS101\src\Playground\Playground.Api\Playground.Api.csproj : warning NU1902: Package 'OpenTelemetry.Api' 1.15.0 has a known moderate severity vulnerability, https://github.com/advisories/GHSA-g94r-2vxg-569j
d:\VB\AMIS101\src\Playground\Playground.Api\Playground.Api.csproj : warning NU1902: Package 'OpenTelemetry.Exporter.OpenTelemetryProtocol' 1.15.0 has a known moderate severity vulnerability, https://github.com/advisories/GHSA-mr8r-92fq-pj8p
d:\VB\AMIS101\src\Playground\Playground.Api\Playground.Api.csproj : warning NU1902: Package 'OpenTelemetry.Exporter.OpenTelemetryProtocol' 1.15.0 has a known moderate severity vulnerability, https://github.com/advisories/GHSA-q834-8qmm-v933
d:\VB\AMIS101\src\Tests\Architecture.Tests\Architecture.Tests.csproj : warning NU1902: Package 'MailKit' 4.14.1 has a known moderate severity vulnerability, https://github.com/advisories/GHSA-9j88-vvj5-vhgr
d:\VB\AMIS101\src\Tests\Architecture.Tests\Architecture.Tests.csproj : warning NU1902: Package 'OpenTelemetry.Api' 1.15.0 has a known moderate severity vulnerability, https://github.com/advisories/GHSA-g94r-2vxg-569j
d:\VB\AMIS101\src\Tests\Architecture.Tests\Architecture.Tests.csproj : warning NU1902: Package 'OpenTelemetry.Exporter.OpenTelemetryProtocol' 1.15.0 has a known moderate severity vulnerability, https://github.com/advisories/GHSA-mr8r-92fq-pj8p
d:\VB\AMIS101\src\Tests\Architecture.Tests\Architecture.Tests.csproj : warning NU1902: Package 'OpenTelemetry.Exporter.OpenTelemetryProtocol' 1.15.0 has a known moderate severity vulnerability, https://github.com/advisories/GHSA-q834-8qmm-v933
d:\VB\AMIS101\src\Tests\Auditing.Tests\Auditing.Tests.csproj : warning NU1902: Package 'MailKit' 4.14.1 has a known moderate severity vulnerability, https://github.com/advisories/GHSA-9j88-vvj5-vhgr
d:\VB\AMIS101\src\Tests\Auditing.Tests\Auditing.Tests.csproj : warning NU1902: Package 'OpenTelemetry.Api' 1.15.0 has a known moderate severity vulnerability, https://github.com/advisories/GHSA-g94r-2vxg-569j
d:\VB\AMIS101\src\Tests\Auditing.Tests\Auditing.Tests.csproj : warning NU1902: Package 'OpenTelemetry.Exporter.OpenTelemetryProtocol' 1.15.0 has a known moderate severity vulnerability, https://github.com/advisories/GHSA-mr8r-92fq-pj8p
d:\VB\AMIS101\src\Tests\Auditing.Tests\Auditing.Tests.csproj : warning NU1902: Package 'OpenTelemetry.Exporter.OpenTelemetryProtocol' 1.15.0 has a known moderate severity vulnerability, https://github.com/advisories/GHSA-q834-8qmm-v933
d:\VB\AMIS101\src\Tests\Identity.Tests\Identity.Tests.csproj : warning NU1902: Package 'MailKit' 4.14.1 has a known moderate severity vulnerability, https://github.com/advisories/GHSA-9j88-vvj5-vhgr
d:\VB\AMIS101\src\Tests\Identity.Tests\Identity.Tests.csproj : warning NU1902: Package 'OpenTelemetry.Api' 1.15.0 has a known moderate severity vulnerability, https://github.com/advisories/GHSA-g94r-2vxg-569j
d:\VB\AMIS101\src\Tests\Identity.Tests\Identity.Tests.csproj : warning NU1902: Package 'OpenTelemetry.Exporter.OpenTelemetryProtocol' 1.15.0 has a known moderate severity vulnerability, https://github.com/advisories/GHSA-mr8r-92fq-pj8p
d:\VB\AMIS101\src\Tests\Identity.Tests\Identity.Tests.csproj : warning NU1902: Package 'OpenTelemetry.Exporter.OpenTelemetryProtocol' 1.15.0 has a known moderate severity vulnerability, https://github.com/advisories/GHSA-q834-8qmm-v933
d:\VB\AMIS101\src\Tests\Expendable.Tests\Expendable.Tests.csproj : warning NU1902: Package 'MailKit' 4.14.1 has a known moderate severity vulnerability, https://github.com/advisories/GHSA-9j88-vvj5-vhgr
d:\VB\AMIS101\src\Tests\Expendable.Tests\Expendable.Tests.csproj : warning NU1902: Package 'OpenTelemetry.Api' 1.15.0 has a known moderate severity vulnerability, https://github.com/advisories/GHSA-g94r-2vxg-569j
d:\VB\AMIS101\src\Tests\Expendable.Tests\Expendable.Tests.csproj : warning NU1902: Package 'OpenTelemetry.Exporter.OpenTelemetryProtocol' 1.15.0 has a known moderate severity vulnerability, https://github.com/advisories/GHSA-mr8r-92fq-pj8p
d:\VB\AMIS101\src\Tests\Expendable.Tests\Expendable.Tests.csproj : warning NU1902: Package 'OpenTelemetry.Exporter.OpenTelemetryProtocol' 1.15.0 has a known moderate severity vulnerability, https://github.com/advisories/GHSA-q834-8qmm-v933
d:\VB\AMIS101\src\Tests\Generic.Tests\Generic.Tests.csproj : warning NU1902: Package 'MailKit' 4.14.1 has a known moderate severity vulnerability, https://github.com/advisories/GHSA-9j88-vvj5-vhgr
d:\VB\AMIS101\src\Tests\Generic.Tests\Generic.Tests.csproj : warning NU1902: Package 'OpenTelemetry.Api' 1.15.0 has a known moderate severity vulnerability, https://github.com/advisories/GHSA-g94r-2vxg-569j
d:\VB\AMIS101\src\Tests\Generic.Tests\Generic.Tests.csproj : warning NU1902: Package 'OpenTelemetry.Exporter.OpenTelemetryProtocol' 1.15.0 has a known moderate severity vulnerability, https://github.com/advisories/GHSA-mr8r-92fq-pj8p
d:\VB\AMIS101\src\Tests\Generic.Tests\Generic.Tests.csproj : warning NU1902: Package 'OpenTelemetry.Exporter.OpenTelemetryProtocol' 1.15.0 has a known moderate severity vulnerability, https://github.com/advisories/GHSA-q834-8qmm-v933
d:\VB\AMIS101\src\Tests\Multitenancy.Tests\Multitenancy.Tests.csproj : warning NU1902: Package 'MailKit' 4.14.1 has a known moderate severity vulnerability, https://github.com/advisories/GHSA-9j88-vvj5-vhgr
d:\VB\AMIS101\src\Tests\Multitenancy.Tests\Multitenancy.Tests.csproj : warning NU1902: Package 'OpenTelemetry.Api' 1.15.0 has a known moderate severity vulnerability, https://github.com/advisories/GHSA-g94r-2vxg-569j
d:\VB\AMIS101\src\Tests\Multitenancy.Tests\Multitenancy.Tests.csproj : warning NU1902: Package 'OpenTelemetry.Exporter.OpenTelemetryProtocol' 1.15.0 has a known moderate severity vulnerability, https://github.com/advisories/GHSA-mr8r-92fq-pj8p
d:\VB\AMIS101\src\Tests\Multitenancy.Tests\Multitenancy.Tests.csproj : warning NU1902: Package 'OpenTelemetry.Exporter.OpenTelemetryProtocol' 1.15.0 has a known moderate severity vulnerability, https://github.com/advisories/GHSA-q834-8qmm-v933
d:\VB\AMIS101\src\Tests\Vehicle.Tests\Vehicle.Tests.csproj : warning NU1902: Package 'MailKit' 4.14.1 has a known moderate severity vulnerability, https://github.com/advisories/GHSA-9j88-vvj5-vhgr
d:\VB\AMIS101\src\Tests\Vehicle.Tests\Vehicle.Tests.csproj : warning NU1902: Package 'OpenTelemetry.Api' 1.15.0 has a known moderate severity vulnerability, https://github.com/advisories/GHSA-g94r-2vxg-569j
d:\VB\AMIS101\src\Tests\Vehicle.Tests\Vehicle.Tests.csproj : warning NU1902: Package 'OpenTelemetry.Exporter.OpenTelemetryProtocol' 1.15.0 has a known moderate severity vulnerability, https://github.com/advisories/GHSA-mr8r-92fq-pj8p
d:\VB\AMIS101\src\Tests\Vehicle.Tests\Vehicle.Tests.csproj : warning NU1902: Package 'OpenTelemetry.Exporter.OpenTelemetryProtocol' 1.15.0 has a known moderate severity vulnerability, https://github.com/advisories/GHSA-q834-8qmm-v933
d:\VB\AMIS101\src\BuildingBlocks\Caching\HybridCacheService.cs(126,13): warning CA1873: Evaluation of this argument may be expensive and unnecessary if logging is disabled (https://learn.microsoft.com/dotnet/fundamentals/code-analysis/quality-rules/ca1873) [d:\VB\AMIS101\src\BuildingBlocks\Caching\Caching.csproj]
d:\VB\AMIS101\src\BuildingBlocks\Caching\HybridCacheService.cs(141,13): warning CA1873: Evaluation of this argument may be expensive and unnecessary if logging is disabled (https://learn.microsoft.com/dotnet/fundamentals/code-analysis/quality-rules/ca1873) [d:\VB\AMIS101\src\BuildingBlocks\Caching\Caching.csproj]
d:\VB\AMIS101\src\BuildingBlocks\Caching\HybridCacheService.cs(63,17): warning CA1873: Evaluation of this argument may be expensive and unnecessary if logging is disabled (https://learn.microsoft.com/dotnet/fundamentals/code-analysis/quality-rules/ca1873) [d:\VB\AMIS101\src\BuildingBlocks\Caching\Caching.csproj]
d:\VB\AMIS101\src\BuildingBlocks\Caching\HybridCacheService.cs(78,17): warning CA1873: Evaluation of this argument may be expensive and unnecessary if logging is disabled (https://learn.microsoft.com/dotnet/fundamentals/code-analysis/quality-rules/ca1873) [d:\VB\AMIS101\src\BuildingBlocks\Caching\Caching.csproj]
d:\VB\AMIS101\src\BuildingBlocks\Caching\HybridCacheService.cs(106,13): warning CA1873: Evaluation of this argument may be expensive and unnecessary if logging is disabled (https://learn.microsoft.com/dotnet/fundamentals/code-analysis/quality-rules/ca1873) [d:\VB\AMIS101\src\BuildingBlocks\Caching\Caching.csproj]
d:\VB\AMIS101\src\BuildingBlocks\Caching\DistributedCacheService.cs(65,13): warning CA1873: Evaluation of this argument may be expensive and unnecessary if logging is disabled (https://learn.microsoft.com/dotnet/fundamentals/code-analysis/quality-rules/ca1873) [d:\VB\AMIS101\src\BuildingBlocks\Caching\Caching.csproj]
d:\VB\AMIS101\src\BuildingBlocks\Caching\DistributedCacheService.cs(89,13): warning CA1873: Evaluation of this argument may be expensive and unnecessary if logging is disabled (https://learn.microsoft.com/dotnet/fundamentals/code-analysis/quality-rules/ca1873) [d:\VB\AMIS101\src\BuildingBlocks\Caching\Caching.csproj]
d:\VB\AMIS101\src\BuildingBlocks\Mailing\Services\SmtpMailService.cs(45,66): warning CS8604: Possible null reference argument for parameter 'address' in 'MailboxAddress.MailboxAddress(string? name, string address)'. [d:\VB\AMIS101\src\BuildingBlocks\Mailing\Mailing.csproj]
d:\VB\AMIS101\src\BuildingBlocks\Mailing\Services\SmtpMailService.cs(46,89): warning CS8604: Possible null reference argument for parameter 'address' in 'MailboxAddress.MailboxAddress(string? name, string address)'. [d:\VB\AMIS101\src\BuildingBlocks\Mailing\Mailing.csproj]
d:\VB\AMIS101\src\BuildingBlocks\Eventing\InMemory\InMemoryEventBus.cs(40,9): warning CA1873: Evaluation of this argument may be expensive and unnecessary if logging is disabled (https://learn.microsoft.com/dotnet/fundamentals/code-analysis/quality-rules/ca1873) [d:\VB\AMIS101\src\BuildingBlocks\Eventing\Eventing.csproj]
d:\VB\AMIS101\src\BuildingBlocks\Eventing\InMemory\InMemoryEventBus.cs(48,13): warning CA1873: Evaluation of this argument may be expensive and unnecessary if logging is disabled (https://learn.microsoft.com/dotnet/fundamentals/code-analysis/quality-rules/ca1873) [d:\VB\AMIS101\src\BuildingBlocks\Eventing\Eventing.csproj]
d:\VB\AMIS101\src\BuildingBlocks\Eventing\InMemory\InMemoryEventBus.cs(79,13): warning CA1873: Evaluation of this argument may be expensive and unnecessary if logging is disabled (https://learn.microsoft.com/dotnet/fundamentals/code-analysis/quality-rules/ca1873) [d:\VB\AMIS101\src\BuildingBlocks\Eventing\Eventing.csproj]
d:\VB\AMIS101\src\BuildingBlocks\Eventing\RabbitMq\RabbitMqEventBus.cs(102,17): warning CA1873: Evaluation of this argument may be expensive and unnecessary if logging is disabled (https://learn.microsoft.com/dotnet/fundamentals/code-analysis/quality-rules/ca1873) [d:\VB\AMIS101\src\BuildingBlocks\Eventing\Eventing.csproj]
d:\VB\AMIS101\src\BuildingBlocks\Eventing\Outbox\OutboxDispatcherHostedService.cs(33,9): warning CA1873: Evaluation of this argument may be expensive and unnecessary if logging is disabled (https://learn.microsoft.com/dotnet/fundamentals/code-analysis/quality-rules/ca1873) [d:\VB\AMIS101\src\BuildingBlocks\Eventing\Eventing.csproj]
d:\VB\AMIS101\src\BuildingBlocks\Eventing\RabbitMq\RabbitMqEventBus.cs(163,9): warning CA1873: Evaluation of this argument may be expensive and unnecessary if logging is disabled (https://learn.microsoft.com/dotnet/fundamentals/code-analysis/quality-rules/ca1873) [d:\VB\AMIS101\src\BuildingBlocks\Eventing\Eventing.csproj]
d:\VB\AMIS101\src\BuildingBlocks\Eventing\RabbitMq\RabbitMqEventBus.cs(192,9): warning CA1873: Evaluation of this argument may be expensive and unnecessary if logging is disabled (https://learn.microsoft.com/dotnet/fundamentals/code-analysis/quality-rules/ca1873) [d:\VB\AMIS101\src\BuildingBlocks\Eventing\Eventing.csproj]
d:\VB\AMIS101\src\BuildingBlocks\Eventing\Outbox\OutboxDispatcher.cs(47,9): warning CA1873: Evaluation of this argument may be expensive and unnecessary if logging is disabled (https://learn.microsoft.com/dotnet/fundamentals/code-analysis/quality-rules/ca1873) [d:\VB\AMIS101\src\BuildingBlocks\Eventing\Eventing.csproj]
d:\VB\AMIS101\src\BuildingBlocks\Eventing\Outbox\OutboxDispatcher.cs(68,17): warning CA1873: Evaluation of this argument may be expensive and unnecessary if logging is disabled (https://learn.microsoft.com/dotnet/fundamentals/code-analysis/quality-rules/ca1873) [d:\VB\AMIS101\src\BuildingBlocks\Eventing\Eventing.csproj]
d:\VB\AMIS101\src\BuildingBlocks\Eventing\Outbox\OutboxDispatcher.cs(94,9): warning CA1873: Evaluation of this argument may be expensive and unnecessary if logging is disabled (https://learn.microsoft.com/dotnet/fundamentals/code-analysis/quality-rules/ca1873) [d:\VB\AMIS101\src\BuildingBlocks\Eventing\Eventing.csproj]
d:\VB\AMIS101\src\Modules\AssetProcurement\Modules.AssetProcurement.Contracts\v1\AssetInspectionAcceptanceReports\AssetIARContracts.cs(22,22): warning S101: Rename record 'AssetIARLineItemDto' to match pascal case naming rules, consider using 'AssetIarLineItemDto'. (https://rules.sonarsource.com/csharp/RSPEC-101) [d:\VB\AMIS101\src\Modules\AssetProcurement\Modules.AssetProcurement.Contracts\Modules.AssetProcurement.Contracts.csproj]
d:\VB\AMIS101\src\Modules\AssetProcurement\Modules.AssetProcurement.Contracts\v1\AssetInspectionAcceptanceReports\AssetIARContracts.cs(36,22): warning S101: Rename record 'AssetIARDto' to match pascal case naming rules, consider using 'AssetIarDto'. (https://rules.sonarsource.com/csharp/RSPEC-101) [d:\VB\AMIS101\src\Modules\AssetProcurement\Modules.AssetProcurement.Contracts\Modules.AssetProcurement.Contracts.csproj]
d:\VB\AMIS101\src\Modules\AssetProcurement\Modules.AssetProcurement.Contracts\v1\AssetInspectionAcceptanceReports\AssetIARContracts.cs(58,22): warning S101: Rename record 'AssetIARSummaryDto' to match pascal case naming rules, consider using 'AssetIarSummaryDto'. (https://rules.sonarsource.com/csharp/RSPEC-101) [d:\VB\AMIS101\src\Modules\AssetProcurement\Modules.AssetProcurement.Contracts\Modules.AssetProcurement.Contracts.csproj]
d:\VB\AMIS101\src\Modules\AssetProcurement\Modules.AssetProcurement.Contracts\v1\AssetInspectionAcceptanceReports\AssetIARContracts.cs(73,22): warning S101: Rename record 'AssetIARLineItemRequest' to match pascal case naming rules, consider using 'AssetIarLineItemRequest'. (https://rules.sonarsource.com/csharp/RSPEC-101) [d:\VB\AMIS101\src\Modules\AssetProcurement\Modules.AssetProcurement.Contracts\Modules.AssetProcurement.Contracts.csproj]
d:\VB\AMIS101\src\Modules\AssetProcurement\Modules.AssetProcurement.Contracts\v1\AssetInspectionAcceptanceReports\AssetIARContracts.cs(85,22): warning S101: Rename record 'CreateAssetIARCommand' to match pascal case naming rules, consider using 'CreateAssetIarCommand'. (https://rules.sonarsource.com/csharp/RSPEC-101) [d:\VB\AMIS101\src\Modules\AssetProcurement\Modules.AssetProcurement.Contracts\Modules.AssetProcurement.Contracts.csproj]
d:\VB\AMIS101\src\Modules\AssetProcurement\Modules.AssetProcurement.Contracts\v1\AssetInspectionAcceptanceReports\AssetIARContracts.cs(103,22): warning S101: Rename record 'AcceptAssetIARCommand' to match pascal case naming rules, consider using 'AcceptAssetIarCommand'. (https://rules.sonarsource.com/csharp/RSPEC-101) [d:\VB\AMIS101\src\Modules\AssetProcurement\Modules.AssetProcurement.Contracts\Modules.AssetProcurement.Contracts.csproj]
d:\VB\AMIS101\src\Modules\AssetProcurement\Modules.AssetProcurement.Contracts\v1\AssetInspectionAcceptanceReports\AssetIARContracts.cs(105,22): warning S101: Rename record 'RejectAssetIARCommand' to match pascal case naming rules, consider using 'RejectAssetIarCommand'. (https://rules.sonarsource.com/csharp/RSPEC-101) [d:\VB\AMIS101\src\Modules\AssetProcurement\Modules.AssetProcurement.Contracts\Modules.AssetProcurement.Contracts.csproj]
d:\VB\AMIS101\src\Modules\AssetProcurement\Modules.AssetProcurement.Contracts\v1\AssetInspectionAcceptanceReports\AssetIARContracts.cs(111,22): warning S101: Rename record 'GetAssetIARQuery' to match pascal case naming rules, consider using 'GetAssetIarQuery'. (https://rules.sonarsource.com/csharp/RSPEC-101) [d:\VB\AMIS101\src\Modules\AssetProcurement\Modules.AssetProcurement.Contracts\Modules.AssetProcurement.Contracts.csproj]
d:\VB\AMIS101\src\Modules\AssetProcurement\Modules.AssetProcurement.Contracts\v1\AssetInspectionAcceptanceReports\AssetIARContracts.cs(128,22): warning S101: Rename record 'AssetIARAcceptedEventItem' to match pascal case naming rules, consider using 'AssetIarAcceptedEventItem'. (https://rules.sonarsource.com/csharp/RSPEC-101) [d:\VB\AMIS101\src\Modules\AssetProcurement\Modules.AssetProcurement.Contracts\Modules.AssetProcurement.Contracts.csproj]
d:\VB\AMIS101\src\Modules\AssetProcurement\Modules.AssetProcurement.Contracts\v1\AssetInspectionAcceptanceReports\AssetIARContracts.cs(94,22): warning S101: Rename record 'UpdateAssetIARCommand' to match pascal case naming rules, consider using 'UpdateAssetIarCommand'. (https://rules.sonarsource.com/csharp/RSPEC-101) [d:\VB\AMIS101\src\Modules\AssetProcurement\Modules.AssetProcurement.Contracts\Modules.AssetProcurement.Contracts.csproj]
d:\VB\AMIS101\src\Modules\AssetProcurement\Modules.AssetProcurement.Contracts\v1\AssetInspectionAcceptanceReports\AssetIARContracts.cs(139,22): warning S101: Rename record 'AssetIARAcceptedEvent' to match pascal case naming rules, consider using 'AssetIarAcceptedEvent'. (https://rules.sonarsource.com/csharp/RSPEC-101) [d:\VB\AMIS101\src\Modules\AssetProcurement\Modules.AssetProcurement.Contracts\Modules.AssetProcurement.Contracts.csproj]
d:\VB\AMIS101\src\Modules\MasterData\Modules.MasterData.Contracts\v1\OrganizationProfile\OrganizationProfileContracts.cs(19,13): warning CA1054: Change the type of parameter 'LogoUrl' of method 'UpsertOrganizationProfileCommand.UpsertOrganizationProfileCommand(string, string, string, string, [string])' from 'string' to 'System.Uri', or provide an overload to 'UpsertOrganizationProfileCommand.UpsertOrganizationProfileCommand(string, string, string, string, [string])' that allows 'LogoUrl' to be passed as a 'System.Uri' object (https://learn.microsoft.com/dotnet/fundamentals/code-analysis/quality-rules/ca1054) [d:\VB\AMIS101\src\Modules\MasterData\Modules.MasterData.Contracts\Modules.MasterData.Contracts.csproj]
d:\VB\AMIS101\src\Modules\MasterData\Modules.MasterData.Contracts\v1\OrganizationProfile\OrganizationProfileContracts.cs(10,13): warning CA1054: Change the type of parameter 'LogoUrl' of method 'OrganizationProfileDto.OrganizationProfileDto(Guid, string, string, string, string, string)' from 'string' to 'System.Uri', or provide an overload to 'OrganizationProfileDto.OrganizationProfileDto(Guid, string, string, string, string, string)' that allows 'LogoUrl' to be passed as a 'System.Uri' object (https://learn.microsoft.com/dotnet/fundamentals/code-analysis/quality-rules/ca1054) [d:\VB\AMIS101\src\Modules\MasterData\Modules.MasterData.Contracts\Modules.MasterData.Contracts.csproj]
d:\VB\AMIS101\src\BuildingBlocks\Jobs\HangfireCustomBasicAuthenticationFilter.cs(60,9): warning CA1873: Evaluation of this argument may be expensive and unnecessary if logging is disabled (https://learn.microsoft.com/dotnet/fundamentals/code-analysis/quality-rules/ca1873) [d:\VB\AMIS101\src\BuildingBlocks\Jobs\Jobs.csproj]
d:\VB\AMIS101\src\BuildingBlocks\Persistence\Inteceptors\DomainEventsInterceptor.cs(73,9): warning CA1873: Evaluation of this argument may be expensive and unnecessary if logging is disabled (https://learn.microsoft.com/dotnet/fundamentals/code-analysis/quality-rules/ca1873) [d:\VB\AMIS101\src\BuildingBlocks\Persistence\Persistence.csproj]
d:\VB\AMIS101\src\BuildingBlocks\Persistence\DatabaseOptionsStartupLogger.cs(37,9): warning CA1873: Evaluation of this argument may be expensive and unnecessary if logging is disabled (https://learn.microsoft.com/dotnet/fundamentals/code-analysis/quality-rules/ca1873) [d:\VB\AMIS101\src\BuildingBlocks\Persistence\Persistence.csproj]
d:\VB\AMIS101\src\Modules\Expendable\Modules.Expendable.Contracts\v1\Products\ProductContracts.cs(20,13): warning CA1054: Change the type of parameter 'ImageUrl' of method 'ProductDto.ProductDto(Guid, string, string, string, decimal, string, int, int, Guid?, string, string, string, string, string, DateTimeOffset, string, DateTimeOffset?, string)' from 'string' to 'System.Uri', or provide an overload to 'ProductDto.ProductDto(Guid, string, string, string, decimal, string, int, int, Guid?, string, string, string, string, string, DateTimeOffset, string, DateTimeOffset?, string)' that allows 'ImageUrl' to be passed as a 'System.Uri' object (https://learn.microsoft.com/dotnet/fundamentals/code-analysis/quality-rules/ca1054) [d:\VB\AMIS101\src\Modules\Expendable\Modules.Expendable.Contracts\Modules.Expendable.Contracts.csproj]
d:\VB\AMIS101\src\Modules\Expendable\Modules.Expendable.Contracts\v1\Products\ProductContracts.cs(36,13): warning CA1054: Change the type of parameter 'ImageUrl' of method 'ProductCatalogCardDto.ProductCatalogCardDto(Guid, string, string, decimal, string, int, bool, string, string, string, Guid?, string)' from 'string' to 'System.Uri', or provide an overload to 'ProductCatalogCardDto.ProductCatalogCardDto(Guid, string, string, decimal, string, int, bool, string, string, string, Guid?, string)' that allows 'ImageUrl' to be passed as a 'System.Uri' object (https://learn.microsoft.com/dotnet/fundamentals/code-analysis/quality-rules/ca1054) [d:\VB\AMIS101\src\Modules\Expendable\Modules.Expendable.Contracts\Modules.Expendable.Contracts.csproj]
d:\VB\AMIS101\src\Modules\Expendable\Modules.Expendable.Contracts\v1\Products\ProductContracts.cs(64,13): warning CA1054: Change the type of parameter 'ImageUrl' of method 'UpdateProductCommand.UpdateProductCommand(Guid, string, string, decimal, int, int, [string], [string], [string], [string])' from 'string' to 'System.Uri', or provide an overload to 'UpdateProductCommand.UpdateProductCommand(Guid, string, string, decimal, int, int, [string], [string], [string], [string])' that allows 'ImageUrl' to be passed as a 'System.Uri' object (https://learn.microsoft.com/dotnet/fundamentals/code-analysis/quality-rules/ca1054) [d:\VB\AMIS101\src\Modules\Expendable\Modules.Expendable.Contracts\Modules.Expendable.Contracts.csproj]
d:\VB\AMIS101\src\Modules\Expendable\Modules.Expendable.Contracts\v1\Products\ProductContracts.cs(52,13): warning CA1054: Change the type of parameter 'ImageUrl' of method 'CreateProductCommand.CreateProductCommand(string, string, string, decimal, string, int, int, [Guid?], [string], [string], [string], [string])' from 'string' to 'System.Uri', or provide an overload to 'CreateProductCommand.CreateProductCommand(string, string, string, decimal, string, int, int, [Guid?], [string], [string], [string], [string])' that allows 'ImageUrl' to be passed as a 'System.Uri' object (https://learn.microsoft.com/dotnet/fundamentals/code-analysis/quality-rules/ca1054) [d:\VB\AMIS101\src\Modules\Expendable\Modules.Expendable.Contracts\Modules.Expendable.Contracts.csproj]
d:\VB\AMIS101\src\Modules\ProcurementPlanning\Modules.ProcurementPlanning\Provisioning\ProcurementPlanningDbInitializerHostedService.cs(43,30): warning S2139: Either log this exception and handle it, or rethrow it with some contextual information. (https://rules.sonarsource.com/csharp/RSPEC-2139) [d:\VB\AMIS101\src\Modules\ProcurementPlanning\Modules.ProcurementPlanning\Modules.ProcurementPlanning.csproj]
d:\VB\AMIS101\src\Modules\ProcurementPlanning\Modules.ProcurementPlanning\Provisioning\ProcurementPlanningDbInitializerHostedService.cs(41,17): warning CA1873: Evaluation of this argument may be expensive and unnecessary if logging is disabled (https://learn.microsoft.com/dotnet/fundamentals/code-analysis/quality-rules/ca1873) [d:\VB\AMIS101\src\Modules\ProcurementPlanning\Modules.ProcurementPlanning\Modules.ProcurementPlanning.csproj]
d:\VB\AMIS101\src\Modules\Multitenancy\Modules.Multitenancy\Services\TenantThemeService.cs(104,9): warning CA1873: Evaluation of this argument may be expensive and unnecessary if logging is disabled (https://learn.microsoft.com/dotnet/fundamentals/code-analysis/quality-rules/ca1873) [d:\VB\AMIS101\src\Modules\Multitenancy\Modules.Multitenancy\Modules.Multitenancy.csproj]
d:\VB\AMIS101\src\Modules\Multitenancy\Modules.Multitenancy\Services\TenantThemeService.cs(175,9): warning CA1873: Evaluation of this argument may be expensive and unnecessary if logging is disabled (https://learn.microsoft.com/dotnet/fundamentals/code-analysis/quality-rules/ca1873) [d:\VB\AMIS101\src\Modules\Multitenancy\Modules.Multitenancy\Modules.Multitenancy.csproj]
d:\VB\AMIS101\src\Modules\ProcurementPlanning\Modules.ProcurementPlanning\Data\ProcurementPlanningDbInitializer.cs(16,13): warning CA1873: Evaluation of this argument may be expensive and unnecessary if logging is disabled (https://learn.microsoft.com/dotnet/fundamentals/code-analysis/quality-rules/ca1873) [d:\VB\AMIS101\src\Modules\ProcurementPlanning\Modules.ProcurementPlanning\Modules.ProcurementPlanning.csproj]
d:\VB\AMIS101\src\Modules\Multitenancy\Modules.Multitenancy\Services\TenantThemeService.cs(215,9): warning CA1873: Evaluation of this argument may be expensive and unnecessary if logging is disabled (https://learn.microsoft.com/dotnet/fundamentals/code-analysis/quality-rules/ca1873) [d:\VB\AMIS101\src\Modules\Multitenancy\Modules.Multitenancy\Modules.Multitenancy.csproj]
d:\VB\AMIS101\src\Modules\ProcurementPlanning\Modules.ProcurementPlanning\Data\ProcurementPlanningDbInitializer.cs(22,9): warning CA1873: Evaluation of this argument may be expensive and unnecessary if logging is disabled (https://learn.microsoft.com/dotnet/fundamentals/code-analysis/quality-rules/ca1873) [d:\VB\AMIS101\src\Modules\ProcurementPlanning\Modules.ProcurementPlanning\Modules.ProcurementPlanning.csproj]
d:\VB\AMIS101\src\Modules\Multitenancy\Modules.Multitenancy\Provisioning\TenantProvisioningJob.cs(82,13): warning CA1873: Evaluation of this argument may be expensive and unnecessary if logging is disabled (https://learn.microsoft.com/dotnet/fundamentals/code-analysis/quality-rules/ca1873) [d:\VB\AMIS101\src\Modules\Multitenancy\Modules.Multitenancy\Modules.Multitenancy.csproj]
d:\VB\AMIS101\src\Modules\Multitenancy\Modules.Multitenancy\Provisioning\TenantAutoProvisioningHostedService.cs(85,17): warning CA1873: Evaluation of this argument may be expensive and unnecessary if logging is disabled (https://learn.microsoft.com/dotnet/fundamentals/code-analysis/quality-rules/ca1873) [d:\VB\AMIS101\src\Modules\Multitenancy\Modules.Multitenancy\Modules.Multitenancy.csproj]
d:\VB\AMIS101\src\Modules\Multitenancy\Modules.Multitenancy\Provisioning\TenantAutoProvisioningHostedService.cs(100,17): warning CA1873: Evaluation of this argument may be expensive and unnecessary if logging is disabled (https://learn.microsoft.com/dotnet/fundamentals/code-analysis/quality-rules/ca1873) [d:\VB\AMIS101\src\Modules\Multitenancy\Modules.Multitenancy\Modules.Multitenancy.csproj]
d:\VB\AMIS101\src\Modules\Multitenancy\Modules.Multitenancy\Provisioning\TenantAutoProvisioningHostedService.cs(105,13): warning CA1873: Evaluation of this argument may be expensive and unnecessary if logging is disabled (https://learn.microsoft.com/dotnet/fundamentals/code-analysis/quality-rules/ca1873) [d:\VB\AMIS101\src\Modules\Multitenancy\Modules.Multitenancy\Modules.Multitenancy.csproj]
d:\VB\AMIS101\src\Modules\AssetProcurement\Modules.AssetProcurement\Data\Configurations\AssetIARConfiguration.cs(7,23): warning S101: Rename class 'AssetIARConfiguration' to match pascal case naming rules, consider using 'AssetIarConfiguration'. (https://rules.sonarsource.com/csharp/RSPEC-101) [d:\VB\AMIS101\src\Modules\AssetProcurement\Modules.AssetProcurement\Modules.AssetProcurement.csproj]
d:\VB\AMIS101\src\Modules\AssetProcurement\Modules.AssetProcurement\Domain\AssetInspectionAcceptanceReports\AssetInspectionAcceptanceReport.cs(6,21): warning S101: Rename class 'AssetIARLineItem' to match pascal case naming rules, consider using 'AssetIarLineItem'. (https://rules.sonarsource.com/csharp/RSPEC-101) [d:\VB\AMIS101\src\Modules\AssetProcurement\Modules.AssetProcurement\Modules.AssetProcurement.csproj]
d:\VB\AMIS101\src\Modules\AssetProcurement\Modules.AssetProcurement\Features\v1\AssetIARs\AcceptAssetIAR\AcceptAssetIARCommandHandler.cs(10,21): warning S101: Rename class 'AcceptAssetIARCommandHandler' to match pascal case naming rules, consider using 'AcceptAssetIarCommandHandler'. (https://rules.sonarsource.com/csharp/RSPEC-101) [d:\VB\AMIS101\src\Modules\AssetProcurement\Modules.AssetProcurement\Modules.AssetProcurement.csproj]
d:\VB\AMIS101\src\Modules\AssetProcurement\Modules.AssetProcurement\Features\v1\AssetIARs\AcceptAssetIAR\AcceptAssetIAREndpoint.cs(10,21): warning S101: Rename class 'AcceptAssetIAREndpoint' to match pascal case naming rules, consider using 'AcceptAssetIarEndpoint'. (https://rules.sonarsource.com/csharp/RSPEC-101) [d:\VB\AMIS101\src\Modules\AssetProcurement\Modules.AssetProcurement\Modules.AssetProcurement.csproj]
d:\VB\AMIS101\src\Modules\AssetProcurement\Modules.AssetProcurement\Features\v1\AssetIARs\CreateAssetIAR\CreateAssetIARCommandHandler.cs(10,21): warning S101: Rename class 'CreateAssetIARCommandHandler' to match pascal case naming rules, consider using 'CreateAssetIarCommandHandler'. (https://rules.sonarsource.com/csharp/RSPEC-101) [d:\VB\AMIS101\src\Modules\AssetProcurement\Modules.AssetProcurement\Modules.AssetProcurement.csproj]
d:\VB\AMIS101\src\Modules\AssetProcurement\Modules.AssetProcurement\Features\v1\AssetIARs\CreateAssetIAR\CreateAssetIARCommandValidator.cs(6,21): warning S101: Rename class 'CreateAssetIARCommandValidator' to match pascal case naming rules, consider using 'CreateAssetIarCommandValidator'. (https://rules.sonarsource.com/csharp/RSPEC-101) [d:\VB\AMIS101\src\Modules\AssetProcurement\Modules.AssetProcurement\Modules.AssetProcurement.csproj]
d:\VB\AMIS101\src\Modules\AssetProcurement\Modules.AssetProcurement\Features\v1\AssetIARs\CreateAssetIAR\CreateAssetIAREndpoint.cs(10,21): warning S101: Rename class 'CreateAssetIAREndpoint' to match pascal case naming rules, consider using 'CreateAssetIarEndpoint'. (https://rules.sonarsource.com/csharp/RSPEC-101) [d:\VB\AMIS101\src\Modules\AssetProcurement\Modules.AssetProcurement\Modules.AssetProcurement.csproj]
d:\VB\AMIS101\src\Modules\AssetProcurement\Modules.AssetProcurement\Features\v1\AssetIARs\GetAssetIAR\GetAssetIAREndpoint.cs(10,21): warning S101: Rename class 'GetAssetIAREndpoint' to match pascal case naming rules, consider using 'GetAssetIarEndpoint'. (https://rules.sonarsource.com/csharp/RSPEC-101) [d:\VB\AMIS101\src\Modules\AssetProcurement\Modules.AssetProcurement\Modules.AssetProcurement.csproj]
d:\VB\AMIS101\src\Modules\AssetProcurement\Modules.AssetProcurement\Features\v1\AssetIARs\GetAssetIAR\GetAssetIARQueryHandler.cs(9,21): warning S101: Rename class 'GetAssetIARQueryHandler' to match pascal case naming rules, consider using 'GetAssetIarQueryHandler'. (https://rules.sonarsource.com/csharp/RSPEC-101) [d:\VB\AMIS101\src\Modules\AssetProcurement\Modules.AssetProcurement\Modules.AssetProcurement.csproj]
d:\VB\AMIS101\src\Modules\AssetProcurement\Modules.AssetProcurement\Features\v1\AssetIARs\RejectAssetIAR\RejectAssetIARCommandHandler.cs(9,21): warning S101: Rename class 'RejectAssetIARCommandHandler' to match pascal case naming rules, consider using 'RejectAssetIarCommandHandler'. (https://rules.sonarsource.com/csharp/RSPEC-101) [d:\VB\AMIS101\src\Modules\AssetProcurement\Modules.AssetProcurement\Modules.AssetProcurement.csproj]
d:\VB\AMIS101\src\Modules\AssetProcurement\Modules.AssetProcurement\Features\v1\AssetIARs\RejectAssetIAR\RejectAssetIAREndpoint.cs(10,21): warning S101: Rename class 'RejectAssetIAREndpoint' to match pascal case naming rules, consider using 'RejectAssetIarEndpoint'. (https://rules.sonarsource.com/csharp/RSPEC-101) [d:\VB\AMIS101\src\Modules\AssetProcurement\Modules.AssetProcurement\Modules.AssetProcurement.csproj]
d:\VB\AMIS101\src\Modules\AssetProcurement\Modules.AssetProcurement\Features\v1\AssetIARs\UpdateAssetIAR\UpdateAssetIARCommandHandler.cs(9,21): warning S101: Rename class 'UpdateAssetIARCommandHandler' to match pascal case naming rules, consider using 'UpdateAssetIarCommandHandler'. (https://rules.sonarsource.com/csharp/RSPEC-101) [d:\VB\AMIS101\src\Modules\AssetProcurement\Modules.AssetProcurement\Modules.AssetProcurement.csproj]
d:\VB\AMIS101\src\Modules\AssetProcurement\Modules.AssetProcurement\Features\v1\AssetIARs\UpdateAssetIAR\UpdateAssetIAREndpoint.cs(10,21): warning S101: Rename class 'UpdateAssetIAREndpoint' to match pascal case naming rules, consider using 'UpdateAssetIarEndpoint'. (https://rules.sonarsource.com/csharp/RSPEC-101) [d:\VB\AMIS101\src\Modules\AssetProcurement\Modules.AssetProcurement\Modules.AssetProcurement.csproj]
d:\VB\AMIS101\src\Modules\AssetProcurement\Modules.AssetProcurement\Provisioning\AssetProcurementDbInitializerHostedService.cs(46,30): warning S2139: Either log this exception and handle it, or rethrow it with some contextual information. (https://rules.sonarsource.com/csharp/RSPEC-2139) [d:\VB\AMIS101\src\Modules\AssetProcurement\Modules.AssetProcurement\Modules.AssetProcurement.csproj]
d:\VB\AMIS101\src\Modules\AssetProcurement\Modules.AssetProcurement\Provisioning\AssetProcurementDbInitializerHostedService.cs(44,17): warning CA1873: Evaluation of this argument may be expensive and unnecessary if logging is disabled (https://learn.microsoft.com/dotnet/fundamentals/code-analysis/quality-rules/ca1873) [d:\VB\AMIS101\src\Modules\AssetProcurement\Modules.AssetProcurement\Modules.AssetProcurement.csproj]
d:\VB\AMIS101\src\Modules\AssetProcurement\Modules.AssetProcurement\Data\AssetProcurementDbInitializer.cs(16,13): warning CA1873: Evaluation of this argument may be expensive and unnecessary if logging is disabled (https://learn.microsoft.com/dotnet/fundamentals/code-analysis/quality-rules/ca1873) [d:\VB\AMIS101\src\Modules\AssetProcurement\Modules.AssetProcurement\Modules.AssetProcurement.csproj]
d:\VB\AMIS101\src\Modules\AssetProcurement\Modules.AssetProcurement\Data\AssetProcurementDbInitializer.cs(22,9): warning CA1873: Evaluation of this argument may be expensive and unnecessary if logging is disabled (https://learn.microsoft.com/dotnet/fundamentals/code-analysis/quality-rules/ca1873) [d:\VB\AMIS101\src\Modules\AssetProcurement\Modules.AssetProcurement\Modules.AssetProcurement.csproj]
d:\VB\AMIS101\src\Modules\ProcurementAcquisition\Modules.ProcurementAcquisition\Features\v1\PurchaseRequests\CreatePurchaseRequest\CreatePurchaseRequestCommand.cs(4,1): warning S3261: Remove this empty namespace. (https://rules.sonarsource.com/csharp/RSPEC-3261) [d:\VB\AMIS101\src\Modules\ProcurementAcquisition\Modules.ProcurementAcquisition\Modules.ProcurementAcquisition.csproj]
d:\VB\AMIS101\src\Modules\ProcurementAcquisition\Modules.ProcurementAcquisition\Provisioning\ProcurementDbInitializerHostedService.cs(47,30): warning S2139: Either log this exception and handle it, or rethrow it with some contextual information. (https://rules.sonarsource.com/csharp/RSPEC-2139) [d:\VB\AMIS101\src\Modules\ProcurementAcquisition\Modules.ProcurementAcquisition\Modules.ProcurementAcquisition.csproj]
d:\VB\AMIS101\src\Modules\ProcurementAcquisition\Modules.ProcurementAcquisition\Provisioning\ProcurementDbInitializerHostedService.cs(45,17): warning CA1873: Evaluation of this argument may be expensive and unnecessary if logging is disabled (https://learn.microsoft.com/dotnet/fundamentals/code-analysis/quality-rules/ca1873) [d:\VB\AMIS101\src\Modules\ProcurementAcquisition\Modules.ProcurementAcquisition\Modules.ProcurementAcquisition.csproj]
d:\VB\AMIS101\src\Modules\ProcurementAcquisition\Modules.ProcurementAcquisition\Data\ProcurementDbInitializer.cs(22,9): warning CA1873: Evaluation of this argument may be expensive and unnecessary if logging is disabled (https://learn.microsoft.com/dotnet/fundamentals/code-analysis/quality-rules/ca1873) [d:\VB\AMIS101\src\Modules\ProcurementAcquisition\Modules.ProcurementAcquisition\Modules.ProcurementAcquisition.csproj]
d:\VB\AMIS101\src\Modules\ProcurementAcquisition\Modules.ProcurementAcquisition\Data\ProcurementDbInitializer.cs(16,13): warning CA1873: Evaluation of this argument may be expensive and unnecessary if logging is disabled (https://learn.microsoft.com/dotnet/fundamentals/code-analysis/quality-rules/ca1873) [d:\VB\AMIS101\src\Modules\ProcurementAcquisition\Modules.ProcurementAcquisition\Modules.ProcurementAcquisition.csproj]
d:\VB\AMIS101\src\Modules\Identity\Modules.Identity\Services\UserProfileService.cs(82,73): warning CS8604: Possible null reference argument for parameter 'request' in 'Task<string> IStorageService.UploadAsync<FshUser>(FileUploadRequest request, FileType fileType, CancellationToken cancellationToken = default(CancellationToken))'. [d:\VB\AMIS101\src\Modules\Identity\Modules.Identity\Modules.Identity.csproj]
d:\VB\AMIS101\src\Modules\Identity\Modules.Identity\Services\TokenService.cs(52,9): warning CA1873: Evaluation of this argument may be expensive and unnecessary if logging is disabled (https://learn.microsoft.com/dotnet/fundamentals/code-analysis/quality-rules/ca1873) [d:\VB\AMIS101\src\Modules\Identity\Modules.Identity\Modules.Identity.csproj]
d:\VB\AMIS101\src\Modules\Identity\Modules.Identity\Services\SessionService.cs(70,9): warning CA1873: Evaluation of this argument may be expensive and unnecessary if logging is disabled (https://learn.microsoft.com/dotnet/fundamentals/code-analysis/quality-rules/ca1873) [d:\VB\AMIS101\src\Modules\Identity\Modules.Identity\Modules.Identity.csproj]
d:\VB\AMIS101\src\Modules\Identity\Modules.Identity\Services\SessionService.cs(191,9): warning CA1873: Evaluation of this argument may be expensive and unnecessary if logging is disabled (https://learn.microsoft.com/dotnet/fundamentals/code-analysis/quality-rules/ca1873) [d:\VB\AMIS101\src\Modules\Identity\Modules.Identity\Modules.Identity.csproj]
d:\VB\AMIS101\src\Modules\Identity\Modules.Identity\Services\SessionService.cs(153,9): warning CA1873: Evaluation of this argument may be expensive and unnecessary if logging is disabled (https://learn.microsoft.com/dotnet/fundamentals/code-analysis/quality-rules/ca1873) [d:\VB\AMIS101\src\Modules\Identity\Modules.Identity\Modules.Identity.csproj]
d:\VB\AMIS101\src\Modules\Identity\Modules.Identity\Services\SessionService.cs(216,9): warning CA1873: Evaluation of this argument may be expensive and unnecessary if logging is disabled (https://learn.microsoft.com/dotnet/fundamentals/code-analysis/quality-rules/ca1873) [d:\VB\AMIS101\src\Modules\Identity\Modules.Identity\Modules.Identity.csproj]
d:\VB\AMIS101\src\Modules\Identity\Modules.Identity\Services\SessionService.cs(243,9): warning CA1873: Evaluation of this argument may be expensive and unnecessary if logging is disabled (https://learn.microsoft.com/dotnet/fundamentals/code-analysis/quality-rules/ca1873) [d:\VB\AMIS101\src\Modules\Identity\Modules.Identity\Modules.Identity.csproj]
d:\VB\AMIS101\src\Modules\Identity\Modules.Identity\Services\SessionService.cs(280,13): warning CA1873: Evaluation of this argument may be expensive and unnecessary if logging is disabled (https://learn.microsoft.com/dotnet/fundamentals/code-analysis/quality-rules/ca1873) [d:\VB\AMIS101\src\Modules\Identity\Modules.Identity\Modules.Identity.csproj]
d:\VB\AMIS101\src\Modules\Identity\Modules.Identity\Services\SessionService.cs(327,13): warning CA1873: Evaluation of this argument may be expensive and unnecessary if logging is disabled (https://learn.microsoft.com/dotnet/fundamentals/code-analysis/quality-rules/ca1873) [d:\VB\AMIS101\src\Modules\Identity\Modules.Identity\Modules.Identity.csproj]
d:\VB\AMIS101\src\Modules\Identity\Modules.Identity\Services\SessionCleanupHostedService.cs(67,13): warning CA1873: Evaluation of this argument may be expensive and unnecessary if logging is disabled (https://learn.microsoft.com/dotnet/fundamentals/code-analysis/quality-rules/ca1873) [d:\VB\AMIS101\src\Modules\Identity\Modules.Identity\Modules.Identity.csproj]
d:\VB\AMIS101\src\Modules\Identity\Modules.Identity\Services\IdentityService.cs(83,13): warning CA1873: Evaluation of this argument may be expensive and unnecessary if logging is disabled (https://learn.microsoft.com/dotnet/fundamentals/code-analysis/quality-rules/ca1873) [d:\VB\AMIS101\src\Modules\Identity\Modules.Identity\Modules.Identity.csproj]
d:\VB\AMIS101\src\Modules\Identity\Modules.Identity\Services\IdentityService.cs(147,9): warning CA1873: Evaluation of this argument may be expensive and unnecessary if logging is disabled (https://learn.microsoft.com/dotnet/fundamentals/code-analysis/quality-rules/ca1873) [d:\VB\AMIS101\src\Modules\Identity\Modules.Identity\Modules.Identity.csproj]
d:\VB\AMIS101\src\Modules\Identity\Modules.Identity\Services\IdentityService.cs(156,13): warning CA1873: Evaluation of this argument may be expensive and unnecessary if logging is disabled (https://learn.microsoft.com/dotnet/fundamentals/code-analysis/quality-rules/ca1873) [d:\VB\AMIS101\src\Modules\Identity\Modules.Identity\Modules.Identity.csproj]
d:\VB\AMIS101\src\Modules\Identity\Modules.Identity\Services\IdentityService.cs(106,9): warning CA1873: Evaluation of this argument may be expensive and unnecessary if logging is disabled (https://learn.microsoft.com/dotnet/fundamentals/code-analysis/quality-rules/ca1873) [d:\VB\AMIS101\src\Modules\Identity\Modules.Identity\Modules.Identity.csproj]
d:\VB\AMIS101\src\Modules\Identity\Modules.Identity\Events\TokenGeneratedLogHandler.cs(25,9): warning CA1873: Evaluation of this argument may be expensive and unnecessary if logging is disabled (https://learn.microsoft.com/dotnet/fundamentals/code-analysis/quality-rules/ca1873) [d:\VB\AMIS101\src\Modules\Identity\Modules.Identity\Modules.Identity.csproj]
d:\VB\AMIS101\src\Modules\Identity\Modules.Identity\Data\IdentityDbInitializer.cs(28,13): warning CA1873: Evaluation of this argument may be expensive and unnecessary if logging is disabled (https://learn.microsoft.com/dotnet/fundamentals/code-analysis/quality-rules/ca1873) [d:\VB\AMIS101\src\Modules\Identity\Modules.Identity\Modules.Identity.csproj]
d:\VB\AMIS101\src\Modules\Identity\Modules.Identity\Data\IdentityDbInitializer.cs(87,13): warning CA1873: Evaluation of this argument may be expensive and unnecessary if logging is disabled (https://learn.microsoft.com/dotnet/fundamentals/code-analysis/quality-rules/ca1873) [d:\VB\AMIS101\src\Modules\Identity\Modules.Identity\Modules.Identity.csproj]
d:\VB\AMIS101\src\Modules\Identity\Modules.Identity\Data\IdentityDbInitializer.cs(122,13): warning CA1873: Evaluation of this argument may be expensive and unnecessary if logging is disabled (https://learn.microsoft.com/dotnet/fundamentals/code-analysis/quality-rules/ca1873) [d:\VB\AMIS101\src\Modules\Identity\Modules.Identity\Modules.Identity.csproj]
d:\VB\AMIS101\src\Modules\Identity\Modules.Identity\Data\IdentityDbInitializer.cs(140,13): warning CA1873: Evaluation of this argument may be expensive and unnecessary if logging is disabled (https://learn.microsoft.com/dotnet/fundamentals/code-analysis/quality-rules/ca1873) [d:\VB\AMIS101\src\Modules\Identity\Modules.Identity\Modules.Identity.csproj]
d:\VB\AMIS101\src\Modules\Identity\Modules.Identity\Data\IdentityDbInitializer.cs(157,17): warning CA1873: Evaluation of this argument may be expensive and unnecessary if logging is disabled (https://learn.microsoft.com/dotnet/fundamentals/code-analysis/quality-rules/ca1873) [d:\VB\AMIS101\src\Modules\Identity\Modules.Identity\Modules.Identity.csproj]
d:\VB\AMIS101\src\Modules\Identity\Modules.Identity\Data\IdentityDbInitializer.cs(187,13): warning CA1873: Evaluation of this argument may be expensive and unnecessary if logging is disabled (https://learn.microsoft.com/dotnet/fundamentals/code-analysis/quality-rules/ca1873) [d:\VB\AMIS101\src\Modules\Identity\Modules.Identity\Modules.Identity.csproj]
d:\VB\AMIS101\src\Modules\Identity\Modules.Identity\Data\IdentityDbInitializer.cs(196,13): warning CA1873: Evaluation of this argument may be expensive and unnecessary if logging is disabled (https://learn.microsoft.com/dotnet/fundamentals/code-analysis/quality-rules/ca1873) [d:\VB\AMIS101\src\Modules\Identity\Modules.Identity\Modules.Identity.csproj]
d:\VB\AMIS101\src\Modules\Auditing\Modules.Auditing\Persistence\AuditDbInitializer.cs(16,13): warning CA1873: Evaluation of this argument may be expensive and unnecessary if logging is disabled (https://learn.microsoft.com/dotnet/fundamentals/code-analysis/quality-rules/ca1873) [d:\VB\AMIS101\src\Modules\Auditing\Modules.Auditing\Modules.Auditing.csproj]
d:\VB\AMIS101\src\Modules\Auditing\Modules.Auditing\Persistence\SqlAuditSink.cs(70,13): warning CA1873: Evaluation of this argument may be expensive and unnecessary if logging is disabled (https://learn.microsoft.com/dotnet/fundamentals/code-analysis/quality-rules/ca1873) [d:\VB\AMIS101\src\Modules\Auditing\Modules.Auditing\Modules.Auditing.csproj]
d:\VB\AMIS101\src\Modules\AssetManagement\Modules.AssetManagement\Domain\PropertyItemCatalog.cs(8,56): warning CS1574: XML comment has cref attribute 'CapitalizationThreshold' that could not be resolved [d:\VB\AMIS101\src\Modules\AssetManagement\Modules.AssetManagement\Modules.AssetManagement.csproj]
d:\VB\AMIS101\src\Modules\AssetManagement\Modules.AssetManagement\Domain\PropertyItemCatalog.cs(10,57): warning CS1574: XML comment has cref attribute 'SemiExpendableProperty' that could not be resolved [d:\VB\AMIS101\src\Modules\AssetManagement\Modules.AssetManagement\Modules.AssetManagement.csproj]
d:\VB\AMIS101\src\Modules\AssetManagement\Modules.AssetManagement\Domain\PropertyItemCatalog.cs(11,16): warning CS1574: XML comment has cref attribute 'PPEItem' that could not be resolved [d:\VB\AMIS101\src\Modules\AssetManagement\Modules.AssetManagement\Modules.AssetManagement.csproj]
d:\VB\AMIS101\src\Modules\AssetManagement\Modules.AssetManagement\Domain\ReclassificationRecord.cs(9,16): warning CS1574: XML comment has cref attribute 'SemiExpendableProperty' that could not be resolved [d:\VB\AMIS101\src\Modules\AssetManagement\Modules.AssetManagement\Modules.AssetManagement.csproj]
d:\VB\AMIS101\src\Modules\AssetManagement\Modules.AssetManagement\Domain\ReclassificationRecord.cs(9,67): warning CS1574: XML comment has cref attribute 'Category' that could not be resolved [d:\VB\AMIS101\src\Modules\AssetManagement\Modules.AssetManagement\Modules.AssetManagement.csproj]
d:\VB\AMIS101\src\Modules\AssetManagement\Modules.AssetManagement\Features\v1\PhysicalCount\GetRPCPPE\GetRPCPPEQuery.cs(26,5): warning CS1587: XML comment is not placed on a valid language element [d:\VB\AMIS101\src\Modules\AssetManagement\Modules.AssetManagement\Modules.AssetManagement.csproj]
d:\VB\AMIS101\src\Modules\AssetManagement\Modules.AssetManagement\Features\v1\PhysicalCount\GetRPCPPE\GetRPCPPEQuery.cs(28,5): warning CS1587: XML comment is not placed on a valid language element [d:\VB\AMIS101\src\Modules\AssetManagement\Modules.AssetManagement\Modules.AssetManagement.csproj]
d:\VB\AMIS101\src\Modules\AssetManagement\Modules.AssetManagement\Features\v1\PhysicalCount\GetRPCPPE\GetRPCPPEQuery.cs(30,5): warning CS1587: XML comment is not placed on a valid language element [d:\VB\AMIS101\src\Modules\AssetManagement\Modules.AssetManagement\Modules.AssetManagement.csproj]
d:\VB\AMIS101\src\Modules\AssetManagement\Modules.AssetManagement\Features\v1\PhysicalCount\GetRPCPPE\GetRPCPPEQuery.cs(33,5): warning CS1587: XML comment is not placed on a valid language element [d:\VB\AMIS101\src\Modules\AssetManagement\Modules.AssetManagement\Modules.AssetManagement.csproj]
d:\VB\AMIS101\src\Modules\AssetManagement\Modules.AssetManagement\Features\v1\PhysicalCount\GetRPCPPE\GetRPCPPEQuery.cs(35,5): warning CS1587: XML comment is not placed on a valid language element [d:\VB\AMIS101\src\Modules\AssetManagement\Modules.AssetManagement\Modules.AssetManagement.csproj]
d:\VB\AMIS101\src\Modules\AssetManagement\Modules.AssetManagement\Features\v1\PhysicalCount\GetRPCPPE\GetRPCPPEQuery.cs(37,5): warning CS1587: XML comment is not placed on a valid language element [d:\VB\AMIS101\src\Modules\AssetManagement\Modules.AssetManagement\Modules.AssetManagement.csproj]
d:\VB\AMIS101\src\Modules\AssetManagement\Modules.AssetManagement\Features\v1\PhysicalCount\GetRPCPPE\GetRPCPPEQuery.cs(39,5): warning CS1587: XML comment is not placed on a valid language element [d:\VB\AMIS101\src\Modules\AssetManagement\Modules.AssetManagement\Modules.AssetManagement.csproj]
d:\VB\AMIS101\src\Modules\AssetManagement\Modules.AssetManagement\Features\v1\PhysicalCount\GetRPCPPE\GetRPCPPEQuery.cs(41,5): warning CS1587: XML comment is not placed on a valid language element [d:\VB\AMIS101\src\Modules\AssetManagement\Modules.AssetManagement\Modules.AssetManagement.csproj]
d:\VB\AMIS101\src\Modules\AssetManagement\Modules.AssetManagement\Features\v1\PhysicalCount\RecordPhysicalCountEntry\RecordPhysicalCountEntryCommand.cs(13,5): warning CS1587: XML comment is not placed on a valid language element [d:\VB\AMIS101\src\Modules\AssetManagement\Modules.AssetManagement\Modules.AssetManagement.csproj]
d:\VB\AMIS101\src\Modules\AssetManagement\Modules.AssetManagement\Features\v1\PhysicalCount\RecordPhysicalCountEntry\RecordPhysicalCountEntryCommand.cs(15,5): warning CS1587: XML comment is not placed on a valid language element [d:\VB\AMIS101\src\Modules\AssetManagement\Modules.AssetManagement\Modules.AssetManagement.csproj]
d:\VB\AMIS101\src\Modules\MasterData\Modules.MasterData\Domain\EmployeeProfile.cs(27,55): warning S1144: Remove the unused private setter 'set_DefaultUnitOfMeasure'. (https://rules.sonarsource.com/csharp/RSPEC-1144) [d:\VB\AMIS101\src\Modules\MasterData\Modules.MasterData\Modules.MasterData.csproj]
d:\VB\AMIS101\src\Modules\MasterData\Modules.MasterData\Domain\OrganizationProfile.cs(12,20): warning CA1056: Change the type of property 'OrganizationProfile.LogoUrl' from 'string' to 'System.Uri' (https://learn.microsoft.com/dotnet/fundamentals/code-analysis/quality-rules/ca1056) [d:\VB\AMIS101\src\Modules\MasterData\Modules.MasterData\Modules.MasterData.csproj]
d:\VB\AMIS101\src\Modules\MasterData\Modules.MasterData\Provisioning\MasterDataDbInitializerHostedService.cs(50,30): warning S2139: Either log this exception and handle it, or rethrow it with some contextual information. (https://rules.sonarsource.com/csharp/RSPEC-2139) [d:\VB\AMIS101\src\Modules\MasterData\Modules.MasterData\Modules.MasterData.csproj]
d:\VB\AMIS101\src\Modules\MasterData\Modules.MasterData\Provisioning\MasterDataDbInitializerHostedService.cs(48,17): warning CA1873: Evaluation of this argument may be expensive and unnecessary if logging is disabled (https://learn.microsoft.com/dotnet/fundamentals/code-analysis/quality-rules/ca1873) [d:\VB\AMIS101\src\Modules\MasterData\Modules.MasterData\Modules.MasterData.csproj]
d:\VB\AMIS101\src\Modules\MasterData\Modules.MasterData\Data\MasterDataDbInitializer.cs(18,13): warning CA1873: Evaluation of this argument may be expensive and unnecessary if logging is disabled (https://learn.microsoft.com/dotnet/fundamentals/code-analysis/quality-rules/ca1873) [d:\VB\AMIS101\src\Modules\MasterData\Modules.MasterData\Modules.MasterData.csproj]
d:\VB\AMIS101\src\Modules\MasterData\Modules.MasterData\Events\LinkEmployeeOnLoginHandler.cs(85,9): warning CA1873: Evaluation of this argument may be expensive and unnecessary if logging is disabled (https://learn.microsoft.com/dotnet/fundamentals/code-analysis/quality-rules/ca1873) [d:\VB\AMIS101\src\Modules\MasterData\Modules.MasterData\Modules.MasterData.csproj]
d:\VB\AMIS101\src\Modules\MasterData\Modules.MasterData\Domain\OrganizationProfile.cs(50,17): warning CA1054: Change the type of parameter 'logoUrl' of method 'OrganizationProfile.Update(string, string, string, string, [string])' from 'string' to 'System.Uri', or provide an overload to 'OrganizationProfile.Update(string, string, string, string, [string])' that allows 'logoUrl' to be passed as a 'System.Uri' object (https://learn.microsoft.com/dotnet/fundamentals/code-analysis/quality-rules/ca1054) [d:\VB\AMIS101\src\Modules\MasterData\Modules.MasterData\Modules.MasterData.csproj]
d:\VB\AMIS101\src\Modules\MasterData\Modules.MasterData\Domain\OrganizationProfile.cs(29,17): warning CA1054: Change the type of parameter 'logoUrl' of method 'OrganizationProfile.Create(string, string, string, string, string, [string])' from 'string' to 'System.Uri', or provide an overload to 'OrganizationProfile.Create(string, string, string, string, string, [string])' that allows 'logoUrl' to be passed as a 'System.Uri' object (https://learn.microsoft.com/dotnet/fundamentals/code-analysis/quality-rules/ca1054) [d:\VB\AMIS101\src\Modules\MasterData\Modules.MasterData\Modules.MasterData.csproj]
d:\VB\AMIS101\src\Modules\MasterData\Modules.MasterData\Features\v1\Lookups\MasterDataLookupHandlers.cs(59,26): warning S2139: Either log this exception and handle it, or rethrow it with some contextual information. (https://rules.sonarsource.com/csharp/RSPEC-2139) [d:\VB\AMIS101\src\Modules\MasterData\Modules.MasterData\Modules.MasterData.csproj]
d:\VB\AMIS101\src\Modules\MasterData\Modules.MasterData\Data\MasterDataDbInitializer.cs(660,9): warning CA1873: Evaluation of this argument may be expensive and unnecessary if logging is disabled (https://learn.microsoft.com/dotnet/fundamentals/code-analysis/quality-rules/ca1873) [d:\VB\AMIS101\src\Modules\MasterData\Modules.MasterData\Modules.MasterData.csproj]
d:\VB\AMIS101\src\Modules\Vehicle\Modules.Vehicle\Domain\Repairs\RepairRecord.cs(6,13): warning CA1008: Add a member to RepairStatus that has a value of zero with a suggested name of 'None' (https://learn.microsoft.com/dotnet/fundamentals/code-analysis/quality-rules/ca1008) [d:\VB\AMIS101\src\Modules\Vehicle\Modules.Vehicle\Modules.Vehicle.csproj]
d:\VB\AMIS101\src\Modules\Vehicle\Modules.Vehicle\Domain\Vehicles\Vehicle.cs(23,13): warning CA1008: Add a member to VehicleStatus that has a value of zero with a suggested name of 'None' (https://learn.microsoft.com/dotnet/fundamentals/code-analysis/quality-rules/ca1008) [d:\VB\AMIS101\src\Modules\Vehicle\Modules.Vehicle\Modules.Vehicle.csproj]
d:\VB\AMIS101\src\Modules\Vehicle\Modules.Vehicle\Provisioning\VehicleDbInitializerHostedService.cs(43,30): warning S2139: Either log this exception and handle it, or rethrow it with some contextual information. (https://rules.sonarsource.com/csharp/RSPEC-2139) [d:\VB\AMIS101\src\Modules\Vehicle\Modules.Vehicle\Modules.Vehicle.csproj]
d:\VB\AMIS101\src\Modules\Vehicle\Modules.Vehicle\Provisioning\VehicleDbInitializerHostedService.cs(41,17): warning CA1873: Evaluation of this argument may be expensive and unnecessary if logging is disabled (https://learn.microsoft.com/dotnet/fundamentals/code-analysis/quality-rules/ca1873) [d:\VB\AMIS101\src\Modules\Vehicle\Modules.Vehicle\Modules.Vehicle.csproj]
d:\VB\AMIS101\src\Modules\Vehicle\Modules.Vehicle\Data\VehicleDbInitializer.cs(19,13): warning CA1873: Evaluation of this argument may be expensive and unnecessary if logging is disabled (https://learn.microsoft.com/dotnet/fundamentals/code-analysis/quality-rules/ca1873) [d:\VB\AMIS101\src\Modules\Vehicle\Modules.Vehicle\Modules.Vehicle.csproj]
d:\VB\AMIS101\src\Modules\Vehicle\Modules.Vehicle\Data\VehicleDbInitializer.cs(77,9): warning CA1873: Evaluation of this argument may be expensive and unnecessary if logging is disabled (https://learn.microsoft.com/dotnet/fundamentals/code-analysis/quality-rules/ca1873) [d:\VB\AMIS101\src\Modules\Vehicle\Modules.Vehicle\Modules.Vehicle.csproj]
d:\VB\AMIS101\src\Modules\Vehicle\Modules.Vehicle\Features\v1\Vehicles\UpdateVehicle\UpdateVehicleCommandHandler.cs(15,91): warning CA1725: In member ValueTask<VehicleDto> UpdateVehicleCommandHandler.Handle(UpdateVehicleCommand cmd, CancellationToken ct), change parameter name ct to cancellationToken in order to match the identifier as it has been declared in ValueTask<VehicleDto> ICommandHandler<UpdateVehicleCommand, VehicleDto>.Handle(UpdateVehicleCommand command, CancellationToken cancellationToken) (https://learn.microsoft.com/dotnet/fundamentals/code-analysis/quality-rules/ca1725) [d:\VB\AMIS101\src\Modules\Vehicle\Modules.Vehicle\Modules.Vehicle.csproj]
d:\VB\AMIS101\src\Modules\Vehicle\Modules.Vehicle\Features\v1\Vehicles\UpdateVehicle\UpdateVehicleCommandHandler.cs(15,91): warning S927: Rename parameter 'ct' to 'cancellationToken' to match the interface declaration. (https://rules.sonarsource.com/csharp/RSPEC-927) [d:\VB\AMIS101\src\Modules\Vehicle\Modules.Vehicle\Modules.Vehicle.csproj]
d:\VB\AMIS101\src\Modules\Vehicle\Modules.Vehicle\Features\v1\Vehicles\UpdateOdometer\UpdateOdometerCommandHandler.cs(13,86): warning CA1725: In member ValueTask<Unit> UpdateOdometerCommandHandler.Handle(UpdateOdometerCommand cmd, CancellationToken ct), change parameter name ct to cancellationToken in order to match the identifier as it has been declared in ValueTask<Unit> ICommandHandler<UpdateOdometerCommand, Unit>.Handle(UpdateOdometerCommand command, CancellationToken cancellationToken) (https://learn.microsoft.com/dotnet/fundamentals/code-analysis/quality-rules/ca1725) [d:\VB\AMIS101\src\Modules\Vehicle\Modules.Vehicle\Modules.Vehicle.csproj]
d:\VB\AMIS101\src\Modules\Vehicle\Modules.Vehicle\Features\v1\Vehicles\UpdateOdometer\UpdateOdometerCommandHandler.cs(13,86): warning S927: Rename parameter 'ct' to 'cancellationToken' to match the interface declaration. (https://rules.sonarsource.com/csharp/RSPEC-927) [d:\VB\AMIS101\src\Modules\Vehicle\Modules.Vehicle\Modules.Vehicle.csproj]
d:\VB\AMIS101\src\Modules\Vehicle\Modules.Vehicle\Features\v1\Vehicles\AssignVehicle\AssignVehicleCommandHandler.cs(13,85): warning CA1725: In member ValueTask<Unit> AssignVehicleCommandHandler.Handle(AssignVehicleCommand cmd, CancellationToken ct), change parameter name ct to cancellationToken in order to match the identifier as it has been declared in ValueTask<Unit> ICommandHandler<AssignVehicleCommand, Unit>.Handle(AssignVehicleCommand command, CancellationToken cancellationToken) (https://learn.microsoft.com/dotnet/fundamentals/code-analysis/quality-rules/ca1725) [d:\VB\AMIS101\src\Modules\Vehicle\Modules.Vehicle\Modules.Vehicle.csproj]
d:\VB\AMIS101\src\Modules\Vehicle\Modules.Vehicle\Features\v1\Maintenance\CreateMaintenanceSchedule\CreateMaintenanceScheduleHandler.cs(16,27): warning CA1725: In member ValueTask<CreateMaintenanceScheduleResponse> CreateMaintenanceScheduleHandler.Handle(CreateMaintenanceScheduleCommand command, CancellationToken ct), change parameter name ct to cancellationToken in order to match the identifier as it has been declared in ValueTask<CreateMaintenanceScheduleResponse> ICommandHandler<CreateMaintenanceScheduleCommand, CreateMaintenanceScheduleResponse>.Handle(CreateMaintenanceScheduleCommand command, CancellationToken cancellationToken) (https://learn.microsoft.com/dotnet/fundamentals/code-analysis/quality-rules/ca1725) [d:\VB\AMIS101\src\Modules\Vehicle\Modules.Vehicle\Modules.Vehicle.csproj]
d:\VB\AMIS101\src\Modules\Vehicle\Modules.Vehicle\Features\v1\Vehicles\AssignVehicle\AssignVehicleCommandHandler.cs(13,85): warning S927: Rename parameter 'ct' to 'cancellationToken' to match the interface declaration. (https://rules.sonarsource.com/csharp/RSPEC-927) [d:\VB\AMIS101\src\Modules\Vehicle\Modules.Vehicle\Modules.Vehicle.csproj]
d:\VB\AMIS101\src\Modules\Vehicle\Modules.Vehicle\Features\v1\Lookups\VehicleLookupHandlers.cs(95,26): warning S2139: Either log this exception and handle it, or rethrow it with some contextual information. (https://rules.sonarsource.com/csharp/RSPEC-2139) [d:\VB\AMIS101\src\Modules\Vehicle\Modules.Vehicle\Modules.Vehicle.csproj]
d:\VB\AMIS101\src\Modules\Vehicle\Modules.Vehicle\Features\v1\Maintenance\CreateMaintenanceSchedule\CreateMaintenanceScheduleHandler.cs(16,27): warning S927: Rename parameter 'ct' to 'cancellationToken' to match the interface declaration. (https://rules.sonarsource.com/csharp/RSPEC-927) [d:\VB\AMIS101\src\Modules\Vehicle\Modules.Vehicle\Modules.Vehicle.csproj]
d:\VB\AMIS101\src\Modules\Vehicle\Modules.Vehicle\Features\v1\Vehicles\SearchVehicles\SearchVehiclesQueryHandler.cs(15,107): warning CA1725: In member ValueTask<PagedResponse<VehicleDto>> SearchVehiclesQueryHandler.Handle(SearchVehiclesQuery query, CancellationToken ct), change parameter name ct to cancellationToken in order to match the identifier as it has been declared in ValueTask<PagedResponse<VehicleDto>> IQueryHandler<SearchVehiclesQuery, PagedResponse<VehicleDto>>.Handle(SearchVehiclesQuery query, CancellationToken cancellationToken) (https://learn.microsoft.com/dotnet/fundamentals/code-analysis/quality-rules/ca1725) [d:\VB\AMIS101\src\Modules\Vehicle\Modules.Vehicle\Modules.Vehicle.csproj]
d:\VB\AMIS101\src\Modules\Vehicle\Modules.Vehicle\Features\v1\FuelOdometer\SearchVehicleDailyUsage\SearchVehicleDailyUsageQueryHandler.cs(14,126): warning CA1725: In member ValueTask<PagedResponse<VehicleDailyUsageDto>> SearchVehicleDailyUsageQueryHandler.Handle(SearchVehicleDailyUsageQuery query, CancellationToken ct), change parameter name ct to cancellationToken in order to match the identifier as it has been declared in ValueTask<PagedResponse<VehicleDailyUsageDto>> IQueryHandler<SearchVehicleDailyUsageQuery, PagedResponse<VehicleDailyUsageDto>>.Handle(SearchVehicleDailyUsageQuery query, CancellationToken cancellationToken) (https://learn.microsoft.com/dotnet/fundamentals/code-analysis/quality-rules/ca1725) [d:\VB\AMIS101\src\Modules\Vehicle\Modules.Vehicle\Modules.Vehicle.csproj]
d:\VB\AMIS101\src\Modules\Vehicle\Modules.Vehicle\Features\v1\FuelOdometer\GetVehicleDailyUsageSummary\GetVehicleDailyUsageSummaryQueryHandler.cs(12,122): warning CA1725: In member ValueTask<VehicleDailyUsageSummaryDto> GetVehicleDailyUsageSummaryQueryHandler.Handle(GetVehicleDailyUsageSummaryQuery query, CancellationToken ct), change parameter name ct to cancellationToken in order to match the identifier as it has been declared in ValueTask<VehicleDailyUsageSummaryDto> IQueryHandler<GetVehicleDailyUsageSummaryQuery, VehicleDailyUsageSummaryDto>.Handle(GetVehicleDailyUsageSummaryQuery query, CancellationToken cancellationToken) (https://learn.microsoft.com/dotnet/fundamentals/code-analysis/quality-rules/ca1725) [d:\VB\AMIS101\src\Modules\Vehicle\Modules.Vehicle\Modules.Vehicle.csproj]
d:\VB\AMIS101\src\Modules\Vehicle\Modules.Vehicle\Features\v1\Maintenance\UpdateMaintenanceSchedule\UpdateMaintenanceScheduleHandler.cs(15,27): warning CA1725: In member ValueTask<MaintenanceScheduleDto> UpdateMaintenanceScheduleHandler.Handle(UpdateMaintenanceScheduleCommand command, CancellationToken ct), change parameter name ct to cancellationToken in order to match the identifier as it has been declared in ValueTask<MaintenanceScheduleDto> ICommandHandler<UpdateMaintenanceScheduleCommand, MaintenanceScheduleDto>.Handle(UpdateMaintenanceScheduleCommand command, CancellationToken cancellationToken) (https://learn.microsoft.com/dotnet/fundamentals/code-analysis/quality-rules/ca1725) [d:\VB\AMIS101\src\Modules\Vehicle\Modules.Vehicle\Modules.Vehicle.csproj]
d:\VB\AMIS101\src\Modules\Vehicle\Modules.Vehicle\Features\v1\Vehicles\SearchVehicles\SearchVehiclesQueryHandler.cs(15,107): warning S927: Rename parameter 'ct' to 'cancellationToken' to match the interface declaration. (https://rules.sonarsource.com/csharp/RSPEC-927) [d:\VB\AMIS101\src\Modules\Vehicle\Modules.Vehicle\Modules.Vehicle.csproj]
d:\VB\AMIS101\src\Modules\Vehicle\Modules.Vehicle\Features\v1\Maintenance\UpdateMaintenanceSchedule\UpdateMaintenanceScheduleHandler.cs(15,27): warning S927: Rename parameter 'ct' to 'cancellationToken' to match the interface declaration. (https://rules.sonarsource.com/csharp/RSPEC-927) [d:\VB\AMIS101\src\Modules\Vehicle\Modules.Vehicle\Modules.Vehicle.csproj]
d:\VB\AMIS101\src\Modules\Vehicle\Modules.Vehicle\Features\v1\FuelOdometer\GetVehicleDailyUsageSummary\GetVehicleDailyUsageSummaryQueryHandler.cs(12,122): warning S927: Rename parameter 'ct' to 'cancellationToken' to match the interface declaration. (https://rules.sonarsource.com/csharp/RSPEC-927) [d:\VB\AMIS101\src\Modules\Vehicle\Modules.Vehicle\Modules.Vehicle.csproj]
d:\VB\AMIS101\src\Modules\Vehicle\Modules.Vehicle\Features\v1\Maintenance\UpdateMaintenanceSchedule\UpdateMaintenanceScheduleHandler.cs(18,22): warning S112: 'System.ApplicationException' should not be thrown by user code. (https://rules.sonarsource.com/csharp/RSPEC-112) [d:\VB\AMIS101\src\Modules\Vehicle\Modules.Vehicle\Modules.Vehicle.csproj]
d:\VB\AMIS101\src\Modules\Vehicle\Modules.Vehicle\Features\v1\FuelOdometer\SearchVehicleDailyUsage\SearchVehicleDailyUsageQueryHandler.cs(14,126): warning S927: Rename parameter 'ct' to 'cancellationToken' to match the interface declaration. (https://rules.sonarsource.com/csharp/RSPEC-927) [d:\VB\AMIS101\src\Modules\Vehicle\Modules.Vehicle\Modules.Vehicle.csproj]
d:\VB\AMIS101\src\Modules\Vehicle\Modules.Vehicle\Features\v1\FuelOdometer\UpdateVehicleDailyUsage\UpdateVehicleDailyUsageCommandHandler.cs(15,111): warning CA1725: In member ValueTask<VehicleDailyUsageDto> UpdateVehicleDailyUsageCommandHandler.Handle(UpdateVehicleDailyUsageCommand cmd, CancellationToken ct), change parameter name ct to cancellationToken in order to match the identifier as it has been declared in ValueTask<VehicleDailyUsageDto> ICommandHandler<UpdateVehicleDailyUsageCommand, VehicleDailyUsageDto>.Handle(UpdateVehicleDailyUsageCommand command, CancellationToken cancellationToken) (https://learn.microsoft.com/dotnet/fundamentals/code-analysis/quality-rules/ca1725) [d:\VB\AMIS101\src\Modules\Vehicle\Modules.Vehicle\Modules.Vehicle.csproj]
d:\VB\AMIS101\src\Modules\Vehicle\Modules.Vehicle\Features\v1\FuelOdometer\CreateVehicleDailyUsage\CreateVehicleDailyUsageCommandHandler.cs(16,111): warning CA1725: In member ValueTask<VehicleDailyUsageDto> CreateVehicleDailyUsageCommandHandler.Handle(CreateVehicleDailyUsageCommand cmd, CancellationToken ct), change parameter name ct to cancellationToken in order to match the identifier as it has been declared in ValueTask<VehicleDailyUsageDto> ICommandHandler<CreateVehicleDailyUsageCommand, VehicleDailyUsageDto>.Handle(CreateVehicleDailyUsageCommand command, CancellationToken cancellationToken) (https://learn.microsoft.com/dotnet/fundamentals/code-analysis/quality-rules/ca1725) [d:\VB\AMIS101\src\Modules\Vehicle\Modules.Vehicle\Modules.Vehicle.csproj]
d:\VB\AMIS101\src\Modules\Vehicle\Modules.Vehicle\Features\v1\Maintenance\UpdateMaintenanceSchedule\UpdateMaintenanceScheduleHandler.cs(18,22): warning CA2201: Exception type System.ApplicationException is not sufficiently specific (https://learn.microsoft.com/dotnet/fundamentals/code-analysis/quality-rules/ca2201) [d:\VB\AMIS101\src\Modules\Vehicle\Modules.Vehicle\Modules.Vehicle.csproj]
d:\VB\AMIS101\src\Modules\Vehicle\Modules.Vehicle\Features\v1\FuelOdometer\CreateVehicleDailyUsage\CreateVehicleDailyUsageCommandHandler.cs(16,111): warning S927: Rename parameter 'ct' to 'cancellationToken' to match the interface declaration. (https://rules.sonarsource.com/csharp/RSPEC-927) [d:\VB\AMIS101\src\Modules\Vehicle\Modules.Vehicle\Modules.Vehicle.csproj]
d:\VB\AMIS101\src\Modules\Vehicle\Modules.Vehicle\Features\v1\Repairs\UpdateRepairRecord\UpdateRepairRecordCommandHandler.cs(15,101): warning CA1725: In member ValueTask<RepairRecordDto> UpdateRepairRecordCommandHandler.Handle(UpdateRepairRecordCommand cmd, CancellationToken ct), change parameter name ct to cancellationToken in order to match the identifier as it has been declared in ValueTask<RepairRecordDto> ICommandHandler<UpdateRepairRecordCommand, RepairRecordDto>.Handle(UpdateRepairRecordCommand command, CancellationToken cancellationToken) (https://learn.microsoft.com/dotnet/fundamentals/code-analysis/quality-rules/ca1725) [d:\VB\AMIS101\src\Modules\Vehicle\Modules.Vehicle\Modules.Vehicle.csproj]
d:\VB\AMIS101\src\Modules\Vehicle\Modules.Vehicle\Features\v1\Repairs\UpdateRepairRecord\UpdateRepairRecordCommandHandler.cs(15,101): warning S927: Rename parameter 'ct' to 'cancellationToken' to match the interface declaration. (https://rules.sonarsource.com/csharp/RSPEC-927) [d:\VB\AMIS101\src\Modules\Vehicle\Modules.Vehicle\Modules.Vehicle.csproj]
d:\VB\AMIS101\src\Modules\Vehicle\Modules.Vehicle\Features\v1\FuelOdometer\UpdateVehicleDailyUsage\UpdateVehicleDailyUsageCommandHandler.cs(15,111): warning S927: Rename parameter 'ct' to 'cancellationToken' to match the interface declaration. (https://rules.sonarsource.com/csharp/RSPEC-927) [d:\VB\AMIS101\src\Modules\Vehicle\Modules.Vehicle\Modules.Vehicle.csproj]
d:\VB\AMIS101\src\Modules\Vehicle\Modules.Vehicle\Features\v1\Repairs\GetRepairRecord\GetRepairRecordQueryHandler.cs(12,99): warning CA1725: In member ValueTask<RepairRecordDto?> GetRepairRecordQueryHandler.Handle(GetRepairRecordQuery query, CancellationToken ct), change parameter name ct to cancellationToken in order to match the identifier as it has been declared in ValueTask<RepairRecordDto?> IQueryHandler<GetRepairRecordQuery, RepairRecordDto?>.Handle(GetRepairRecordQuery query, CancellationToken cancellationToken) (https://learn.microsoft.com/dotnet/fundamentals/code-analysis/quality-rules/ca1725) [d:\VB\AMIS101\src\Modules\Vehicle\Modules.Vehicle\Modules.Vehicle.csproj]
d:\VB\AMIS101\src\Modules\Vehicle\Modules.Vehicle\Features\v1\Repairs\GetRepairRecord\GetRepairRecordQueryHandler.cs(12,99): warning S927: Rename parameter 'ct' to 'cancellationToken' to match the interface declaration. (https://rules.sonarsource.com/csharp/RSPEC-927) [d:\VB\AMIS101\src\Modules\Vehicle\Modules.Vehicle\Modules.Vehicle.csproj]
d:\VB\AMIS101\src\Modules\Vehicle\Modules.Vehicle\Features\v1\Repairs\StartRepair\StartRepairCommandHandler.cs(14,83): warning CA1725: In member ValueTask<Unit> StartRepairCommandHandler.Handle(StartRepairCommand cmd, CancellationToken ct), change parameter name ct to cancellationToken in order to match the identifier as it has been declared in ValueTask<Unit> ICommandHandler<StartRepairCommand, Unit>.Handle(StartRepairCommand command, CancellationToken cancellationToken) (https://learn.microsoft.com/dotnet/fundamentals/code-analysis/quality-rules/ca1725) [d:\VB\AMIS101\src\Modules\Vehicle\Modules.Vehicle\Modules.Vehicle.csproj]
d:\VB\AMIS101\src\Modules\Vehicle\Modules.Vehicle\Features\v1\Maintenance\UpdateMaintenanceLog\UpdateMaintenanceLogHandler.cs(14,27): warning CA1725: In member ValueTask<MaintenanceLogDto> UpdateMaintenanceLogHandler.Handle(UpdateMaintenanceLogCommand command, CancellationToken ct), change parameter name ct to cancellationToken in order to match the identifier as it has been declared in ValueTask<MaintenanceLogDto> ICommandHandler<UpdateMaintenanceLogCommand, MaintenanceLogDto>.Handle(UpdateMaintenanceLogCommand command, CancellationToken cancellationToken) (https://learn.microsoft.com/dotnet/fundamentals/code-analysis/quality-rules/ca1725) [d:\VB\AMIS101\src\Modules\Vehicle\Modules.Vehicle\Modules.Vehicle.csproj]
d:\VB\AMIS101\src\Modules\Vehicle\Modules.Vehicle\Features\v1\Repairs\DeleteRepairRecord\DeleteRepairRecordCommandHandler.cs(13,90): warning CA1725: In member ValueTask<Unit> DeleteRepairRecordCommandHandler.Handle(DeleteRepairRecordCommand cmd, CancellationToken ct), change parameter name ct to cancellationToken in order to match the identifier as it has been declared in ValueTask<Unit> ICommandHandler<DeleteRepairRecordCommand, Unit>.Handle(DeleteRepairRecordCommand command, CancellationToken cancellationToken) (https://learn.microsoft.com/dotnet/fundamentals/code-analysis/quality-rules/ca1725) [d:\VB\AMIS101\src\Modules\Vehicle\Modules.Vehicle\Modules.Vehicle.csproj]
d:\VB\AMIS101\src\Modules\Vehicle\Modules.Vehicle\Features\v1\Maintenance\UpdateMaintenanceLog\UpdateMaintenanceLogHandler.cs(14,27): warning S927: Rename parameter 'ct' to 'cancellationToken' to match the interface declaration. (https://rules.sonarsource.com/csharp/RSPEC-927) [d:\VB\AMIS101\src\Modules\Vehicle\Modules.Vehicle\Modules.Vehicle.csproj]
d:\VB\AMIS101\src\Modules\Vehicle\Modules.Vehicle\Features\v1\Repairs\DeleteRepairRecord\DeleteRepairRecordCommandHandler.cs(13,90): warning S927: Rename parameter 'ct' to 'cancellationToken' to match the interface declaration. (https://rules.sonarsource.com/csharp/RSPEC-927) [d:\VB\AMIS101\src\Modules\Vehicle\Modules.Vehicle\Modules.Vehicle.csproj]
d:\VB\AMIS101\src\Modules\Vehicle\Modules.Vehicle\Features\v1\Maintenance\UpdateMaintenanceLog\UpdateMaintenanceLogHandler.cs(17,22): warning S112: 'System.ApplicationException' should not be thrown by user code. (https://rules.sonarsource.com/csharp/RSPEC-112) [d:\VB\AMIS101\src\Modules\Vehicle\Modules.Vehicle\Modules.Vehicle.csproj]
d:\VB\AMIS101\src\Modules\Vehicle\Modules.Vehicle\Features\v1\Maintenance\UpdateMaintenanceLog\UpdateMaintenanceLogHandler.cs(17,22): warning CA2201: Exception type System.ApplicationException is not sufficiently specific (https://learn.microsoft.com/dotnet/fundamentals/code-analysis/quality-rules/ca2201) [d:\VB\AMIS101\src\Modules\Vehicle\Modules.Vehicle\Modules.Vehicle.csproj]
d:\VB\AMIS101\src\Modules\Vehicle\Modules.Vehicle\Features\v1\Repairs\StartRepair\StartRepairCommandHandler.cs(14,83): warning S927: Rename parameter 'ct' to 'cancellationToken' to match the interface declaration. (https://rules.sonarsource.com/csharp/RSPEC-927) [d:\VB\AMIS101\src\Modules\Vehicle\Modules.Vehicle\Modules.Vehicle.csproj]
d:\VB\AMIS101\src\Modules\Vehicle\Modules.Vehicle\Features\v1\Repairs\SearchRepairRecords\SearchRepairRecordsQueryHandler.cs(15,117): warning CA1725: In member ValueTask<PagedResponse<RepairRecordDto>> SearchRepairRecordsQueryHandler.Handle(SearchRepairRecordsQuery query, CancellationToken ct), change parameter name ct to cancellationToken in order to match the identifier as it has been declared in ValueTask<PagedResponse<RepairRecordDto>> IQueryHandler<SearchRepairRecordsQuery, PagedResponse<RepairRecordDto>>.Handle(SearchRepairRecordsQuery query, CancellationToken cancellationToken) (https://learn.microsoft.com/dotnet/fundamentals/code-analysis/quality-rules/ca1725) [d:\VB\AMIS101\src\Modules\Vehicle\Modules.Vehicle\Modules.Vehicle.csproj]
d:\VB\AMIS101\src\Modules\Vehicle\Modules.Vehicle\Features\v1\Repairs\SearchRepairRecords\SearchRepairRecordsQueryHandler.cs(15,117): warning S927: Rename parameter 'ct' to 'cancellationToken' to match the interface declaration. (https://rules.sonarsource.com/csharp/RSPEC-927) [d:\VB\AMIS101\src\Modules\Vehicle\Modules.Vehicle\Modules.Vehicle.csproj]
d:\VB\AMIS101\src\Modules\Vehicle\Modules.Vehicle\Features\v1\Maintenance\SearchMaintenanceSchedules\SearchMaintenanceSchedulesHandler.cs(14,27): warning CA1725: In member ValueTask<List<MaintenanceScheduleDto>> SearchMaintenanceSchedulesHandler.Handle(SearchMaintenanceSchedulesQuery query, CancellationToken ct), change parameter name ct to cancellationToken in order to match the identifier as it has been declared in ValueTask<List<MaintenanceScheduleDto>> IQueryHandler<SearchMaintenanceSchedulesQuery, List<MaintenanceScheduleDto>>.Handle(SearchMaintenanceSchedulesQuery query, CancellationToken cancellationToken) (https://learn.microsoft.com/dotnet/fundamentals/code-analysis/quality-rules/ca1725) [d:\VB\AMIS101\src\Modules\Vehicle\Modules.Vehicle\Modules.Vehicle.csproj]
d:\VB\AMIS101\src\Modules\Vehicle\Modules.Vehicle\Features\v1\Vehicles\CreateVehicle\CreateVehicleCommandHandler.cs(16,91): warning CA1725: In member ValueTask<VehicleDto> CreateVehicleCommandHandler.Handle(CreateVehicleCommand cmd, CancellationToken ct), change parameter name ct to cancellationToken in order to match the identifier as it has been declared in ValueTask<VehicleDto> ICommandHandler<CreateVehicleCommand, VehicleDto>.Handle(CreateVehicleCommand command, CancellationToken cancellationToken) (https://learn.microsoft.com/dotnet/fundamentals/code-analysis/quality-rules/ca1725) [d:\VB\AMIS101\src\Modules\Vehicle\Modules.Vehicle\Modules.Vehicle.csproj]
d:\VB\AMIS101\src\Modules\Vehicle\Modules.Vehicle\Features\v1\Repairs\CancelRepair\CancelRepairCommandHandler.cs(14,84): warning CA1725: In member ValueTask<Unit> CancelRepairCommandHandler.Handle(CancelRepairCommand cmd, CancellationToken ct), change parameter name ct to cancellationToken in order to match the identifier as it has been declared in ValueTask<Unit> ICommandHandler<CancelRepairCommand, Unit>.Handle(CancelRepairCommand command, CancellationToken cancellationToken) (https://learn.microsoft.com/dotnet/fundamentals/code-analysis/quality-rules/ca1725) [d:\VB\AMIS101\src\Modules\Vehicle\Modules.Vehicle\Modules.Vehicle.csproj]
d:\VB\AMIS101\src\Modules\Vehicle\Modules.Vehicle\Features\v1\Repairs\CompleteRepair\CompleteRepairCommandHandler.cs(15,86): warning CA1725: In member ValueTask<Unit> CompleteRepairCommandHandler.Handle(CompleteRepairCommand cmd, CancellationToken ct), change parameter name ct to cancellationToken in order to match the identifier as it has been declared in ValueTask<Unit> ICommandHandler<CompleteRepairCommand, Unit>.Handle(CompleteRepairCommand command, CancellationToken cancellationToken) (https://learn.microsoft.com/dotnet/fundamentals/code-analysis/quality-rules/ca1725) [d:\VB\AMIS101\src\Modules\Vehicle\Modules.Vehicle\Modules.Vehicle.csproj]
d:\VB\AMIS101\src\Modules\Vehicle\Modules.Vehicle\Features\v1\Maintenance\SearchMaintenanceSchedules\SearchMaintenanceSchedulesHandler.cs(14,27): warning S927: Rename parameter 'ct' to 'cancellationToken' to match the interface declaration. (https://rules.sonarsource.com/csharp/RSPEC-927) [d:\VB\AMIS101\src\Modules\Vehicle\Modules.Vehicle\Modules.Vehicle.csproj]
d:\VB\AMIS101\src\Modules\Vehicle\Modules.Vehicle\Features\v1\Vehicles\CreateVehicle\CreateVehicleCommandHandler.cs(16,91): warning S927: Rename parameter 'ct' to 'cancellationToken' to match the interface declaration. (https://rules.sonarsource.com/csharp/RSPEC-927) [d:\VB\AMIS101\src\Modules\Vehicle\Modules.Vehicle\Modules.Vehicle.csproj]
d:\VB\AMIS101\src\Modules\Vehicle\Modules.Vehicle\Features\v1\Repairs\CompleteRepair\CompleteRepairCommandHandler.cs(15,86): warning S927: Rename parameter 'ct' to 'cancellationToken' to match the interface declaration. (https://rules.sonarsource.com/csharp/RSPEC-927) [d:\VB\AMIS101\src\Modules\Vehicle\Modules.Vehicle\Modules.Vehicle.csproj]
d:\VB\AMIS101\src\Modules\Vehicle\Modules.Vehicle\Features\v1\Repairs\CancelRepair\CancelRepairCommandHandler.cs(14,84): warning S927: Rename parameter 'ct' to 'cancellationToken' to match the interface declaration. (https://rules.sonarsource.com/csharp/RSPEC-927) [d:\VB\AMIS101\src\Modules\Vehicle\Modules.Vehicle\Modules.Vehicle.csproj]
d:\VB\AMIS101\src\Modules\Vehicle\Modules.Vehicle\Features\v1\Vehicles\GetVehicle\GetVehicleQueryHandler.cs(12,89): warning CA1725: In member ValueTask<VehicleDto?> GetVehicleQueryHandler.Handle(GetVehicleQuery query, CancellationToken ct), change parameter name ct to cancellationToken in order to match the identifier as it has been declared in ValueTask<VehicleDto?> IQueryHandler<GetVehicleQuery, VehicleDto?>.Handle(GetVehicleQuery query, CancellationToken cancellationToken) (https://learn.microsoft.com/dotnet/fundamentals/code-analysis/quality-rules/ca1725) [d:\VB\AMIS101\src\Modules\Vehicle\Modules.Vehicle\Modules.Vehicle.csproj]
d:\VB\AMIS101\src\Modules\Vehicle\Modules.Vehicle\Features\v1\Vehicles\RetireVehicle\RetireVehicleCommandHandler.cs(13,85): warning CA1725: In member ValueTask<Unit> RetireVehicleCommandHandler.Handle(RetireVehicleCommand cmd, CancellationToken ct), change parameter name ct to cancellationToken in order to match the identifier as it has been declared in ValueTask<Unit> ICommandHandler<RetireVehicleCommand, Unit>.Handle(RetireVehicleCommand command, CancellationToken cancellationToken) (https://learn.microsoft.com/dotnet/fundamentals/code-analysis/quality-rules/ca1725) [d:\VB\AMIS101\src\Modules\Vehicle\Modules.Vehicle\Modules.Vehicle.csproj]
d:\VB\AMIS101\src\Modules\Vehicle\Modules.Vehicle\Features\v1\Repairs\CreateRepairRecord\CreateRepairRecordCommandHandler.cs(15,101): warning CA1725: In member ValueTask<RepairRecordDto> CreateRepairRecordCommandHandler.Handle(CreateRepairRecordCommand cmd, CancellationToken ct), change parameter name ct to cancellationToken in order to match the identifier as it has been declared in ValueTask<RepairRecordDto> ICommandHandler<CreateRepairRecordCommand, RepairRecordDto>.Handle(CreateRepairRecordCommand command, CancellationToken cancellationToken) (https://learn.microsoft.com/dotnet/fundamentals/code-analysis/quality-rules/ca1725) [d:\VB\AMIS101\src\Modules\Vehicle\Modules.Vehicle\Modules.Vehicle.csproj]
d:\VB\AMIS101\src\Modules\Vehicle\Modules.Vehicle\Features\v1\Vehicles\RetireVehicle\RetireVehicleCommandHandler.cs(13,85): warning S927: Rename parameter 'ct' to 'cancellationToken' to match the interface declaration. (https://rules.sonarsource.com/csharp/RSPEC-927) [d:\VB\AMIS101\src\Modules\Vehicle\Modules.Vehicle\Modules.Vehicle.csproj]
d:\VB\AMIS101\src\Modules\Vehicle\Modules.Vehicle\Features\v1\Repairs\CreateRepairRecord\CreateRepairRecordCommandHandler.cs(15,101): warning S927: Rename parameter 'ct' to 'cancellationToken' to match the interface declaration. (https://rules.sonarsource.com/csharp/RSPEC-927) [d:\VB\AMIS101\src\Modules\Vehicle\Modules.Vehicle\Modules.Vehicle.csproj]
d:\VB\AMIS101\src\Modules\Vehicle\Modules.Vehicle\Features\v1\Vehicles\GetVehicle\GetVehicleQueryHandler.cs(12,89): warning S927: Rename parameter 'ct' to 'cancellationToken' to match the interface declaration. (https://rules.sonarsource.com/csharp/RSPEC-927) [d:\VB\AMIS101\src\Modules\Vehicle\Modules.Vehicle\Modules.Vehicle.csproj]
d:\VB\AMIS101\src\Modules\Vehicle\Modules.Vehicle\Features\v1\Maintenance\SearchMaintenanceLogs\SearchMaintenanceLogsHandler.cs(14,27): warning CA1725: In member ValueTask<List<MaintenanceLogDto>> SearchMaintenanceLogsHandler.Handle(SearchMaintenanceLogsQuery query, CancellationToken ct), change parameter name ct to cancellationToken in order to match the identifier as it has been declared in ValueTask<List<MaintenanceLogDto>> IQueryHandler<SearchMaintenanceLogsQuery, List<MaintenanceLogDto>>.Handle(SearchMaintenanceLogsQuery query, CancellationToken cancellationToken) (https://learn.microsoft.com/dotnet/fundamentals/code-analysis/quality-rules/ca1725) [d:\VB\AMIS101\src\Modules\Vehicle\Modules.Vehicle\Modules.Vehicle.csproj]
d:\VB\AMIS101\src\Modules\Vehicle\Modules.Vehicle\Features\v1\Vehicles\ReactivateVehicle\ReactivateVehicleCommandHandler.cs(13,89): warning CA1725: In member ValueTask<Unit> ReactivateVehicleCommandHandler.Handle(ReactivateVehicleCommand cmd, CancellationToken ct), change parameter name ct to cancellationToken in order to match the identifier as it has been declared in ValueTask<Unit> ICommandHandler<ReactivateVehicleCommand, Unit>.Handle(ReactivateVehicleCommand command, CancellationToken cancellationToken) (https://learn.microsoft.com/dotnet/fundamentals/code-analysis/quality-rules/ca1725) [d:\VB\AMIS101\src\Modules\Vehicle\Modules.Vehicle\Modules.Vehicle.csproj]
d:\VB\AMIS101\src\Modules\Vehicle\Modules.Vehicle\Features\v1\Vehicles\GetMotorVehicleInventory\GetMotorVehicleInventoryQueryHandler.cs(13,64): warning CA1725: In member ValueTask<List<MotorVehicleInventoryItemDto>> GetMotorVehicleInventoryQueryHandler.Handle(GetMotorVehicleInventoryQuery query, CancellationToken ct), change parameter name ct to cancellationToken in order to match the identifier as it has been declared in ValueTask<List<MotorVehicleInventoryItemDto>> IQueryHandler<GetMotorVehicleInventoryQuery, List<MotorVehicleInventoryItemDto>>.Handle(GetMotorVehicleInventoryQuery query, CancellationToken cancellationToken) (https://learn.microsoft.com/dotnet/fundamentals/code-analysis/quality-rules/ca1725) [d:\VB\AMIS101\src\Modules\Vehicle\Modules.Vehicle\Modules.Vehicle.csproj]
d:\VB\AMIS101\src\Modules\Vehicle\Modules.Vehicle\Features\v1\Vehicles\ReactivateVehicle\ReactivateVehicleCommandHandler.cs(13,89): warning S927: Rename parameter 'ct' to 'cancellationToken' to match the interface declaration. (https://rules.sonarsource.com/csharp/RSPEC-927) [d:\VB\AMIS101\src\Modules\Vehicle\Modules.Vehicle\Modules.Vehicle.csproj]
d:\VB\AMIS101\src\Modules\Vehicle\Modules.Vehicle\Features\v1\Maintenance\DeactivateMaintenanceSchedule\DeactivateMaintenanceScheduleHandler.cs(13,27): warning CA1725: In member ValueTask<Unit> DeactivateMaintenanceScheduleHandler.Handle(DeactivateMaintenanceScheduleCommand command, CancellationToken ct), change parameter name ct to cancellationToken in order to match the identifier as it has been declared in ValueTask<Unit> ICommandHandler<DeactivateMaintenanceScheduleCommand, Unit>.Handle(DeactivateMaintenanceScheduleCommand command, CancellationToken cancellationToken) (https://learn.microsoft.com/dotnet/fundamentals/code-analysis/quality-rules/ca1725) [d:\VB\AMIS101\src\Modules\Vehicle\Modules.Vehicle\Modules.Vehicle.csproj]
d:\VB\AMIS101\src\Modules\Vehicle\Modules.Vehicle\Features\v1\Vehicles\DecommissionVehicle\DecommissionVehicleCommandHandler.cs(13,91): warning CA1725: In member ValueTask<Unit> DecommissionVehicleCommandHandler.Handle(DecommissionVehicleCommand cmd, CancellationToken ct), change parameter name ct to cancellationToken in order to match the identifier as it has been declared in ValueTask<Unit> ICommandHandler<DecommissionVehicleCommand, Unit>.Handle(DecommissionVehicleCommand command, CancellationToken cancellationToken) (https://learn.microsoft.com/dotnet/fundamentals/code-analysis/quality-rules/ca1725) [d:\VB\AMIS101\src\Modules\Vehicle\Modules.Vehicle\Modules.Vehicle.csproj]
d:\VB\AMIS101\src\Modules\Vehicle\Modules.Vehicle\Features\v1\Vehicles\DeleteVehicle\DeleteVehicleCommandHandler.cs(13,85): warning CA1725: In member ValueTask<Unit> DeleteVehicleCommandHandler.Handle(DeleteVehicleCommand cmd, CancellationToken ct), change parameter name ct to cancellationToken in order to match the identifier as it has been declared in ValueTask<Unit> ICommandHandler<DeleteVehicleCommand, Unit>.Handle(DeleteVehicleCommand command, CancellationToken cancellationToken) (https://learn.microsoft.com/dotnet/fundamentals/code-analysis/quality-rules/ca1725) [d:\VB\AMIS101\src\Modules\Vehicle\Modules.Vehicle\Modules.Vehicle.csproj]
d:\VB\AMIS101\src\Modules\Vehicle\Modules.Vehicle\Features\v1\Maintenance\SearchMaintenanceLogs\SearchMaintenanceLogsHandler.cs(14,27): warning S927: Rename parameter 'ct' to 'cancellationToken' to match the interface declaration. (https://rules.sonarsource.com/csharp/RSPEC-927) [d:\VB\AMIS101\src\Modules\Vehicle\Modules.Vehicle\Modules.Vehicle.csproj]
d:\VB\AMIS101\src\Modules\Vehicle\Modules.Vehicle\Features\v1\Maintenance\DeactivateMaintenanceSchedule\DeactivateMaintenanceScheduleHandler.cs(13,27): warning S927: Rename parameter 'ct' to 'cancellationToken' to match the interface declaration. (https://rules.sonarsource.com/csharp/RSPEC-927) [d:\VB\AMIS101\src\Modules\Vehicle\Modules.Vehicle\Modules.Vehicle.csproj]
d:\VB\AMIS101\src\Modules\Vehicle\Modules.Vehicle\Features\v1\Maintenance\DeactivateMaintenanceSchedule\DeactivateMaintenanceScheduleHandler.cs(16,22): warning S112: 'System.ApplicationException' should not be thrown by user code. (https://rules.sonarsource.com/csharp/RSPEC-112) [d:\VB\AMIS101\src\Modules\Vehicle\Modules.Vehicle\Modules.Vehicle.csproj]
d:\VB\AMIS101\src\Modules\Vehicle\Modules.Vehicle\Features\v1\Vehicles\DecommissionVehicle\DecommissionVehicleCommandHandler.cs(13,91): warning S927: Rename parameter 'ct' to 'cancellationToken' to match the interface declaration. (https://rules.sonarsource.com/csharp/RSPEC-927) [d:\VB\AMIS101\src\Modules\Vehicle\Modules.Vehicle\Modules.Vehicle.csproj]
d:\VB\AMIS101\src\Modules\Vehicle\Modules.Vehicle\Features\v1\Maintenance\DeactivateMaintenanceSchedule\DeactivateMaintenanceScheduleHandler.cs(16,22): warning CA2201: Exception type System.ApplicationException is not sufficiently specific (https://learn.microsoft.com/dotnet/fundamentals/code-analysis/quality-rules/ca2201) [d:\VB\AMIS101\src\Modules\Vehicle\Modules.Vehicle\Modules.Vehicle.csproj]
d:\VB\AMIS101\src\Modules\Vehicle\Modules.Vehicle\Features\v1\Vehicles\DeleteVehicle\DeleteVehicleCommandHandler.cs(13,85): warning S927: Rename parameter 'ct' to 'cancellationToken' to match the interface declaration. (https://rules.sonarsource.com/csharp/RSPEC-927) [d:\VB\AMIS101\src\Modules\Vehicle\Modules.Vehicle\Modules.Vehicle.csproj]
d:\VB\AMIS101\src\Modules\Vehicle\Modules.Vehicle\Features\v1\Vehicles\GetMotorVehicleInventory\GetMotorVehicleInventoryQueryHandler.cs(13,64): warning S927: Rename parameter 'ct' to 'cancellationToken' to match the interface declaration. (https://rules.sonarsource.com/csharp/RSPEC-927) [d:\VB\AMIS101\src\Modules\Vehicle\Modules.Vehicle\Modules.Vehicle.csproj]
d:\VB\AMIS101\src\Modules\Vehicle\Modules.Vehicle\Features\v1\Maintenance\DeleteMaintenanceLog\DeleteMaintenanceLogHandler.cs(13,27): warning CA1725: In member ValueTask<Unit> DeleteMaintenanceLogHandler.Handle(DeleteMaintenanceLogCommand command, CancellationToken ct), change parameter name ct to cancellationToken in order to match the identifier as it has been declared in ValueTask<Unit> ICommandHandler<DeleteMaintenanceLogCommand, Unit>.Handle(DeleteMaintenanceLogCommand command, CancellationToken cancellationToken) (https://learn.microsoft.com/dotnet/fundamentals/code-analysis/quality-rules/ca1725) [d:\VB\AMIS101\src\Modules\Vehicle\Modules.Vehicle\Modules.Vehicle.csproj]
d:\VB\AMIS101\src\Modules\Vehicle\Modules.Vehicle\Features\v1\Maintenance\LogMaintenanceCompletion\LogMaintenanceCompletionHandler.cs(15,27): warning CA1725: In member ValueTask<LogMaintenanceCompletionResponse> LogMaintenanceCompletionHandler.Handle(LogMaintenanceCompletionCommand command, CancellationToken ct), change parameter name ct to cancellationToken in order to match the identifier as it has been declared in ValueTask<LogMaintenanceCompletionResponse> ICommandHandler<LogMaintenanceCompletionCommand, LogMaintenanceCompletionResponse>.Handle(LogMaintenanceCompletionCommand command, CancellationToken cancellationToken) (https://learn.microsoft.com/dotnet/fundamentals/code-analysis/quality-rules/ca1725) [d:\VB\AMIS101\src\Modules\Vehicle\Modules.Vehicle\Modules.Vehicle.csproj]
d:\VB\AMIS101\src\Modules\Vehicle\Modules.Vehicle\Features\v1\Maintenance\DeleteMaintenanceLog\DeleteMaintenanceLogHandler.cs(13,27): warning S927: Rename parameter 'ct' to 'cancellationToken' to match the interface declaration. (https://rules.sonarsource.com/csharp/RSPEC-927) [d:\VB\AMIS101\src\Modules\Vehicle\Modules.Vehicle\Modules.Vehicle.csproj]
d:\VB\AMIS101\src\Modules\Vehicle\Modules.Vehicle\Features\v1\Maintenance\GetMaintenanceSchedule\GetMaintenanceScheduleHandler.cs(14,27): warning CA1725: In member ValueTask<MaintenanceScheduleDto> GetMaintenanceScheduleHandler.Handle(GetMaintenanceScheduleQuery query, CancellationToken ct), change parameter name ct to cancellationToken in order to match the identifier as it has been declared in ValueTask<MaintenanceScheduleDto> IQueryHandler<GetMaintenanceScheduleQuery, MaintenanceScheduleDto>.Handle(GetMaintenanceScheduleQuery query, CancellationToken cancellationToken) (https://learn.microsoft.com/dotnet/fundamentals/code-analysis/quality-rules/ca1725) [d:\VB\AMIS101\src\Modules\Vehicle\Modules.Vehicle\Modules.Vehicle.csproj]
d:\VB\AMIS101\src\Modules\Vehicle\Modules.Vehicle\Features\v1\Maintenance\DeleteMaintenanceLog\DeleteMaintenanceLogHandler.cs(16,22): warning S112: 'System.ApplicationException' should not be thrown by user code. (https://rules.sonarsource.com/csharp/RSPEC-112) [d:\VB\AMIS101\src\Modules\Vehicle\Modules.Vehicle\Modules.Vehicle.csproj]
d:\VB\AMIS101\src\Modules\Vehicle\Modules.Vehicle\Features\v1\Maintenance\DeleteMaintenanceLog\DeleteMaintenanceLogHandler.cs(16,22): warning CA2201: Exception type System.ApplicationException is not sufficiently specific (https://learn.microsoft.com/dotnet/fundamentals/code-analysis/quality-rules/ca2201) [d:\VB\AMIS101\src\Modules\Vehicle\Modules.Vehicle\Modules.Vehicle.csproj]
d:\VB\AMIS101\src\Modules\Vehicle\Modules.Vehicle\Features\v1\Maintenance\LogMaintenanceCompletion\LogMaintenanceCompletionHandler.cs(15,27): warning S927: Rename parameter 'ct' to 'cancellationToken' to match the interface declaration. (https://rules.sonarsource.com/csharp/RSPEC-927) [d:\VB\AMIS101\src\Modules\Vehicle\Modules.Vehicle\Modules.Vehicle.csproj]
d:\VB\AMIS101\src\Modules\Vehicle\Modules.Vehicle\Features\v1\Maintenance\LogMaintenanceCompletion\LogMaintenanceCompletionHandler.cs(39,26): warning S112: 'System.ApplicationException' should not be thrown by user code. (https://rules.sonarsource.com/csharp/RSPEC-112) [d:\VB\AMIS101\src\Modules\Vehicle\Modules.Vehicle\Modules.Vehicle.csproj]
d:\VB\AMIS101\src\Modules\Vehicle\Modules.Vehicle\Features\v1\Maintenance\GetMaintenanceLog\GetMaintenanceLogHandler.cs(14,27): warning CA1725: In member ValueTask<MaintenanceLogDto> GetMaintenanceLogHandler.Handle(GetMaintenanceLogQuery query, CancellationToken ct), change parameter name ct to cancellationToken in order to match the identifier as it has been declared in ValueTask<MaintenanceLogDto> IQueryHandler<GetMaintenanceLogQuery, MaintenanceLogDto>.Handle(GetMaintenanceLogQuery query, CancellationToken cancellationToken) (https://learn.microsoft.com/dotnet/fundamentals/code-analysis/quality-rules/ca1725) [d:\VB\AMIS101\src\Modules\Vehicle\Modules.Vehicle\Modules.Vehicle.csproj]
d:\VB\AMIS101\src\Modules\Vehicle\Modules.Vehicle\Features\v1\Maintenance\LogMaintenanceCompletion\LogMaintenanceCompletionHandler.cs(39,26): warning CA2201: Exception type System.ApplicationException is not sufficiently specific (https://learn.microsoft.com/dotnet/fundamentals/code-analysis/quality-rules/ca2201) [d:\VB\AMIS101\src\Modules\Vehicle\Modules.Vehicle\Modules.Vehicle.csproj]
d:\VB\AMIS101\src\Modules\Vehicle\Modules.Vehicle\Features\v1\Maintenance\GetMaintenanceSchedule\GetMaintenanceScheduleHandler.cs(14,27): warning S927: Rename parameter 'ct' to 'cancellationToken' to match the interface declaration. (https://rules.sonarsource.com/csharp/RSPEC-927) [d:\VB\AMIS101\src\Modules\Vehicle\Modules.Vehicle\Modules.Vehicle.csproj]
d:\VB\AMIS101\src\Modules\Vehicle\Modules.Vehicle\Features\v1\Maintenance\GetMaintenanceSchedule\GetMaintenanceScheduleHandler.cs(17,22): warning S112: 'System.ApplicationException' should not be thrown by user code. (https://rules.sonarsource.com/csharp/RSPEC-112) [d:\VB\AMIS101\src\Modules\Vehicle\Modules.Vehicle\Modules.Vehicle.csproj]
d:\VB\AMIS101\src\Modules\Vehicle\Modules.Vehicle\Features\v1\Maintenance\GetMaintenanceSchedule\GetMaintenanceScheduleHandler.cs(17,22): warning CA2201: Exception type System.ApplicationException is not sufficiently specific (https://learn.microsoft.com/dotnet/fundamentals/code-analysis/quality-rules/ca2201) [d:\VB\AMIS101\src\Modules\Vehicle\Modules.Vehicle\Modules.Vehicle.csproj]
d:\VB\AMIS101\src\Modules\Vehicle\Modules.Vehicle\Features\v1\Maintenance\GetMaintenanceLog\GetMaintenanceLogHandler.cs(14,27): warning S927: Rename parameter 'ct' to 'cancellationToken' to match the interface declaration. (https://rules.sonarsource.com/csharp/RSPEC-927) [d:\VB\AMIS101\src\Modules\Vehicle\Modules.Vehicle\Modules.Vehicle.csproj]
d:\VB\AMIS101\src\Modules\Vehicle\Modules.Vehicle\Features\v1\Maintenance\GetMaintenanceLog\GetMaintenanceLogHandler.cs(17,22): warning S112: 'System.ApplicationException' should not be thrown by user code. (https://rules.sonarsource.com/csharp/RSPEC-112) [d:\VB\AMIS101\src\Modules\Vehicle\Modules.Vehicle\Modules.Vehicle.csproj]
d:\VB\AMIS101\src\Modules\Vehicle\Modules.Vehicle\Features\v1\Maintenance\GetMaintenanceLog\GetMaintenanceLogHandler.cs(17,22): warning CA2201: Exception type System.ApplicationException is not sufficiently specific (https://learn.microsoft.com/dotnet/fundamentals/code-analysis/quality-rules/ca2201) [d:\VB\AMIS101\src\Modules\Vehicle\Modules.Vehicle\Modules.Vehicle.csproj]
d:\VB\AMIS101\src\Modules\Vehicle\Modules.Vehicle\Features\v1\Maintenance\DeleteMaintenanceSchedule\DeleteMaintenanceScheduleHandler.cs(13,27): warning CA1725: In member ValueTask<Unit> DeleteMaintenanceScheduleHandler.Handle(DeleteMaintenanceScheduleCommand command, CancellationToken ct), change parameter name ct to cancellationToken in order to match the identifier as it has been declared in ValueTask<Unit> ICommandHandler<DeleteMaintenanceScheduleCommand, Unit>.Handle(DeleteMaintenanceScheduleCommand command, CancellationToken cancellationToken) (https://learn.microsoft.com/dotnet/fundamentals/code-analysis/quality-rules/ca1725) [d:\VB\AMIS101\src\Modules\Vehicle\Modules.Vehicle\Modules.Vehicle.csproj]
d:\VB\AMIS101\src\Modules\Vehicle\Modules.Vehicle\Features\v1\Maintenance\GetDueMaintenanceSchedules\GetDueMaintenanceSchedulesHandler.cs(14,27): warning CA1725: In member ValueTask<List<MaintenanceScheduleDto>> GetDueMaintenanceSchedulesHandler.Handle(GetDueMaintenanceSchedulesQuery query, CancellationToken ct), change parameter name ct to cancellationToken in order to match the identifier as it has been declared in ValueTask<List<MaintenanceScheduleDto>> IQueryHandler<GetDueMaintenanceSchedulesQuery, List<MaintenanceScheduleDto>>.Handle(GetDueMaintenanceSchedulesQuery query, CancellationToken cancellationToken) (https://learn.microsoft.com/dotnet/fundamentals/code-analysis/quality-rules/ca1725) [d:\VB\AMIS101\src\Modules\Vehicle\Modules.Vehicle\Modules.Vehicle.csproj]
d:\VB\AMIS101\src\Modules\Vehicle\Modules.Vehicle\Features\v1\Maintenance\DeleteMaintenanceSchedule\DeleteMaintenanceScheduleHandler.cs(13,27): warning S927: Rename parameter 'ct' to 'cancellationToken' to match the interface declaration. (https://rules.sonarsource.com/csharp/RSPEC-927) [d:\VB\AMIS101\src\Modules\Vehicle\Modules.Vehicle\Modules.Vehicle.csproj]
d:\VB\AMIS101\src\Modules\Vehicle\Modules.Vehicle\Features\v1\Maintenance\DeleteMaintenanceSchedule\DeleteMaintenanceScheduleHandler.cs(16,22): warning S112: 'System.ApplicationException' should not be thrown by user code. (https://rules.sonarsource.com/csharp/RSPEC-112) [d:\VB\AMIS101\src\Modules\Vehicle\Modules.Vehicle\Modules.Vehicle.csproj]
d:\VB\AMIS101\src\Modules\Vehicle\Modules.Vehicle\Features\v1\Maintenance\DeleteMaintenanceSchedule\DeleteMaintenanceScheduleHandler.cs(16,22): warning CA2201: Exception type System.ApplicationException is not sufficiently specific (https://learn.microsoft.com/dotnet/fundamentals/code-analysis/quality-rules/ca2201) [d:\VB\AMIS101\src\Modules\Vehicle\Modules.Vehicle\Modules.Vehicle.csproj]
d:\VB\AMIS101\src\Modules\Vehicle\Modules.Vehicle\Features\v1\Maintenance\GetDueMaintenanceSchedules\GetDueMaintenanceSchedulesHandler.cs(14,27): warning S927: Rename parameter 'ct' to 'cancellationToken' to match the interface declaration. (https://rules.sonarsource.com/csharp/RSPEC-927) [d:\VB\AMIS101\src\Modules\Vehicle\Modules.Vehicle\Modules.Vehicle.csproj]
d:\VB\AMIS101\src\Modules\Vehicle\Modules.Vehicle\Features\v1\Vehicles\GenerateVehicleInventoryPdf\VehicleInventoryPdfDocument.cs(114,73): warning CA1305: The behavior of 'int.ToString()' could vary based on the current user's locale settings. Replace this call in 'VehicleInventoryPdfDocument.ComposeBody(IContainer)' with a call to 'int.ToString(IFormatProvider)'. (https://learn.microsoft.com/dotnet/fundamentals/code-analysis/quality-rules/ca1305) [d:\VB\AMIS101\src\Modules\Vehicle\Modules.Vehicle\Modules.Vehicle.csproj]
d:\VB\AMIS101\src\Modules\Vehicle\Modules.Vehicle\Features\v1\Vehicles\GenerateVehicleInventoryPdf\VehicleInventoryPdfDocument.cs(118,93): warning CA1305: The behavior of 'int.ToString()' could vary based on the current user's locale settings. Replace this call in 'VehicleInventoryPdfDocument.ComposeBody(IContainer)' with a call to 'int.ToString(IFormatProvider)'. (https://learn.microsoft.com/dotnet/fundamentals/code-analysis/quality-rules/ca1305) [d:\VB\AMIS101\src\Modules\Vehicle\Modules.Vehicle\Modules.Vehicle.csproj]
d:\VB\AMIS101\src\Modules\Vehicle\Modules.Vehicle\Features\v1\Vehicles\GenerateVehicleInventoryPdf\VehicleInventoryPdfDocument.cs(119,96): warning CA1305: The behavior of 'int.ToString()' could vary based on the current user's locale settings. Replace this call in 'VehicleInventoryPdfDocument.ComposeBody(IContainer)' with a call to 'int.ToString(IFormatProvider)'. (https://learn.microsoft.com/dotnet/fundamentals/code-analysis/quality-rules/ca1305) [d:\VB\AMIS101\src\Modules\Vehicle\Modules.Vehicle\Modules.Vehicle.csproj]
d:\VB\AMIS101\src\Modules\Vehicle\Modules.Vehicle\Features\v1\Vehicles\GenerateVehicleInventoryPdf\VehicleInventoryPdfDocument.cs(121,73): warning CA1305: The behavior of 'int.ToString()' could vary based on the current user's locale settings. Replace this call in 'VehicleInventoryPdfDocument.ComposeBody(IContainer)' with a call to 'int.ToString(IFormatProvider)'. (https://learn.microsoft.com/dotnet/fundamentals/code-analysis/quality-rules/ca1305) [d:\VB\AMIS101\src\Modules\Vehicle\Modules.Vehicle\Modules.Vehicle.csproj]
d:\VB\AMIS101\src\Modules\Vehicle\Modules.Vehicle\Features\v1\Vehicles\GenerateVehicleInventoryPdf\VehicleInventoryPdfDocument.cs(123,56): warning CA1305: The behavior of 'decimal.ToString(string)' could vary based on the current user's locale settings. Replace this call in 'VehicleInventoryPdfDocument.ComposeBody(IContainer)' with a call to 'decimal.ToString(string, IFormatProvider)'. (https://learn.microsoft.com/dotnet/fundamentals/code-analysis/quality-rules/ca1305) [d:\VB\AMIS101\src\Modules\Vehicle\Modules.Vehicle\Modules.Vehicle.csproj]
d:\VB\AMIS101\src\Modules\Finance\Modules.Finance\Features\v1\DisbursementVouchers\PayDisbursementVoucher\PayDisbursementVoucherCommandHandler.cs(23,9): warning CA1873: Evaluation of this argument may be expensive and unnecessary if logging is disabled (https://learn.microsoft.com/dotnet/fundamentals/code-analysis/quality-rules/ca1873) [d:\VB\AMIS101\src\Modules\Finance\Modules.Finance\Modules.Finance.csproj]
d:\VB\AMIS101\src\Modules\Finance\Modules.Finance\Data\FinanceDbInitializer.cs(16,13): warning CA1873: Evaluation of this argument may be expensive and unnecessary if logging is disabled (https://learn.microsoft.com/dotnet/fundamentals/code-analysis/quality-rules/ca1873) [d:\VB\AMIS101\src\Modules\Finance\Modules.Finance\Modules.Finance.csproj]
d:\VB\AMIS101\src\Modules\Finance\Modules.Finance\Features\v1\DisbursementVouchers\CreateDisbursementVoucher\CreateDisbursementVoucherCommandHandler.cs(39,9): warning CA1873: Evaluation of this argument may be expensive and unnecessary if logging is disabled (https://learn.microsoft.com/dotnet/fundamentals/code-analysis/quality-rules/ca1873) [d:\VB\AMIS101\src\Modules\Finance\Modules.Finance\Modules.Finance.csproj]
d:\VB\AMIS101\src\Modules\Finance\Modules.Finance\Features\v1\BudgetUtilizationRecords\CancelBudgetUtilizationRecord\CancelBudgetUtilizationRecordCommandHandler.cs(23,9): warning CA1873: Evaluation of this argument may be expensive and unnecessary if logging is disabled (https://learn.microsoft.com/dotnet/fundamentals/code-analysis/quality-rules/ca1873) [d:\VB\AMIS101\src\Modules\Finance\Modules.Finance\Modules.Finance.csproj]
d:\VB\AMIS101\src\Modules\Finance\Modules.Finance\Features\v1\DisbursementVouchers\ApproveDisbursementVoucher\ApproveDisbursementVoucherCommandHandler.cs(23,9): warning CA1873: Evaluation of this argument may be expensive and unnecessary if logging is disabled (https://learn.microsoft.com/dotnet/fundamentals/code-analysis/quality-rules/ca1873) [d:\VB\AMIS101\src\Modules\Finance\Modules.Finance\Modules.Finance.csproj]
d:\VB\AMIS101\src\Modules\Finance\Modules.Finance\Features\v1\DisbursementVouchers\CancelDisbursementVoucher\CancelDisbursementVoucherCommandHandler.cs(23,9): warning CA1873: Evaluation of this argument may be expensive and unnecessary if logging is disabled (https://learn.microsoft.com/dotnet/fundamentals/code-analysis/quality-rules/ca1873) [d:\VB\AMIS101\src\Modules\Finance\Modules.Finance\Modules.Finance.csproj]
d:\VB\AMIS101\src\Modules\Finance\Modules.Finance\Features\v1\BudgetUtilizationRecords\ObligateBudgetUtilizationRecord\ObligateBudgetUtilizationRecordCommandHandler.cs(23,9): warning CA1873: Evaluation of this argument may be expensive and unnecessary if logging is disabled (https://learn.microsoft.com/dotnet/fundamentals/code-analysis/quality-rules/ca1873) [d:\VB\AMIS101\src\Modules\Finance\Modules.Finance\Modules.Finance.csproj]
d:\VB\AMIS101\src\Modules\Finance\Modules.Finance\Features\v1\BudgetUtilizationRecords\CreateBudgetUtilizationRecord\CreateBudgetUtilizationRecordCommandHandler.cs(39,9): warning CA1873: Evaluation of this argument may be expensive and unnecessary if logging is disabled (https://learn.microsoft.com/dotnet/fundamentals/code-analysis/quality-rules/ca1873) [d:\VB\AMIS101\src\Modules\Finance\Modules.Finance\Modules.Finance.csproj]
d:\VB\AMIS101\src\Modules\Expendable\Modules.Expendable\Domain\Products\Product.cs(31,20): warning CA1056: Change the type of property 'Product.ImageUrl' from 'string' to 'System.Uri' (https://learn.microsoft.com/dotnet/fundamentals/code-analysis/quality-rules/ca1056) [d:\VB\AMIS101\src\Modules\Expendable\Modules.Expendable\Modules.Expendable.csproj]
d:\VB\AMIS101\src\Modules\Expendable\Modules.Expendable\Domain\Products\Product.cs(46,50): warning S1144: Remove the unused private setter 'set_ParentProduct'. (https://rules.sonarsource.com/csharp/RSPEC-1144) [d:\VB\AMIS101\src\Modules\Expendable\Modules.Expendable\Modules.Expendable.csproj]
d:\VB\AMIS101\src\Modules\Expendable\Modules.Expendable\Provisioning\ExpendableDbInitializerHostedService.cs(50,30): warning S2139: Either log this exception and handle it, or rethrow it with some contextual information. (https://rules.sonarsource.com/csharp/RSPEC-2139) [d:\VB\AMIS101\src\Modules\Expendable\Modules.Expendable\Modules.Expendable.csproj]
d:\VB\AMIS101\src\Modules\Expendable\Modules.Expendable\Provisioning\ExpendableDbInitializerHostedService.cs(48,17): warning CA1873: Evaluation of this argument may be expensive and unnecessary if logging is disabled (https://learn.microsoft.com/dotnet/fundamentals/code-analysis/quality-rules/ca1873) [d:\VB\AMIS101\src\Modules\Expendable\Modules.Expendable\Modules.Expendable.csproj]
d:\VB\AMIS101\src\Modules\Expendable\Modules.Expendable\Data\ExpendableDbInitializer.cs(22,13): warning CA1873: Evaluation of this argument may be expensive and unnecessary if logging is disabled (https://learn.microsoft.com/dotnet/fundamentals/code-analysis/quality-rules/ca1873) [d:\VB\AMIS101\src\Modules\Expendable\Modules.Expendable\Modules.Expendable.csproj]
d:\VB\AMIS101\src\Modules\Expendable\Modules.Expendable\Data\ExpendableDbInitializer.cs(39,13): warning CA1873: Evaluation of this argument may be expensive and unnecessary if logging is disabled (https://learn.microsoft.com/dotnet/fundamentals/code-analysis/quality-rules/ca1873) [d:\VB\AMIS101\src\Modules\Expendable\Modules.Expendable\Modules.Expendable.csproj]
d:\VB\AMIS101\src\Modules\Expendable\Modules.Expendable\Data\ExpendableDbInitializer.cs(32,40): warning EF1002: Method 'ExecuteSqlRawAsync' inserts interpolated strings directly into the SQL, without any protection against SQL injection. Consider using 'ExecuteSqlAsync' instead, which protects against SQL injection, or make sure that the value is sanitized and suppress the warning. [d:\VB\AMIS101\src\Modules\Expendable\Modules.Expendable\Modules.Expendable.csproj]
d:\VB\AMIS101\src\Modules\Expendable\Modules.Expendable\Data\ExpendableDbInitializer.cs(35,40): warning EF1002: Method 'ExecuteSqlRawAsync' inserts interpolated strings directly into the SQL, without any protection against SQL injection. Consider using 'ExecuteSqlAsync' instead, which protects against SQL injection, or make sure that the value is sanitized and suppress the warning. [d:\VB\AMIS101\src\Modules\Expendable\Modules.Expendable\Modules.Expendable.csproj]
d:\VB\AMIS101\src\Modules\Expendable\Modules.Expendable\Data\ExpendableDbInitializer.cs(51,13): warning CA1873: Evaluation of this argument may be expensive and unnecessary if logging is disabled (https://learn.microsoft.com/dotnet/fundamentals/code-analysis/quality-rules/ca1873) [d:\VB\AMIS101\src\Modules\Expendable\Modules.Expendable\Modules.Expendable.csproj]
d:\VB\AMIS101\src\Modules\Expendable\Modules.Expendable\Data\ExpendableDbInitializer.cs(79,9): warning CA1873: Evaluation of this argument may be expensive and unnecessary if logging is disabled (https://learn.microsoft.com/dotnet/fundamentals/code-analysis/quality-rules/ca1873) [d:\VB\AMIS101\src\Modules\Expendable\Modules.Expendable\Modules.Expendable.csproj]
d:\VB\AMIS101\src\Modules\Expendable\Modules.Expendable\Domain\Products\Product.cs(52,71): warning CA1054: Change the type of parameter 'imageUrl' of method 'Product.Create(string, string, string, string, decimal, string, int, int, [string], [string], [string])' from 'string' to 'System.Uri', or provide an overload to 'Product.Create(string, string, string, string, decimal, string, int, int, [string], [string], [string])' that allows 'imageUrl' to be passed as a 'System.Uri' object (https://learn.microsoft.com/dotnet/fundamentals/code-analysis/quality-rules/ca1054) [d:\VB\AMIS101\src\Modules\Expendable\Modules.Expendable\Modules.Expendable.csproj]
d:\VB\AMIS101\src\Modules\Expendable\Modules.Expendable\Domain\Products\Product.cs(128,61): warning CA1054: Change the type of parameter 'imageUrl' of method 'Product.Update(string, string, decimal, int, int, [string])' from 'string' to 'System.Uri', or provide an overload to 'Product.Update(string, string, decimal, int, int, [string])' that allows 'imageUrl' to be passed as a 'System.Uri' object (https://learn.microsoft.com/dotnet/fundamentals/code-analysis/quality-rules/ca1054) [d:\VB\AMIS101\src\Modules\Expendable\Modules.Expendable\Modules.Expendable.csproj]
d:\VB\AMIS101\src\Modules\Expendable\Modules.Expendable\Features\v1\Reports\GeneratePhysicalCountPdf\PhysicalCountPdfDocument.cs(76,35): warning CA1305: The behavior of 'DateTime.ToString(string)' could vary based on the current user's locale settings. Replace this call in 'PhysicalCountPdfDocument.ComposeHeader(IContainer)' with a call to 'DateTime.ToString(string, IFormatProvider)'. (https://learn.microsoft.com/dotnet/fundamentals/code-analysis/quality-rules/ca1305) [d:\VB\AMIS101\src\Modules\Expendable\Modules.Expendable\Modules.Expendable.csproj]
d:\VB\AMIS101\src\Modules\Expendable\Modules.Expendable\Features\v1\Reports\GenerateDepartmentIssuancePdf\DepartmentIssuancePdfDocument.cs(237,16): warning CA1305: The behavior of 'DateTimeOffset.ToString(string)' could vary based on the current user's locale settings. Replace this call in 'DepartmentIssuancePdfDocument.BuildDateRange()' with a call to 'DateTimeOffset.ToString(string, IFormatProvider)'. (https://learn.microsoft.com/dotnet/fundamentals/code-analysis/quality-rules/ca1305) [d:\VB\AMIS101\src\Modules\Expendable\Modules.Expendable\Modules.Expendable.csproj]
d:\VB\AMIS101\src\Modules\Expendable\Modules.Expendable\Features\v1\Reports\GeneratePhysicalCountPdf\PhysicalCountPdfDocument.cs(120,73): warning CA1305: The behavior of 'int.ToString()' could vary based on the current user's locale settings. Replace this call in 'PhysicalCountPdfDocument.ComposeBody(IContainer)' with a call to 'int.ToString(IFormatProvider)'. (https://learn.microsoft.com/dotnet/fundamentals/code-analysis/quality-rules/ca1305) [d:\VB\AMIS101\src\Modules\Expendable\Modules.Expendable\Modules.Expendable.csproj]
d:\VB\AMIS101\src\Modules\Expendable\Modules.Expendable\Features\v1\Reports\GeneratePhysicalCountPdf\PhysicalCountPdfDocument.cs(124,72): warning CA1305: The behavior of 'decimal.ToString(string)' could vary based on the current user's locale settings. Replace this call in 'PhysicalCountPdfDocument.ComposeBody(IContainer)' with a call to 'decimal.ToString(string, IFormatProvider)'. (https://learn.microsoft.com/dotnet/fundamentals/code-analysis/quality-rules/ca1305) [d:\VB\AMIS101\src\Modules\Expendable\Modules.Expendable\Modules.Expendable.csproj]
d:\VB\AMIS101\src\Modules\Expendable\Modules.Expendable\Features\v1\Reports\GeneratePhysicalCountPdf\PhysicalCountPdfDocument.cs(125,73): warning CA1305: The behavior of 'int.ToString()' could vary based on the current user's locale settings. Replace this call in 'PhysicalCountPdfDocument.ComposeBody(IContainer)' with a call to 'int.ToString(IFormatProvider)'. (https://learn.microsoft.com/dotnet/fundamentals/code-analysis/quality-rules/ca1305) [d:\VB\AMIS101\src\Modules\Expendable\Modules.Expendable\Modules.Expendable.csproj]
d:\VB\AMIS101\src\Modules\Expendable\Modules.Expendable\Features\v1\Reports\GeneratePhysicalCountPdf\PhysicalCountPdfDocument.cs(126,73): warning CA1305: The behavior of 'int.ToString()' could vary based on the current user's locale settings. Replace this call in 'PhysicalCountPdfDocument.ComposeBody(IContainer)' with a call to 'int.ToString(IFormatProvider)'. (https://learn.microsoft.com/dotnet/fundamentals/code-analysis/quality-rules/ca1305) [d:\VB\AMIS101\src\Modules\Expendable\Modules.Expendable\Modules.Expendable.csproj]
d:\VB\AMIS101\src\Modules\Expendable\Modules.Expendable\Features\v1\Reports\GeneratePhysicalCountPdf\PhysicalCountPdfDocument.cs(127,73): warning CA1305: The behavior of 'int.ToString()' could vary based on the current user's locale settings. Replace this call in 'PhysicalCountPdfDocument.ComposeBody(IContainer)' with a call to 'int.ToString(IFormatProvider)'. (https://learn.microsoft.com/dotnet/fundamentals/code-analysis/quality-rules/ca1305) [d:\VB\AMIS101\src\Modules\Expendable\Modules.Expendable\Modules.Expendable.csproj]
d:\VB\AMIS101\src\Modules\Expendable\Modules.Expendable\Features\v1\Reports\GeneratePhysicalCountPdf\PhysicalCountPdfDocument.cs(128,72): warning CA1305: The behavior of 'decimal.ToString(string)' could vary based on the current user's locale settings. Replace this call in 'PhysicalCountPdfDocument.ComposeBody(IContainer)' with a call to 'decimal.ToString(string, IFormatProvider)'. (https://learn.microsoft.com/dotnet/fundamentals/code-analysis/quality-rules/ca1305) [d:\VB\AMIS101\src\Modules\Expendable\Modules.Expendable\Modules.Expendable.csproj]
d:\VB\AMIS101\src\Modules\Expendable\Modules.Expendable\Features\v1\Reports\GenerateEmployeeIssuancePdf\EmployeeIssuancePdfDocument.cs(116,27): warning CA1305: The behavior of 'DateTime.ToString(string)' could vary based on the current user's locale settings. Replace this call in 'EmployeeIssuancePdfDocument.ComposeBody(IContainer)' with a call to 'DateTime.ToString(string, IFormatProvider)'. (https://learn.microsoft.com/dotnet/fundamentals/code-analysis/quality-rules/ca1305) [d:\VB\AMIS101\src\Modules\Expendable\Modules.Expendable\Modules.Expendable.csproj]
d:\VB\AMIS101\src\Modules\Expendable\Modules.Expendable\Features\v1\Reports\GenerateEmployeeIssuancePdf\EmployeeIssuancePdfDocument.cs(117,73): warning CA1305: The behavior of 'int.ToString()' could vary based on the current user's locale settings. Replace this call in 'EmployeeIssuancePdfDocument.ComposeBody(IContainer)' with a call to 'int.ToString(IFormatProvider)'. (https://learn.microsoft.com/dotnet/fundamentals/code-analysis/quality-rules/ca1305) [d:\VB\AMIS101\src\Modules\Expendable\Modules.Expendable\Modules.Expendable.csproj]
d:\VB\AMIS101\src\Modules\Expendable\Modules.Expendable\Features\v1\Reports\GenerateDepartmentIssuancePdf\DepartmentIssuancePdfDocument.cs(136,77): warning CA1305: The behavior of 'int.ToString()' could vary based on the current user's locale settings. Replace this call in 'DepartmentIssuancePdfDocument.ComposeBody(IContainer)' with a call to 'int.ToString(IFormatProvider)'. (https://learn.microsoft.com/dotnet/fundamentals/code-analysis/quality-rules/ca1305) [d:\VB\AMIS101\src\Modules\Expendable\Modules.Expendable\Modules.Expendable.csproj]
d:\VB\AMIS101\src\Modules\Expendable\Modules.Expendable\Features\v1\Reports\GenerateDepartmentIssuancePdf\DepartmentIssuancePdfDocument.cs(140,76): warning CA1305: The behavior of 'int.ToString()' could vary based on the current user's locale settings. Replace this call in 'DepartmentIssuancePdfDocument.ComposeBody(IContainer)' with a call to 'int.ToString(IFormatProvider)'. (https://learn.microsoft.com/dotnet/fundamentals/code-analysis/quality-rules/ca1305) [d:\VB\AMIS101\src\Modules\Expendable\Modules.Expendable\Modules.Expendable.csproj]
d:\VB\AMIS101\src\Modules\Expendable\Modules.Expendable\Features\v1\Reports\GenerateDepartmentIssuancePdf\DepartmentIssuancePdfDocument.cs(141,76): warning CA1305: The behavior of 'decimal.ToString(string)' could vary based on the current user's locale settings. Replace this call in 'DepartmentIssuancePdfDocument.ComposeBody(IContainer)' with a call to 'decimal.ToString(string, IFormatProvider)'. (https://learn.microsoft.com/dotnet/fundamentals/code-analysis/quality-rules/ca1305) [d:\VB\AMIS101\src\Modules\Expendable\Modules.Expendable\Modules.Expendable.csproj]
d:\VB\AMIS101\src\Modules\Expendable\Modules.Expendable\Features\v1\Reports\GenerateDepartmentIssuancePdf\DepartmentIssuancePdfDocument.cs(142,76): warning CA1305: The behavior of 'decimal.ToString(string)' could vary based on the current user's locale settings. Replace this call in 'DepartmentIssuancePdfDocument.ComposeBody(IContainer)' with a call to 'decimal.ToString(string, IFormatProvider)'. (https://learn.microsoft.com/dotnet/fundamentals/code-analysis/quality-rules/ca1305) [d:\VB\AMIS101\src\Modules\Expendable\Modules.Expendable\Modules.Expendable.csproj]
d:\VB\AMIS101\src\Modules\Expendable\Modules.Expendable\Features\v1\Reports\GenerateDepartmentIssuancePdf\DepartmentIssuancePdfDocument.cs(152,40): warning CA1305: The behavior of 'int.ToString()' could vary based on the current user's locale settings. Replace this call in 'DepartmentIssuancePdfDocument.ComposeBody(IContainer)' with a call to 'int.ToString(IFormatProvider)'. (https://learn.microsoft.com/dotnet/fundamentals/code-analysis/quality-rules/ca1305) [d:\VB\AMIS101\src\Modules\Expendable\Modules.Expendable\Modules.Expendable.csproj]
d:\VB\AMIS101\src\Modules\Expendable\Modules.Expendable\Features\v1\Reports\GenerateDepartmentIssuancePdf\DepartmentIssuancePdfDocument.cs(157,40): warning CA1305: The behavior of 'decimal.ToString(string)' could vary based on the current user's locale settings. Replace this call in 'DepartmentIssuancePdfDocument.ComposeBody(IContainer)' with a call to 'decimal.ToString(string, IFormatProvider)'. (https://learn.microsoft.com/dotnet/fundamentals/code-analysis/quality-rules/ca1305) [d:\VB\AMIS101\src\Modules\Expendable\Modules.Expendable\Modules.Expendable.csproj]
d:\VB\AMIS101\src\Modules\Expendable\Modules.Expendable\Features\v1\Reports\GenerateDepartmentIssuancePdf\DepartmentIssuancePdfDocument.cs(168,36): warning CA1305: The behavior of 'int.ToString()' could vary based on the current user's locale settings. Replace this call in 'DepartmentIssuancePdfDocument.ComposeBody(IContainer)' with a call to 'int.ToString(IFormatProvider)'. (https://learn.microsoft.com/dotnet/fundamentals/code-analysis/quality-rules/ca1305) [d:\VB\AMIS101\src\Modules\Expendable\Modules.Expendable\Modules.Expendable.csproj]
d:\VB\AMIS101\src\Modules\Expendable\Modules.Expendable\Features\v1\Reports\GenerateDepartmentIssuancePdf\DepartmentIssuancePdfDocument.cs(173,36): warning CA1305: The behavior of 'decimal.ToString(string)' could vary based on the current user's locale settings. Replace this call in 'DepartmentIssuancePdfDocument.ComposeBody(IContainer)' with a call to 'decimal.ToString(string, IFormatProvider)'. (https://learn.microsoft.com/dotnet/fundamentals/code-analysis/quality-rules/ca1305) [d:\VB\AMIS101\src\Modules\Expendable\Modules.Expendable\Modules.Expendable.csproj]
d:\VB\AMIS101\src\Modules\Expendable\Modules.Expendable\Features\v1\Reports\GenerateStockCardPdf\StockCardPdfDocument.cs(145,27): warning CA1305: The behavior of 'DateTime.ToString(string)' could vary based on the current user's locale settings. Replace this call in 'StockCardPdfDocument.ComposeBody(IContainer)' with a call to 'DateTime.ToString(string, IFormatProvider)'. (https://learn.microsoft.com/dotnet/fundamentals/code-analysis/quality-rules/ca1305) [d:\VB\AMIS101\src\Modules\Expendable\Modules.Expendable\Modules.Expendable.csproj]
d:\VB\AMIS101\src\Modules\Expendable\Modules.Expendable\Features\v1\Reports\GenerateStockCardPdf\StockCardPdfDocument.cs(153,39): warning CA1305: The behavior of 'int.ToString()' could vary based on the current user's locale settings. Replace this call in 'StockCardPdfDocument.ComposeBody(IContainer)' with a call to 'int.ToString(IFormatProvider)'. (https://learn.microsoft.com/dotnet/fundamentals/code-analysis/quality-rules/ca1305) [d:\VB\AMIS101\src\Modules\Expendable\Modules.Expendable\Modules.Expendable.csproj]
d:\VB\AMIS101\src\Modules\Expendable\Modules.Expendable\Features\v1\Reports\GenerateStockCardPdf\StockCardPdfDocument.cs(155,39): warning CA1305: The behavior of 'decimal.ToString(string)' could vary based on the current user's locale settings. Replace this call in 'StockCardPdfDocument.ComposeBody(IContainer)' with a call to 'decimal.ToString(string, IFormatProvider)'. (https://learn.microsoft.com/dotnet/fundamentals/code-analysis/quality-rules/ca1305) [d:\VB\AMIS101\src\Modules\Expendable\Modules.Expendable\Modules.Expendable.csproj]
d:\VB\AMIS101\src\Modules\Expendable\Modules.Expendable\Features\v1\Reports\GenerateStockCardPdf\StockCardPdfDocument.cs(157,39): warning CA1305: The behavior of 'decimal.ToString(string)' could vary based on the current user's locale settings. Replace this call in 'StockCardPdfDocument.ComposeBody(IContainer)' with a call to 'decimal.ToString(string, IFormatProvider)'. (https://learn.microsoft.com/dotnet/fundamentals/code-analysis/quality-rules/ca1305) [d:\VB\AMIS101\src\Modules\Expendable\Modules.Expendable\Modules.Expendable.csproj]
d:\VB\AMIS101\src\Modules\Expendable\Modules.Expendable\Features\v1\Reports\GenerateStockCardPdf\StockCardPdfDocument.cs(161,40): warning CA1305: The behavior of 'int.ToString()' could vary based on the current user's locale settings. Replace this call in 'StockCardPdfDocument.ComposeBody(IContainer)' with a call to 'int.ToString(IFormatProvider)'. (https://learn.microsoft.com/dotnet/fundamentals/code-analysis/quality-rules/ca1305) [d:\VB\AMIS101\src\Modules\Expendable\Modules.Expendable\Modules.Expendable.csproj]
d:\VB\AMIS101\src\Modules\Expendable\Modules.Expendable\Features\v1\Reports\GenerateStockCardPdf\StockCardPdfDocument.cs(163,40): warning CA1305: The behavior of 'decimal.ToString(string)' could vary based on the current user's locale settings. Replace this call in 'StockCardPdfDocument.ComposeBody(IContainer)' with a call to 'decimal.ToString(string, IFormatProvider)'. (https://learn.microsoft.com/dotnet/fundamentals/code-analysis/quality-rules/ca1305) [d:\VB\AMIS101\src\Modules\Expendable\Modules.Expendable\Modules.Expendable.csproj]
d:\VB\AMIS101\src\Modules\Expendable\Modules.Expendable\Features\v1\Reports\GenerateStockCardPdf\StockCardPdfDocument.cs(165,40): warning CA1305: The behavior of 'decimal.ToString(string)' could vary based on the current user's locale settings. Replace this call in 'StockCardPdfDocument.ComposeBody(IContainer)' with a call to 'decimal.ToString(string, IFormatProvider)'. (https://learn.microsoft.com/dotnet/fundamentals/code-analysis/quality-rules/ca1305) [d:\VB\AMIS101\src\Modules\Expendable\Modules.Expendable\Modules.Expendable.csproj]
d:\VB\AMIS101\src\Modules\Expendable\Modules.Expendable\Features\v1\Reports\GenerateStockCardPdf\StockCardPdfDocument.cs(169,27): warning CA1305: The behavior of 'int.ToString()' could vary based on the current user's locale settings. Replace this call in 'StockCardPdfDocument.ComposeBody(IContainer)' with a call to 'int.ToString(IFormatProvider)'. (https://learn.microsoft.com/dotnet/fundamentals/code-analysis/quality-rules/ca1305) [d:\VB\AMIS101\src\Modules\Expendable\Modules.Expendable\Modules.Expendable.csproj]
d:\VB\AMIS101\src\Modules\Expendable\Modules.Expendable\Features\v1\Reports\GenerateStockCardPdf\StockCardPdfDocument.cs(171,27): warning CA1305: The behavior of 'decimal.ToString(string)' could vary based on the current user's locale settings. Replace this call in 'StockCardPdfDocument.ComposeBody(IContainer)' with a call to 'decimal.ToString(string, IFormatProvider)'. (https://learn.microsoft.com/dotnet/fundamentals/code-analysis/quality-rules/ca1305) [d:\VB\AMIS101\src\Modules\Expendable\Modules.Expendable\Modules.Expendable.csproj]
d:\VB\AMIS101\src\Modules\Expendable\Modules.Expendable\Features\v1\Reports\GenerateStockCardPdf\StockCardPdfDocument.cs(173,27): warning CA1305: The behavior of 'decimal.ToString(string)' could vary based on the current user's locale settings. Replace this call in 'StockCardPdfDocument.ComposeBody(IContainer)' with a call to 'decimal.ToString(string, IFormatProvider)'. (https://learn.microsoft.com/dotnet/fundamentals/code-analysis/quality-rules/ca1305) [d:\VB\AMIS101\src\Modules\Expendable\Modules.Expendable\Modules.Expendable.csproj]
d:\VB\AMIS101\src\Playground\Playground.Blazor\Components\Pages\Expendable\WarehousePage.razor(37,95): warning CS8603: Possible null reference return. [d:\VB\AMIS101\src\Playground\Playground.Blazor\Playground.Blazor.csproj]
d:\VB\AMIS101\src\Playground\Playground.Blazor\obj\Debug\net10.0\Microsoft.CodeAnalysis.Razor.Compiler\Microsoft.NET.Sdk.Razor.SourceGenerators.RazorSourceGenerator\Components\Pages\AssetManagement\SemiExpendablePropertiesPage_razor.g.cs(1214,112): warning CS8669: The annotation for nullable reference types should only be used in code within a '#nullable' annotations context. Auto-generated code requires an explicit '#nullable' directive in source. [d:\VB\AMIS101\src\Playground\Playground.Blazor\Playground.Blazor.csproj]
d:\VB\AMIS101\src\Playground\Playground.Blazor\obj\Debug\net10.0\Microsoft.CodeAnalysis.Razor.Compiler\Microsoft.NET.Sdk.Razor.SourceGenerators.RazorSourceGenerator\Components\Pages\AssetManagement\SemiExpendablePropertiesPage_razor.g.cs(1222,124): warning CS8669: The annotation for nullable reference types should only be used in code within a '#nullable' annotations context. Auto-generated code requires an explicit '#nullable' directive in source. [d:\VB\AMIS101\src\Playground\Playground.Blazor\Playground.Blazor.csproj]
d:\VB\AMIS101\src\Playground\Playground.Blazor\obj\Debug\net10.0\Microsoft.CodeAnalysis.Razor.Compiler\Microsoft.NET.Sdk.Razor.SourceGenerators.RazorSourceGenerator\Components\Pages\AssetManagement\SemiExpendablePropertiesPage_razor.g.cs(1231,112): warning CS8669: The annotation for nullable reference types should only be used in code within a '#nullable' annotations context. Auto-generated code requires an explicit '#nullable' directive in source. [d:\VB\AMIS101\src\Playground\Playground.Blazor\Playground.Blazor.csproj]
d:\VB\AMIS101\src\Playground\Playground.Blazor\obj\Debug\net10.0\Microsoft.CodeAnalysis.Razor.Compiler\Microsoft.NET.Sdk.Razor.SourceGenerators.RazorSourceGenerator\Components\Pages\AssetManagement\SemiExpendablePropertiesPage_razor.g.cs(1240,112): warning CS8669: The annotation for nullable reference types should only be used in code within a '#nullable' annotations context. Auto-generated code requires an explicit '#nullable' directive in source. [d:\VB\AMIS101\src\Playground\Playground.Blazor\Playground.Blazor.csproj]
d:\VB\AMIS101\src\Playground\Playground.Blazor\obj\Debug\net10.0\Microsoft.CodeAnalysis.Razor.Compiler\Microsoft.NET.Sdk.Razor.SourceGenerators.RazorSourceGenerator\Components\Pages\AssetManagement\SemiExpendablePropertiesPage_razor.g.cs(1258,112): warning CS8669: The annotation for nullable reference types should only be used in code within a '#nullable' annotations context. Auto-generated code requires an explicit '#nullable' directive in source. [d:\VB\AMIS101\src\Playground\Playground.Blazor\Playground.Blazor.csproj]
d:\VB\AMIS101\src\Playground\Playground.Blazor\obj\Debug\net10.0\Microsoft.CodeAnalysis.Razor.Compiler\Microsoft.NET.Sdk.Razor.SourceGenerators.RazorSourceGenerator\Components\Pages\AssetManagement\SemiExpendablePropertiesPage_razor.g.cs(1267,112): warning CS8669: The annotation for nullable reference types should only be used in code within a '#nullable' annotations context. Auto-generated code requires an explicit '#nullable' directive in source. [d:\VB\AMIS101\src\Playground\Playground.Blazor\Playground.Blazor.csproj]
d:\VB\AMIS101\src\Playground\Playground.Blazor\obj\Debug\net10.0\Microsoft.CodeAnalysis.Razor.Compiler\Microsoft.NET.Sdk.Razor.SourceGenerators.RazorSourceGenerator\Components\Pages\AssetManagement\SemiExpendablePropertiesPage_razor.g.cs(1275,178): warning CS8669: The annotation for nullable reference types should only be used in code within a '#nullable' annotations context. Auto-generated code requires an explicit '#nullable' directive in source. [d:\VB\AMIS101\src\Playground\Playground.Blazor\Playground.Blazor.csproj]
d:\VB\AMIS101\src\Playground\Playground.Blazor\obj\Debug\net10.0\Microsoft.CodeAnalysis.Razor.Compiler\Microsoft.NET.Sdk.Razor.SourceGenerators.RazorSourceGenerator\Components\Pages\AssetManagement\SemiExpendablePropertiesPage_razor.g.cs(1275,257): warning CS8669: The annotation for nullable reference types should only be used in code within a '#nullable' annotations context. Auto-generated code requires an explicit '#nullable' directive in source. [d:\VB\AMIS101\src\Playground\Playground.Blazor\Playground.Blazor.csproj]
d:\VB\AMIS101\src\Playground\Playground.Blazor\obj\Debug\net10.0\Microsoft.CodeAnalysis.Razor.Compiler\Microsoft.NET.Sdk.Razor.SourceGenerators.RazorSourceGenerator\Components\Pages\AssetManagement\SemiExpendablePropertiesPage_razor.g.cs(1294,120): warning CS8669: The annotation for nullable reference types should only be used in code within a '#nullable' annotations context. Auto-generated code requires an explicit '#nullable' directive in source. [d:\VB\AMIS101\src\Playground\Playground.Blazor\Playground.Blazor.csproj]
d:\VB\AMIS101\src\Playground\Playground.Blazor\obj\Debug\net10.0\Microsoft.CodeAnalysis.Razor.Compiler\Microsoft.NET.Sdk.Razor.SourceGenerators.RazorSourceGenerator\Components\Pages\AssetManagement\SemiExpendablePropertiesPage_razor.g.cs(1302,128): warning CS8669: The annotation for nullable reference types should only be used in code within a '#nullable' annotations context. Auto-generated code requires an explicit '#nullable' directive in source. [d:\VB\AMIS101\src\Playground\Playground.Blazor\Playground.Blazor.csproj]
d:\VB\AMIS101\src\Playground\Playground.Blazor\obj\Debug\net10.0\Microsoft.CodeAnalysis.Razor.Compiler\Microsoft.NET.Sdk.Razor.SourceGenerators.RazorSourceGenerator\Components\Pages\AssetManagement\SemiExpendablePropertiesPage_razor.g.cs(1342,120): warning CS8669: The annotation for nullable reference types should only be used in code within a '#nullable' annotations context. Auto-generated code requires an explicit '#nullable' directive in source. [d:\VB\AMIS101\src\Playground\Playground.Blazor\Playground.Blazor.csproj]
d:\VB\AMIS101\src\Playground\Playground.Blazor\obj\Debug\net10.0\Microsoft.CodeAnalysis.Razor.Compiler\Microsoft.NET.Sdk.Razor.SourceGenerators.RazorSourceGenerator\Components\Pages\AssetManagement\SemiExpendablePropertiesPage_razor.g.cs(1350,128): warning CS8669: The annotation for nullable reference types should only be used in code within a '#nullable' annotations context. Auto-generated code requires an explicit '#nullable' directive in source. [d:\VB\AMIS101\src\Playground\Playground.Blazor\Playground.Blazor.csproj]
d:\VB\AMIS101\src\Playground\Playground.Blazor\obj\Debug\net10.0\Microsoft.CodeAnalysis.Razor.Compiler\Microsoft.NET.Sdk.Razor.SourceGenerators.RazorSourceGenerator\Components\Pages\MasterData\PropertyCodeGeneratorPage_razor.g.cs(385,111): warning CS8669: The annotation for nullable reference types should only be used in code within a '#nullable' annotations context. Auto-generated code requires an explicit '#nullable' directive in source. [d:\VB\AMIS101\src\Playground\Playground.Blazor\Playground.Blazor.csproj]
d:\VB\AMIS101\src\Playground\Playground.Blazor\obj\Debug\net10.0\Microsoft.CodeAnalysis.Razor.Compiler\Microsoft.NET.Sdk.Razor.SourceGenerators.RazorSourceGenerator\Components\Pages\MasterData\PropertyCodeGeneratorPage_razor.g.cs(394,111): warning CS8669: The annotation for nullable reference types should only be used in code within a '#nullable' annotations context. Auto-generated code requires an explicit '#nullable' directive in source. [d:\VB\AMIS101\src\Playground\Playground.Blazor\Playground.Blazor.csproj]
d:\VB\AMIS101\src\Playground\Playground.Blazor\obj\Debug\net10.0\Microsoft.CodeAnalysis.Razor.Compiler\Microsoft.NET.Sdk.Razor.SourceGenerators.RazorSourceGenerator\Components\Pages\MasterData\PropertyCodeGeneratorPage_razor.g.cs(411,111): warning CS8669: The annotation for nullable reference types should only be used in code within a '#nullable' annotations context. Auto-generated code requires an explicit '#nullable' directive in source. [d:\VB\AMIS101\src\Playground\Playground.Blazor\Playground.Blazor.csproj]
d:\VB\AMIS101\src\Playground\Playground.Blazor\obj\Debug\net10.0\Microsoft.CodeAnalysis.Razor.Compiler\Microsoft.NET.Sdk.Razor.SourceGenerators.RazorSourceGenerator\Components\Pages\MasterData\PropertyCodeGeneratorPage_razor.g.cs(420,111): warning CS8669: The annotation for nullable reference types should only be used in code within a '#nullable' annotations context. Auto-generated code requires an explicit '#nullable' directive in source. [d:\VB\AMIS101\src\Playground\Playground.Blazor\Playground.Blazor.csproj]
d:\VB\AMIS101\src\Playground\Playground.Blazor\obj\Debug\net10.0\Microsoft.CodeAnalysis.Razor.Compiler\Microsoft.NET.Sdk.Razor.SourceGenerators.RazorSourceGenerator\Components\Pages\MasterData\PropertyCodeGeneratorPage_razor.g.cs(428,63): warning CS8669: The annotation for nullable reference types should only be used in code within a '#nullable' annotations context. Auto-generated code requires an explicit '#nullable' directive in source. [d:\VB\AMIS101\src\Playground\Playground.Blazor\Playground.Blazor.csproj]
d:\VB\AMIS101\src\Playground\Playground.Blazor\obj\Debug\net10.0\Microsoft.CodeAnalysis.Razor.Compiler\Microsoft.NET.Sdk.Razor.SourceGenerators.RazorSourceGenerator\Components\Pages\MasterData\PropertyCodeGeneratorPage_razor.g.cs(437,111): warning CS8669: The annotation for nullable reference types should only be used in code within a '#nullable' annotations context. Auto-generated code requires an explicit '#nullable' directive in source. [d:\VB\AMIS101\src\Playground\Playground.Blazor\Playground.Blazor.csproj]
d:\VB\AMIS101\src\Playground\Playground.Blazor\obj\Debug\net10.0\Microsoft.CodeAnalysis.Razor.Compiler\Microsoft.NET.Sdk.Razor.SourceGenerators.RazorSourceGenerator\Components\Pages\MasterData\PropertyCodeGeneratorPage_razor.g.cs(454,111): warning CS8669: The annotation for nullable reference types should only be used in code within a '#nullable' annotations context. Auto-generated code requires an explicit '#nullable' directive in source. [d:\VB\AMIS101\src\Playground\Playground.Blazor\Playground.Blazor.csproj]
d:\VB\AMIS101\src\Playground\Playground.Blazor\obj\Debug\net10.0\Microsoft.CodeAnalysis.Razor.Compiler\Microsoft.NET.Sdk.Razor.SourceGenerators.RazorSourceGenerator\Components\Pages\MasterData\PropertyCodeGeneratorPage_razor.g.cs(462,124): warning CS8669: The annotation for nullable reference types should only be used in code within a '#nullable' annotations context. Auto-generated code requires an explicit '#nullable' directive in source. [d:\VB\AMIS101\src\Playground\Playground.Blazor\Playground.Blazor.csproj]
d:\VB\AMIS101\src\Playground\Playground.Blazor\obj\Debug\net10.0\Microsoft.CodeAnalysis.Razor.Compiler\Microsoft.NET.Sdk.Razor.SourceGenerators.RazorSourceGenerator\Components\Pages\MasterData\PropertyCodeGeneratorPage_razor.g.cs(471,111): warning CS8669: The annotation for nullable reference types should only be used in code within a '#nullable' annotations context. Auto-generated code requires an explicit '#nullable' directive in source. [d:\VB\AMIS101\src\Playground\Playground.Blazor\Playground.Blazor.csproj]
d:\VB\AMIS101\src\Playground\Playground.Blazor\obj\Debug\net10.0\Microsoft.CodeAnalysis.Razor.Compiler\Microsoft.NET.Sdk.Razor.SourceGenerators.RazorSourceGenerator\Components\Pages\MasterData\PropertyCodeGeneratorPage_razor.g.cs(471,271): warning CS8669: The annotation for nullable reference types should only be used in code within a '#nullable' annotations context. Auto-generated code requires an explicit '#nullable' directive in source. [d:\VB\AMIS101\src\Playground\Playground.Blazor\Playground.Blazor.csproj]
d:\VB\AMIS101\src\Playground\Playground.Blazor\obj\Debug\net10.0\Microsoft.CodeAnalysis.Razor.Compiler\Microsoft.NET.Sdk.Razor.SourceGenerators.RazorSourceGenerator\Components\Pages\MasterData\PropertyCodeGeneratorPage_razor.g.cs(471,350): warning CS8669: The annotation for nullable reference types should only be used in code within a '#nullable' annotations context. Auto-generated code requires an explicit '#nullable' directive in source. [d:\VB\AMIS101\src\Playground\Playground.Blazor\Playground.Blazor.csproj]
d:\VB\AMIS101\src\Playground\Playground.Blazor\obj\Debug\net10.0\Microsoft.CodeAnalysis.Razor.Compiler\Microsoft.NET.Sdk.Razor.SourceGenerators.RazorSourceGenerator\Components\Pages\MasterData\PropertyCodeGeneratorPage_razor.g.cs(482,119): warning CS8669: The annotation for nullable reference types should only be used in code within a '#nullable' annotations context. Auto-generated code requires an explicit '#nullable' directive in source. [d:\VB\AMIS101\src\Playground\Playground.Blazor\Playground.Blazor.csproj]
d:\VB\AMIS101\src\Playground\Playground.Blazor\obj\Debug\net10.0\Microsoft.CodeAnalysis.Razor.Compiler\Microsoft.NET.Sdk.Razor.SourceGenerators.RazorSourceGenerator\Components\Pages\MasterData\PropertyCodeGeneratorPage_razor.g.cs(490,128): warning CS8669: The annotation for nullable reference types should only be used in code within a '#nullable' annotations context. Auto-generated code requires an explicit '#nullable' directive in source. [d:\VB\AMIS101\src\Playground\Playground.Blazor\Playground.Blazor.csproj]
d:\VB\AMIS101\src\Playground\Playground.Blazor\obj\Debug\net10.0\Microsoft.CodeAnalysis.Razor.Compiler\Microsoft.NET.Sdk.Razor.SourceGenerators.RazorSourceGenerator\Components\Pages\MasterData\PropertyCodeGeneratorPage_razor.g.cs(530,119): warning CS8669: The annotation for nullable reference types should only be used in code within a '#nullable' annotations context. Auto-generated code requires an explicit '#nullable' directive in source. [d:\VB\AMIS101\src\Playground\Playground.Blazor\Playground.Blazor.csproj]
d:\VB\AMIS101\src\Playground\Playground.Blazor\obj\Debug\net10.0\Microsoft.CodeAnalysis.Razor.Compiler\Microsoft.NET.Sdk.Razor.SourceGenerators.RazorSourceGenerator\Components\Pages\MasterData\PropertyCodeGeneratorPage_razor.g.cs(538,128): warning CS8669: The annotation for nullable reference types should only be used in code within a '#nullable' annotations context. Auto-generated code requires an explicit '#nullable' directive in source. [d:\VB\AMIS101\src\Playground\Playground.Blazor\Playground.Blazor.csproj]
d:\VB\AMIS101\src\Playground\Playground.Blazor\obj\Debug\net10.0\Microsoft.CodeAnalysis.Razor.Compiler\Microsoft.NET.Sdk.Razor.SourceGenerators.RazorSourceGenerator\Components\Pages\MasterData\PropertyCodeGeneratorPage_razor.g.cs(589,111): warning CS8669: The annotation for nullable reference types should only be used in code within a '#nullable' annotations context. Auto-generated code requires an explicit '#nullable' directive in source. [d:\VB\AMIS101\src\Playground\Playground.Blazor\Playground.Blazor.csproj]
d:\VB\AMIS101\src\Playground\Playground.Blazor\obj\Debug\net10.0\Microsoft.CodeAnalysis.Razor.Compiler\Microsoft.NET.Sdk.Razor.SourceGenerators.RazorSourceGenerator\Components\Pages\MasterData\PropertyCodeGeneratorPage_razor.g.cs(598,111): warning CS8669: The annotation for nullable reference types should only be used in code within a '#nullable' annotations context. Auto-generated code requires an explicit '#nullable' directive in source. [d:\VB\AMIS101\src\Playground\Playground.Blazor\Playground.Blazor.csproj]
d:\VB\AMIS101\src\Playground\Playground.Blazor\obj\Debug\net10.0\Microsoft.CodeAnalysis.Razor.Compiler\Microsoft.NET.Sdk.Razor.SourceGenerators.RazorSourceGenerator\Components\Pages\MasterData\PropertyCodeGeneratorPage_razor.g.cs(615,111): warning CS8669: The annotation for nullable reference types should only be used in code within a '#nullable' annotations context. Auto-generated code requires an explicit '#nullable' directive in source. [d:\VB\AMIS101\src\Playground\Playground.Blazor\Playground.Blazor.csproj]
d:\VB\AMIS101\src\Playground\Playground.Blazor\obj\Debug\net10.0\Microsoft.CodeAnalysis.Razor.Compiler\Microsoft.NET.Sdk.Razor.SourceGenerators.RazorSourceGenerator\Components\Pages\MasterData\PropertyCodeGeneratorPage_razor.g.cs(624,111): warning CS8669: The annotation for nullable reference types should only be used in code within a '#nullable' annotations context. Auto-generated code requires an explicit '#nullable' directive in source. [d:\VB\AMIS101\src\Playground\Playground.Blazor\Playground.Blazor.csproj]
d:\VB\AMIS101\src\Playground\Playground.Blazor\obj\Debug\net10.0\Microsoft.CodeAnalysis.Razor.Compiler\Microsoft.NET.Sdk.Razor.SourceGenerators.RazorSourceGenerator\Components\Pages\MasterData\PropertyCodeGeneratorPage_razor.g.cs(641,111): warning CS8669: The annotation for nullable reference types should only be used in code within a '#nullable' annotations context. Auto-generated code requires an explicit '#nullable' directive in source. [d:\VB\AMIS101\src\Playground\Playground.Blazor\Playground.Blazor.csproj]
d:\VB\AMIS101\src\Playground\Playground.Blazor\obj\Debug\net10.0\Microsoft.CodeAnalysis.Razor.Compiler\Microsoft.NET.Sdk.Razor.SourceGenerators.RazorSourceGenerator\Components\Pages\MasterData\PropertyCodeGeneratorPage_razor.g.cs(658,111): warning CS8669: The annotation for nullable reference types should only be used in code within a '#nullable' annotations context. Auto-generated code requires an explicit '#nullable' directive in source. [d:\VB\AMIS101\src\Playground\Playground.Blazor\Playground.Blazor.csproj]
d:\VB\AMIS101\src\Playground\Playground.Blazor\obj\Debug\net10.0\Microsoft.CodeAnalysis.Razor.Compiler\Microsoft.NET.Sdk.Razor.SourceGenerators.RazorSourceGenerator\Components\Pages\MasterData\PropertyCodeGeneratorPage_razor.g.cs(666,124): warning CS8669: The annotation for nullable reference types should only be used in code within a '#nullable' annotations context. Auto-generated code requires an explicit '#nullable' directive in source. [d:\VB\AMIS101\src\Playground\Playground.Blazor\Playground.Blazor.csproj]
d:\VB\AMIS101\src\Playground\Playground.Blazor\obj\Debug\net10.0\Microsoft.CodeAnalysis.Razor.Compiler\Microsoft.NET.Sdk.Razor.SourceGenerators.RazorSourceGenerator\Components\Pages\MasterData\PropertyCodeGeneratorPage_razor.g.cs(675,111): warning CS8669: The annotation for nullable reference types should only be used in code within a '#nullable' annotations context. Auto-generated code requires an explicit '#nullable' directive in source. [d:\VB\AMIS101\src\Playground\Playground.Blazor\Playground.Blazor.csproj]
d:\VB\AMIS101\src\Playground\Playground.Blazor\obj\Debug\net10.0\Microsoft.CodeAnalysis.Razor.Compiler\Microsoft.NET.Sdk.Razor.SourceGenerators.RazorSourceGenerator\Components\Pages\MasterData\PropertyCodeGeneratorPage_razor.g.cs(675,271): warning CS8669: The annotation for nullable reference types should only be used in code within a '#nullable' annotations context. Auto-generated code requires an explicit '#nullable' directive in source. [d:\VB\AMIS101\src\Playground\Playground.Blazor\Playground.Blazor.csproj]
d:\VB\AMIS101\src\Playground\Playground.Blazor\obj\Debug\net10.0\Microsoft.CodeAnalysis.Razor.Compiler\Microsoft.NET.Sdk.Razor.SourceGenerators.RazorSourceGenerator\Components\Pages\MasterData\PropertyCodeGeneratorPage_razor.g.cs(675,350): warning CS8669: The annotation for nullable reference types should only be used in code within a '#nullable' annotations context. Auto-generated code requires an explicit '#nullable' directive in source. [d:\VB\AMIS101\src\Playground\Playground.Blazor\Playground.Blazor.csproj]
d:\VB\AMIS101\src\Playground\Playground.Blazor\obj\Debug\net10.0\Microsoft.CodeAnalysis.Razor.Compiler\Microsoft.NET.Sdk.Razor.SourceGenerators.RazorSourceGenerator\Components\Pages\MasterData\PropertyCodeGeneratorPage_razor.g.cs(686,119): warning CS8669: The annotation for nullable reference types should only be used in code within a '#nullable' annotations context. Auto-generated code requires an explicit '#nullable' directive in source. [d:\VB\AMIS101\src\Playground\Playground.Blazor\Playground.Blazor.csproj]
d:\VB\AMIS101\src\Playground\Playground.Blazor\obj\Debug\net10.0\Microsoft.CodeAnalysis.Razor.Compiler\Microsoft.NET.Sdk.Razor.SourceGenerators.RazorSourceGenerator\Components\Pages\MasterData\PropertyCodeGeneratorPage_razor.g.cs(694,128): warning CS8669: The annotation for nullable reference types should only be used in code within a '#nullable' annotations context. Auto-generated code requires an explicit '#nullable' directive in source. [d:\VB\AMIS101\src\Playground\Playground.Blazor\Playground.Blazor.csproj]
d:\VB\AMIS101\src\Playground\Playground.Blazor\obj\Debug\net10.0\Microsoft.CodeAnalysis.Razor.Compiler\Microsoft.NET.Sdk.Razor.SourceGenerators.RazorSourceGenerator\Components\Pages\MasterData\PropertyCodeGeneratorPage_razor.g.cs(734,119): warning CS8669: The annotation for nullable reference types should only be used in code within a '#nullable' annotations context. Auto-generated code requires an explicit '#nullable' directive in source. [d:\VB\AMIS101\src\Playground\Playground.Blazor\Playground.Blazor.csproj]
d:\VB\AMIS101\src\Playground\Playground.Blazor\obj\Debug\net10.0\Microsoft.CodeAnalysis.Razor.Compiler\Microsoft.NET.Sdk.Razor.SourceGenerators.RazorSourceGenerator\Components\Pages\MasterData\PropertyCodeGeneratorPage_razor.g.cs(742,128): warning CS8669: The annotation for nullable reference types should only be used in code within a '#nullable' annotations context. Auto-generated code requires an explicit '#nullable' directive in source. [d:\VB\AMIS101\src\Playground\Playground.Blazor\Playground.Blazor.csproj]
d:\VB\AMIS101\src\Playground\Playground.Blazor\Components\Pages\ProcurementPlanning\AppPage.razor(285,100): warning CS8602: Dereference of a possibly null reference. [d:\VB\AMIS101\src\Playground\Playground.Blazor\Playground.Blazor.csproj]
d:\VB\AMIS101\src\Playground\Playground.Blazor\Components\Pages\ProcurementPlanning\AppPage.razor(363,48): warning CS8602: Dereference of a possibly null reference. [d:\VB\AMIS101\src\Playground\Playground.Blazor\Playground.Blazor.csproj]
d:\VB\AMIS101\src\Playground\Playground.Blazor\Components\Pages\ProcurementPlanning\AppPage.razor(428,85): warning CS8602: Dereference of a possibly null reference. [d:\VB\AMIS101\src\Playground\Playground.Blazor\Playground.Blazor.csproj]
d:\VB\AMIS101\src\Playground\Playground.Blazor\Components\Pages\ProcurementPlanning\AppPage.razor(432,61): warning CS8602: Dereference of a possibly null reference. [d:\VB\AMIS101\src\Playground\Playground.Blazor\Playground.Blazor.csproj]
d:\VB\AMIS101\src\Playground\Playground.Blazor\Components\Pages\ProcurementPlanning\AppPage.razor(441,40): warning CS8602: Dereference of a possibly null reference. [d:\VB\AMIS101\src\Playground\Playground.Blazor\Playground.Blazor.csproj]
d:\VB\AMIS101\src\Playground\Playground.Blazor\Components\Pages\Expendable\PurchasesPage.razor(38,83): warning CS8603: Possible null reference return. [d:\VB\AMIS101\src\Playground\Playground.Blazor\Playground.Blazor.csproj]
d:\VB\AMIS101\src\Playground\Playground.Blazor\Components\Pages\AssetManagement\PhysicalCountWalkthroughPage.razor(597,24): warning CS8602: Dereference of a possibly null reference. [d:\VB\AMIS101\src\Playground\Playground.Blazor\Playground.Blazor.csproj]
d:\VB\AMIS101\src\Playground\Playground.Blazor\Services\Api\ApiHealthMonitor.cs(5,18): warning CA1515: Because an application's API isn't typically referenced from outside the assembly, types can be made internal (https://learn.microsoft.com/dotnet/fundamentals/code-analysis/quality-rules/ca1515) [d:\VB\AMIS101\src\Playground\Playground.Blazor\Playground.Blazor.csproj]
d:\VB\AMIS101\src\Playground\Playground.Blazor\Services\Api\ApiHealthMonitor.cs(8,19): warning CA1003: Change the event 'OnStatusChanged' to replace the type 'System.Action?' with a generic EventHandler, for example EventHandler<T>, where T is a valid EventArgs (https://learn.microsoft.com/dotnet/fundamentals/code-analysis/quality-rules/ca1003) [d:\VB\AMIS101\src\Playground\Playground.Blazor\Playground.Blazor.csproj]
d:\VB\AMIS101\src\Playground\Playground.Blazor\Services\Api\ApiHealthMonitor.cs(13,13): warning CA1515: Because an application's API isn't typically referenced from outside the assembly, types can be made internal (https://learn.microsoft.com/dotnet/fundamentals/code-analysis/quality-rules/ca1515) [d:\VB\AMIS101\src\Playground\Playground.Blazor\Playground.Blazor.csproj]
d:\VB\AMIS101\src\Playground\Playground.Blazor\Services\MasterDataService.cs(11,14): warning CA1515: Because an application's API isn't typically referenced from outside the assembly, types can be made internal (https://learn.microsoft.com/dotnet/fundamentals/code-analysis/quality-rules/ca1515) [d:\VB\AMIS101\src\Playground\Playground.Blazor\Playground.Blazor.csproj]
d:\VB\AMIS101\src\Playground\Playground.Blazor\Components\Pages\Finance\DisbursementVouchersPage.razor(391,18): warning S4144: Update this method so that its implementation is not identical to 'CancelEdit'. (https://rules.sonarsource.com/csharp/RSPEC-4144) [d:\VB\AMIS101\src\Playground\Playground.Blazor\Playground.Blazor.csproj]
d:\VB\AMIS101\src\Playground\Playground.Blazor\Components\Pages\MasterData\CapitalizationThresholdsPage.razor(354,18): warning S4144: Update this method so that its implementation is not identical to 'CancelEdit'. (https://rules.sonarsource.com/csharp/RSPEC-4144) [d:\VB\AMIS101\src\Playground\Playground.Blazor\Playground.Blazor.csproj]
d:\VB\AMIS101\src\Playground\Playground.Blazor\Components\Pages\Procurement\PurchaseRequestsPage.razor(491,18): warning S4144: Update this method so that its implementation is not identical to 'CancelEdit'. (https://rules.sonarsource.com/csharp/RSPEC-4144) [d:\VB\AMIS101\src\Playground\Playground.Blazor\Playground.Blazor.csproj]
d:\VB\AMIS101\src\Playground\Playground.Blazor\Components\Pages\Vehicle\FuelOdometerPage.razor(158,20): warning S2325: Make 'OdometerValidationMessage' a static property. (https://rules.sonarsource.com/csharp/RSPEC-2325) [d:\VB\AMIS101\src\Playground\Playground.Blazor\Playground.Blazor.csproj]
d:\VB\AMIS101\src\Playground\Playground.Blazor\Components\Pages\Procurement\PurchaseOrdersPage.razor(547,18): warning S4144: Update this method so that its implementation is not identical to 'CancelEdit'. (https://rules.sonarsource.com/csharp/RSPEC-4144) [d:\VB\AMIS101\src\Playground\Playground.Blazor\Playground.Blazor.csproj]
d:\VB\AMIS101\src\Playground\Playground.Blazor\ApiClient\ProductsClientExtensions.cs(7,21): warning CA1515: Because an application's API isn't typically referenced from outside the assembly, types can be made internal (https://learn.microsoft.com/dotnet/fundamentals/code-analysis/quality-rules/ca1515) [d:\VB\AMIS101\src\Playground\Playground.Blazor\Playground.Blazor.csproj]
d:\VB\AMIS101\src\Playground\Playground.Blazor\ApiClient\MasterDataClientExtensions.cs(17,21): warning CA1515: Because an application's API isn't typically referenced from outside the assembly, types can be made internal (https://learn.microsoft.com/dotnet/fundamentals/code-analysis/quality-rules/ca1515) [d:\VB\AMIS101\src\Playground\Playground.Blazor\Playground.Blazor.csproj]
d:\VB\AMIS101\src\Playground\Playground.Blazor\ApiClient\MasterDataClientExtensions.cs(17,21): warning CA1707: Remove the underscores from type name FSH.Playground.Blazor.ApiClient.Master_dataClientExtensions (https://learn.microsoft.com/dotnet/fundamentals/code-analysis/quality-rules/ca1707) [d:\VB\AMIS101\src\Playground\Playground.Blazor\Playground.Blazor.csproj]
d:\VB\AMIS101\src\Playground\Playground.Blazor\ApiClient\ReportsClient.cs(15,18): warning CA1515: Because an application's API isn't typically referenced from outside the assembly, types can be made internal (https://learn.microsoft.com/dotnet/fundamentals/code-analysis/quality-rules/ca1515) [d:\VB\AMIS101\src\Playground\Playground.Blazor\Playground.Blazor.csproj]
d:\VB\AMIS101\src\Playground\Playground.Blazor\ApiClient\ReportsClient.cs(63,21): warning CA1515: Because an application's API isn't typically referenced from outside the assembly, types can be made internal (https://learn.microsoft.com/dotnet/fundamentals/code-analysis/quality-rules/ca1515) [d:\VB\AMIS101\src\Playground\Playground.Blazor\Playground.Blazor.csproj]
d:\VB\AMIS101\src\Playground\Playground.Blazor\ApiClient\SupplyRequestClientExtensions.cs(9,21): warning CA1515: Because an application's API isn't typically referenced from outside the assembly, types can be made internal (https://learn.microsoft.com/dotnet/fundamentals/code-analysis/quality-rules/ca1515) [d:\VB\AMIS101\src\Playground\Playground.Blazor\Playground.Blazor.csproj]
d:\VB\AMIS101\src\Playground\Playground.Blazor\Services\Api\ApiHealthMonitor.cs(67,17): warning CA1873: Evaluation of this argument may be expensive and unnecessary if logging is disabled (https://learn.microsoft.com/dotnet/fundamentals/code-analysis/quality-rules/ca1873) [d:\VB\AMIS101\src\Playground\Playground.Blazor\Playground.Blazor.csproj]
d:\VB\AMIS101\src\Playground\Playground.Blazor\Services\Api\ApiHealthMonitor.cs(60,44): warning CA1307: 'string.Contains(string)' has a method overload that takes a 'StringComparison' parameter. Replace this call in 'FSH.Playground.Blazor.Services.Api.ApiHealthMonitor.CheckHealthAsync()' with a call to 'string.Contains(string, System.StringComparison)' for clarity of intent. (https://learn.microsoft.com/dotnet/fundamentals/code-analysis/quality-rules/ca1307) [d:\VB\AMIS101\src\Playground\Playground.Blazor\Playground.Blazor.csproj]
d:\VB\AMIS101\src\Playground\Playground.Blazor\Services\ThemeStateFactory.cs(103,13): warning S6667: Logging in a catch clause should pass the caught exception as a parameter. (https://rules.sonarsource.com/csharp/RSPEC-6667) [d:\VB\AMIS101\src\Playground\Playground.Blazor\Playground.Blazor.csproj]
d:\VB\AMIS101\src\Playground\Playground.Blazor\Services\ThemeStateFactory.cs(109,13): warning S6667: Logging in a catch clause should pass the caught exception as a parameter. (https://rules.sonarsource.com/csharp/RSPEC-6667) [d:\VB\AMIS101\src\Playground\Playground.Blazor\Playground.Blazor.csproj]
d:\VB\AMIS101\src\Playground\Playground.Blazor\Services\ThemeStateFactory.cs(103,13): warning CA1873: Evaluation of this argument may be expensive and unnecessary if logging is disabled (https://learn.microsoft.com/dotnet/fundamentals/code-analysis/quality-rules/ca1873) [d:\VB\AMIS101\src\Playground\Playground.Blazor\Playground.Blazor.csproj]
d:\VB\AMIS101\src\Playground\Playground.Blazor\Services\ThemeStateFactory.cs(109,13): warning CA1873: Evaluation of this argument may be expensive and unnecessary if logging is disabled (https://learn.microsoft.com/dotnet/fundamentals/code-analysis/quality-rules/ca1873) [d:\VB\AMIS101\src\Playground\Playground.Blazor\Playground.Blazor.csproj]
d:\VB\AMIS101\src\Playground\Playground.Blazor\Services\ThemeStateFactory.cs(130,13): warning CA1873: Evaluation of this argument may be expensive and unnecessary if logging is disabled (https://learn.microsoft.com/dotnet/fundamentals/code-analysis/quality-rules/ca1873) [d:\VB\AMIS101\src\Playground\Playground.Blazor\Playground.Blazor.csproj]
d:\VB\AMIS101\src\Playground\Playground.Blazor\Services\Api\AuthorizationHeaderHandler.cs(234,17): warning CA1873: Evaluation of this argument may be expensive and unnecessary if logging is disabled (https://learn.microsoft.com/dotnet/fundamentals/code-analysis/quality-rules/ca1873) [d:\VB\AMIS101\src\Playground\Playground.Blazor\Playground.Blazor.csproj]
d:\VB\AMIS101\src\Playground\Playground.Blazor\ApiClient\SupplyRequestClientExtensions.cs(54,80): warning S3011: Make sure that this accessibility bypass is safe here. (https://rules.sonarsource.com/csharp/RSPEC-3011) [d:\VB\AMIS101\src\Playground\Playground.Blazor\Playground.Blazor.csproj]
d:\VB\AMIS101\src\Playground\Playground.Blazor\ApiClient\SupplyRequestClientExtensions.cs(41,30): warning CA2234: Modify 'ISupply_requestsClient.CancelAsync(Guid, [CancellationToken])' to call 'HttpClient.PutAsync(Uri, HttpContent, CancellationToken)' instead of 'HttpClient.PutAsync(string, HttpContent, CancellationToken)' (https://learn.microsoft.com/dotnet/fundamentals/code-analysis/quality-rules/ca2234) [d:\VB\AMIS101\src\Playground\Playground.Blazor\Playground.Blazor.csproj]
d:\VB\AMIS101\src\Playground\Playground.Blazor\ApiClient\ReportsClient.cs(44,32): warning CA1716: In virtual/interface member IReportsClient.GenerateDepartmentIssuancePdfAsync(string, DateTimeOffset?, DateTimeOffset?, CancellationToken), rename parameter to so that it no longer conflicts with the reserved language keyword 'To'. Using a reserved keyword as the name of a parameter on a virtual/interface member makes it harder for consumers in other languages to override/implement the member. (https://learn.microsoft.com/dotnet/fundamentals/code-analysis/quality-rules/ca1716) [d:\VB\AMIS101\src\Playground\Playground.Blazor\Playground.Blazor.csproj]
d:\VB\AMIS101\src\Playground\Playground.Blazor\ApiClient\ReportsClient.cs(59,32): warning CA1716: In virtual/interface member IReportsClient.GenerateEmployeeIssuancePdfAsync(string, DateTimeOffset?, DateTimeOffset?, CancellationToken), rename parameter to so that it no longer conflicts with the reserved language keyword 'To'. Using a reserved keyword as the name of a parameter on a virtual/interface member makes it harder for consumers in other languages to override/implement the member. (https://learn.microsoft.com/dotnet/fundamentals/code-analysis/quality-rules/ca1716) [d:\VB\AMIS101\src\Playground\Playground.Blazor\Playground.Blazor.csproj]
d:\VB\AMIS101\src\Playground\Playground.Blazor\ApiClient\ProductsClientExtensions.cs(18,80): warning S3011: Make sure that this accessibility bypass is safe here. (https://rules.sonarsource.com/csharp/RSPEC-3011) [d:\VB\AMIS101\src\Playground\Playground.Blazor\Playground.Blazor.csproj]
d:\VB\AMIS101\src\Playground\Playground.Blazor\ApiClient\ProductsClientExtensions.cs(24,30): warning CA2234: Modify 'IProductsClient.DiscontinueAsync(Guid, [CancellationToken])' to call 'HttpClient.PutAsync(Uri, HttpContent, CancellationToken)' instead of 'HttpClient.PutAsync(string, HttpContent, CancellationToken)' (https://learn.microsoft.com/dotnet/fundamentals/code-analysis/quality-rules/ca2234) [d:\VB\AMIS101\src\Playground\Playground.Blazor\Playground.Blazor.csproj]
d:\VB\AMIS101\src\Playground\Playground.Blazor\ApiClient\ProductsClientExtensions.cs(37,80): warning S3011: Make sure that this accessibility bypass is safe here. (https://rules.sonarsource.com/csharp/RSPEC-3011) [d:\VB\AMIS101\src\Playground\Playground.Blazor\Playground.Blazor.csproj]
d:\VB\AMIS101\src\Playground\Playground.Blazor\ApiClient\ProductsClientExtensions.cs(43,30): warning CA2234: Modify 'IProductsClient.MarkOutOfStockAsync(Guid, [CancellationToken])' to call 'HttpClient.PutAsync(Uri, HttpContent, CancellationToken)' instead of 'HttpClient.PutAsync(string, HttpContent, CancellationToken)' (https://learn.microsoft.com/dotnet/fundamentals/code-analysis/quality-rules/ca2234) [d:\VB\AMIS101\src\Playground\Playground.Blazor\Playground.Blazor.csproj]
d:\VB\AMIS101\src\Playground\Playground.Blazor\ApiClient\ProcurementPlanningClient.cs(40,35): warning CA1308: In method 'SearchAsync', replace the call to 'ToLowerInvariant' with 'ToUpperInvariant' (https://learn.microsoft.com/dotnet/fundamentals/code-analysis/quality-rules/ca1308) [d:\VB\AMIS101\src\Playground\Playground.Blazor\Playground.Blazor.csproj]
d:\VB\AMIS101\src\Playground\Playground.Blazor\ApiClient\ProcurementPlanningClient.cs(37,52): warning CA1305: The behavior of 'int.ToString()' could vary based on the current user's locale settings. Replace this call in 'PpmpClient.SearchAsync([string], [int?], [PpmpStatus?], [PpmpType?], [bool], [int], [int], [CancellationToken])' with a call to 'int.ToString(IFormatProvider)'. (https://learn.microsoft.com/dotnet/fundamentals/code-analysis/quality-rules/ca1305) [d:\VB\AMIS101\src\Playground\Playground.Blazor\Playground.Blazor.csproj]
d:\VB\AMIS101\src\Playground\Playground.Blazor\ApiClient\ProcurementPlanningClient.cs(38,44): warning CA1305: The behavior of 'int.ToString()' could vary based on the current user's locale settings. Replace this call in 'PpmpClient.SearchAsync([string], [int?], [PpmpStatus?], [PpmpType?], [bool], [int], [int], [CancellationToken])' with a call to 'int.ToString(IFormatProvider)'. (https://learn.microsoft.com/dotnet/fundamentals/code-analysis/quality-rules/ca1305) [d:\VB\AMIS101\src\Playground\Playground.Blazor\Playground.Blazor.csproj]
d:\VB\AMIS101\src\Playground\Playground.Blazor\ApiClient\ProcurementPlanningClient.cs(39,48): warning CA1305: The behavior of 'int.ToString()' could vary based on the current user's locale settings. Replace this call in 'PpmpClient.SearchAsync([string], [int?], [PpmpStatus?], [PpmpType?], [bool], [int], [int], [CancellationToken])' with a call to 'int.ToString(IFormatProvider)'. (https://learn.microsoft.com/dotnet/fundamentals/code-analysis/quality-rules/ca1305) [d:\VB\AMIS101\src\Playground\Playground.Blazor\Playground.Blazor.csproj]
d:\VB\AMIS101\src\Playground\Playground.Blazor\ApiClient\ProcurementPlanningClient.cs(41,27): warning CA1305: The behavior of 'int.ToString()' could vary based on the current user's locale settings. Replace this call in 'PpmpClient.SearchAsync([string], [int?], [PpmpStatus?], [PpmpType?], [bool], [int], [int], [CancellationToken])' with a call to 'int.ToString(IFormatProvider)'. (https://learn.microsoft.com/dotnet/fundamentals/code-analysis/quality-rules/ca1305) [d:\VB\AMIS101\src\Playground\Playground.Blazor\Playground.Blazor.csproj]
d:\VB\AMIS101\src\Playground\Playground.Blazor\ApiClient\ProcurementPlanningClient.cs(42,25): warning CA1305: The behavior of 'int.ToString()' could vary based on the current user's locale settings. Replace this call in 'PpmpClient.SearchAsync([string], [int?], [PpmpStatus?], [PpmpType?], [bool], [int], [int], [CancellationToken])' with a call to 'int.ToString(IFormatProvider)'. (https://learn.microsoft.com/dotnet/fundamentals/code-analysis/quality-rules/ca1305) [d:\VB\AMIS101\src\Playground\Playground.Blazor\Playground.Blazor.csproj]
d:\VB\AMIS101\src\Playground\Playground.Blazor\ApiClient\ProcurementClient.cs(155,44): warning CA1305: The behavior of 'int.ToString()' could vary based on the current user's locale settings. Replace this call in 'PurchaseOrderClient.SearchAsync([string], [PurchaseOrderStatus?], [int], [int], [CancellationToken])' with a call to 'int.ToString(IFormatProvider)'. (https://learn.microsoft.com/dotnet/fundamentals/code-analysis/quality-rules/ca1305) [d:\VB\AMIS101\src\Playground\Playground.Blazor\Playground.Blazor.csproj]
d:\VB\AMIS101\src\Playground\Playground.Blazor\ApiClient\ProcurementClient.cs(156,27): warning CA1305: The behavior of 'int.ToString()' could vary based on the current user's locale settings. Replace this call in 'PurchaseOrderClient.SearchAsync([string], [PurchaseOrderStatus?], [int], [int], [CancellationToken])' with a call to 'int.ToString(IFormatProvider)'. (https://learn.microsoft.com/dotnet/fundamentals/code-analysis/quality-rules/ca1305) [d:\VB\AMIS101\src\Playground\Playground.Blazor\Playground.Blazor.csproj]
d:\VB\AMIS101\src\Playground\Playground.Blazor\ApiClient\ProcurementClient.cs(157,25): warning CA1305: The behavior of 'int.ToString()' could vary based on the current user's locale settings. Replace this call in 'PurchaseOrderClient.SearchAsync([string], [PurchaseOrderStatus?], [int], [int], [CancellationToken])' with a call to 'int.ToString(IFormatProvider)'. (https://learn.microsoft.com/dotnet/fundamentals/code-analysis/quality-rules/ca1305) [d:\VB\AMIS101\src\Playground\Playground.Blazor\Playground.Blazor.csproj]
d:\VB\AMIS101\src\Playground\Playground.Blazor\ApiClient\ProcurementPlanningClient.cs(135,35): warning CA1308: In method 'SearchAsync', replace the call to 'ToLowerInvariant' with 'ToUpperInvariant' (https://learn.microsoft.com/dotnet/fundamentals/code-analysis/quality-rules/ca1308) [d:\VB\AMIS101\src\Playground\Playground.Blazor\Playground.Blazor.csproj]
d:\VB\AMIS101\src\Playground\Playground.Blazor\ApiClient\ProcurementClient.cs(104,44): warning CA1305: The behavior of 'int.ToString()' could vary based on the current user's locale settings. Replace this call in 'CanvassRequestClient.SearchAsync([string], [CanvassRequestStatus?], [int], [int], [CancellationToken])' with a call to 'int.ToString(IFormatProvider)'. (https://learn.microsoft.com/dotnet/fundamentals/code-analysis/quality-rules/ca1305) [d:\VB\AMIS101\src\Playground\Playground.Blazor\Playground.Blazor.csproj]
d:\VB\AMIS101\src\Playground\Playground.Blazor\ApiClient\ProcurementClient.cs(105,27): warning CA1305: The behavior of 'int.ToString()' could vary based on the current user's locale settings. Replace this call in 'CanvassRequestClient.SearchAsync([string], [CanvassRequestStatus?], [int], [int], [CancellationToken])' with a call to 'int.ToString(IFormatProvider)'. (https://learn.microsoft.com/dotnet/fundamentals/code-analysis/quality-rules/ca1305) [d:\VB\AMIS101\src\Playground\Playground.Blazor\Playground.Blazor.csproj]
d:\VB\AMIS101\src\Playground\Playground.Blazor\ApiClient\ProcurementClient.cs(106,25): warning CA1305: The behavior of 'int.ToString()' could vary based on the current user's locale settings. Replace this call in 'CanvassRequestClient.SearchAsync([string], [CanvassRequestStatus?], [int], [int], [CancellationToken])' with a call to 'int.ToString(IFormatProvider)'. (https://learn.microsoft.com/dotnet/fundamentals/code-analysis/quality-rules/ca1305) [d:\VB\AMIS101\src\Playground\Playground.Blazor\Playground.Blazor.csproj]
d:\VB\AMIS101\src\Playground\Playground.Blazor\ApiClient\ProcurementPlanningClient.cs(133,52): warning CA1305: The behavior of 'int.ToString()' could vary based on the current user's locale settings. Replace this call in 'AppClient.SearchAsync([string], [int?], [AppStatus?], [bool], [int], [int], [CancellationToken])' with a call to 'int.ToString(IFormatProvider)'. (https://learn.microsoft.com/dotnet/fundamentals/code-analysis/quality-rules/ca1305) [d:\VB\AMIS101\src\Playground\Playground.Blazor\Playground.Blazor.csproj]
d:\VB\AMIS101\src\Playground\Playground.Blazor\ApiClient\ProcurementPlanningClient.cs(134,44): warning CA1305: The behavior of 'int.ToString()' could vary based on the current user's locale settings. Replace this call in 'AppClient.SearchAsync([string], [int?], [AppStatus?], [bool], [int], [int], [CancellationToken])' with a call to 'int.ToString(IFormatProvider)'. (https://learn.microsoft.com/dotnet/fundamentals/code-analysis/quality-rules/ca1305) [d:\VB\AMIS101\src\Playground\Playground.Blazor\Playground.Blazor.csproj]
d:\VB\AMIS101\src\Playground\Playground.Blazor\ApiClient\ProcurementPlanningClient.cs(136,27): warning CA1305: The behavior of 'int.ToString()' could vary based on the current user's locale settings. Replace this call in 'AppClient.SearchAsync([string], [int?], [AppStatus?], [bool], [int], [int], [CancellationToken])' with a call to 'int.ToString(IFormatProvider)'. (https://learn.microsoft.com/dotnet/fundamentals/code-analysis/quality-rules/ca1305) [d:\VB\AMIS101\src\Playground\Playground.Blazor\Playground.Blazor.csproj]
d:\VB\AMIS101\src\Playground\Playground.Blazor\ApiClient\ProcurementPlanningClient.cs(137,25): warning CA1305: The behavior of 'int.ToString()' could vary based on the current user's locale settings. Replace this call in 'AppClient.SearchAsync([string], [int?], [AppStatus?], [bool], [int], [int], [CancellationToken])' with a call to 'int.ToString(IFormatProvider)'. (https://learn.microsoft.com/dotnet/fundamentals/code-analysis/quality-rules/ca1305) [d:\VB\AMIS101\src\Playground\Playground.Blazor\Playground.Blazor.csproj]
d:\VB\AMIS101\src\Playground\Playground.Blazor\ApiClient\ProcurementClient.cs(33,44): warning CA1305: The behavior of 'int.ToString()' could vary based on the current user's locale settings. Replace this call in 'PurchaseRequestClient.SearchAsync([string], [PurchaseRequestStatus?], [int], [int], [CancellationToken])' with a call to 'int.ToString(IFormatProvider)'. (https://learn.microsoft.com/dotnet/fundamentals/code-analysis/quality-rules/ca1305) [d:\VB\AMIS101\src\Playground\Playground.Blazor\Playground.Blazor.csproj]
d:\VB\AMIS101\src\Playground\Playground.Blazor\ApiClient\ProcurementClient.cs(34,27): warning CA1305: The behavior of 'int.ToString()' could vary based on the current user's locale settings. Replace this call in 'PurchaseRequestClient.SearchAsync([string], [PurchaseRequestStatus?], [int], [int], [CancellationToken])' with a call to 'int.ToString(IFormatProvider)'. (https://learn.microsoft.com/dotnet/fundamentals/code-analysis/quality-rules/ca1305) [d:\VB\AMIS101\src\Playground\Playground.Blazor\Playground.Blazor.csproj]
d:\VB\AMIS101\src\Playground\Playground.Blazor\ApiClient\ProcurementClient.cs(35,25): warning CA1305: The behavior of 'int.ToString()' could vary based on the current user's locale settings. Replace this call in 'PurchaseRequestClient.SearchAsync([string], [PurchaseRequestStatus?], [int], [int], [CancellationToken])' with a call to 'int.ToString(IFormatProvider)'. (https://learn.microsoft.com/dotnet/fundamentals/code-analysis/quality-rules/ca1305) [d:\VB\AMIS101\src\Playground\Playground.Blazor\Playground.Blazor.csproj]
d:\VB\AMIS101\src\Playground\Playground.Blazor\ApiClient\ProcurementPlanningClient.cs(68,29): warning CA2234: Modify 'PpmpClient.SubmitAsync(Guid, [CancellationToken])' to call 'HttpClient.PostAsync(Uri, HttpContent, CancellationToken)' instead of 'HttpClient.PostAsync(string, HttpContent, CancellationToken)' (https://learn.microsoft.com/dotnet/fundamentals/code-analysis/quality-rules/ca2234) [d:\VB\AMIS101\src\Playground\Playground.Blazor\Playground.Blazor.csproj]
d:\VB\AMIS101\src\Playground\Playground.Blazor\ApiClient\ProcurementClient.cs(180,29): warning CA2234: Modify 'PurchaseOrderClient.IssueAsync(Guid, [CancellationToken])' to call 'HttpClient.PatchAsync(Uri, HttpContent, CancellationToken)' instead of 'HttpClient.PatchAsync(string, HttpContent, CancellationToken)' (https://learn.microsoft.com/dotnet/fundamentals/code-analysis/quality-rules/ca2234) [d:\VB\AMIS101\src\Playground\Playground.Blazor\Playground.Blazor.csproj]
d:\VB\AMIS101\src\Playground\Playground.Blazor\ApiClient\ProcurementClient.cs(58,29): warning CA2234: Modify 'PurchaseRequestClient.SubmitAsync(Guid, [CancellationToken])' to call 'HttpClient.PostAsync(Uri, HttpContent, CancellationToken)' instead of 'HttpClient.PostAsync(string, HttpContent, CancellationToken)' (https://learn.microsoft.com/dotnet/fundamentals/code-analysis/quality-rules/ca2234) [d:\VB\AMIS101\src\Playground\Playground.Blazor\Playground.Blazor.csproj]
d:\VB\AMIS101\src\Playground\Playground.Blazor\ApiClient\ProcurementPlanningClient.cs(83,29): warning CA2234: Modify 'PpmpClient.RecallAsync(Guid, [CancellationToken])' to call 'HttpClient.PostAsync(Uri, HttpContent, CancellationToken)' instead of 'HttpClient.PostAsync(string, HttpContent, CancellationToken)' (https://learn.microsoft.com/dotnet/fundamentals/code-analysis/quality-rules/ca2234) [d:\VB\AMIS101\src\Playground\Playground.Blazor\Playground.Blazor.csproj]
d:\VB\AMIS101\src\Playground\Playground.Blazor\ApiClient\OrganizationProfileClient.cs(18,30): warning CA2234: Modify 'OrganizationProfileClient.GetAsync([CancellationToken])' to call 'HttpClient.GetAsync(Uri, CancellationToken)' instead of 'HttpClient.GetAsync(string, CancellationToken)' (https://learn.microsoft.com/dotnet/fundamentals/code-analysis/quality-rules/ca2234) [d:\VB\AMIS101\src\Playground\Playground.Blazor\Playground.Blazor.csproj]
d:\VB\AMIS101\src\Playground\Playground.Blazor\Services\SimpleBffAuth.cs(39,17): warning CA1873: Evaluation of this argument may be expensive and unnecessary if logging is disabled (https://learn.microsoft.com/dotnet/fundamentals/code-analysis/quality-rules/ca1873) [d:\VB\AMIS101\src\Playground\Playground.Blazor\Playground.Blazor.csproj]
d:\VB\AMIS101\src\Playground\Playground.Blazor\Services\SimpleBffAuth.cs(96,17): warning CA1873: Evaluation of this argument may be expensive and unnecessary if logging is disabled (https://learn.microsoft.com/dotnet/fundamentals/code-analysis/quality-rules/ca1873) [d:\VB\AMIS101\src\Playground\Playground.Blazor\Playground.Blazor.csproj]
d:\VB\AMIS101\src\Playground\Playground.Blazor\ApiClient\MasterDataClientExtensions.cs(33,119): warning S3011: Make sure that this accessibility bypass is safe here. (https://rules.sonarsource.com/csharp/RSPEC-3011) [d:\VB\AMIS101\src\Playground\Playground.Blazor\Playground.Blazor.csproj]
d:\VB\AMIS101\src\Playground\Playground.Blazor\ApiClient\MasterDataClientExtensions.cs(51,30): warning CA2234: Modify 'IMaster_dataClient.CategoriesListAsync([string], [int], [int], [bool?], [CancellationToken])' to call 'HttpClient.GetAsync(Uri, CancellationToken)' instead of 'HttpClient.GetAsync(string, CancellationToken)' (https://learn.microsoft.com/dotnet/fundamentals/code-analysis/quality-rules/ca2234) [d:\VB\AMIS101\src\Playground\Playground.Blazor\Playground.Blazor.csproj]
d:\VB\AMIS101\src\Playground\Playground.Blazor\ApiClient\MasterDataClientExtensions.cs(56,23): warning CA1869: Avoid creating a new 'JsonSerializerOptions' instance for every serialization operation. Cache and reuse instances instead. (https://learn.microsoft.com/dotnet/fundamentals/code-analysis/quality-rules/ca1869) [d:\VB\AMIS101\src\Playground\Playground.Blazor\Playground.Blazor.csproj]
d:\VB\AMIS101\src\Playground\Playground.Blazor\ApiClient\ProcurementPlanningClient.cs(164,29): warning CA2234: Modify 'AppClient.PublishAsync(Guid, [CancellationToken])' to call 'HttpClient.PostAsync(Uri, HttpContent, CancellationToken)' instead of 'HttpClient.PostAsync(string, HttpContent, CancellationToken)' (https://learn.microsoft.com/dotnet/fundamentals/code-analysis/quality-rules/ca2234) [d:\VB\AMIS101\src\Playground\Playground.Blazor\Playground.Blazor.csproj]
d:\VB\AMIS101\src\Playground\Playground.Blazor\ApiClient\MasterDataClientExtensions.cs(74,119): warning S3011: Make sure that this accessibility bypass is safe here. (https://rules.sonarsource.com/csharp/RSPEC-3011) [d:\VB\AMIS101\src\Playground\Playground.Blazor\Playground.Blazor.csproj]
d:\VB\AMIS101\src\Playground\Playground.Blazor\ApiClient\MasterDataClientExtensions.cs(92,30): warning CA2234: Modify 'IMaster_dataClient.SuppliersListAsync([string], [int], [int], [bool?], [CancellationToken])' to call 'HttpClient.GetAsync(Uri, CancellationToken)' instead of 'HttpClient.GetAsync(string, CancellationToken)' (https://learn.microsoft.com/dotnet/fundamentals/code-analysis/quality-rules/ca2234) [d:\VB\AMIS101\src\Playground\Playground.Blazor\Playground.Blazor.csproj]
d:\VB\AMIS101\src\Playground\Playground.Blazor\ApiClient\MasterDataClientExtensions.cs(97,23): warning CA1869: Avoid creating a new 'JsonSerializerOptions' instance for every serialization operation. Cache and reuse instances instead. (https://learn.microsoft.com/dotnet/fundamentals/code-analysis/quality-rules/ca1869) [d:\VB\AMIS101\src\Playground\Playground.Blazor\Playground.Blazor.csproj]
d:\VB\AMIS101\src\Playground\Playground.Blazor\ApiClient\ProcurementPlanningClient.cs(179,29): warning CA2234: Modify 'AppClient.RecallAsync(Guid, [CancellationToken])' to call 'HttpClient.PostAsync(Uri, HttpContent, CancellationToken)' instead of 'HttpClient.PostAsync(string, HttpContent, CancellationToken)' (https://learn.microsoft.com/dotnet/fundamentals/code-analysis/quality-rules/ca2234) [d:\VB\AMIS101\src\Playground\Playground.Blazor\Playground.Blazor.csproj]
d:\VB\AMIS101\src\Playground\Playground.Blazor\ApiClient\FinanceClient.cs(88,44): warning CA1305: The behavior of 'int.ToString()' could vary based on the current user's locale settings. Replace this call in 'BudgetUtilizationRecordClient.SearchAsync([string], [BudgetUtilizationRecordStatus?], [Guid?], [string], [int], [int], [CancellationToken])' with a call to 'int.ToString(IFormatProvider)'. (https://learn.microsoft.com/dotnet/fundamentals/code-analysis/quality-rules/ca1305) [d:\VB\AMIS101\src\Playground\Playground.Blazor\Playground.Blazor.csproj]
d:\VB\AMIS101\src\Playground\Playground.Blazor\ApiClient\FinanceClient.cs(91,27): warning CA1305: The behavior of 'int.ToString()' could vary based on the current user's locale settings. Replace this call in 'BudgetUtilizationRecordClient.SearchAsync([string], [BudgetUtilizationRecordStatus?], [Guid?], [string], [int], [int], [CancellationToken])' with a call to 'int.ToString(IFormatProvider)'. (https://learn.microsoft.com/dotnet/fundamentals/code-analysis/quality-rules/ca1305) [d:\VB\AMIS101\src\Playground\Playground.Blazor\Playground.Blazor.csproj]
d:\VB\AMIS101\src\Playground\Playground.Blazor\ApiClient\FinanceClient.cs(92,25): warning CA1305: The behavior of 'int.ToString()' could vary based on the current user's locale settings. Replace this call in 'BudgetUtilizationRecordClient.SearchAsync([string], [BudgetUtilizationRecordStatus?], [Guid?], [string], [int], [int], [CancellationToken])' with a call to 'int.ToString(IFormatProvider)'. (https://learn.microsoft.com/dotnet/fundamentals/code-analysis/quality-rules/ca1305) [d:\VB\AMIS101\src\Playground\Playground.Blazor\Playground.Blazor.csproj]
d:\VB\AMIS101\src\Playground\Playground.Blazor\ApiClient\FinanceClient.cs(28,44): warning CA1305: The behavior of 'int.ToString()' could vary based on the current user's locale settings. Replace this call in 'DisbursementVoucherClient.SearchAsync([string], [DisbursementVoucherStatus?], [Guid?], [int], [int], [CancellationToken])' with a call to 'int.ToString(IFormatProvider)'. (https://learn.microsoft.com/dotnet/fundamentals/code-analysis/quality-rules/ca1305) [d:\VB\AMIS101\src\Playground\Playground.Blazor\Playground.Blazor.csproj]
d:\VB\AMIS101\src\Playground\Playground.Blazor\ApiClient\FinanceClient.cs(30,27): warning CA1305: The behavior of 'int.ToString()' could vary based on the current user's locale settings. Replace this call in 'DisbursementVoucherClient.SearchAsync([string], [DisbursementVoucherStatus?], [Guid?], [int], [int], [CancellationToken])' with a call to 'int.ToString(IFormatProvider)'. (https://learn.microsoft.com/dotnet/fundamentals/code-analysis/quality-rules/ca1305) [d:\VB\AMIS101\src\Playground\Playground.Blazor\Playground.Blazor.csproj]
d:\VB\AMIS101\src\Playground\Playground.Blazor\ApiClient\FinanceClient.cs(31,25): warning CA1305: The behavior of 'int.ToString()' could vary based on the current user's locale settings. Replace this call in 'DisbursementVoucherClient.SearchAsync([string], [DisbursementVoucherStatus?], [Guid?], [int], [int], [CancellationToken])' with a call to 'int.ToString(IFormatProvider)'. (https://learn.microsoft.com/dotnet/fundamentals/code-analysis/quality-rules/ca1305) [d:\VB\AMIS101\src\Playground\Playground.Blazor\Playground.Blazor.csproj]
d:\VB\AMIS101\src\Playground\Playground.Blazor\ApiClient\FinanceClient.cs(48,29): warning CA2234: Modify 'DisbursementVoucherClient.ApproveAsync(Guid, [CancellationToken])' to call 'HttpClient.PostAsync(Uri, HttpContent, CancellationToken)' instead of 'HttpClient.PostAsync(string, HttpContent, CancellationToken)' (https://learn.microsoft.com/dotnet/fundamentals/code-analysis/quality-rules/ca2234) [d:\VB\AMIS101\src\Playground\Playground.Blazor\Playground.Blazor.csproj]
d:\VB\AMIS101\src\Playground\Playground.Blazor\ApiClient\FinanceClient.cs(109,29): warning CA2234: Modify 'BudgetUtilizationRecordClient.ObligateAsync(Guid, [CancellationToken])' to call 'HttpClient.PostAsync(Uri, HttpContent, CancellationToken)' instead of 'HttpClient.PostAsync(string, HttpContent, CancellationToken)' (https://learn.microsoft.com/dotnet/fundamentals/code-analysis/quality-rules/ca2234) [d:\VB\AMIS101\src\Playground\Playground.Blazor\Playground.Blazor.csproj]
d:\VB\AMIS101\src\Playground\Playground.Blazor\ApiClient\AssetManagementClient.cs(1545,58): warning CA1308: In method 'SearchAsync', replace the call to 'ToLowerInvariant' with 'ToUpperInvariant' (https://learn.microsoft.com/dotnet/fundamentals/code-analysis/quality-rules/ca1308) [d:\VB\AMIS101\src\Playground\Playground.Blazor\Playground.Blazor.csproj]
d:\VB\AMIS101\src\Playground\Playground.Blazor\ApiClient\AssetManagementClient.cs(1570,29): warning CA2234: Modify 'TangibleItemClient.DeleteAsync(Guid, [CancellationToken])' to call 'HttpClient.DeleteAsync(Uri, CancellationToken)' instead of 'HttpClient.DeleteAsync(string, CancellationToken)' (https://learn.microsoft.com/dotnet/fundamentals/code-analysis/quality-rules/ca2234) [d:\VB\AMIS101\src\Playground\Playground.Blazor\Playground.Blazor.csproj]
d:\VB\AMIS101\src\Playground\Playground.Blazor\ApiClient\CapitalizationThresholdClient.cs(42,36): warning CA2234: Modify 'CapitalizationThresholdClient.SetActiveAsync(Guid, [CancellationToken])' to call 'HttpClient.PatchAsync(Uri, HttpContent, CancellationToken)' instead of 'HttpClient.PatchAsync(string, HttpContent, CancellationToken)' (https://learn.microsoft.com/dotnet/fundamentals/code-analysis/quality-rules/ca2234) [d:\VB\AMIS101\src\Playground\Playground.Blazor\Playground.Blazor.csproj]
d:\VB\AMIS101\src\Playground\Playground.Blazor\ApiClient\AssetManagementClient.cs(1460,29): warning CA2234: Modify 'PhysicalCountClient.SubmitAsync(Guid, [CancellationToken])' to call 'HttpClient.PostAsync(Uri, HttpContent, CancellationToken)' instead of 'HttpClient.PostAsync(string, HttpContent, CancellationToken)' (https://learn.microsoft.com/dotnet/fundamentals/code-analysis/quality-rules/ca2234) [d:\VB\AMIS101\src\Playground\Playground.Blazor\Playground.Blazor.csproj]
d:\VB\AMIS101\src\Playground\Playground.Blazor\Components\Pages\Expendable\WarehousePage.razor(335,54): warning S4581: Use 'Guid.NewGuid()' or 'Guid.Empty' or add arguments to this GUID instantiation. (https://rules.sonarsource.com/csharp/RSPEC-4581) [d:\VB\AMIS101\src\Playground\Playground.Blazor\Playground.Blazor.csproj]
d:\VB\AMIS101\src\Playground\Playground.Blazor\Components\Pages\Vehicle\VehiclesPage.razor(307,38): warning S3267: Loop should be simplified by calling Select(property => property.Value)) (https://rules.sonarsource.com/csharp/RSPEC-3267) [d:\VB\AMIS101\src\Playground\Playground.Blazor\Playground.Blazor.csproj]
d:\VB\AMIS101\src\Playground\Playground.Blazor\Components\Pages\Expendable\SupplyRequestsPage.razor(331,84): warning S1172: Remove this unused method parameter 'cancellationToken'. (https://rules.sonarsource.com/csharp/RSPEC-1172) [d:\VB\AMIS101\src\Playground\Playground.Blazor\Playground.Blazor.csproj]
d:\VB\AMIS101\src\Playground\Playground.Blazor\Components\Pages\Expendable\SupplyRequestsPage.razor(370,54): warning S4581: Use 'Guid.NewGuid()' or 'Guid.Empty' or add arguments to this GUID instantiation. (https://rules.sonarsource.com/csharp/RSPEC-4581) [d:\VB\AMIS101\src\Playground\Playground.Blazor\Playground.Blazor.csproj]
d:\VB\AMIS101\src\Playground\Playground.Blazor\Components\Pages\Expendable\ShoppingPage.razor(448,39): warning S1172: Remove this unused method parameter 'args'. (https://rules.sonarsource.com/csharp/RSPEC-1172) [d:\VB\AMIS101\src\Playground\Playground.Blazor\Playground.Blazor.csproj]
d:\VB\AMIS101\src\Playground\Playground.Blazor\Components\Pages\Vehicle\VehicleDetailPage.razor(534,38): warning S3267: Loop should be simplified by calling Select(property => property.Value)) (https://rules.sonarsource.com/csharp/RSPEC-3267) [d:\VB\AMIS101\src\Playground\Playground.Blazor\Playground.Blazor.csproj]
d:\VB\AMIS101\src\Playground\Playground.Blazor\Components\Pages\ProcurementPlanning\PpmpPage.razor(955,28): warning S2325: Make 'StatusChip' a static method. (https://rules.sonarsource.com/csharp/RSPEC-2325) [d:\VB\AMIS101\src\Playground\Playground.Blazor\Playground.Blazor.csproj]
d:\VB\AMIS101\src\Playground\Playground.Blazor\Components\Pages\MasterData\CategoriesPage.razor(301,38): warning S3267: Loop should be simplified by calling Select(property => property.Value)) (https://rules.sonarsource.com/csharp/RSPEC-3267) [d:\VB\AMIS101\src\Playground\Playground.Blazor\Playground.Blazor.csproj]
d:\VB\AMIS101\src\Playground\Playground.Blazor\Components\Pages\Expendable\PurchasesPage.razor(588,54): warning S4581: Use 'Guid.NewGuid()' or 'Guid.Empty' or add arguments to this GUID instantiation. (https://rules.sonarsource.com/csharp/RSPEC-4581) [d:\VB\AMIS101\src\Playground\Playground.Blazor\Playground.Blazor.csproj]
d:\VB\AMIS101\src\Playground\Playground.Blazor\Components\Pages\Expendable\PurchasesPage.razor(696,28): warning S2325: Make 'RenderStatusChip' a static method. (https://rules.sonarsource.com/csharp/RSPEC-2325) [d:\VB\AMIS101\src\Playground\Playground.Blazor\Playground.Blazor.csproj]
d:\VB\AMIS101\src\Playground\Playground.Blazor\Components\Pages\ProcurementPlanning\AppPage.razor(750,56): warning S3358: Extract this nested ternary operation into an independent statement. (https://rules.sonarsource.com/csharp/RSPEC-3358) [d:\VB\AMIS101\src\Playground\Playground.Blazor\Playground.Blazor.csproj]
d:\VB\AMIS101\src\Playground\Playground.Blazor\Components\Pages\Expendable\PurchasesPage.razor(885,31): warning S3267: Loop should be simplified by calling Select(i => i.ProductId)) (https://rules.sonarsource.com/csharp/RSPEC-3267) [d:\VB\AMIS101\src\Playground\Playground.Blazor\Playground.Blazor.csproj]
d:\VB\AMIS101\src\Playground\Playground.Blazor\Components\Pages\AssetManagement\PPEItemsPage.razor(109,113): warning S3358: Extract this nested ternary operation into an independent statement. (https://rules.sonarsource.com/csharp/RSPEC-3358) [d:\VB\AMIS101\src\Playground\Playground.Blazor\Playground.Blazor.csproj]
d:\VB\AMIS101\src\Playground\Migrations.PostgreSQL\AssetManagement\20260428002013_InitialAssetManagement.cs(17,33): warning S1186: Add a nested comment explaining why this method is empty, throw a 'NotSupportedException' or complete the implementation. (https://rules.sonarsource.com/csharp/RSPEC-1186) [d:\VB\AMIS101\src\Playground\Migrations.PostgreSQL\Migrations.PostgreSQL.csproj]
CSC : warning MSG0005: MediatorGenerator found message without any registered handler: FSH.Modules.Finance.Contracts.v1.BudgetUtilizationRecords.UtilizeBudgetUtilizationRecordCommand [d:\VB\AMIS101\src\Playground\Playground.Api\Playground.Api.csproj]
CSC : warning MSG0005: MediatorGenerator found message without any registered handler: FSH.Modules.Finance.Contracts.v1.DisbursementVouchers.ReturnDisbursementVoucherCommand [d:\VB\AMIS101\src\Playground\Playground.Api\Playground.Api.csproj]
CSC : warning MSG0005: MediatorGenerator found message without any registered handler: FSH.Modules.ProcurementPlanning.Contracts.v1.AnnualProcurementPlans.GetAppVersionsQuery [d:\VB\AMIS101\src\Playground\Playground.Api\Playground.Api.csproj]
d:\VB\AMIS101\src\Playground\Playground.Blazor\Components\Pages\ProcurementPlanning\AppPage.razor(502,46): error CS0266: Cannot implicitly convert type 'System.Collections.Generic.IReadOnlyList<FSH.Modules.ProcurementPlanning.Contracts.v1.AnnualProcurementPlans.AppItemDto>' to 'System.Collections.Generic.List<FSH.Modules.ProcurementPlanning.Contracts.v1.AnnualProcurementPlans.AppItemDto>'. An explicit conversion exists (are you missing a cast?) [d:\VB\AMIS101\src\Playground\Playground.Blazor\Playground.Blazor.csproj]
    581 Warning(s)
    1 Error(s)

Time Elapsed 00:01:33.47
